<?xml version="1.0" encoding="ISO-8859-1" ?>
<link_info>
   <banner>TI ARM Clang Linker PC v4.0.3.LTS</banner>
   <copyright>Copyright (c) 1996-2018 Texas Instruments Incorporated</copyright>
   <command_line>C:\ti\ccs2020\ccs\tools\compiler\ti-cgt-armllvm_4.0.3.LTS\bin\tiarmlnk -IC:\ti\ccs2020\ccs\tools\compiler\ti-cgt-armllvm_4.0.3.LTS\lib -o car2025_11_22.out -mcar2025_11_22.map -iC:/ti/mspm0_sdk_2_04_00_06/source -iC:/Users/renyu/workspace_ccstheia/car2025_11_22 -iC:/Users/renyu/workspace_ccstheia/car2025_11_22/Debug/syscfg -iC:/ti/ccs2020/ccs/tools/compiler/ti-cgt-armllvm_4.0.3.LTS/lib --diag_wrap=off --display_error_number --warn_sections --xml_link_info=car2025_11_22_linkInfo.xml --rom_model ./ti_msp_dl_config.o ./startup_mspm0g350x_ticlang.o ./main.o ./MPU6050/inv_mpu.o ./MPU6050/inv_mpu_dmp_motion_driver.o ./MPU6050/mpu6050.o ./MPU6050/mspm0_i2c.o ./MSPM0/clock.o ./MSPM0/electrical_machinery.o ./MSPM0/interrupt.o ./MSPM0/mspm0_motor_i2c.o ./OLED/csrc/chinesetxt.o ./OLED/csrc/mui.o ./OLED/csrc/mui_u8g2.o ./OLED/csrc/u8g2_arc.o ./OLED/csrc/u8g2_bitmap.o ./OLED/csrc/u8g2_box.o ./OLED/csrc/u8g2_buffer.o ./OLED/csrc/u8g2_button.o ./OLED/csrc/u8g2_circle.o ./OLED/csrc/u8g2_cleardisplay.o ./OLED/csrc/u8g2_d_memory.o ./OLED/csrc/u8g2_d_setup.o ./OLED/csrc/u8g2_font.o ./OLED/csrc/u8g2_fonts.o ./OLED/csrc/u8g2_hvline.o ./OLED/csrc/u8g2_input_value.o ./OLED/csrc/u8g2_intersection.o ./OLED/csrc/u8g2_kerning.o ./OLED/csrc/u8g2_line.o ./OLED/csrc/u8g2_ll_hvline.o ./OLED/csrc/u8g2_message.o ./OLED/csrc/u8g2_polygon.o ./OLED/csrc/u8g2_selection_list.o ./OLED/csrc/u8g2_setup.o ./OLED/csrc/u8log.o ./OLED/csrc/u8log_u8g2.o ./OLED/csrc/u8log_u8x8.o ./OLED/csrc/u8x8_8x8.o ./OLED/csrc/u8x8_byte.o ./OLED/csrc/u8x8_cad.o ./OLED/csrc/u8x8_capture.o ./OLED/csrc/u8x8_d_ssd1306_128x64_noname.o ./OLED/csrc/u8x8_debounce.o ./OLED/csrc/u8x8_display.o ./OLED/csrc/u8x8_fonts.o ./OLED/csrc/u8x8_gpio.o ./OLED/csrc/u8x8_input_value.o ./OLED/csrc/u8x8_message.o ./OLED/csrc/u8x8_selection_list.o ./OLED/csrc/u8x8_setup.o ./OLED/csrc/u8x8_string.o ./OLED/csrc/u8x8_u16toa.o ./OLED/csrc/u8x8_u8toa.o ./OLED/draw.o ./OLED/oled.o ./Tracking/line_follower.o ./UART/uart.o -l./device_linker.cmd -ldevice.cmd.genlibs -llibc.a --start-group -llibc++.a -llibc++abi.a -llibc.a -llibsys.a -llibsysbm.a -llibclang_rt.builtins.a -llibclang_rt.profile.a --end-group --cg_opt_level=0</command_line>
   <link_time>0x6921960c</link_time>
   <link_errors>0x0</link_errors>
   <output_file>C:\Users\renyu\workspace_ccstheia\car2025_11_22\Debug\car2025_11_22.out</output_file>
   <entry_point>
      <name>_c_int00_noargs</name>
      <address>0x9c91</address>
   </entry_point>
   <input_file_list>
      <input_file id="fl-1">
         <path>C:\Users\renyu\workspace_ccstheia\car2025_11_22\Debug\.\</path>
         <kind>object</kind>
         <file>ti_msp_dl_config.o</file>
         <name>ti_msp_dl_config.o</name>
      </input_file>
      <input_file id="fl-2">
         <path>C:\Users\renyu\workspace_ccstheia\car2025_11_22\Debug\.\</path>
         <kind>object</kind>
         <file>startup_mspm0g350x_ticlang.o</file>
         <name>startup_mspm0g350x_ticlang.o</name>
      </input_file>
      <input_file id="fl-3">
         <path>C:\Users\renyu\workspace_ccstheia\car2025_11_22\Debug\.\</path>
         <kind>object</kind>
         <file>main.o</file>
         <name>main.o</name>
      </input_file>
      <input_file id="fl-4">
         <path>C:\Users\renyu\workspace_ccstheia\car2025_11_22\Debug\.\MPU6050\</path>
         <kind>object</kind>
         <file>inv_mpu.o</file>
         <name>inv_mpu.o</name>
      </input_file>
      <input_file id="fl-5">
         <path>C:\Users\renyu\workspace_ccstheia\car2025_11_22\Debug\.\MPU6050\</path>
         <kind>object</kind>
         <file>inv_mpu_dmp_motion_driver.o</file>
         <name>inv_mpu_dmp_motion_driver.o</name>
      </input_file>
      <input_file id="fl-6">
         <path>C:\Users\renyu\workspace_ccstheia\car2025_11_22\Debug\.\MPU6050\</path>
         <kind>object</kind>
         <file>mpu6050.o</file>
         <name>mpu6050.o</name>
      </input_file>
      <input_file id="fl-7">
         <path>C:\Users\renyu\workspace_ccstheia\car2025_11_22\Debug\.\MPU6050\</path>
         <kind>object</kind>
         <file>mspm0_i2c.o</file>
         <name>mspm0_i2c.o</name>
      </input_file>
      <input_file id="fl-8">
         <path>C:\Users\renyu\workspace_ccstheia\car2025_11_22\Debug\.\MSPM0\</path>
         <kind>object</kind>
         <file>clock.o</file>
         <name>clock.o</name>
      </input_file>
      <input_file id="fl-9">
         <path>C:\Users\renyu\workspace_ccstheia\car2025_11_22\Debug\.\MSPM0\</path>
         <kind>object</kind>
         <file>electrical_machinery.o</file>
         <name>electrical_machinery.o</name>
      </input_file>
      <input_file id="fl-a">
         <path>C:\Users\renyu\workspace_ccstheia\car2025_11_22\Debug\.\MSPM0\</path>
         <kind>object</kind>
         <file>interrupt.o</file>
         <name>interrupt.o</name>
      </input_file>
      <input_file id="fl-b">
         <path>C:\Users\renyu\workspace_ccstheia\car2025_11_22\Debug\.\MSPM0\</path>
         <kind>object</kind>
         <file>mspm0_motor_i2c.o</file>
         <name>mspm0_motor_i2c.o</name>
      </input_file>
      <input_file id="fl-c">
         <path>C:\Users\renyu\workspace_ccstheia\car2025_11_22\Debug\.\OLED\csrc\</path>
         <kind>object</kind>
         <file>chinesetxt.o</file>
         <name>chinesetxt.o</name>
      </input_file>
      <input_file id="fl-d">
         <path>C:\Users\renyu\workspace_ccstheia\car2025_11_22\Debug\.\OLED\csrc\</path>
         <kind>object</kind>
         <file>mui.o</file>
         <name>mui.o</name>
      </input_file>
      <input_file id="fl-e">
         <path>C:\Users\renyu\workspace_ccstheia\car2025_11_22\Debug\.\OLED\csrc\</path>
         <kind>object</kind>
         <file>mui_u8g2.o</file>
         <name>mui_u8g2.o</name>
      </input_file>
      <input_file id="fl-f">
         <path>C:\Users\renyu\workspace_ccstheia\car2025_11_22\Debug\.\OLED\csrc\</path>
         <kind>object</kind>
         <file>u8g2_arc.o</file>
         <name>u8g2_arc.o</name>
      </input_file>
      <input_file id="fl-10">
         <path>C:\Users\renyu\workspace_ccstheia\car2025_11_22\Debug\.\OLED\csrc\</path>
         <kind>object</kind>
         <file>u8g2_bitmap.o</file>
         <name>u8g2_bitmap.o</name>
      </input_file>
      <input_file id="fl-11">
         <path>C:\Users\renyu\workspace_ccstheia\car2025_11_22\Debug\.\OLED\csrc\</path>
         <kind>object</kind>
         <file>u8g2_box.o</file>
         <name>u8g2_box.o</name>
      </input_file>
      <input_file id="fl-12">
         <path>C:\Users\renyu\workspace_ccstheia\car2025_11_22\Debug\.\OLED\csrc\</path>
         <kind>object</kind>
         <file>u8g2_buffer.o</file>
         <name>u8g2_buffer.o</name>
      </input_file>
      <input_file id="fl-13">
         <path>C:\Users\renyu\workspace_ccstheia\car2025_11_22\Debug\.\OLED\csrc\</path>
         <kind>object</kind>
         <file>u8g2_button.o</file>
         <name>u8g2_button.o</name>
      </input_file>
      <input_file id="fl-14">
         <path>C:\Users\renyu\workspace_ccstheia\car2025_11_22\Debug\.\OLED\csrc\</path>
         <kind>object</kind>
         <file>u8g2_circle.o</file>
         <name>u8g2_circle.o</name>
      </input_file>
      <input_file id="fl-15">
         <path>C:\Users\renyu\workspace_ccstheia\car2025_11_22\Debug\.\OLED\csrc\</path>
         <kind>object</kind>
         <file>u8g2_cleardisplay.o</file>
         <name>u8g2_cleardisplay.o</name>
      </input_file>
      <input_file id="fl-16">
         <path>C:\Users\renyu\workspace_ccstheia\car2025_11_22\Debug\.\OLED\csrc\</path>
         <kind>object</kind>
         <file>u8g2_d_memory.o</file>
         <name>u8g2_d_memory.o</name>
      </input_file>
      <input_file id="fl-17">
         <path>C:\Users\renyu\workspace_ccstheia\car2025_11_22\Debug\.\OLED\csrc\</path>
         <kind>object</kind>
         <file>u8g2_d_setup.o</file>
         <name>u8g2_d_setup.o</name>
      </input_file>
      <input_file id="fl-18">
         <path>C:\Users\renyu\workspace_ccstheia\car2025_11_22\Debug\.\OLED\csrc\</path>
         <kind>object</kind>
         <file>u8g2_font.o</file>
         <name>u8g2_font.o</name>
      </input_file>
      <input_file id="fl-19">
         <path>C:\Users\renyu\workspace_ccstheia\car2025_11_22\Debug\.\OLED\csrc\</path>
         <kind>object</kind>
         <file>u8g2_fonts.o</file>
         <name>u8g2_fonts.o</name>
      </input_file>
      <input_file id="fl-1a">
         <path>C:\Users\renyu\workspace_ccstheia\car2025_11_22\Debug\.\OLED\csrc\</path>
         <kind>object</kind>
         <file>u8g2_hvline.o</file>
         <name>u8g2_hvline.o</name>
      </input_file>
      <input_file id="fl-1b">
         <path>C:\Users\renyu\workspace_ccstheia\car2025_11_22\Debug\.\OLED\csrc\</path>
         <kind>object</kind>
         <file>u8g2_input_value.o</file>
         <name>u8g2_input_value.o</name>
      </input_file>
      <input_file id="fl-1c">
         <path>C:\Users\renyu\workspace_ccstheia\car2025_11_22\Debug\.\OLED\csrc\</path>
         <kind>object</kind>
         <file>u8g2_intersection.o</file>
         <name>u8g2_intersection.o</name>
      </input_file>
      <input_file id="fl-1d">
         <path>C:\Users\renyu\workspace_ccstheia\car2025_11_22\Debug\.\OLED\csrc\</path>
         <kind>object</kind>
         <file>u8g2_kerning.o</file>
         <name>u8g2_kerning.o</name>
      </input_file>
      <input_file id="fl-1e">
         <path>C:\Users\renyu\workspace_ccstheia\car2025_11_22\Debug\.\OLED\csrc\</path>
         <kind>object</kind>
         <file>u8g2_line.o</file>
         <name>u8g2_line.o</name>
      </input_file>
      <input_file id="fl-1f">
         <path>C:\Users\renyu\workspace_ccstheia\car2025_11_22\Debug\.\OLED\csrc\</path>
         <kind>object</kind>
         <file>u8g2_ll_hvline.o</file>
         <name>u8g2_ll_hvline.o</name>
      </input_file>
      <input_file id="fl-20">
         <path>C:\Users\renyu\workspace_ccstheia\car2025_11_22\Debug\.\OLED\csrc\</path>
         <kind>object</kind>
         <file>u8g2_message.o</file>
         <name>u8g2_message.o</name>
      </input_file>
      <input_file id="fl-21">
         <path>C:\Users\renyu\workspace_ccstheia\car2025_11_22\Debug\.\OLED\csrc\</path>
         <kind>object</kind>
         <file>u8g2_polygon.o</file>
         <name>u8g2_polygon.o</name>
      </input_file>
      <input_file id="fl-22">
         <path>C:\Users\renyu\workspace_ccstheia\car2025_11_22\Debug\.\OLED\csrc\</path>
         <kind>object</kind>
         <file>u8g2_selection_list.o</file>
         <name>u8g2_selection_list.o</name>
      </input_file>
      <input_file id="fl-23">
         <path>C:\Users\renyu\workspace_ccstheia\car2025_11_22\Debug\.\OLED\csrc\</path>
         <kind>object</kind>
         <file>u8g2_setup.o</file>
         <name>u8g2_setup.o</name>
      </input_file>
      <input_file id="fl-24">
         <path>C:\Users\renyu\workspace_ccstheia\car2025_11_22\Debug\.\OLED\csrc\</path>
         <kind>object</kind>
         <file>u8log.o</file>
         <name>u8log.o</name>
      </input_file>
      <input_file id="fl-25">
         <path>C:\Users\renyu\workspace_ccstheia\car2025_11_22\Debug\.\OLED\csrc\</path>
         <kind>object</kind>
         <file>u8log_u8g2.o</file>
         <name>u8log_u8g2.o</name>
      </input_file>
      <input_file id="fl-26">
         <path>C:\Users\renyu\workspace_ccstheia\car2025_11_22\Debug\.\OLED\csrc\</path>
         <kind>object</kind>
         <file>u8log_u8x8.o</file>
         <name>u8log_u8x8.o</name>
      </input_file>
      <input_file id="fl-27">
         <path>C:\Users\renyu\workspace_ccstheia\car2025_11_22\Debug\.\OLED\csrc\</path>
         <kind>object</kind>
         <file>u8x8_8x8.o</file>
         <name>u8x8_8x8.o</name>
      </input_file>
      <input_file id="fl-28">
         <path>C:\Users\renyu\workspace_ccstheia\car2025_11_22\Debug\.\OLED\csrc\</path>
         <kind>object</kind>
         <file>u8x8_byte.o</file>
         <name>u8x8_byte.o</name>
      </input_file>
      <input_file id="fl-29">
         <path>C:\Users\renyu\workspace_ccstheia\car2025_11_22\Debug\.\OLED\csrc\</path>
         <kind>object</kind>
         <file>u8x8_cad.o</file>
         <name>u8x8_cad.o</name>
      </input_file>
      <input_file id="fl-2a">
         <path>C:\Users\renyu\workspace_ccstheia\car2025_11_22\Debug\.\OLED\csrc\</path>
         <kind>object</kind>
         <file>u8x8_capture.o</file>
         <name>u8x8_capture.o</name>
      </input_file>
      <input_file id="fl-2b">
         <path>C:\Users\renyu\workspace_ccstheia\car2025_11_22\Debug\.\OLED\csrc\</path>
         <kind>object</kind>
         <file>u8x8_d_ssd1306_128x64_noname.o</file>
         <name>u8x8_d_ssd1306_128x64_noname.o</name>
      </input_file>
      <input_file id="fl-2c">
         <path>C:\Users\renyu\workspace_ccstheia\car2025_11_22\Debug\.\OLED\csrc\</path>
         <kind>object</kind>
         <file>u8x8_debounce.o</file>
         <name>u8x8_debounce.o</name>
      </input_file>
      <input_file id="fl-2d">
         <path>C:\Users\renyu\workspace_ccstheia\car2025_11_22\Debug\.\OLED\csrc\</path>
         <kind>object</kind>
         <file>u8x8_display.o</file>
         <name>u8x8_display.o</name>
      </input_file>
      <input_file id="fl-2e">
         <path>C:\Users\renyu\workspace_ccstheia\car2025_11_22\Debug\.\OLED\csrc\</path>
         <kind>object</kind>
         <file>u8x8_fonts.o</file>
         <name>u8x8_fonts.o</name>
      </input_file>
      <input_file id="fl-2f">
         <path>C:\Users\renyu\workspace_ccstheia\car2025_11_22\Debug\.\OLED\csrc\</path>
         <kind>object</kind>
         <file>u8x8_gpio.o</file>
         <name>u8x8_gpio.o</name>
      </input_file>
      <input_file id="fl-30">
         <path>C:\Users\renyu\workspace_ccstheia\car2025_11_22\Debug\.\OLED\csrc\</path>
         <kind>object</kind>
         <file>u8x8_input_value.o</file>
         <name>u8x8_input_value.o</name>
      </input_file>
      <input_file id="fl-31">
         <path>C:\Users\renyu\workspace_ccstheia\car2025_11_22\Debug\.\OLED\csrc\</path>
         <kind>object</kind>
         <file>u8x8_message.o</file>
         <name>u8x8_message.o</name>
      </input_file>
      <input_file id="fl-32">
         <path>C:\Users\renyu\workspace_ccstheia\car2025_11_22\Debug\.\OLED\csrc\</path>
         <kind>object</kind>
         <file>u8x8_selection_list.o</file>
         <name>u8x8_selection_list.o</name>
      </input_file>
      <input_file id="fl-33">
         <path>C:\Users\renyu\workspace_ccstheia\car2025_11_22\Debug\.\OLED\csrc\</path>
         <kind>object</kind>
         <file>u8x8_setup.o</file>
         <name>u8x8_setup.o</name>
      </input_file>
      <input_file id="fl-34">
         <path>C:\Users\renyu\workspace_ccstheia\car2025_11_22\Debug\.\OLED\csrc\</path>
         <kind>object</kind>
         <file>u8x8_string.o</file>
         <name>u8x8_string.o</name>
      </input_file>
      <input_file id="fl-35">
         <path>C:\Users\renyu\workspace_ccstheia\car2025_11_22\Debug\.\OLED\csrc\</path>
         <kind>object</kind>
         <file>u8x8_u16toa.o</file>
         <name>u8x8_u16toa.o</name>
      </input_file>
      <input_file id="fl-36">
         <path>C:\Users\renyu\workspace_ccstheia\car2025_11_22\Debug\.\OLED\csrc\</path>
         <kind>object</kind>
         <file>u8x8_u8toa.o</file>
         <name>u8x8_u8toa.o</name>
      </input_file>
      <input_file id="fl-37">
         <path>C:\Users\renyu\workspace_ccstheia\car2025_11_22\Debug\.\OLED\</path>
         <kind>object</kind>
         <file>draw.o</file>
         <name>draw.o</name>
      </input_file>
      <input_file id="fl-38">
         <path>C:\Users\renyu\workspace_ccstheia\car2025_11_22\Debug\.\OLED\</path>
         <kind>object</kind>
         <file>oled.o</file>
         <name>oled.o</name>
      </input_file>
      <input_file id="fl-39">
         <path>C:\Users\renyu\workspace_ccstheia\car2025_11_22\Debug\.\Tracking\</path>
         <kind>object</kind>
         <file>line_follower.o</file>
         <name>line_follower.o</name>
      </input_file>
      <input_file id="fl-3a">
         <path>C:\Users\renyu\workspace_ccstheia\car2025_11_22\Debug\.\UART\</path>
         <kind>object</kind>
         <file>uart.o</file>
         <name>uart.o</name>
      </input_file>
      <input_file id="fl-47">
         <path>C:\Users\renyu\workspace_ccstheia\car2025_11_22\Debug\</path>
         <kind>object</kind>
         <file>&lt;internal&gt;</file>
         <name>&lt;internal&gt;</name>
      </input_file>
      <input_file id="fl-48">
         <path>C:\ti\mspm0_sdk_2_04_00_06\source\ti\driverlib\lib\ticlang\m0p\mspm0g1x0x_g3x0x\</path>
         <kind>archive</kind>
         <file>driverlib.a</file>
         <name>dl_common.o</name>
      </input_file>
      <input_file id="fl-49">
         <path>C:\ti\mspm0_sdk_2_04_00_06\source\ti\driverlib\lib\ticlang\m0p\mspm0g1x0x_g3x0x\</path>
         <kind>archive</kind>
         <file>driverlib.a</file>
         <name>dl_i2c.o</name>
      </input_file>
      <input_file id="fl-4a">
         <path>C:\ti\mspm0_sdk_2_04_00_06\source\ti\driverlib\lib\ticlang\m0p\mspm0g1x0x_g3x0x\</path>
         <kind>archive</kind>
         <file>driverlib.a</file>
         <name>dl_timer.o</name>
      </input_file>
      <input_file id="fl-4b">
         <path>C:\ti\mspm0_sdk_2_04_00_06\source\ti\driverlib\lib\ticlang\m0p\mspm0g1x0x_g3x0x\</path>
         <kind>archive</kind>
         <file>driverlib.a</file>
         <name>dl_uart.o</name>
      </input_file>
      <input_file id="fl-4c">
         <path>C:\ti\mspm0_sdk_2_04_00_06\source\ti\driverlib\lib\ticlang\m0p\mspm0g1x0x_g3x0x\</path>
         <kind>archive</kind>
         <file>driverlib.a</file>
         <name>dl_sysctl_mspm0g1x0x_g3x0x.o</name>
      </input_file>
      <input_file id="fl-63">
         <path>C:\ti\ccs2020\ccs\tools\compiler\ti-cgt-armllvm_4.0.3.LTS\lib\armv6m-ti-none-eabi\c\</path>
         <kind>archive</kind>
         <file>libc.a</file>
         <name>printf.c.obj</name>
      </input_file>
      <input_file id="fl-64">
         <path>C:\ti\ccs2020\ccs\tools\compiler\ti-cgt-armllvm_4.0.3.LTS\lib\armv6m-ti-none-eabi\c\</path>
         <kind>archive</kind>
         <file>libc.a</file>
         <name>_printfi.c.obj</name>
      </input_file>
      <input_file id="fl-65">
         <path>C:\ti\ccs2020\ccs\tools\compiler\ti-cgt-armllvm_4.0.3.LTS\lib\armv6m-ti-none-eabi\c\</path>
         <kind>archive</kind>
         <file>libc.a</file>
         <name>sprintf.c.obj</name>
      </input_file>
      <input_file id="fl-66">
         <path>C:\ti\ccs2020\ccs\tools\compiler\ti-cgt-armllvm_4.0.3.LTS\lib\armv6m-ti-none-eabi\c\</path>
         <kind>archive</kind>
         <file>libc.a</file>
         <name>e_asin.c.obj</name>
      </input_file>
      <input_file id="fl-67">
         <path>C:\ti\ccs2020\ccs\tools\compiler\ti-cgt-armllvm_4.0.3.LTS\lib\armv6m-ti-none-eabi\c\</path>
         <kind>archive</kind>
         <file>libc.a</file>
         <name>e_atan2.c.obj</name>
      </input_file>
      <input_file id="fl-68">
         <path>C:\ti\ccs2020\ccs\tools\compiler\ti-cgt-armllvm_4.0.3.LTS\lib\armv6m-ti-none-eabi\c\</path>
         <kind>archive</kind>
         <file>libc.a</file>
         <name>e_sqrt.c.obj</name>
      </input_file>
      <input_file id="fl-69">
         <path>C:\ti\ccs2020\ccs\tools\compiler\ti-cgt-armllvm_4.0.3.LTS\lib\armv6m-ti-none-eabi\c\</path>
         <kind>archive</kind>
         <file>libc.a</file>
         <name>s_atan.c.obj</name>
      </input_file>
      <input_file id="fl-6a">
         <path>C:\ti\ccs2020\ccs\tools\compiler\ti-cgt-armllvm_4.0.3.LTS\lib\armv6m-ti-none-eabi\c\</path>
         <kind>archive</kind>
         <file>libc.a</file>
         <name>s_frexp.c.obj</name>
      </input_file>
      <input_file id="fl-6b">
         <path>C:\ti\ccs2020\ccs\tools\compiler\ti-cgt-armllvm_4.0.3.LTS\lib\armv6m-ti-none-eabi\c\</path>
         <kind>archive</kind>
         <file>libc.a</file>
         <name>s_scalbn.c.obj</name>
      </input_file>
      <input_file id="fl-6c">
         <path>C:\ti\ccs2020\ccs\tools\compiler\ti-cgt-armllvm_4.0.3.LTS\lib\armv6m-ti-none-eabi\c\</path>
         <kind>archive</kind>
         <file>libc.a</file>
         <name>wcslen.c.obj</name>
      </input_file>
      <input_file id="fl-6d">
         <path>C:\ti\ccs2020\ccs\tools\compiler\ti-cgt-armllvm_4.0.3.LTS\lib\armv6m-ti-none-eabi\c\</path>
         <kind>archive</kind>
         <file>libc.a</file>
         <name>aeabi_portable.c.obj</name>
      </input_file>
      <input_file id="fl-6e">
         <path>C:\ti\ccs2020\ccs\tools\compiler\ti-cgt-armllvm_4.0.3.LTS\lib\armv6m-ti-none-eabi\c\</path>
         <kind>archive</kind>
         <file>libc.a</file>
         <name>_lock.c.obj</name>
      </input_file>
      <input_file id="fl-6f">
         <path>C:\ti\ccs2020\ccs\tools\compiler\ti-cgt-armllvm_4.0.3.LTS\lib\armv6m-ti-none-eabi\c\</path>
         <kind>archive</kind>
         <file>libc.a</file>
         <name>_ltoa.c.obj</name>
      </input_file>
      <input_file id="fl-70">
         <path>C:\ti\ccs2020\ccs\tools\compiler\ti-cgt-armllvm_4.0.3.LTS\lib\armv6m-ti-none-eabi\c\</path>
         <kind>archive</kind>
         <file>libc.a</file>
         <name>assert.c.obj</name>
      </input_file>
      <input_file id="fl-71">
         <path>C:\ti\ccs2020\ccs\tools\compiler\ti-cgt-armllvm_4.0.3.LTS\lib\armv6m-ti-none-eabi\c\</path>
         <kind>archive</kind>
         <file>libc.a</file>
         <name>atoi.c.obj</name>
      </input_file>
      <input_file id="fl-72">
         <path>C:\ti\ccs2020\ccs\tools\compiler\ti-cgt-armllvm_4.0.3.LTS\lib\armv6m-ti-none-eabi\c\</path>
         <kind>archive</kind>
         <file>libc.a</file>
         <name>defs.c.obj</name>
      </input_file>
      <input_file id="fl-73">
         <path>C:\ti\ccs2020\ccs\tools\compiler\ti-cgt-armllvm_4.0.3.LTS\lib\armv6m-ti-none-eabi\c\</path>
         <kind>archive</kind>
         <file>libc.a</file>
         <name>memccpy.c.obj</name>
      </input_file>
      <input_file id="fl-74">
         <path>C:\ti\ccs2020\ccs\tools\compiler\ti-cgt-armllvm_4.0.3.LTS\lib\armv6m-ti-none-eabi\c\</path>
         <kind>archive</kind>
         <file>libc.a</file>
         <name>memcmp.c.obj</name>
      </input_file>
      <input_file id="fl-75">
         <path>C:\ti\ccs2020\ccs\tools\compiler\ti-cgt-armllvm_4.0.3.LTS\lib\armv6m-ti-none-eabi\c\</path>
         <kind>archive</kind>
         <file>libc.a</file>
         <name>memory.c.obj</name>
      </input_file>
      <input_file id="fl-76">
         <path>C:\ti\ccs2020\ccs\tools\compiler\ti-cgt-armllvm_4.0.3.LTS\lib\armv6m-ti-none-eabi\c\</path>
         <kind>archive</kind>
         <file>libc.a</file>
         <name>boot_cortex_m.c.obj</name>
      </input_file>
      <input_file id="fl-77">
         <path>C:\ti\ccs2020\ccs\tools\compiler\ti-cgt-armllvm_4.0.3.LTS\lib\armv6m-ti-none-eabi\c\</path>
         <kind>archive</kind>
         <file>libc.a</file>
         <name>mathacl_init.c.obj</name>
      </input_file>
      <input_file id="fl-78">
         <path>C:\ti\ccs2020\ccs\tools\compiler\ti-cgt-armllvm_4.0.3.LTS\lib\armv6m-ti-none-eabi\c\</path>
         <kind>archive</kind>
         <file>libc.a</file>
         <name>autoinit.c.obj</name>
      </input_file>
      <input_file id="fl-79">
         <path>C:\ti\ccs2020\ccs\tools\compiler\ti-cgt-armllvm_4.0.3.LTS\lib\armv6m-ti-none-eabi\c\</path>
         <kind>archive</kind>
         <file>libc.a</file>
         <name>pre_init.c.obj</name>
      </input_file>
      <input_file id="fl-7a">
         <path>C:\ti\ccs2020\ccs\tools\compiler\ti-cgt-armllvm_4.0.3.LTS\lib\armv6m-ti-none-eabi\c\</path>
         <kind>archive</kind>
         <file>libc.a</file>
         <name>cpy_tbl.c.obj</name>
      </input_file>
      <input_file id="fl-7b">
         <path>C:\ti\ccs2020\ccs\tools\compiler\ti-cgt-armllvm_4.0.3.LTS\lib\armv6m-ti-none-eabi\c\</path>
         <kind>archive</kind>
         <file>libc.a</file>
         <name>copy_zero_init.c.obj</name>
      </input_file>
      <input_file id="fl-7c">
         <path>C:\ti\ccs2020\ccs\tools\compiler\ti-cgt-armllvm_4.0.3.LTS\lib\armv6m-ti-none-eabi\c\</path>
         <kind>archive</kind>
         <file>libc.a</file>
         <name>copy_decompress_none.c.obj</name>
      </input_file>
      <input_file id="fl-7d">
         <path>C:\ti\ccs2020\ccs\tools\compiler\ti-cgt-armllvm_4.0.3.LTS\lib\armv6m-ti-none-eabi\c\</path>
         <kind>archive</kind>
         <file>libc.a</file>
         <name>copy_decompress_lzss.c.obj</name>
      </input_file>
      <input_file id="fl-7e">
         <path>C:\ti\ccs2020\ccs\tools\compiler\ti-cgt-armllvm_4.0.3.LTS\lib\armv6m-ti-none-eabi\c\</path>
         <kind>archive</kind>
         <file>libc.a</file>
         <name>fflush.c.obj</name>
      </input_file>
      <input_file id="fl-7f">
         <path>C:\ti\ccs2020\ccs\tools\compiler\ti-cgt-armllvm_4.0.3.LTS\lib\armv6m-ti-none-eabi\c\</path>
         <kind>archive</kind>
         <file>libc.a</file>
         <name>aeabi_ctype.S.obj</name>
      </input_file>
      <input_file id="fl-80">
         <path>C:\ti\ccs2020\ccs\tools\compiler\ti-cgt-armllvm_4.0.3.LTS\lib\armv6m-ti-none-eabi\c\</path>
         <kind>archive</kind>
         <file>libc.a</file>
         <name>exit.c.obj</name>
      </input_file>
      <input_file id="fl-81">
         <path>C:\ti\ccs2020\ccs\tools\compiler\ti-cgt-armllvm_4.0.3.LTS\lib\armv6m-ti-none-eabi\c\</path>
         <kind>archive</kind>
         <file>libc.a</file>
         <name>args_main.c.obj</name>
      </input_file>
      <input_file id="fl-121">
         <path>C:\ti\ccs2020\ccs\tools\compiler\ti-cgt-armllvm_4.0.3.LTS\lib\armv6m-ti-none-eabi\c\</path>
         <kind>archive</kind>
         <file>libsysbm.a</file>
         <name>hostexit.c.obj</name>
      </input_file>
      <input_file id="fl-122">
         <path>C:\ti\ccs2020\ccs\tools\compiler\ti-cgt-armllvm_4.0.3.LTS\lib\armv6m-ti-none-eabi\c\</path>
         <kind>archive</kind>
         <file>libsysbm.a</file>
         <name>write.c.obj</name>
      </input_file>
      <input_file id="fl-123">
         <path>C:\ti\ccs2020\ccs\tools\compiler\ti-cgt-armllvm_4.0.3.LTS\lib\armv6m-ti-none-eabi\c\</path>
         <kind>archive</kind>
         <file>libsysbm.a</file>
         <name>host_device.c.obj</name>
      </input_file>
      <input_file id="fl-124">
         <path>C:\ti\ccs2020\ccs\tools\compiler\ti-cgt-armllvm_4.0.3.LTS\lib\armv6m-ti-none-eabi\c\</path>
         <kind>archive</kind>
         <file>libsysbm.a</file>
         <name>hostclose.c.obj</name>
      </input_file>
      <input_file id="fl-125">
         <path>C:\ti\ccs2020\ccs\tools\compiler\ti-cgt-armllvm_4.0.3.LTS\lib\armv6m-ti-none-eabi\c\</path>
         <kind>archive</kind>
         <file>libsysbm.a</file>
         <name>hostlseek.c.obj</name>
      </input_file>
      <input_file id="fl-126">
         <path>C:\ti\ccs2020\ccs\tools\compiler\ti-cgt-armllvm_4.0.3.LTS\lib\armv6m-ti-none-eabi\c\</path>
         <kind>archive</kind>
         <file>libsysbm.a</file>
         <name>hostopen.c.obj</name>
      </input_file>
      <input_file id="fl-127">
         <path>C:\ti\ccs2020\ccs\tools\compiler\ti-cgt-armllvm_4.0.3.LTS\lib\armv6m-ti-none-eabi\c\</path>
         <kind>archive</kind>
         <file>libsysbm.a</file>
         <name>hostread.c.obj</name>
      </input_file>
      <input_file id="fl-128">
         <path>C:\ti\ccs2020\ccs\tools\compiler\ti-cgt-armllvm_4.0.3.LTS\lib\armv6m-ti-none-eabi\c\</path>
         <kind>archive</kind>
         <file>libsysbm.a</file>
         <name>hostrename.c.obj</name>
      </input_file>
      <input_file id="fl-129">
         <path>C:\ti\ccs2020\ccs\tools\compiler\ti-cgt-armllvm_4.0.3.LTS\lib\armv6m-ti-none-eabi\c\</path>
         <kind>archive</kind>
         <file>libsysbm.a</file>
         <name>hostunlink.c.obj</name>
      </input_file>
      <input_file id="fl-12a">
         <path>C:\ti\ccs2020\ccs\tools\compiler\ti-cgt-armllvm_4.0.3.LTS\lib\armv6m-ti-none-eabi\c\</path>
         <kind>archive</kind>
         <file>libsysbm.a</file>
         <name>hostwrite.c.obj</name>
      </input_file>
      <input_file id="fl-12b">
         <path>C:\ti\ccs2020\ccs\tools\compiler\ti-cgt-armllvm_4.0.3.LTS\lib\armv6m-ti-none-eabi\c\</path>
         <kind>archive</kind>
         <file>libsysbm.a</file>
         <name>trgmsg.c.obj</name>
      </input_file>
      <input_file id="fl-12c">
         <path>C:\ti\ccs2020\ccs\tools\compiler\ti-cgt-armllvm_4.0.3.LTS\lib\armv6m-ti-none-eabi\</path>
         <kind>archive</kind>
         <file>libclang_rt.builtins.a</file>
         <name>addsf3.S.obj</name>
      </input_file>
      <input_file id="fl-12d">
         <path>C:\ti\ccs2020\ccs\tools\compiler\ti-cgt-armllvm_4.0.3.LTS\lib\armv6m-ti-none-eabi\</path>
         <kind>archive</kind>
         <file>libclang_rt.builtins.a</file>
         <name>adddf3.S.obj</name>
      </input_file>
      <input_file id="fl-12e">
         <path>C:\ti\ccs2020\ccs\tools\compiler\ti-cgt-armllvm_4.0.3.LTS\lib\armv6m-ti-none-eabi\</path>
         <kind>archive</kind>
         <file>libclang_rt.builtins.a</file>
         <name>muldf3.S.obj</name>
      </input_file>
      <input_file id="fl-12f">
         <path>C:\ti\ccs2020\ccs\tools\compiler\ti-cgt-armllvm_4.0.3.LTS\lib\armv6m-ti-none-eabi\</path>
         <kind>archive</kind>
         <file>libclang_rt.builtins.a</file>
         <name>muldsi3.S.obj</name>
      </input_file>
      <input_file id="fl-130">
         <path>C:\ti\ccs2020\ccs\tools\compiler\ti-cgt-armllvm_4.0.3.LTS\lib\armv6m-ti-none-eabi\</path>
         <kind>archive</kind>
         <file>libclang_rt.builtins.a</file>
         <name>mulsf3.S.obj</name>
      </input_file>
      <input_file id="fl-131">
         <path>C:\ti\ccs2020\ccs\tools\compiler\ti-cgt-armllvm_4.0.3.LTS\lib\armv6m-ti-none-eabi\</path>
         <kind>archive</kind>
         <file>libclang_rt.builtins.a</file>
         <name>divsf3.S.obj</name>
      </input_file>
      <input_file id="fl-132">
         <path>C:\ti\ccs2020\ccs\tools\compiler\ti-cgt-armllvm_4.0.3.LTS\lib\armv6m-ti-none-eabi\</path>
         <kind>archive</kind>
         <file>libclang_rt.builtins.a</file>
         <name>divdf3.S.obj</name>
      </input_file>
      <input_file id="fl-133">
         <path>C:\ti\ccs2020\ccs\tools\compiler\ti-cgt-armllvm_4.0.3.LTS\lib\armv6m-ti-none-eabi\</path>
         <kind>archive</kind>
         <file>libclang_rt.builtins.a</file>
         <name>extendsfdf2.S.obj</name>
      </input_file>
      <input_file id="fl-134">
         <path>C:\ti\ccs2020\ccs\tools\compiler\ti-cgt-armllvm_4.0.3.LTS\lib\armv6m-ti-none-eabi\</path>
         <kind>archive</kind>
         <file>libclang_rt.builtins.a</file>
         <name>fixdfsi.S.obj</name>
      </input_file>
      <input_file id="fl-135">
         <path>C:\ti\ccs2020\ccs\tools\compiler\ti-cgt-armllvm_4.0.3.LTS\lib\armv6m-ti-none-eabi\</path>
         <kind>archive</kind>
         <file>libclang_rt.builtins.a</file>
         <name>fixsfsi.S.obj</name>
      </input_file>
      <input_file id="fl-136">
         <path>C:\ti\ccs2020\ccs\tools\compiler\ti-cgt-armllvm_4.0.3.LTS\lib\armv6m-ti-none-eabi\</path>
         <kind>archive</kind>
         <file>libclang_rt.builtins.a</file>
         <name>floatsidf.S.obj</name>
      </input_file>
      <input_file id="fl-137">
         <path>C:\ti\ccs2020\ccs\tools\compiler\ti-cgt-armllvm_4.0.3.LTS\lib\armv6m-ti-none-eabi\</path>
         <kind>archive</kind>
         <file>libclang_rt.builtins.a</file>
         <name>floatsisf.S.obj</name>
      </input_file>
      <input_file id="fl-138">
         <path>C:\ti\ccs2020\ccs\tools\compiler\ti-cgt-armllvm_4.0.3.LTS\lib\armv6m-ti-none-eabi\</path>
         <kind>archive</kind>
         <file>libclang_rt.builtins.a</file>
         <name>floatunsisf.S.obj</name>
      </input_file>
      <input_file id="fl-139">
         <path>C:\ti\ccs2020\ccs\tools\compiler\ti-cgt-armllvm_4.0.3.LTS\lib\armv6m-ti-none-eabi\</path>
         <kind>archive</kind>
         <file>libclang_rt.builtins.a</file>
         <name>muldi3.S.obj</name>
      </input_file>
      <input_file id="fl-13a">
         <path>C:\ti\ccs2020\ccs\tools\compiler\ti-cgt-armllvm_4.0.3.LTS\lib\armv6m-ti-none-eabi\</path>
         <kind>archive</kind>
         <file>libclang_rt.builtins.a</file>
         <name>truncdfsf2.S.obj</name>
      </input_file>
      <input_file id="fl-13b">
         <path>C:\ti\ccs2020\ccs\tools\compiler\ti-cgt-armllvm_4.0.3.LTS\lib\armv6m-ti-none-eabi\</path>
         <kind>archive</kind>
         <file>libclang_rt.builtins.a</file>
         <name>aeabi_dcmp.S.obj</name>
      </input_file>
      <input_file id="fl-13c">
         <path>C:\ti\ccs2020\ccs\tools\compiler\ti-cgt-armllvm_4.0.3.LTS\lib\armv6m-ti-none-eabi\</path>
         <kind>archive</kind>
         <file>libclang_rt.builtins.a</file>
         <name>aeabi_fcmp.S.obj</name>
      </input_file>
      <input_file id="fl-13d">
         <path>C:\ti\ccs2020\ccs\tools\compiler\ti-cgt-armllvm_4.0.3.LTS\lib\armv6m-ti-none-eabi\</path>
         <kind>archive</kind>
         <file>libclang_rt.builtins.a</file>
         <name>aeabi_idivmod.S.obj</name>
      </input_file>
      <input_file id="fl-13e">
         <path>C:\ti\ccs2020\ccs\tools\compiler\ti-cgt-armllvm_4.0.3.LTS\lib\armv6m-ti-none-eabi\</path>
         <kind>archive</kind>
         <file>libclang_rt.builtins.a</file>
         <name>aeabi_ldivmod.S.obj</name>
      </input_file>
      <input_file id="fl-13f">
         <path>C:\ti\ccs2020\ccs\tools\compiler\ti-cgt-armllvm_4.0.3.LTS\lib\armv6m-ti-none-eabi\</path>
         <kind>archive</kind>
         <file>libclang_rt.builtins.a</file>
         <name>aeabi_memcpy.S.obj</name>
      </input_file>
      <input_file id="fl-140">
         <path>C:\ti\ccs2020\ccs\tools\compiler\ti-cgt-armllvm_4.0.3.LTS\lib\armv6m-ti-none-eabi\</path>
         <kind>archive</kind>
         <file>libclang_rt.builtins.a</file>
         <name>aeabi_memset.S.obj</name>
      </input_file>
      <input_file id="fl-141">
         <path>C:\ti\ccs2020\ccs\tools\compiler\ti-cgt-armllvm_4.0.3.LTS\lib\armv6m-ti-none-eabi\</path>
         <kind>archive</kind>
         <file>libclang_rt.builtins.a</file>
         <name>aeabi_uidivmod.S.obj</name>
      </input_file>
      <input_file id="fl-142">
         <path>C:\ti\ccs2020\ccs\tools\compiler\ti-cgt-armllvm_4.0.3.LTS\lib\armv6m-ti-none-eabi\</path>
         <kind>archive</kind>
         <file>libclang_rt.builtins.a</file>
         <name>aeabi_uldivmod.S.obj</name>
      </input_file>
      <input_file id="fl-143">
         <path>C:\ti\ccs2020\ccs\tools\compiler\ti-cgt-armllvm_4.0.3.LTS\lib\armv6m-ti-none-eabi\</path>
         <kind>archive</kind>
         <file>libclang_rt.builtins.a</file>
         <name>comparesf2.S.obj</name>
      </input_file>
      <input_file id="fl-144">
         <path>C:\ti\ccs2020\ccs\tools\compiler\ti-cgt-armllvm_4.0.3.LTS\lib\armv6m-ti-none-eabi\</path>
         <kind>archive</kind>
         <file>libclang_rt.builtins.a</file>
         <name>udivmoddi4.S.obj</name>
      </input_file>
      <input_file id="fl-145">
         <path>C:\ti\ccs2020\ccs\tools\compiler\ti-cgt-armllvm_4.0.3.LTS\lib\armv6m-ti-none-eabi\</path>
         <kind>archive</kind>
         <file>libclang_rt.builtins.a</file>
         <name>ashldi3.S.obj</name>
      </input_file>
      <input_file id="fl-146">
         <path>C:\ti\ccs2020\ccs\tools\compiler\ti-cgt-armllvm_4.0.3.LTS\lib\armv6m-ti-none-eabi\</path>
         <kind>archive</kind>
         <file>libclang_rt.builtins.a</file>
         <name>comparedf2.c.obj</name>
      </input_file>
      <input_file id="fl-147">
         <path>C:\ti\ccs2020\ccs\tools\compiler\ti-cgt-armllvm_4.0.3.LTS\lib\armv6m-ti-none-eabi\</path>
         <kind>archive</kind>
         <file>libclang_rt.builtins.a</file>
         <name>divmoddi4.c.obj</name>
      </input_file>
      <input_file id="fl-148">
         <path>C:\ti\ccs2020\ccs\tools\compiler\ti-cgt-armllvm_4.0.3.LTS\lib\armv6m-ti-none-eabi\</path>
         <kind>archive</kind>
         <file>libclang_rt.builtins.a</file>
         <name>aeabi_div0.c.obj</name>
      </input_file>
      <input_file id="fl-149">
         <path>C:\ti\ccs2020\ccs\tools\compiler\ti-cgt-armllvm_4.0.3.LTS\lib\armv6m-ti-none-eabi\c\</path>
         <kind>archive</kind>
         <file>libc.a</file>
         <name>memcpy16.S.obj</name>
      </input_file>
      <input_file id="fl-14a">
         <path>C:\ti\ccs2020\ccs\tools\compiler\ti-cgt-armllvm_4.0.3.LTS\lib\armv6m-ti-none-eabi\c\</path>
         <kind>archive</kind>
         <file>libc.a</file>
         <name>memset16.S.obj</name>
      </input_file>
   </input_file_list>
   <object_component_list>
      <object_component id="oc-18">
         <name>.intvecs</name>
         <load_address>0x0</load_address>
         <readonly>true</readonly>
         <run_address>0x0</run_address>
         <size>0xc0</size>
         <alignment>0x4</alignment>
         <input_file_ref idref="fl-2"/>
      </object_component>
      <object_component id="oc-3a7">
         <name>.text:__TI_printfi</name>
         <load_address>0xc0</load_address>
         <readonly>true</readonly>
         <executable>true</executable>
         <run_address>0xc0</run_address>
         <size>0x9d0</size>
         <alignment>0x4</alignment>
         <input_file_ref idref="fl-64"/>
      </object_component>
      <object_component id="oc-189">
         <name>.text.line_folower</name>
         <load_address>0xa90</load_address>
         <readonly>true</readonly>
         <executable>true</executable>
         <run_address>0xa90</run_address>
         <size>0x6dc</size>
         <alignment>0x4</alignment>
         <input_file_ref idref="fl-39"/>
      </object_component>
      <object_component id="oc-181">
         <name>.text.HOME_directory</name>
         <load_address>0x116c</load_address>
         <readonly>true</readonly>
         <executable>true</executable>
         <run_address>0x116c</run_address>
         <size>0x620</size>
         <alignment>0x4</alignment>
         <input_file_ref idref="fl-37"/>
      </object_component>
      <object_component id="oc-39">
         <name>.text.GROUP1_IRQHandler</name>
         <load_address>0x178c</load_address>
         <readonly>true</readonly>
         <executable>true</executable>
         <run_address>0x178c</run_address>
         <size>0x390</size>
         <alignment>0x4</alignment>
         <input_file_ref idref="fl-a"/>
      </object_component>
      <object_component id="oc-b9">
         <name>.text.asin</name>
         <load_address>0x1b1c</load_address>
         <readonly>true</readonly>
         <executable>true</executable>
         <run_address>0x1b1c</run_address>
         <size>0x364</size>
         <alignment>0x4</alignment>
         <input_file_ref idref="fl-66"/>
      </object_component>
      <object_component id="oc-147">
         <name>.text.atan</name>
         <load_address>0x1e80</load_address>
         <readonly>true</readonly>
         <executable>true</executable>
         <run_address>0x1e80</run_address>
         <size>0x2f8</size>
         <alignment>0x4</alignment>
         <input_file_ref idref="fl-69"/>
      </object_component>
      <object_component id="oc-1cc">
         <name>.text.SYSCFG_DL_GPIO_init</name>
         <load_address>0x2178</load_address>
         <readonly>true</readonly>
         <executable>true</executable>
         <run_address>0x2178</run_address>
         <size>0x288</size>
         <alignment>0x4</alignment>
         <input_file_ref idref="fl-1"/>
      </object_component>
      <object_component id="oc-263">
         <name>.text.MOTOR_CONTROL</name>
         <load_address>0x2400</load_address>
         <readonly>true</readonly>
         <executable>true</executable>
         <run_address>0x2400</run_address>
         <size>0x278</size>
         <alignment>0x4</alignment>
         <input_file_ref idref="fl-9"/>
      </object_component>
      <object_component id="oc-1f0">
         <name>.text.dmp_enable_feature</name>
         <load_address>0x2678</load_address>
         <readonly>true</readonly>
         <executable>true</executable>
         <run_address>0x2678</run_address>
         <size>0x278</size>
         <alignment>0x4</alignment>
         <input_file_ref idref="fl-5"/>
      </object_component>
      <object_component id="oc-45f">
         <name>.text.u8g2_font_decode_glyph</name>
         <load_address>0x28f0</load_address>
         <readonly>true</readonly>
         <executable>true</executable>
         <run_address>0x28f0</run_address>
         <size>0x23c</size>
         <alignment>0x4</alignment>
         <input_file_ref idref="fl-18"/>
      </object_component>
      <object_component id="oc-30b">
         <name>.text.dmp_set_tap_thresh</name>
         <load_address>0x2b2c</load_address>
         <readonly>true</readonly>
         <executable>true</executable>
         <run_address>0x2b2c</run_address>
         <size>0x238</size>
         <alignment>0x4</alignment>
         <input_file_ref idref="fl-5"/>
      </object_component>
      <object_component id="oc-69">
         <name>.text.Read_Quad</name>
         <load_address>0x2d64</load_address>
         <readonly>true</readonly>
         <executable>true</executable>
         <run_address>0x2d64</run_address>
         <size>0x22c</size>
         <alignment>0x4</alignment>
         <input_file_ref idref="fl-6"/>
      </object_component>
      <object_component id="oc-119">
         <name>.text.mpu_reset_fifo</name>
         <load_address>0x2f90</load_address>
         <readonly>true</readonly>
         <executable>true</executable>
         <run_address>0x2f90</run_address>
         <size>0x22c</size>
         <alignment>0x4</alignment>
         <input_file_ref idref="fl-4"/>
      </object_component>
      <object_component id="oc-3fc">
         <name>.text._pconv_a</name>
         <load_address>0x31bc</load_address>
         <readonly>true</readonly>
         <executable>true</executable>
         <run_address>0x31bc</run_address>
         <size>0x220</size>
         <alignment>0x4</alignment>
         <input_file_ref idref="fl-64"/>
      </object_component>
      <object_component id="oc-a0">
         <name>.text.dmp_read_fifo</name>
         <load_address>0x33dc</load_address>
         <readonly>true</readonly>
         <executable>true</executable>
         <run_address>0x33dc</run_address>
         <size>0x1f4</size>
         <alignment>0x4</alignment>
         <input_file_ref idref="fl-5"/>
      </object_component>
      <object_component id="oc-3fd">
         <name>.text._pconv_g</name>
         <load_address>0x35d0</load_address>
         <readonly>true</readonly>
         <executable>true</executable>
         <run_address>0x35d0</run_address>
         <size>0x1dc</size>
         <alignment>0x4</alignment>
         <input_file_ref idref="fl-64"/>
      </object_component>
      <object_component id="oc-17d">
         <name>.text.u8x8_gpio_and_delay</name>
         <load_address>0x37ac</load_address>
         <readonly>true</readonly>
         <executable>true</executable>
         <run_address>0x37ac</run_address>
         <size>0x1cc</size>
         <alignment>0x4</alignment>
         <input_file_ref idref="fl-38"/>
      </object_component>
      <object_component id="oc-302">
         <name>.text.mpu_set_bypass</name>
         <load_address>0x3978</load_address>
         <readonly>true</readonly>
         <executable>true</executable>
         <run_address>0x3978</run_address>
         <size>0x1a0</size>
         <alignment>0x4</alignment>
         <input_file_ref idref="fl-4"/>
      </object_component>
      <object_component id="oc-12e">
         <name>.text.adddf3_subdf3</name>
         <load_address>0x3b18</load_address>
         <readonly>true</readonly>
         <executable>true</executable>
         <run_address>0x3b18</run_address>
         <size>0x192</size>
         <alignment>0x4</alignment>
         <input_file_ref idref="fl-12d"/>
      </object_component>
      <object_component id="oc-236">
         <name>.text.PID_control</name>
         <load_address>0x3caa</load_address>
         <readonly>true</readonly>
         <executable>true</executable>
         <run_address>0x3caa</run_address>
         <size>0x2</size>
         <alignment>0x2</alignment>
         <input_file_ref idref="fl-37"/>
      </object_component>
      <object_component id="oc-c7">
         <name>.text.atan2</name>
         <load_address>0x3cac</load_address>
         <readonly>true</readonly>
         <executable>true</executable>
         <run_address>0x3cac</run_address>
         <size>0x188</size>
         <alignment>0x4</alignment>
         <input_file_ref idref="fl-67"/>
      </object_component>
      <object_component id="oc-1ed">
         <name>.text.dmp_set_orientation</name>
         <load_address>0x3e34</load_address>
         <readonly>true</readonly>
         <executable>true</executable>
         <run_address>0x3e34</run_address>
         <size>0x178</size>
         <alignment>0x4</alignment>
         <input_file_ref idref="fl-5"/>
      </object_component>
      <object_component id="oc-138">
         <name>.text.sqrt</name>
         <load_address>0x3fac</load_address>
         <readonly>true</readonly>
         <executable>true</executable>
         <run_address>0x3fac</run_address>
         <size>0x170</size>
         <alignment>0x4</alignment>
         <input_file_ref idref="fl-68"/>
      </object_component>
      <object_component id="oc-325">
         <name>.text.u8x8_d_ssd1306_sh1106_generic</name>
         <load_address>0x411c</load_address>
         <readonly>true</readonly>
         <executable>true</executable>
         <run_address>0x411c</run_address>
         <size>0x168</size>
         <alignment>0x4</alignment>
         <input_file_ref idref="fl-2b"/>
      </object_component>
      <object_component id="oc-218">
         <name>.text.u8g2_ll_hvline_vertical_top_lsb</name>
         <load_address>0x4284</load_address>
         <readonly>true</readonly>
         <executable>true</executable>
         <run_address>0x4284</run_address>
         <size>0x164</size>
         <alignment>0x2</alignment>
         <input_file_ref idref="fl-1f"/>
      </object_component>
      <object_component id="oc-15d">
         <name>.text.MPU6050_Init</name>
         <load_address>0x43e8</load_address>
         <readonly>true</readonly>
         <executable>true</executable>
         <run_address>0x43e8</run_address>
         <size>0x144</size>
         <alignment>0x4</alignment>
         <input_file_ref idref="fl-6"/>
      </object_component>
      <object_component id="oc-476">
         <name>.text.u8g2_font_decode_len</name>
         <load_address>0x452c</load_address>
         <readonly>true</readonly>
         <executable>true</executable>
         <run_address>0x452c</run_address>
         <size>0x142</size>
         <alignment>0x2</alignment>
         <input_file_ref idref="fl-18"/>
      </object_component>
      <object_component id="oc-290">
         <name>.text.__aeabi_idiv0</name>
         <load_address>0x466e</load_address>
         <readonly>true</readonly>
         <executable>true</executable>
         <run_address>0x466e</run_address>
         <size>0x2</size>
         <alignment>0x2</alignment>
         <input_file_ref idref="fl-148"/>
      </object_component>
      <object_component id="oc-45c">
         <name>.text.fcvt</name>
         <load_address>0x4670</load_address>
         <readonly>true</readonly>
         <executable>true</executable>
         <run_address>0x4670</run_address>
         <size>0x13c</size>
         <alignment>0x4</alignment>
         <input_file_ref idref="fl-64"/>
      </object_component>
      <object_component id="oc-350">
         <name>.text.u8x8_utf8_next</name>
         <load_address>0x47ac</load_address>
         <readonly>true</readonly>
         <executable>true</executable>
         <run_address>0x47ac</run_address>
         <size>0x13c</size>
         <alignment>0x4</alignment>
         <input_file_ref idref="fl-27"/>
      </object_component>
      <object_component id="oc-1a4">
         <name>.text.mspm0_i2c_read</name>
         <load_address>0x48e8</load_address>
         <readonly>true</readonly>
         <executable>true</executable>
         <run_address>0x48e8</run_address>
         <size>0x134</size>
         <alignment>0x4</alignment>
         <input_file_ref idref="fl-7"/>
      </object_component>
      <object_component id="oc-264">
         <name>.text.mspm0_motor_i2c_read</name>
         <load_address>0x4a1c</load_address>
         <readonly>true</readonly>
         <executable>true</executable>
         <run_address>0x4a1c</run_address>
         <size>0x134</size>
         <alignment>0x4</alignment>
         <input_file_ref idref="fl-b"/>
      </object_component>
      <object_component id="oc-213">
         <name>.text.u8x8_cad_ssd13xx_fast_i2c</name>
         <load_address>0x4b50</load_address>
         <readonly>true</readonly>
         <executable>true</executable>
         <run_address>0x4b50</run_address>
         <size>0x134</size>
         <alignment>0x4</alignment>
         <input_file_ref idref="fl-29"/>
      </object_component>
      <object_component id="oc-1e5">
         <name>.text.mpu_set_sensors</name>
         <load_address>0x4c84</load_address>
         <readonly>true</readonly>
         <executable>true</executable>
         <run_address>0x4c84</run_address>
         <size>0x130</size>
         <alignment>0x4</alignment>
         <input_file_ref idref="fl-4"/>
      </object_component>
      <object_component id="oc-360">
         <name>.text.u8g2_DrawHVLine</name>
         <load_address>0x4db4</load_address>
         <readonly>true</readonly>
         <executable>true</executable>
         <run_address>0x4db4</run_address>
         <size>0x12a</size>
         <alignment>0x2</alignment>
         <input_file_ref idref="fl-1a"/>
      </object_component>
      <object_component id="oc-460">
         <name>.text.__aeabi_ldiv0</name>
         <load_address>0x4ede</load_address>
         <readonly>true</readonly>
         <executable>true</executable>
         <run_address>0x4ede</run_address>
         <size>0x2</size>
         <alignment>0x2</alignment>
         <input_file_ref idref="fl-148"/>
      </object_component>
      <object_component id="oc-1e3">
         <name>.text.mpu_init</name>
         <load_address>0x4ee0</load_address>
         <readonly>true</readonly>
         <executable>true</executable>
         <run_address>0x4ee0</run_address>
         <size>0x128</size>
         <alignment>0x4</alignment>
         <input_file_ref idref="fl-4"/>
      </object_component>
      <object_component id="oc-306">
         <name>.text.mpu_load_firmware</name>
         <load_address>0x5008</load_address>
         <readonly>true</readonly>
         <executable>true</executable>
         <run_address>0x5008</run_address>
         <size>0x124</size>
         <alignment>0x4</alignment>
         <input_file_ref idref="fl-4"/>
      </object_component>
      <object_component id="oc-3ff">
         <name>.text._pconv_e</name>
         <load_address>0x512c</load_address>
         <readonly>true</readonly>
         <executable>true</executable>
         <run_address>0x512c</run_address>
         <size>0x120</size>
         <alignment>0x4</alignment>
         <input_file_ref idref="fl-64"/>
      </object_component>
      <object_component id="oc-45e">
         <name>.text.u8g2_font_get_glyph_data</name>
         <load_address>0x524c</load_address>
         <readonly>true</readonly>
         <executable>true</executable>
         <run_address>0x524c</run_address>
         <size>0x116</size>
         <alignment>0x2</alignment>
         <input_file_ref idref="fl-18"/>
      </object_component>
      <object_component id="oc-278">
         <name>.text._nop</name>
         <load_address>0x5362</load_address>
         <readonly>true</readonly>
         <executable>true</executable>
         <run_address>0x5362</run_address>
         <size>0x2</size>
         <alignment>0x2</alignment>
         <input_file_ref idref="fl-6e"/>
      </object_component>
      <object_component id="oc-13f">
         <name>.text.__divdf3</name>
         <load_address>0x5364</load_address>
         <readonly>true</readonly>
         <executable>true</executable>
         <run_address>0x5364</run_address>
         <size>0x10c</size>
         <alignment>0x4</alignment>
         <input_file_ref idref="fl-132"/>
      </object_component>
      <object_component id="oc-114">
         <name>.text.mpu_read_fifo_stream</name>
         <load_address>0x5470</load_address>
         <readonly>true</readonly>
         <executable>true</executable>
         <run_address>0x5470</run_address>
         <size>0x108</size>
         <alignment>0x4</alignment>
         <input_file_ref idref="fl-4"/>
      </object_component>
      <object_component id="oc-2cd">
         <name>.text.DL_Timer_initFourCCPWMMode</name>
         <load_address>0x5578</load_address>
         <readonly>true</readonly>
         <executable>true</executable>
         <run_address>0x5578</run_address>
         <size>0x104</size>
         <alignment>0x4</alignment>
         <input_file_ref idref="fl-4a"/>
      </object_component>
      <object_component id="oc-305">
         <name>.text.mpu_lp_accel_mode</name>
         <load_address>0x567c</load_address>
         <readonly>true</readonly>
         <executable>true</executable>
         <run_address>0x567c</run_address>
         <size>0x100</size>
         <alignment>0x4</alignment>
         <input_file_ref idref="fl-4"/>
      </object_component>
      <object_component id="oc-34d">
         <name>.text.u8g2_read_font_info</name>
         <load_address>0x577c</load_address>
         <readonly>true</readonly>
         <executable>true</executable>
         <run_address>0x577c</run_address>
         <size>0xfc</size>
         <alignment>0x2</alignment>
         <input_file_ref idref="fl-18"/>
      </object_component>
      <object_component id="oc-1e7">
         <name>.text.mpu_set_sample_rate</name>
         <load_address>0x5878</load_address>
         <readonly>true</readonly>
         <executable>true</executable>
         <run_address>0x5878</run_address>
         <size>0xec</size>
         <alignment>0x4</alignment>
         <input_file_ref idref="fl-4"/>
      </object_component>
      <object_component id="oc-2dc">
         <name>.text.DL_Timer_initTimerMode</name>
         <load_address>0x5964</load_address>
         <readonly>true</readonly>
         <executable>true</executable>
         <run_address>0x5964</run_address>
         <size>0xe8</size>
         <alignment>0x4</alignment>
         <input_file_ref idref="fl-4a"/>
      </object_component>
      <object_component id="oc-bf">
         <name>.text.__muldf3</name>
         <load_address>0x5a4c</load_address>
         <readonly>true</readonly>
         <executable>true</executable>
         <run_address>0x5a4c</run_address>
         <size>0xe4</size>
         <alignment>0x4</alignment>
         <input_file_ref idref="fl-12e"/>
      </object_component>
      <object_component id="oc-300">
         <name>.text.mpu_set_accel_fsr</name>
         <load_address>0x5b30</load_address>
         <readonly>true</readonly>
         <executable>true</executable>
         <run_address>0x5b30</run_address>
         <size>0xe4</size>
         <alignment>0x4</alignment>
         <input_file_ref idref="fl-4"/>
      </object_component>
      <object_component id="oc-2bc">
         <name>.text.DL_SYSCTL_configSYSPLL</name>
         <load_address>0x5c14</load_address>
         <readonly>true</readonly>
         <executable>true</executable>
         <run_address>0x5c14</run_address>
         <size>0xdc</size>
         <alignment>0x4</alignment>
         <input_file_ref idref="fl-4c"/>
      </object_component>
      <object_component id="oc-447">
         <name>.text.scalbn</name>
         <load_address>0x5cf0</load_address>
         <readonly>true</readonly>
         <executable>true</executable>
         <run_address>0x5cf0</run_address>
         <size>0xd8</size>
         <alignment>0x4</alignment>
         <input_file_ref idref="fl-6b"/>
      </object_component>
      <object_component id="oc-34f">
         <name>.text.u8g2_draw_string</name>
         <load_address>0x5dc8</load_address>
         <readonly>true</readonly>
         <executable>true</executable>
         <run_address>0x5dc8</run_address>
         <size>0xd8</size>
         <alignment>0x4</alignment>
         <input_file_ref idref="fl-18"/>
      </object_component>
      <object_component id="oc-b1">
         <name>.text</name>
         <load_address>0x5ea0</load_address>
         <readonly>true</readonly>
         <executable>true</executable>
         <run_address>0x5ea0</run_address>
         <size>0xd8</size>
         <alignment>0x4</alignment>
         <input_file_ref idref="fl-12c"/>
      </object_component>
      <object_component id="oc-3c4">
         <name>.text.u8g2_clip_intersection2</name>
         <load_address>0x5f78</load_address>
         <readonly>true</readonly>
         <executable>true</executable>
         <run_address>0x5f78</run_address>
         <size>0xd6</size>
         <alignment>0x2</alignment>
         <input_file_ref idref="fl-1a"/>
      </object_component>
      <object_component id="oc-1cb">
         <name>.text.SYSCFG_DL_initPower</name>
         <load_address>0x6050</load_address>
         <readonly>true</readonly>
         <executable>true</executable>
         <run_address>0x6050</run_address>
         <size>0xd4</size>
         <alignment>0x4</alignment>
         <input_file_ref idref="fl-1"/>
      </object_component>
      <object_component id="oc-304">
         <name>.text.set_int_enable</name>
         <load_address>0x6124</load_address>
         <readonly>true</readonly>
         <executable>true</executable>
         <run_address>0x6124</run_address>
         <size>0xd4</size>
         <alignment>0x4</alignment>
         <input_file_ref idref="fl-4"/>
      </object_component>
      <object_component id="oc-301">
         <name>.text.mpu_set_lpf</name>
         <load_address>0x61f8</load_address>
         <readonly>true</readonly>
         <executable>true</executable>
         <run_address>0x61f8</run_address>
         <size>0xd0</size>
         <alignment>0x4</alignment>
         <input_file_ref idref="fl-4"/>
      </object_component>
      <object_component id="oc-34e">
         <name>.text.u8g2_UpdateRefHeight</name>
         <load_address>0x62c8</load_address>
         <readonly>true</readonly>
         <executable>true</executable>
         <run_address>0x62c8</run_address>
         <size>0xc6</size>
         <alignment>0x2</alignment>
         <input_file_ref idref="fl-18"/>
      </object_component>
      <object_component id="oc-2ff">
         <name>.text.mpu_set_gyro_fsr</name>
         <load_address>0x6390</load_address>
         <readonly>true</readonly>
         <executable>true</executable>
         <run_address>0x6390</run_address>
         <size>0xc4</size>
         <alignment>0x4</alignment>
         <input_file_ref idref="fl-4"/>
      </object_component>
      <object_component id="oc-1b0">
         <name>.text.mspm0_i2c_write</name>
         <load_address>0x6454</load_address>
         <readonly>true</readonly>
         <executable>true</executable>
         <run_address>0x6454</run_address>
         <size>0xc4</size>
         <alignment>0x4</alignment>
         <input_file_ref idref="fl-7"/>
      </object_component>
      <object_component id="oc-178">
         <name>.text.u8x8_byte_sw_i2c</name>
         <load_address>0x6518</load_address>
         <readonly>true</readonly>
         <executable>true</executable>
         <run_address>0x6518</run_address>
         <size>0xc0</size>
         <alignment>0x4</alignment>
         <input_file_ref idref="fl-28"/>
      </object_component>
      <object_component id="oc-36c">
         <name>.text.Velocity_A</name>
         <load_address>0x65d8</load_address>
         <readonly>true</readonly>
         <executable>true</executable>
         <run_address>0x65d8</run_address>
         <size>0xbc</size>
         <alignment>0x4</alignment>
         <input_file_ref idref="fl-9"/>
      </object_component>
      <object_component id="oc-36d">
         <name>.text.Velocity_B</name>
         <load_address>0x6694</load_address>
         <readonly>true</readonly>
         <executable>true</executable>
         <run_address>0x6694</run_address>
         <size>0xbc</size>
         <alignment>0x4</alignment>
         <input_file_ref idref="fl-9"/>
      </object_component>
      <object_component id="oc-36e">
         <name>.text.Velocity_C</name>
         <load_address>0x6750</load_address>
         <readonly>true</readonly>
         <executable>true</executable>
         <run_address>0x6750</run_address>
         <size>0xbc</size>
         <alignment>0x4</alignment>
         <input_file_ref idref="fl-9"/>
      </object_component>
      <object_component id="oc-36f">
         <name>.text.Velocity_D</name>
         <load_address>0x680c</load_address>
         <readonly>true</readonly>
         <executable>true</executable>
         <run_address>0x680c</run_address>
         <size>0xbc</size>
         <alignment>0x4</alignment>
         <input_file_ref idref="fl-9"/>
      </object_component>
      <object_component id="oc-1e6">
         <name>.text.mpu_configure_fifo</name>
         <load_address>0x68c8</load_address>
         <readonly>true</readonly>
         <executable>true</executable>
         <run_address>0x68c8</run_address>
         <size>0xbc</size>
         <alignment>0x4</alignment>
         <input_file_ref idref="fl-4"/>
      </object_component>
      <object_component id="oc-1f2">
         <name>.text.mpu_set_dmp_state</name>
         <load_address>0x6984</load_address>
         <readonly>true</readonly>
         <executable>true</executable>
         <run_address>0x6984</run_address>
         <size>0xb8</size>
         <alignment>0x4</alignment>
         <input_file_ref idref="fl-4"/>
      </object_component>
      <object_component id="oc-336">
         <name>.text.u8g2_update_dimension_common</name>
         <load_address>0x6a3c</load_address>
         <readonly>true</readonly>
         <executable>true</executable>
         <run_address>0x6a3c</run_address>
         <size>0xae</size>
         <alignment>0x2</alignment>
         <input_file_ref idref="fl-23"/>
      </object_component>
      <object_component id="oc-393">
         <name>.text.mpu_read_mem</name>
         <load_address>0x6aec</load_address>
         <readonly>true</readonly>
         <executable>true</executable>
         <run_address>0x6aec</run_address>
         <size>0xac</size>
         <alignment>0x4</alignment>
         <input_file_ref idref="fl-4"/>
      </object_component>
      <object_component id="oc-309">
         <name>.text.mpu_write_mem</name>
         <load_address>0x6b98</load_address>
         <readonly>true</readonly>
         <executable>true</executable>
         <run_address>0x6b98</run_address>
         <size>0xac</size>
         <alignment>0x4</alignment>
         <input_file_ref idref="fl-4"/>
      </object_component>
      <object_component id="oc-337">
         <name>.text.u8g2_apply_clip_window</name>
         <load_address>0x6c44</load_address>
         <readonly>true</readonly>
         <executable>true</executable>
         <run_address>0x6c44</run_address>
         <size>0xac</size>
         <alignment>0x2</alignment>
         <input_file_ref idref="fl-23"/>
      </object_component>
      <object_component id="oc-327">
         <name>.text.u8x8_cad_SendSequence</name>
         <load_address>0x6cf0</load_address>
         <readonly>true</readonly>
         <executable>true</executable>
         <run_address>0x6cf0</run_address>
         <size>0xa4</size>
         <alignment>0x2</alignment>
         <input_file_ref idref="fl-29"/>
      </object_component>
      <object_component id="oc-43e">
         <name>.text</name>
         <load_address>0x6d94</load_address>
         <readonly>true</readonly>
         <executable>true</executable>
         <run_address>0x6d94</run_address>
         <size>0xa2</size>
         <alignment>0x4</alignment>
         <input_file_ref idref="fl-144"/>
      </object_component>
      <object_component id="oc-303">
         <name>.text.mpu_set_int_latched</name>
         <load_address>0x6e38</load_address>
         <readonly>true</readonly>
         <executable>true</executable>
         <run_address>0x6e38</run_address>
         <size>0x9c</size>
         <alignment>0x4</alignment>
         <input_file_ref idref="fl-4"/>
      </object_component>
      <object_component id="oc-1f1">
         <name>.text.dmp_set_fifo_rate</name>
         <load_address>0x6ed4</load_address>
         <readonly>true</readonly>
         <executable>true</executable>
         <run_address>0x6ed4</run_address>
         <size>0x98</size>
         <alignment>0x4</alignment>
         <input_file_ref idref="fl-5"/>
      </object_component>
      <object_component id="oc-308">
         <name>.text.inv_row_2_scale</name>
         <load_address>0x6f6c</load_address>
         <readonly>true</readonly>
         <executable>true</executable>
         <run_address>0x6f6c</run_address>
         <size>0x96</size>
         <alignment>0x2</alignment>
         <input_file_ref idref="fl-6"/>
      </object_component>
      <object_component id="oc-3be">
         <name>.text.u8g2_DrawGlyph</name>
         <load_address>0x7004</load_address>
         <readonly>true</readonly>
         <executable>true</executable>
         <run_address>0x7004</run_address>
         <size>0x96</size>
         <alignment>0x4</alignment>
         <input_file_ref idref="fl-18"/>
      </object_component>
      <object_component id="oc-3c1">
         <name>.text.u8g2_is_intersection_decision_tree</name>
         <load_address>0x709a</load_address>
         <readonly>true</readonly>
         <executable>true</executable>
         <run_address>0x709a</run_address>
         <size>0x94</size>
         <alignment>0x2</alignment>
         <input_file_ref idref="fl-1c"/>
      </object_component>
      <object_component id="oc-261">
         <name>.text.u8g2_send_buffer</name>
         <load_address>0x712e</load_address>
         <readonly>true</readonly>
         <executable>true</executable>
         <run_address>0x712e</run_address>
         <size>0x8e</size>
         <alignment>0x2</alignment>
         <input_file_ref idref="fl-12"/>
      </object_component>
      <object_component id="oc-ad">
         <name>.text.__mulsf3</name>
         <load_address>0x71bc</load_address>
         <readonly>true</readonly>
         <executable>true</executable>
         <run_address>0x71bc</run_address>
         <size>0x8c</size>
         <alignment>0x4</alignment>
         <input_file_ref idref="fl-130"/>
      </object_component>
      <object_component id="oc-11a">
         <name>.text.decode_gesture</name>
         <load_address>0x7248</load_address>
         <readonly>true</readonly>
         <executable>true</executable>
         <run_address>0x7248</run_address>
         <size>0x8c</size>
         <alignment>0x4</alignment>
         <input_file_ref idref="fl-5"/>
      </object_component>
      <object_component id="oc-188">
         <name>.text.line_follower_update</name>
         <load_address>0x72d4</load_address>
         <readonly>true</readonly>
         <executable>true</executable>
         <run_address>0x72d4</run_address>
         <size>0x8c</size>
         <alignment>0x4</alignment>
         <input_file_ref idref="fl-39"/>
      </object_component>
      <object_component id="oc-22c">
         <name>.text.i2c_write_byte</name>
         <load_address>0x7360</load_address>
         <readonly>true</readonly>
         <executable>true</executable>
         <run_address>0x7360</run_address>
         <size>0x8a</size>
         <alignment>0x2</alignment>
         <input_file_ref idref="fl-28"/>
      </object_component>
      <object_component id="oc-238">
         <name>.text.other_control</name>
         <load_address>0x73ec</load_address>
         <readonly>true</readonly>
         <executable>true</executable>
         <run_address>0x73ec</run_address>
         <size>0x88</size>
         <alignment>0x4</alignment>
         <input_file_ref idref="fl-37"/>
      </object_component>
      <object_component id="oc-475">
         <name>.text.u8g2_font_decode_get_unsigned_bits</name>
         <load_address>0x7474</load_address>
         <readonly>true</readonly>
         <executable>true</executable>
         <run_address>0x7474</run_address>
         <size>0x88</size>
         <alignment>0x2</alignment>
         <input_file_ref idref="fl-18"/>
      </object_component>
      <object_component id="oc-233">
         <name>.text.SPEED_CONTROL</name>
         <load_address>0x74fc</load_address>
         <readonly>true</readonly>
         <executable>true</executable>
         <run_address>0x74fc</run_address>
         <size>0x84</size>
         <alignment>0x4</alignment>
         <input_file_ref idref="fl-37"/>
      </object_component>
      <object_component id="oc-1dd">
         <name>.text.__NVIC_SetPriority</name>
         <load_address>0x7580</load_address>
         <readonly>true</readonly>
         <executable>true</executable>
         <run_address>0x7580</run_address>
         <size>0x84</size>
         <alignment>0x4</alignment>
         <input_file_ref idref="fl-8"/>
      </object_component>
      <object_component id="oc-2c5">
         <name>.text.__NVIC_SetPriority</name>
         <load_address>0x7604</load_address>
         <readonly>true</readonly>
         <executable>true</executable>
         <run_address>0x7604</run_address>
         <size>0x84</size>
         <alignment>0x4</alignment>
         <input_file_ref idref="fl-1"/>
      </object_component>
      <object_component id="oc-a9">
         <name>.text.__divsf3</name>
         <load_address>0x7688</load_address>
         <readonly>true</readonly>
         <executable>true</executable>
         <run_address>0x7688</run_address>
         <size>0x82</size>
         <alignment>0x4</alignment>
         <input_file_ref idref="fl-131"/>
      </object_component>
      <object_component id="oc-235">
         <name>.text.quanshukongzi</name>
         <load_address>0x770c</load_address>
         <readonly>true</readonly>
         <executable>true</executable>
         <run_address>0x770c</run_address>
         <size>0x80</size>
         <alignment>0x4</alignment>
         <input_file_ref idref="fl-37"/>
      </object_component>
      <object_component id="oc-20e">
         <name>.text.u8x8_d_ssd1306_128x64_noname</name>
         <load_address>0x778c</load_address>
         <readonly>true</readonly>
         <executable>true</executable>
         <run_address>0x778c</run_address>
         <size>0x80</size>
         <alignment>0x4</alignment>
         <input_file_ref idref="fl-2b"/>
      </object_component>
      <object_component id="oc-185">
         <name>.text.car_run</name>
         <load_address>0x780c</load_address>
         <readonly>true</readonly>
         <executable>true</executable>
         <run_address>0x780c</run_address>
         <size>0x7c</size>
         <alignment>0x2</alignment>
         <input_file_ref idref="fl-9"/>
      </object_component>
      <object_component id="oc-1c">
         <name>.text:decompress:lzss</name>
         <load_address>0x7888</load_address>
         <readonly>true</readonly>
         <executable>true</executable>
         <run_address>0x7888</run_address>
         <size>0x7c</size>
         <alignment>0x4</alignment>
         <input_file_ref idref="fl-7d"/>
      </object_component>
      <object_component id="oc-40">
         <name>.text.TIMG0_IRQHandler</name>
         <load_address>0x7904</load_address>
         <readonly>true</readonly>
         <executable>true</executable>
         <run_address>0x7904</run_address>
         <size>0x78</size>
         <alignment>0x4</alignment>
         <input_file_ref idref="fl-a"/>
      </object_component>
      <object_component id="oc-24c">
         <name>.text.u8g2_DrawBox</name>
         <load_address>0x797c</load_address>
         <readonly>true</readonly>
         <executable>true</executable>
         <run_address>0x797c</run_address>
         <size>0x78</size>
         <alignment>0x2</alignment>
         <input_file_ref idref="fl-11"/>
      </object_component>
      <object_component id="oc-20a">
         <name>.text.u8g2_SetupBuffer</name>
         <load_address>0x79f4</load_address>
         <readonly>true</readonly>
         <executable>true</executable>
         <run_address>0x79f4</run_address>
         <size>0x78</size>
         <alignment>0x2</alignment>
         <input_file_ref idref="fl-23"/>
      </object_component>
      <object_component id="oc-473">
         <name>.text.u8g2_add_vector_x</name>
         <load_address>0x7a6c</load_address>
         <readonly>true</readonly>
         <executable>true</executable>
         <run_address>0x7a6c</run_address>
         <size>0x76</size>
         <alignment>0x2</alignment>
         <input_file_ref idref="fl-18"/>
      </object_component>
      <object_component id="oc-474">
         <name>.text.u8g2_add_vector_y</name>
         <load_address>0x7ae2</load_address>
         <readonly>true</readonly>
         <executable>true</executable>
         <run_address>0x7ae2</run_address>
         <size>0x76</size>
         <alignment>0x2</alignment>
         <input_file_ref idref="fl-18"/>
      </object_component>
      <object_component id="oc-1be">
         <name>.text.__gedf2</name>
         <load_address>0x7b58</load_address>
         <readonly>true</readonly>
         <executable>true</executable>
         <run_address>0x7b58</run_address>
         <size>0x74</size>
         <alignment>0x4</alignment>
         <input_file_ref idref="fl-146"/>
      </object_component>
      <object_component id="oc-33">
         <name>.text.Default_Handler</name>
         <load_address>0x7bcc</load_address>
         <readonly>true</readonly>
         <executable>true</executable>
         <run_address>0x7bcc</run_address>
         <size>0x4</size>
         <alignment>0x2</alignment>
         <input_file_ref idref="fl-2"/>
      </object_component>
      <object_component id="oc-c3">
         <name>.text.__truncdfsf2</name>
         <load_address>0x7bd0</load_address>
         <readonly>true</readonly>
         <executable>true</executable>
         <run_address>0x7bd0</run_address>
         <size>0x74</size>
         <alignment>0x10</alignment>
         <input_file_ref idref="fl-13a"/>
      </object_component>
      <object_component id="oc-1ea">
         <name>.text.mpu_get_accel_fsr</name>
         <load_address>0x7c44</load_address>
         <readonly>true</readonly>
         <executable>true</executable>
         <run_address>0x7c44</run_address>
         <size>0x74</size>
         <alignment>0x4</alignment>
         <input_file_ref idref="fl-4"/>
      </object_component>
      <object_component id="oc-1cf">
         <name>.text.SYSCFG_DL_PWMB_init</name>
         <load_address>0x7cb8</load_address>
         <readonly>true</readonly>
         <executable>true</executable>
         <run_address>0x7cb8</run_address>
         <size>0x6c</size>
         <alignment>0x4</alignment>
         <input_file_ref idref="fl-1"/>
      </object_component>
      <object_component id="oc-1d0">
         <name>.text.SYSCFG_DL_PWMC_init</name>
         <load_address>0x7d24</load_address>
         <readonly>true</readonly>
         <executable>true</executable>
         <run_address>0x7d24</run_address>
         <size>0x6c</size>
         <alignment>0x4</alignment>
         <input_file_ref idref="fl-1"/>
      </object_component>
      <object_component id="oc-1d1">
         <name>.text.SYSCFG_DL_PWMD_init</name>
         <load_address>0x7d90</load_address>
         <readonly>true</readonly>
         <executable>true</executable>
         <run_address>0x7d90</run_address>
         <size>0x6c</size>
         <alignment>0x4</alignment>
         <input_file_ref idref="fl-1"/>
      </object_component>
      <object_component id="oc-182">
         <name>.text.u8g2_NextPage</name>
         <load_address>0x7dfc</load_address>
         <readonly>true</readonly>
         <executable>true</executable>
         <run_address>0x7dfc</run_address>
         <size>0x6c</size>
         <alignment>0x2</alignment>
         <input_file_ref idref="fl-12"/>
      </object_component>
      <object_component id="oc-326">
         <name>.text.u8x8_d_helper_display_init</name>
         <load_address>0x7e68</load_address>
         <readonly>true</readonly>
         <executable>true</executable>
         <run_address>0x7e68</run_address>
         <size>0x6c</size>
         <alignment>0x2</alignment>
         <input_file_ref idref="fl-2d"/>
      </object_component>
      <object_component id="oc-f3">
         <name>.text.CAR_CONTROL</name>
         <load_address>0x7ed4</load_address>
         <readonly>true</readonly>
         <executable>true</executable>
         <run_address>0x7ed4</run_address>
         <size>0x68</size>
         <alignment>0x4</alignment>
         <input_file_ref idref="fl-39"/>
      </object_component>
      <object_component id="oc-1ce">
         <name>.text.SYSCFG_DL_PWMA_init</name>
         <load_address>0x7f3c</load_address>
         <readonly>true</readonly>
         <executable>true</executable>
         <run_address>0x7f3c</run_address>
         <size>0x68</size>
         <alignment>0x4</alignment>
         <input_file_ref idref="fl-1"/>
      </object_component>
      <object_component id="oc-1b8">
         <name>.text.__ledf2</name>
         <load_address>0x7fa4</load_address>
         <readonly>true</readonly>
         <executable>true</executable>
         <run_address>0x7fa4</run_address>
         <size>0x68</size>
         <alignment>0x4</alignment>
         <input_file_ref idref="fl-146"/>
      </object_component>
      <object_component id="oc-36b">
         <name>.text.get_encoder_count</name>
         <load_address>0x800c</load_address>
         <readonly>true</readonly>
         <executable>true</executable>
         <run_address>0x800c</run_address>
         <size>0x68</size>
         <alignment>0x4</alignment>
         <input_file_ref idref="fl-a"/>
      </object_component>
      <object_component id="oc-234">
         <name>.text.xianshuc</name>
         <load_address>0x8074</load_address>
         <readonly>true</readonly>
         <executable>true</executable>
         <run_address>0x8074</run_address>
         <size>0x68</size>
         <alignment>0x4</alignment>
         <input_file_ref idref="fl-37"/>
      </object_component>
      <object_component id="oc-45b">
         <name>.text._mcpy</name>
         <load_address>0x80dc</load_address>
         <readonly>true</readonly>
         <executable>true</executable>
         <run_address>0x80dc</run_address>
         <size>0x66</size>
         <alignment>0x2</alignment>
         <input_file_ref idref="fl-64"/>
      </object_component>
      <object_component id="oc-30c">
[...]
      </symbol>
      <symbol id="sm-664">
         <name>__TI_ATRegion1_src_addr</name>
         <value>0x0</value>
      </symbol>
      <symbol id="sm-665">
         <name>__TI_ATRegion1_trg_addr</name>
         <value>0x0</value>
      </symbol>
      <symbol id="sm-666">
         <name>__TI_ATRegion1_region_sz</name>
         <value>0x0</value>
      </symbol>
      <symbol id="sm-667">
         <name>__TI_ATRegion2_src_addr</name>
         <value>0x0</value>
      </symbol>
      <symbol id="sm-668">
         <name>__TI_ATRegion2_trg_addr</name>
         <value>0x0</value>
      </symbol>
      <symbol id="sm-669">
         <name>__TI_ATRegion2_region_sz</name>
         <value>0x0</value>
      </symbol>
      <symbol id="sm-672">
         <name>DL_Common_delayCycles</name>
         <value>0xaa19</value>
         <object_component_ref idref="oc-2a5"/>
      </symbol>
      <symbol id="sm-681">
         <name>DL_I2C_setClockConfig</name>
         <value>0x9cdf</value>
         <object_component_ref idref="oc-2e0"/>
      </symbol>
      <symbol id="sm-682">
         <name>DL_I2C_fillControllerTXFIFO</name>
         <value>0x83f9</value>
         <object_component_ref idref="oc-299"/>
      </symbol>
      <symbol id="sm-683">
         <name>DL_I2C_flushControllerTXFIFO</name>
         <value>0x9199</value>
         <object_component_ref idref="oc-288"/>
      </symbol>
      <symbol id="sm-69f">
         <name>DL_Timer_setClockConfig</name>
         <value>0xa155</value>
         <object_component_ref idref="oc-2c7"/>
      </symbol>
      <symbol id="sm-6a0">
         <name>DL_Timer_initTimerMode</name>
         <value>0x5965</value>
         <object_component_ref idref="oc-2dc"/>
      </symbol>
      <symbol id="sm-6a1">
         <name>DL_Timer_setCaptureCompareValue</name>
         <value>0xa969</value>
         <object_component_ref idref="oc-2d1"/>
      </symbol>
      <symbol id="sm-6a2">
         <name>DL_Timer_setCaptCompUpdateMethod</name>
         <value>0xa139</value>
         <object_component_ref idref="oc-2d0"/>
      </symbol>
      <symbol id="sm-6a3">
         <name>DL_Timer_setCaptureCompareOutCtl</name>
         <value>0xa4c5</value>
         <object_component_ref idref="oc-2cf"/>
      </symbol>
      <symbol id="sm-6a4">
         <name>DL_Timer_initFourCCPWMMode</name>
         <value>0x5579</value>
         <object_component_ref idref="oc-2cd"/>
      </symbol>
      <symbol id="sm-6b1">
         <name>DL_UART_init</name>
         <value>0x8bd5</value>
         <object_component_ref idref="oc-2f1"/>
      </symbol>
      <symbol id="sm-6b2">
         <name>DL_UART_setClockConfig</name>
         <value>0xa923</value>
         <object_component_ref idref="oc-2eb"/>
      </symbol>
      <symbol id="sm-6c0">
         <name>DL_SYSCTL_configSYSPLL</name>
         <value>0x5c15</value>
         <object_component_ref idref="oc-2bc"/>
      </symbol>
      <symbol id="sm-6c1">
         <name>DL_SYSCTL_switchMCLKfromSYSOSCtoHSCLK</name>
         <value>0x8e15</value>
         <object_component_ref idref="oc-2c4"/>
      </symbol>
      <symbol id="sm-6d2">
         <name>printf</name>
         <value>0x856d</value>
         <object_component_ref idref="oc-1f9"/>
      </symbol>
      <symbol id="sm-71b">
         <name>__TI_printfi</name>
         <value>0xc1</value>
         <object_component_ref idref="oc-3a7"/>
      </symbol>
      <symbol id="sm-72c">
         <name>sprintf</name>
         <value>0x93e5</value>
         <object_component_ref idref="oc-241"/>
      </symbol>
      <symbol id="sm-746">
         <name>asin</name>
         <value>0x1b1d</value>
         <object_component_ref idref="oc-b9"/>
      </symbol>
      <symbol id="sm-747">
         <name>asinl</name>
         <value>0x1b1d</value>
         <object_component_ref idref="oc-b9"/>
      </symbol>
      <symbol id="sm-755">
         <name>atan2</name>
         <value>0x3cad</value>
         <object_component_ref idref="oc-c7"/>
      </symbol>
      <symbol id="sm-756">
         <name>atan2l</name>
         <value>0x3cad</value>
         <object_component_ref idref="oc-c7"/>
      </symbol>
      <symbol id="sm-760">
         <name>sqrt</name>
         <value>0x3fad</value>
         <object_component_ref idref="oc-138"/>
      </symbol>
      <symbol id="sm-761">
         <name>sqrtl</name>
         <value>0x3fad</value>
         <object_component_ref idref="oc-138"/>
      </symbol>
      <symbol id="sm-778">
         <name>atan</name>
         <value>0x1e81</value>
         <object_component_ref idref="oc-147"/>
      </symbol>
      <symbol id="sm-779">
         <name>atanl</name>
         <value>0x1e81</value>
         <object_component_ref idref="oc-147"/>
      </symbol>
      <symbol id="sm-783">
         <name>frexp</name>
         <value>0x8459</value>
         <object_component_ref idref="oc-443"/>
      </symbol>
      <symbol id="sm-784">
         <name>frexpl</name>
         <value>0x8459</value>
         <object_component_ref idref="oc-443"/>
      </symbol>
      <symbol id="sm-78e">
         <name>scalbn</name>
         <value>0x5cf1</value>
         <object_component_ref idref="oc-447"/>
      </symbol>
      <symbol id="sm-78f">
         <name>ldexp</name>
         <value>0x5cf1</value>
         <object_component_ref idref="oc-447"/>
      </symbol>
      <symbol id="sm-790">
         <name>scalbnl</name>
         <value>0x5cf1</value>
         <object_component_ref idref="oc-447"/>
      </symbol>
      <symbol id="sm-791">
         <name>ldexpl</name>
         <value>0x5cf1</value>
         <object_component_ref idref="oc-447"/>
      </symbol>
      <symbol id="sm-79a">
         <name>wcslen</name>
         <value>0xa9a9</value>
         <object_component_ref idref="oc-3ef"/>
      </symbol>
      <symbol id="sm-7a5">
         <name>__aeabi_errno_addr</name>
         <value>0xaab9</value>
         <object_component_ref idref="oc-129"/>
      </symbol>
      <symbol id="sm-7a6">
         <name>__aeabi_errno</name>
         <value>0x202008a0</value>
         <object_component_ref idref="oc-1b3"/>
      </symbol>
      <symbol id="sm-7af">
         <name>_nop</name>
         <value>0x5363</value>
         <object_component_ref idref="oc-278"/>
      </symbol>
      <symbol id="sm-7b0">
         <name>_lock</name>
         <value>0x202008a4</value>
         <object_component_ref idref="oc-19a"/>
      </symbol>
      <symbol id="sm-7b1">
         <name>_unlock</name>
         <value>0x202008a8</value>
         <object_component_ref idref="oc-19d"/>
      </symbol>
      <symbol id="sm-7ba">
         <name>__TI_ltoa</name>
         <value>0x8679</value>
         <object_component_ref idref="oc-44f"/>
      </symbol>
      <symbol id="sm-7c5">
         <name>atoi</name>
         <value>0x8fe9</value>
         <object_component_ref idref="oc-3eb"/>
      </symbol>
      <symbol id="sm-7ca">
         <name>_ftable</name>
         <value>0x20200624</value>
         <object_component_ref idref="oc-316"/>
      </symbol>
      <symbol id="sm-7d3">
         <name>memccpy</name>
         <value>0x9e0d</value>
         <object_component_ref idref="oc-3e4"/>
      </symbol>
      <symbol id="sm-7dc">
         <name>memcmp</name>
         <value>0x9ed5</value>
         <object_component_ref idref="oc-394"/>
      </symbol>
      <symbol id="sm-7e8">
         <name>_c_int00_noargs</name>
         <value>0x9c91</value>
         <object_component_ref idref="oc-5c"/>
      </symbol>
      <symbol id="sm-7e9">
         <name>__stack</name>
         <value>0x20207e00</value>
         <object_component_ref idref="oc-1a"/>
      </symbol>
      <symbol id="sm-7f8">
         <name>__TI_auto_init_nobinit_nopinit</name>
         <value>0x92c5</value>
         <object_component_ref idref="oc-102"/>
      </symbol>
      <symbol id="sm-800">
         <name>_system_pre_init</name>
         <value>0xab19</value>
         <object_component_ref idref="oc-89"/>
      </symbol>
      <symbol id="sm-80b">
         <name>__TI_zero_init</name>
         <value>0xa9b9</value>
         <object_component_ref idref="oc-59"/>
      </symbol>
      <symbol id="sm-814">
         <name>__TI_decompress_none</name>
         <value>0xa947</value>
         <object_component_ref idref="oc-20"/>
      </symbol>
      <symbol id="sm-81f">
         <name>__TI_decompress_lzss</name>
         <value>0x7889</value>
         <object_component_ref idref="oc-1c"/>
      </symbol>
      <symbol id="sm-821">
         <name>__aeabi_ctype_table_</name>
         <value>0xbdc0</value>
         <object_component_ref idref="oc-436"/>
      </symbol>
      <symbol id="sm-822">
         <name>__aeabi_ctype_table_C</name>
         <value>0xbdc0</value>
         <object_component_ref idref="oc-436"/>
      </symbol>
      <symbol id="sm-82c">
         <name>abort</name>
         <value>0xaaf7</value>
         <object_component_ref idref="oc-fb"/>
      </symbol>
      <symbol id="sm-835">
         <name>HOSTexit</name>
         <value>0xaafd</value>
         <object_component_ref idref="oc-194"/>
      </symbol>
      <symbol id="sm-836">
         <name>C$$EXIT</name>
         <value>0xaafc</value>
         <object_component_ref idref="oc-194"/>
      </symbol>
      <symbol id="sm-846">
         <name>__aeabi_fadd</name>
         <value>0x5eab</value>
         <object_component_ref idref="oc-b1"/>
      </symbol>
      <symbol id="sm-847">
         <name>__addsf3</name>
         <value>0x5eab</value>
         <object_component_ref idref="oc-b1"/>
      </symbol>
      <symbol id="sm-848">
         <name>__aeabi_fsub</name>
         <value>0x5ea1</value>
         <object_component_ref idref="oc-b1"/>
      </symbol>
      <symbol id="sm-849">
         <name>__subsf3</name>
         <value>0x5ea1</value>
         <object_component_ref idref="oc-b1"/>
      </symbol>
      <symbol id="sm-84f">
         <name>__aeabi_dadd</name>
         <value>0x3b23</value>
         <object_component_ref idref="oc-12e"/>
      </symbol>
      <symbol id="sm-850">
         <name>__adddf3</name>
         <value>0x3b23</value>
         <object_component_ref idref="oc-12e"/>
      </symbol>
      <symbol id="sm-851">
         <name>__aeabi_dsub</name>
         <value>0x3b19</value>
         <object_component_ref idref="oc-12e"/>
      </symbol>
      <symbol id="sm-852">
         <name>__subdf3</name>
         <value>0x3b19</value>
         <object_component_ref idref="oc-12e"/>
      </symbol>
      <symbol id="sm-85e">
         <name>__aeabi_dmul</name>
         <value>0x5a4d</value>
         <object_component_ref idref="oc-bf"/>
      </symbol>
      <symbol id="sm-85f">
         <name>__muldf3</name>
         <value>0x5a4d</value>
         <object_component_ref idref="oc-bf"/>
      </symbol>
      <symbol id="sm-868">
         <name>__muldsi3</name>
         <value>0x9301</value>
         <object_component_ref idref="oc-122"/>
      </symbol>
      <symbol id="sm-86e">
         <name>__aeabi_fmul</name>
         <value>0x71bd</value>
         <object_component_ref idref="oc-ad"/>
      </symbol>
      <symbol id="sm-86f">
         <name>__mulsf3</name>
         <value>0x71bd</value>
         <object_component_ref idref="oc-ad"/>
      </symbol>
      <symbol id="sm-875">
         <name>__aeabi_fdiv</name>
         <value>0x7689</value>
         <object_component_ref idref="oc-a9"/>
      </symbol>
      <symbol id="sm-876">
         <name>__divsf3</name>
         <value>0x7689</value>
         <object_component_ref idref="oc-a9"/>
      </symbol>
      <symbol id="sm-87c">
         <name>__aeabi_ddiv</name>
         <value>0x5365</value>
         <object_component_ref idref="oc-13f"/>
      </symbol>
      <symbol id="sm-87d">
         <name>__divdf3</name>
         <value>0x5365</value>
         <object_component_ref idref="oc-13f"/>
      </symbol>
      <symbol id="sm-886">
         <name>__aeabi_f2d</name>
         <value>0x8fa9</value>
         <object_component_ref idref="oc-b5"/>
      </symbol>
      <symbol id="sm-887">
         <name>__extendsfdf2</name>
         <value>0x8fa9</value>
         <object_component_ref idref="oc-b5"/>
      </symbol>
      <symbol id="sm-88d">
         <name>__aeabi_d2iz</name>
         <value>0x8b41</value>
         <object_component_ref idref="oc-44b"/>
      </symbol>
      <symbol id="sm-88e">
         <name>__fixdfsi</name>
         <value>0x8b41</value>
         <object_component_ref idref="oc-44b"/>
      </symbol>
      <symbol id="sm-894">
         <name>__aeabi_f2iz</name>
         <value>0x9375</value>
         <object_component_ref idref="oc-18a"/>
      </symbol>
      <symbol id="sm-895">
         <name>__fixsfsi</name>
         <value>0x9375</value>
         <object_component_ref idref="oc-18a"/>
      </symbol>
      <symbol id="sm-89b">
         <name>__aeabi_i2d</name>
         <value>0x9a9d</value>
         <object_component_ref idref="oc-453"/>
      </symbol>
      <symbol id="sm-89c">
         <name>__floatsidf</name>
         <value>0x9a9d</value>
         <object_component_ref idref="oc-453"/>
      </symbol>
      <symbol id="sm-8a2">
         <name>__aeabi_i2f</name>
         <value>0x924d</value>
         <object_component_ref idref="oc-a5"/>
      </symbol>
      <symbol id="sm-8a3">
         <name>__floatsisf</name>
         <value>0x924d</value>
         <object_component_ref idref="oc-a5"/>
      </symbol>
      <symbol id="sm-8a9">
         <name>__aeabi_ui2f</name>
         <value>0x9c41</value>
         <object_component_ref idref="oc-398"/>
      </symbol>
      <symbol id="sm-8aa">
         <name>__floatunsisf</name>
         <value>0x9c41</value>
         <object_component_ref idref="oc-398"/>
      </symbol>
      <symbol id="sm-8b0">
         <name>__aeabi_lmul</name>
         <value>0x9de9</value>
         <object_component_ref idref="oc-3f3"/>
      </symbol>
      <symbol id="sm-8b1">
         <name>__muldi3</name>
         <value>0x9de9</value>
         <object_component_ref idref="oc-3f3"/>
      </symbol>
      <symbol id="sm-8b8">
         <name>__aeabi_d2f</name>
         <value>0x7bd1</value>
         <object_component_ref idref="oc-c3"/>
      </symbol>
      <symbol id="sm-8b9">
         <name>__truncdfsf2</name>
         <value>0x7bd1</value>
         <object_component_ref idref="oc-c3"/>
      </symbol>
      <symbol id="sm-8bf">
         <name>__aeabi_dcmpeq</name>
         <value>0x82d5</value>
         <object_component_ref idref="oc-132"/>
      </symbol>
      <symbol id="sm-8c0">
         <name>__aeabi_dcmplt</name>
         <value>0x82e9</value>
         <object_component_ref idref="oc-132"/>
      </symbol>
      <symbol id="sm-8c1">
         <name>__aeabi_dcmple</name>
         <value>0x82fd</value>
         <object_component_ref idref="oc-132"/>
      </symbol>
      <symbol id="sm-8c2">
         <name>__aeabi_dcmpge</name>
         <value>0x8311</value>
         <object_component_ref idref="oc-132"/>
      </symbol>
      <symbol id="sm-8c3">
         <name>__aeabi_dcmpgt</name>
         <value>0x8325</value>
         <object_component_ref idref="oc-132"/>
      </symbol>
      <symbol id="sm-8c9">
         <name>__aeabi_idiv</name>
         <value>0x8729</value>
         <object_component_ref idref="oc-39c"/>
      </symbol>
      <symbol id="sm-8ca">
         <name>__aeabi_idivmod</name>
         <value>0x8729</value>
         <object_component_ref idref="oc-39c"/>
      </symbol>
      <symbol id="sm-8d0">
         <name>__aeabi_memcpy</name>
         <value>0xaac1</value>
         <object_component_ref idref="oc-4c"/>
      </symbol>
      <symbol id="sm-8d1">
         <name>__aeabi_memcpy4</name>
         <value>0xaac1</value>
         <object_component_ref idref="oc-4c"/>
      </symbol>
      <symbol id="sm-8d2">
         <name>__aeabi_memcpy8</name>
         <value>0xaac1</value>
         <object_component_ref idref="oc-4c"/>
      </symbol>
      <symbol id="sm-8db">
         <name>__aeabi_memset</name>
         <value>0xa9c9</value>
         <object_component_ref idref="oc-3e3"/>
      </symbol>
      <symbol id="sm-8dc">
         <name>__aeabi_memset4</name>
         <value>0xa9c9</value>
         <object_component_ref idref="oc-3e3"/>
      </symbol>
      <symbol id="sm-8dd">
         <name>__aeabi_memset8</name>
         <value>0xa9c9</value>
         <object_component_ref idref="oc-3e3"/>
      </symbol>
      <symbol id="sm-8de">
         <name>__aeabi_memclr</name>
         <value>0xaa01</value>
         <object_component_ref idref="oc-84"/>
      </symbol>
      <symbol id="sm-8df">
         <name>__aeabi_memclr4</name>
         <value>0xaa01</value>
         <object_component_ref idref="oc-84"/>
      </symbol>
      <symbol id="sm-8e0">
         <name>__aeabi_memclr8</name>
         <value>0xaa01</value>
         <object_component_ref idref="oc-84"/>
      </symbol>
      <symbol id="sm-8e6">
         <name>__aeabi_uidiv</name>
         <value>0x8f69</value>
         <object_component_ref idref="oc-1a9"/>
      </symbol>
      <symbol id="sm-8e7">
         <name>__aeabi_uidivmod</name>
         <value>0x8f69</value>
         <object_component_ref idref="oc-1a9"/>
      </symbol>
      <symbol id="sm-8ed">
         <name>__aeabi_uldivmod</name>
         <value>0xa811</value>
         <object_component_ref idref="oc-3f8"/>
      </symbol>
      <symbol id="sm-8f3">
         <name>__udivmoddi4</name>
         <value>0x6d95</value>
         <object_component_ref idref="oc-43e"/>
      </symbol>
      <symbol id="sm-8f9">
         <name>__aeabi_llsl</name>
         <value>0x9f75</value>
         <object_component_ref idref="oc-461"/>
      </symbol>
      <symbol id="sm-8fa">
         <name>__ashldi3</name>
         <value>0x9f75</value>
         <object_component_ref idref="oc-461"/>
      </symbol>
      <symbol id="sm-908">
         <name>__ledf2</name>
         <value>0x7fa5</value>
         <object_component_ref idref="oc-1b8"/>
      </symbol>
      <symbol id="sm-909">
         <name>__gedf2</name>
         <value>0x7b59</value>
         <object_component_ref idref="oc-1be"/>
      </symbol>
      <symbol id="sm-90a">
         <name>__cmpdf2</name>
         <value>0x7fa5</value>
         <object_component_ref idref="oc-1b8"/>
      </symbol>
      <symbol id="sm-90b">
         <name>__eqdf2</name>
         <value>0x7fa5</value>
         <object_component_ref idref="oc-1b8"/>
      </symbol>
      <symbol id="sm-90c">
         <name>__ltdf2</name>
         <value>0x7fa5</value>
         <object_component_ref idref="oc-1b8"/>
      </symbol>
      <symbol id="sm-90d">
         <name>__nedf2</name>
         <value>0x7fa5</value>
         <object_component_ref idref="oc-1b8"/>
      </symbol>
      <symbol id="sm-90e">
         <name>__gtdf2</name>
         <value>0x7b59</value>
         <object_component_ref idref="oc-1be"/>
      </symbol>
      <symbol id="sm-91b">
         <name>__aeabi_idiv0</name>
         <value>0x466f</value>
         <object_component_ref idref="oc-290"/>
      </symbol>
      <symbol id="sm-91c">
         <name>__aeabi_ldiv0</name>
         <value>0x4edf</value>
         <object_component_ref idref="oc-460"/>
      </symbol>
      <symbol id="sm-925">
         <name>TI_memcpy_small</name>
         <value>0xa935</value>
         <object_component_ref idref="oc-d8"/>
      </symbol>
      <symbol id="sm-92e">
         <name>TI_memset_small</name>
         <value>0xa9f3</value>
         <object_component_ref idref="oc-151"/>
      </symbol>
      <symbol id="sm-92f">
         <name>__TI_static_base__</name>
         <value>0x0</value>
      </symbol>
      <symbol id="sm-933">
         <name>__mpu_init</name>
         <value>0x0</value>
      </symbol>
      <symbol id="sm-934">
         <name>_system_post_cinit</name>
         <value>0x0</value>
      </symbol>
   </symbol_table>
   <title>Link successful</title>
</link_info>
