******************************************************************************
            TI ARM Clang Linker PC v4.0.3                      
******************************************************************************
>> Linked Thu Oct 23 20:10:06 2025

OUTPUT FILE NAME:   <car2025_10_13.out>
ENTRY POINT SYMBOL: "_c_int00_noargs"  address: 0000a589


MEMORY CONFIGURATION

         name            origin    length      used     unused   attr    fill
----------------------  --------  ---------  --------  --------  ----  --------
  FLASH                 00000000   00020000  0000ccf8  00013308  R  X
  SRAM                  20200000   00008000  00000b10  000074f0  RW X
  BCR_CONFIG            41c00000   000000ff  00000000  000000ff  R   
  BSL_CONFIG            41c00100   00000080  00000000  00000080  R   


SEGMENT ALLOCATION MAP

run origin  load origin   length   init length attrs members
----------  ----------- ---------- ----------- ----- -------
00000000    00000000    0000ccf8   0000ccf8    r-x
  00000000    00000000    000000c0   000000c0    r-- .intvecs
  000000c0    000000c0    0000b370   0000b370    r-x .text
  0000b430    0000b430    00001790   00001790    r-- .rodata
  0000cbc0    0000cbc0    00000138   00000138    r-- .cinit
20200000    20200000    00000912   00000000    rw-
  20200000    20200000    000005e2   00000000    rw- .bss
  202005e4    202005e4    0000032e   00000000    rw- .data
20207e00    20207e00    00000200   00000000    rw-
  20207e00    20207e00    00000200   00000000    rw- .stack


SECTION ALLOCATION MAP

 output                                  attributes/
section   page    origin      length       input sections
--------  ----  ----------  ----------   ----------------
.intvecs   0    00000000    000000c0     
                  00000000    000000c0     startup_mspm0g350x_ticlang.o (.intvecs)

.text      0    000000c0    0000b370     
                  000000c0    00000bac     line_follower.o (.text.line_follower)
                  00000c6c    000009d0     libc.a : _printfi.c.obj (.text:__TI_printfi)
                  0000163c    000007d8     draw.o (.text.HOME_directory)
                  00001e14    000003b8     libc.a : strtod.c.obj (.text.strtod)
                  000021cc    00000364            : e_asin.c.obj (.text.asin)
                  00002530    000002f8            : s_atan.c.obj (.text.atan)
                  00002828    00000278     inv_mpu_dmp_motion_driver.o (.text.dmp_enable_feature)
                  00002aa0    00000260     electrical_machinery.o (.text.car_run)
                  00002d00    0000023c     u8g2_font.o (.text.u8g2_font_decode_glyph)
                  00002f3c    00000238     inv_mpu_dmp_motion_driver.o (.text.dmp_set_tap_thresh)
                  00003174    0000022c     mpu6050.o (.text.Read_Quad)
                  000033a0    0000022c     inv_mpu.o (.text.mpu_reset_fifo)
                  000035cc    00000220     libc.a : _printfi.c.obj (.text._pconv_a)
                  000037ec    000001f4     inv_mpu_dmp_motion_driver.o (.text.dmp_read_fifo)
                  000039e0    000001dc     libc.a : _printfi.c.obj (.text._pconv_g)
                  00003bbc    000001d0     oled.o (.text.u8x8_gpio_and_delay)
                  00003d8c    000001b0     ti_msp_dl_config.o (.text.SYSCFG_DL_GPIO_init)
                  00003f3c    000001a0     inv_mpu.o (.text.mpu_set_bypass)
                  000040dc    00000192     libclang_rt.builtins.a : adddf3.S.obj (.text.adddf3_subdf3)
                  0000426e    00000002                            : aeabi_div0.c.obj (.text.__aeabi_idiv0)
                  00004270    00000188     libc.a : e_atan2.c.obj (.text.atan2)
                  000043f8    00000178     inv_mpu_dmp_motion_driver.o (.text.dmp_set_orientation)
                  00004570    00000170     libc.a : e_sqrt.c.obj (.text.sqrt)
                  000046e0    00000168     draw.o (.text.Calibration_waiting)
                  00004848    00000168     u8x8_d_ssd1306_128x64_noname.o (.text.u8x8_d_ssd1306_sh1106_generic)
                  000049b0    00000164     u8g2_ll_hvline.o (.text.u8g2_ll_hvline_vertical_top_lsb)
                  00004b14    00000148     mpu6050.o (.text.MPU6050_Init)
                  00004c5c    00000148     draw.o (.text.zb_control)
                  00004da4    00000142     u8g2_font.o (.text.u8g2_font_decode_len)
                  00004ee6    00000002     libclang_rt.builtins.a : aeabi_div0.c.obj (.text.__aeabi_ldiv0)
                  00004ee8    0000013c     libc.a : _printfi.c.obj (.text.fcvt)
                  00005024    0000013c     u8x8_8x8.o (.text.u8x8_utf8_next)
                  00005160    00000134     mspm0_i2c.o (.text.mspm0_i2c_read)
                  00005294    00000134     mspm0_xj_i2c.o (.text.mspm0_xj_i2c_read)
                  000053c8    00000134     u8x8_cad.o (.text.u8x8_cad_ssd13xx_fast_i2c)
                  000054fc    00000130     inv_mpu.o (.text.mpu_set_sensors)
                  0000562c    0000012a     u8g2_hvline.o (.text.u8g2_DrawHVLine)
                  00005756    00000002     libc.a : _lock.c.obj (.text._nop)
                  00005758    00000128     inv_mpu.o (.text.mpu_init)
                  00005880    00000124     inv_mpu.o (.text.mpu_load_firmware)
                  000059a4    00000120     libc.a : _printfi.c.obj (.text._pconv_e)
                  00005ac4    0000011c     uart.o (.text.parse_uart_command)
                  00005be0    00000116     u8g2_font.o (.text.u8g2_font_get_glyph_data)
                  00005cf6    00000002     --HOLE-- [fill = 0]
                  00005cf8    0000010c     libclang_rt.builtins.a : divdf3.S.obj (.text.__divdf3)
                  00005e04    00000108     inv_mpu.o (.text.mpu_read_fifo_stream)
                  00005f0c    00000104     driverlib.a : dl_timer.o (.text.DL_Timer_initFourCCPWMMode)
                  00006010    00000100     inv_mpu.o (.text.mpu_lp_accel_mode)
                  00006110    000000fc     line_follower.o (.text.c_control)
                  0000620c    000000fc     u8g2_font.o (.text.u8g2_read_font_info)
                  00006308    000000ec     inv_mpu.o (.text.mpu_set_sample_rate)
                  000063f4    000000e4     libclang_rt.builtins.a : muldf3.S.obj (.text.__muldf3)
                  000064d8    000000e4     inv_mpu.o (.text.mpu_set_accel_fsr)
                  000065bc    000000dc     driverlib.a : dl_sysctl_mspm0g1x0x_g3x0x.o (.text.DL_SYSCTL_configSYSPLL)
                  00006698    000000d8     interrupt.o (.text.GROUP1_IRQHandler)
                  00006770    000000d8     libc.a : s_scalbn.c.obj (.text.scalbn)
                  00006848    000000d8     u8g2_font.o (.text.u8g2_draw_string)
                  00006920    000000d8     libclang_rt.builtins.a : addsf3.S.obj (.text)
                  000069f8    000000d6     u8g2_hvline.o (.text.u8g2_clip_intersection2)
                  00006ace    00000002     --HOLE-- [fill = 0]
                  00006ad0    000000d4     inv_mpu.o (.text.set_int_enable)
                  00006ba4    000000d0     inv_mpu.o (.text.mpu_set_lpf)
                  00006c74    000000c6     u8g2_font.o (.text.u8g2_UpdateRefHeight)
                  00006d3a    00000002     --HOLE-- [fill = 0]
                  00006d3c    000000c4     ti_msp_dl_config.o (.text.SYSCFG_DL_initPower)
                  00006e00    000000c4     inv_mpu.o (.text.mpu_set_gyro_fsr)
                  00006ec4    000000c4     mspm0_i2c.o (.text.mspm0_i2c_write)
                  00006f88    000000c0     draw.o (.text.PID_control)
                  00007048    000000c0     u8x8_byte.o (.text.u8x8_byte_sw_i2c)
                  00007108    000000bc     inv_mpu.o (.text.mpu_configure_fifo)
                  000071c4    000000b8     inv_mpu.o (.text.mpu_set_dmp_state)
                  0000727c    000000b4     draw.o (.text.CAR_control)
                  00007330    000000ae     u8g2_setup.o (.text.u8g2_update_dimension_common)
                  000073de    00000002     --HOLE-- [fill = 0]
                  000073e0    000000ac     inv_mpu.o (.text.mpu_read_mem)
                  0000748c    000000ac     inv_mpu.o (.text.mpu_write_mem)
                  00007538    000000ac     u8g2_setup.o (.text.u8g2_apply_clip_window)
                  000075e4    000000a4     u8x8_cad.o (.text.u8x8_cad_SendSequence)
                  00007688    000000a2     libclang_rt.builtins.a : udivmoddi4.S.obj (.text)
                  0000772a    00000002     --HOLE-- [fill = 0]
                  0000772c    0000009c     inv_mpu.o (.text.mpu_set_int_latched)
                  000077c8    0000009c     draw.o (.text.quanshukongzi)
                  00007864    00000098     inv_mpu_dmp_motion_driver.o (.text.dmp_set_fifo_rate)
                  000078fc    00000096     mpu6050.o (.text.inv_row_2_scale)
                  00007992    00000002     --HOLE-- [fill = 0]
                  00007994    00000096     u8g2_font.o (.text.u8g2_DrawGlyph)
                  00007a2a    00000094     u8g2_intersection.o (.text.u8g2_is_intersection_decision_tree)
                  00007abe    0000008e     u8g2_buffer.o (.text.u8g2_send_buffer)
                  00007b4c    0000008c     libclang_rt.builtins.a : mulsf3.S.obj (.text.__mulsf3)
                  00007bd8    0000008c     inv_mpu_dmp_motion_driver.o (.text.decode_gesture)
                  00007c64    0000008a     u8x8_byte.o (.text.i2c_write_byte)
                  00007cee    00000002     --HOLE-- [fill = 0]
                  00007cf0    00000088     uart.o (.text.UART0_IRQHandler)
                  00007d78    00000088     uart.o (.text.UART1_IRQHandler)
                  00007e00    00000088     line_follower.o (.text.filter_sensor_state)
                  00007e88    00000088     u8g2_font.o (.text.u8g2_font_decode_get_unsigned_bits)
                  00007f10    00000084     clock.o (.text.__NVIC_SetPriority)
                  00007f94    00000084     ti_msp_dl_config.o (.text.__NVIC_SetPriority)
                  00008018    00000082     libclang_rt.builtins.a : divsf3.S.obj (.text.__divsf3)
                  0000809a    00000002     --HOLE-- [fill = 0]
                  0000809c    00000080     u8x8_d_ssd1306_128x64_noname.o (.text.u8x8_d_ssd1306_128x64_noname)
                  0000811c    0000007c     libc.a : copy_decompress_lzss.c.obj (.text:decompress:lzss)
                  00008198    00000078     u8g2_box.o (.text.u8g2_DrawBox)
                  00008210    00000078     u8g2_setup.o (.text.u8g2_SetupBuffer)
                  00008288    00000076     u8g2_font.o (.text.u8g2_add_vector_x)
                  000082fe    00000076     u8g2_font.o (.text.u8g2_add_vector_y)
                  00008374    00000074     libclang_rt.builtins.a : comparedf2.c.obj (.text.__gedf2)
                  000083e8    00000008     libc.a : strtod.c.obj (.text.OUTLINED_FUNCTION_0)
                  000083f0    00000074     libclang_rt.builtins.a : truncdfsf2.S.obj (.text.__truncdfsf2)
                  00008464    00000074     inv_mpu.o (.text.mpu_get_accel_fsr)
                  000084d8    0000006c     ti_msp_dl_config.o (.text.SYSCFG_DL_PWM_L1_init)
                  00008544    0000006c     ti_msp_dl_config.o (.text.SYSCFG_DL_PWM_L2_init)
                  000085b0    0000006c     ti_msp_dl_config.o (.text.SYSCFG_DL_PWM_R1_init)
                  0000861c    0000006c     ti_msp_dl_config.o (.text.SYSCFG_DL_PWM_R2_init)
                  00008688    0000006c     line_follower.o (.text.handle_turn_event)
                  000086f4    0000006c     u8g2_buffer.o (.text.u8g2_NextPage)
                  00008760    0000006c     u8x8_display.o (.text.u8x8_d_helper_display_init)
                  000087cc    00000068     libclang_rt.builtins.a : comparedf2.c.obj (.text.__ledf2)
                  00008834    00000068     draw.o (.text.xianshuc)
                  0000889c    00000066     libc.a : _printfi.c.obj (.text._mcpy)
                  00008902    00000066     inv_mpu_dmp_motion_driver.o (.text.dmp_set_tap_axes)
                  00008968    00000064     main.o (.text.main)
                  000089cc    00000064     u8g2_intersection.o (.text.u8g2_IsIntersection)
                  00008a30    00000062     libclang_rt.builtins.a : aeabi_dcmp.S.obj (.text.__aeabi_dcmp)
                  00008a92    00000002     --HOLE-- [fill = 0]
                  00008a94    00000062                            : aeabi_fcmp.S.obj (.text.__aeabi_fcmp)
                  00008af6    00000002     --HOLE-- [fill = 0]
                  00008af8    00000060     line_follower.o (.text.angle_calculation)
                  00008b58    00000060     inv_mpu_dmp_motion_driver.o (.text.dmp_enable_gyro_cal)
                  00008bb8    00000060     mspm0_xj_i2c.o (.text.motor_xj_i2c_sda_unlock)
                  00008c18    00000060     mspm0_i2c.o (.text.mpu6050_i2c_sda_unlock)
                  00008c78    00000060     inv_mpu.o (.text.mpu_get_gyro_fsr)
                  00008cd8    0000005e     driverlib.a : dl_i2c.o (.text.DL_I2C_fillControllerTXFIFO)
                  00008d36    00000002     --HOLE-- [fill = 0]
                  00008d38    0000005c     libc.a : s_frexp.c.obj (.text.frexp)
                  00008d94    0000005c     mspm0_i2c.o (.text.mspm0_i2c_enable)
                  00008df0    0000005c     mspm0_xj_i2c.o (.text.mspm0_i2c_enable)
                  00008e4c    0000005c     libc.a : printf.c.obj (.text.printf)
                  00008ea8    00000058     ti_msp_dl_config.o (.text.SYSCFG_DL_I2C_BUS_init)
                  00008f00    00000058     ti_msp_dl_config.o (.text.SYSCFG_DL_I2C_MPU6050_init)
                  00008f58    00000058     libc.a : _ltoa.c.obj (.text.__TI_ltoa)
                  00008fb0    00000058            : _printfi.c.obj (.text._pconv_f)
                  00009008    00000058     line_follower.o (.text.update_turn_count)
                  00009060    00000056     libclang_rt.builtins.a : aeabi_idivmod.S.obj (.text.__aeabi_idivmod)
                  000090b6    00000054     u8g2_buffer.o (.text.u8g2_send_tile_row)
                  0000910a    00000052     libc.a : _printfi.c.obj (.text._ecpy)
                  0000915c    00000052     u8g2_font.o (.text.u8g2_font_setup_decode)
                  000091ae    00000002     --HOLE-- [fill = 0]
                  000091b0    00000050     mspm0_i2c.o (.text.DL_I2C_startControllerTransfer)
                  00009200    00000050     mspm0_xj_i2c.o (.text.DL_I2C_startControllerTransfer)
                  00009250    00000050     clock.o (.text.SysTick_Config)
                  000092a0    00000050     uart.o (.text.fputs)
                  000092f0    00000050     u8g2_font.o (.text.u8g2_font_draw_glyph)
                  00009340    0000004c     ti_msp_dl_config.o (.text.DL_UART_setBaudRateDivisor)
                  0000938c    0000004c     ti_msp_dl_config.o (.text.SYSCFG_DL_SYSCTL_init)
                  000093d8    0000004a     libclang_rt.builtins.a : fixdfsi.S.obj (.text.__fixdfsi)
                  00009422    0000004a     u8x8_byte.o (.text.i2c_start)
                  0000946c    00000048     driverlib.a : dl_uart.o (.text.DL_UART_init)
                  000094b4    00000048     ti_msp_dl_config.o (.text.SYSCFG_DL_UART_0_init)
                  000094fc    00000048     ti_msp_dl_config.o (.text.SYSCFG_DL_UART_1_init)
                  00009544    00000048     electrical_machinery.o (.text.car_stop)
                  0000958c    00000048     inv_mpu_dmp_motion_driver.o (.text.dmp_enable_6x_lp_quat)
                  000095d4    00000048     inv_mpu_dmp_motion_driver.o (.text.dmp_enable_lp_quat)
                  0000961c    00000048     mspm0_i2c.o (.text.mspm0_i2c_disable)
                  00009664    00000048     u8g2_d_setup.o (.text.u8g2_Setup_ssd1306_i2c_128x64_noname_f)
                  000096ac    00000046     u8g2_font.o (.text.u8g2_font_decode_get_signed_bits)
                  000096f2    00000002     --HOLE-- [fill = 0]
                  000096f4    00000044     driverlib.a : dl_sysctl_mspm0g1x0x_g3x0x.o (.text.DL_SYSCTL_switchMCLKfromSYSOSCtoHSCLK)
                  00009738    00000044     ti_msp_dl_config.o (.text.SYSCFG_DL_init)
                  0000977c    00000044     inv_mpu_dmp_motion_driver.o (.text.dmp_set_shake_reject_thresh)
                  000097c0    00000044     inv_mpu_dmp_motion_driver.o (.text.dmp_set_tap_count)
                  00009804    00000044     electrical_machinery.o (.text.limit_max)
                  00009848    00000044     mspm0_xj_i2c.o (.text.mspm0_i2c_disable)
                  0000988c    00000044     u8x8_setup.o (.text.u8x8_SetupDefaults)
                  000098d0    00000040     libclang_rt.builtins.a : aeabi_uidivmod.S.obj (.text.__aeabi_uidivmod)
                  00009910    00000040                            : extendsfdf2.S.obj (.text.__extendsfdf2)
                  00009950    00000040     libc.a : atoi.c.obj (.text.atoi)
                  00009990    00000040     oled.o (.text.u8g2Init)
                  000099d0    0000003e     mpu6050.o (.text.inv_orientation_matrix_to_scalar)
                  00009a0e    0000003e     electrical_machinery.o (.text.limit_min)
                  00009a4c    0000003e     u8g2_hvline.o (.text.u8g2_draw_hv_line_2dir)
                  00009a8a    00000002     --HOLE-- [fill = 0]
                  00009a8c    0000003c     mspm0_i2c.o (.text.DL_GPIO_initPeripheralInputFunctionFeatures)
                  00009ac8    0000003c     mspm0_xj_i2c.o (.text.DL_GPIO_initPeripheralInputFunctionFeatures)
                  00009b04    0000003c     ti_msp_dl_config.o (.text.DL_GPIO_initPeripheralInputFunctionFeatures)
                  00009b40    0000003c     driverlib.a : dl_i2c.o (.text.DL_I2C_flushControllerTXFIFO)
                  00009b7c    0000003c     ti_msp_dl_config.o (.text.DL_Timer_setCounterControl)
                  00009bb8    0000003c     main.o (.text.MSPM0_Init)
                  00009bf4    0000003c     libclang_rt.builtins.a : floatsisf.S.obj (.text.__floatsisf)
                  00009c30    0000003c                            : comparesf2.S.obj (.text.__gtsf2)
                  00009c6c    0000003c     libc.a : autoinit.c.obj (.text:__TI_auto_init_nobinit_nopinit)
                  00009ca8    0000003a     libclang_rt.builtins.a : comparesf2.S.obj (.text.__eqsf2)
                  00009ce2    00000002     --HOLE-- [fill = 0]
                  00009ce4    0000003a                            : muldsi3.S.obj (.text.__muldsi3)
                  00009d1e    00000002     --HOLE-- [fill = 0]
                  00009d20    00000038                            : fixsfsi.S.obj (.text.__fixsfsi)
                  00009d58    00000038     u8x8_byte.o (.text.i2c_write_bit)
                  00009d90    00000038     line_follower.o (.text.parse_sensor_data)
                  00009dc8    00000038     libc.a : sprintf.c.obj (.text.sprintf)
                  00009e00    00000036     u8g2_setup.o (.text.u8g2_update_page_win_r0)
                  00009e36    00000036     u8x8_setup.o (.text.u8x8_Setup)
                  00009e6c    00000034     mspm0_i2c.o (.text.DL_GPIO_initDigitalInputFeatures)
                  00009ea0    00000034     mspm0_xj_i2c.o (.text.DL_GPIO_initDigitalInputFeatures)
                  00009ed4    00000034     ti_msp_dl_config.o (.text.DL_GPIO_initDigitalInputFeatures)
                  00009f08    00000034     inv_mpu.o (.text.mpu_get_sample_rate)
                  00009f3c    00000034     u8g2_font.o (.text.u8g2_DrawUTF8)
                  00009f70    00000034     u8g2_setup.o (.text.u8g2_SetMaxClipWindow)
                  00009fa4    00000034     u8g2_setup.o (.text.u8g2_draw_l90_r0)
                  00009fd8    00000034     u8g2_font.o (.text.u8g2_font_get_word)
                  0000a00c    00000034     u8x8_display.o (.text.u8x8_DrawTile)
                  0000a040    00000034     u8x8_cad.o (.text.u8x8_i2c_data_transfer)
                  0000a074    00000032     inv_mpu_dmp_motion_driver.o (.text.dmp_set_shake_reject_time)
                  0000a0a6    00000032     inv_mpu_dmp_motion_driver.o (.text.dmp_set_shake_reject_timeout)
                  0000a0d8    00000032     libc.a : strstr.c.obj (.text.strstr)
                  0000a10a    00000002     --HOLE-- [fill = 0]
                  0000a10c    00000030     uart.o (.text.UART_Init)
                  0000a13c    00000030     libc.a : _printfi.c.obj (.text._fcpy)
                  0000a16c    00000030     inv_mpu_dmp_motion_driver.o (.text.dmp_set_tap_time)
                  0000a19c    00000030     inv_mpu_dmp_motion_driver.o (.text.dmp_set_tap_time_multi)
                  0000a1cc    00000030     u8x8_byte.o (.text.i2c_stop)
                  0000a1fc    00000030     clock.o (.text.mspm0_delay_ms)
                  0000a22c    00000030     u8g2_font.o (.text.u8g2_SetFont)
                  0000a25c    0000002e     u8x8_byte.o (.text.i2c_read_bit)
                  0000a28a    0000002e     u8g2_buffer.o (.text.u8g2_ClearBuffer)
                  0000a2b8    0000002c     draw.o (.text.DIRECTORY_control)
                  0000a2e4    0000002c     uart.o (.text.__NVIC_ClearPendingIRQ)
                  0000a310    0000002c     main.o (.text.__NVIC_EnableIRQ)
                  0000a33c    0000002c     mpu6050.o (.text.__NVIC_EnableIRQ)
                  0000a368    0000002c     uart.o (.text.__NVIC_EnableIRQ)
                  0000a394    0000002c     libclang_rt.builtins.a : floatsidf.S.obj (.text.__floatsidf)
                  0000a3c0    0000002c     uart.o (.text.fputc)
                  0000a3ec    0000002c     clock.o (.text.mspm0_get_clock_ms)
                  0000a418    0000002c     uart.o (.text.uart0_send_char)
                  0000a444    0000002c     uart.o (.text.uart1_send_char)
                  0000a470    00000028     mspm0_i2c.o (.text.DL_Common_updateReg)
                  0000a498    00000028     mspm0_xj_i2c.o (.text.DL_Common_updateReg)
                  0000a4c0    00000028     ti_msp_dl_config.o (.text.DL_Common_updateReg)
                  0000a4e8    00000028     ti_msp_dl_config.o (.text.DL_I2C_setControllerRXFIFOThreshold)
                  0000a510    00000028     ti_msp_dl_config.o (.text.DL_I2C_setControllerTXFIFOThreshold)
                  0000a538    00000028     libclang_rt.builtins.a : floatunsisf.S.obj (.text.__floatunsisf)
                  0000a560    00000028     u8g2_cleardisplay.o (.text.u8g2_ClearDisplay)
                  0000a588    00000028     libc.a : boot_cortex_m.c.obj (.text:_c_int00_noargs)
                  0000a5b0    00000026     ti_msp_dl_config.o (.text.DL_I2C_setAnalogGlitchFilterPulseWidth)
                  0000a5d6    00000026     driverlib.a : dl_i2c.o (.text.DL_I2C_setClockConfig)
                  0000a5fc    00000026     u8x8_byte.o (.text.i2c_init)
                  0000a622    00000026     u8g2_buffer.o (.text.u8g2_FirstPage)
                  0000a648    00000026     u8g2_buffer.o (.text.u8g2_SetBufferCurrTileRow)
                  0000a66e    00000026     u8g2_hvline.o (.text.u8g2_SetDrawColor)
                  0000a694    00000026     u8x8_gpio.o (.text.u8x8_gpio_call)
                  0000a6ba    00000002     --HOLE-- [fill = 0]
                  0000a6bc    00000024     oled.o (.text.GPIO_Init)
                  0000a6e0    00000024     libclang_rt.builtins.a : muldi3.S.obj (.text.__muldi3)
                  0000a704    00000022     libc.a : memccpy.c.obj (.text.memccpy)
                  0000a726    00000022            : strncmp.c.obj (.text.strncmp)
                  0000a748    00000022     u8x8_byte.o (.text.u8x8_byte_SendBytes)
                  0000a76a    00000022     u8x8_cad.o (.text.u8x8_cad_SendData)
                  0000a78c    00000020     ti_msp_dl_config.o (.text.DL_GPIO_initPeripheralInputFunction)
                  0000a7ac    00000020     mpu6050.o (.text.DL_SYSCTL_resetDevice)
                  0000a7cc    00000020     ti_msp_dl_config.o (.text.DL_SYSCTL_setFlashWaitState)
                  0000a7ec    00000020     libc.a : memcmp.c.obj (.text.memcmp)
                  0000a80c    00000020     u8x8_display.o (.text.u8x8_SetPowerSave)
                  0000a82c    00000020     u8x8_cad.o (.text.u8x8_cad_SendArg)
                  0000a84c    00000020     u8x8_cad.o (.text.u8x8_cad_SendCmd)
                  0000a86c    0000001e     ti_msp_dl_config.o (.text.DL_UART_setOversampling)
                  0000a88a    00000002     --HOLE-- [fill = 0]
                  0000a88c    0000001e     libclang_rt.builtins.a : ashldi3.S.obj (.text.__ashldi3)
                  0000a8aa    00000002     --HOLE-- [fill = 0]
                  0000a8ac    0000001c     ti_msp_dl_config.o (.text.DL_GPIO_clearInterruptStatus)
                  0000a8c8    0000001c     mspm0_i2c.o (.text.DL_GPIO_enableHiZ)
                  0000a8e4    0000001c     mspm0_xj_i2c.o (.text.DL_GPIO_enableHiZ)
                  0000a900    0000001c     ti_msp_dl_config.o (.text.DL_GPIO_enableHiZ)
                  0000a91c    0000001c     ti_msp_dl_config.o (.text.DL_GPIO_enableInterrupt)
                  0000a938    0000001c     ti_msp_dl_config.o (.text.DL_GPIO_initPeripheralOutputFunction)
                  0000a954    0000001c     mpu6050.o (.text.DL_I2C_getSDAStatus)
                  0000a970    0000001c     mspm0_i2c.o (.text.DL_I2C_isControllerRXFIFOEmpty)
                  0000a98c    0000001c     mspm0_xj_i2c.o (.text.DL_I2C_isControllerRXFIFOEmpty)
                  0000a9a8    0000001c     interrupt.o (.text.DL_Interrupt_getPendingGroup)
                  0000a9c4    0000001c     ti_msp_dl_config.o (.text.DL_SYSCTL_setSYSOSCFreq)
                  0000a9e0    0000001c     ti_msp_dl_config.o (.text.DL_SYSCTL_setULPCLKDivider)
                  0000a9fc    0000001c     driverlib.a : dl_timer.o (.text.DL_Timer_setCaptCompUpdateMethod)
                  0000aa18    0000001c                 : dl_timer.o (.text.DL_Timer_setClockConfig)
                  0000aa34    0000001c     ti_msp_dl_config.o (.text.DL_UART_enableInterrupt)
                  0000aa50    0000001c     inv_mpu_dmp_motion_driver.o (.text.dmp_load_motion_driver_firmware)
                  0000aa6c    0000001a     u8x8_byte.o (.text.i2c_read_scl_and_delay)
                  0000aa86    0000001a     u8x8_display.o (.text.u8x8_d_helper_display_setup_memory)
                  0000aaa0    00000018     mspm0_i2c.o (.text.DL_GPIO_enableOutput)
                  0000aab8    00000018     mspm0_xj_i2c.o (.text.DL_GPIO_enableOutput)
                  0000aad0    00000018     ti_msp_dl_config.o (.text.DL_GPIO_enableOutput)
                  0000aae8    00000018     ti_msp_dl_config.o (.text.DL_GPIO_enablePower)
                  0000ab00    00000018     mspm0_i2c.o (.text.DL_GPIO_initDigitalOutput)
                  0000ab18    00000018     mspm0_xj_i2c.o (.text.DL_GPIO_initDigitalOutput)
                  0000ab30    00000018     ti_msp_dl_config.o (.text.DL_GPIO_initDigitalOutput)
                  0000ab48    00000018     ti_msp_dl_config.o (.text.DL_GPIO_reset)
                  0000ab60    00000018     draw.o (.text.DL_GPIO_setPins)
                  0000ab78    00000018     line_follower.o (.text.DL_GPIO_setPins)
                  0000ab90    00000018     main.o (.text.DL_GPIO_setPins)
                  0000aba8    00000018     mspm0_i2c.o (.text.DL_GPIO_setPins)
                  0000abc0    00000018     mspm0_xj_i2c.o (.text.DL_GPIO_setPins)
                  0000abd8    00000018     oled.o (.text.DL_GPIO_setPins)
                  0000abf0    00000018     ti_msp_dl_config.o (.text.DL_GPIO_setUpperPinsPolarity)
                  0000ac08    00000018     mspm0_i2c.o (.text.DL_I2C_clearInterruptStatus)
                  0000ac20    00000018     mspm0_xj_i2c.o (.text.DL_I2C_clearInterruptStatus)
                  0000ac38    00000018     ti_msp_dl_config.o (.text.DL_I2C_enableAnalogGlitchFilter)
                  0000ac50    00000018     ti_msp_dl_config.o (.text.DL_I2C_enableController)
                  0000ac68    00000018     ti_msp_dl_config.o (.text.DL_I2C_enableControllerClockStretching)
                  0000ac80    00000018     mspm0_i2c.o (.text.DL_I2C_enablePower)
                  0000ac98    00000018     mspm0_xj_i2c.o (.text.DL_I2C_enablePower)
                  0000acb0    00000018     ti_msp_dl_config.o (.text.DL_I2C_enablePower)
                  0000acc8    00000018     mspm0_i2c.o (.text.DL_I2C_getRawInterruptStatus)
                  0000ace0    00000018     mspm0_xj_i2c.o (.text.DL_I2C_getRawInterruptStatus)
                  0000acf8    00000018     mspm0_i2c.o (.text.DL_I2C_reset)
                  0000ad10    00000018     mspm0_xj_i2c.o (.text.DL_I2C_reset)
                  0000ad28    00000018     ti_msp_dl_config.o (.text.DL_I2C_reset)
                  0000ad40    00000018     ti_msp_dl_config.o (.text.DL_I2C_setTimerPeriod)
                  0000ad58    00000018     ti_msp_dl_config.o (.text.DL_SYSCTL_setBORThreshold)
                  0000ad70    00000018     ti_msp_dl_config.o (.text.DL_Timer_enablePower)
                  0000ad88    00000018     ti_msp_dl_config.o (.text.DL_Timer_reset)
                  0000ada0    00000018     driverlib.a : dl_timer.o (.text.DL_Timer_setCaptureCompareOutCtl)
                  0000adb8    00000018     ti_msp_dl_config.o (.text.DL_UART_enablePower)
                  0000add0    00000018     uart.o (.text.DL_UART_isBusy)
                  0000ade8    00000018     ti_msp_dl_config.o (.text.DL_UART_reset)
                  0000ae00    00000018     clock.o (.text.SysTick_Init)
                  0000ae18    00000018     libc.a : sprintf.c.obj (.text._outs)
                  0000ae30    00000018     u8g2_font.o (.text.u8g2_font_get_byte)
                  0000ae48    00000016     interrupt.o (.text.DL_GPIO_readPins)
                  0000ae5e    00000016     mspm0_i2c.o (.text.DL_GPIO_readPins)
                  0000ae74    00000016     mspm0_xj_i2c.o (.text.DL_GPIO_readPins)
                  0000ae8a    00000016     mspm0_i2c.o (.text.DL_I2C_transmitControllerData)
                  0000aea0    00000016     mspm0_xj_i2c.o (.text.DL_I2C_transmitControllerData)
                  0000aeb6    00000016     ti_msp_dl_config.o (.text.DL_UART_enable)
                  0000aecc    00000016     uart.o (.text.DL_UART_transmitData)
                  0000aee2    00000016     u8x8_byte.o (.text.i2c_delay)
                  0000aef8    00000016     u8x8_display.o (.text.u8x8_InitDisplay)
                  0000af0e    00000016     u8x8_display.o (.text.u8x8_RefreshDisplay)
                  0000af24    00000016     u8x8_display.o (.text.u8x8_SetupMemory)
                  0000af3a    00000016     u8x8_byte.o (.text.u8x8_byte_EndTransfer)
                  0000af50    00000016     u8x8_byte.o (.text.u8x8_byte_SendByte)
                  0000af66    00000016     u8x8_byte.o (.text.u8x8_byte_StartTransfer)
                  0000af7c    00000016     u8x8_cad.o (.text.u8x8_cad_EndTransfer)
                  0000af92    00000016     u8x8_cad.o (.text.u8x8_cad_StartTransfer)
                  0000afa8    00000016     u8x8_setup.o (.text.u8x8_dummy_cb)
                  0000afbe    00000014     draw.o (.text.DL_GPIO_clearPins)
                  0000afd2    00000014     line_follower.o (.text.DL_GPIO_clearPins)
                  0000afe6    00000014     main.o (.text.DL_GPIO_clearPins)
                  0000affa    00000014     mspm0_i2c.o (.text.DL_GPIO_clearPins)
                  0000b00e    00000014     mspm0_xj_i2c.o (.text.DL_GPIO_clearPins)
                  0000b022    00000014     oled.o (.text.DL_GPIO_clearPins)
                  0000b036    00000014     ti_msp_dl_config.o (.text.DL_GPIO_clearPins)
                  0000b04a    00000002     --HOLE-- [fill = 0]
                  0000b04c    00000014     mspm0_i2c.o (.text.DL_I2C_getControllerStatus)
                  0000b060    00000014     mspm0_xj_i2c.o (.text.DL_I2C_getControllerStatus)
                  0000b074    00000014     mspm0_i2c.o (.text.DL_I2C_receiveControllerData)
                  0000b088    00000014     mspm0_xj_i2c.o (.text.DL_I2C_receiveControllerData)
                  0000b09c    00000014     ti_msp_dl_config.o (.text.DL_I2C_resetControllerTransfer)
                  0000b0b0    00000014     ti_msp_dl_config.o (.text.DL_SYSCTL_disableSYSPLL)
                  0000b0c4    00000014     ti_msp_dl_config.o (.text.DL_SYSCTL_enableMFCLK)
                  0000b0d8    00000014     ti_msp_dl_config.o (.text.DL_Timer_enableClock)
                  0000b0ec    00000014     ti_msp_dl_config.o (.text.DL_Timer_setCCPDirection)
                  0000b100    00000014     uart.o (.text.DL_UART_receiveData)
                  0000b114    00000014     libclang_rt.builtins.a : aeabi_uldivmod.S.obj (.text.__aeabi_uldivmod)
                  0000b128    00000014     inv_mpu_dmp_motion_driver.o (.text.dmp_register_android_orient_cb)
                  0000b13c    00000014     inv_mpu_dmp_motion_driver.o (.text.dmp_register_tap_cb)
                  0000b150    00000014     u8x8_byte.o (.text.i2c_clear_scl)
                  0000b164    00000014     u8x8_byte.o (.text.i2c_clear_sda)
                  0000b178    00000014     u8x8_byte.o (.text.i2c_read_sda)
                  0000b18c    00000014     libc.a : _printfi.c.obj (.text.strchr)
                  0000b1a0    00000014            : strchr.c.obj (.text.strchr)
                  0000b1b4    00000014     u8g2_font.o (.text.u8g2_SetFontDirection)
                  0000b1c8    00000014     u8g2_font.o (.text.u8g2_SetFontMode)
                  0000b1dc    00000014     u8g2_font.o (.text.u8g2_SetFontPosBaseline)
                  0000b1f0    00000014     u8g2_d_memory.o (.text.u8g2_m_16_8_f)
                  0000b204    00000012     uart.o (.text.DL_UART_getPendingInterrupt)
                  0000b216    00000012     driverlib.a : dl_uart.o (.text.DL_UART_setClockConfig)
                  0000b228    00000012     libc.a : memcpy16.S.obj (.text:TI_memcpy_small)
                  0000b23a    00000012            : copy_decompress_none.c.obj (.text:decompress:none)
                  0000b24c    00000010     ti_msp_dl_config.o (.text.DL_SYSCTL_disableHFXT)
                  0000b25c    00000010     driverlib.a : dl_timer.o (.text.DL_Timer_setCaptureCompareValue)
                  0000b26c    00000010     interrupt.o (.text.SysTick_Handler)
                  0000b27c    00000010     u8g2_setup.o (.text.u8g2_update_dimension_r0)
                  0000b28c    00000010     u8x8_8x8.o (.text.u8x8_utf8_init)
                  0000b29c    00000010     libc.a : wcslen.c.obj (.text.wcslen)
                  0000b2ac    00000010            : copy_zero_init.c.obj (.text:decompress:ZI)
                  0000b2bc    0000000e     libclang_rt.builtins.a : aeabi_memset.S.obj (.text.__aeabi_memset)
                  0000b2ca    0000000e     libc.a : _printfi.c.obj (.text.strlen)
                  0000b2d8    0000000e     mpu6050.o (.text.tap_cb)
                  0000b2e6    0000000e     libc.a : memset16.S.obj (.text:TI_memset_small)
                  0000b2f4    0000000c     libclang_rt.builtins.a : aeabi_memset.S.obj (.text.__aeabi_memclr)
                  0000b300    0000000a     driverlib.a : dl_common.o (.text.DL_Common_delayCycles)
                  0000b30a    0000000a     libc.a : _printfi.c.obj (.text.OUTLINED_FUNCTION_0)
                  0000b314    00000010     libclang_rt.builtins.a : adddf3.S.obj (.tramp.__aeabi_dsub.1)
                  0000b324    0000000a     libc.a : e_asin.c.obj (.text.OUTLINED_FUNCTION_0)
                  0000b32e    00000002     --HOLE-- [fill = 0]
                  0000b330    00000010     libclang_rt.builtins.a : muldf3.S.obj (.tramp.__aeabi_dmul.1)
                  0000b340    0000000a     libc.a : s_atan.c.obj (.text.OUTLINED_FUNCTION_0)
                  0000b34a    0000000a            : _printfi.c.obj (.text.OUTLINED_FUNCTION_1)
                  0000b354    0000000a            : e_asin.c.obj (.text.OUTLINED_FUNCTION_1)
                  0000b35e    0000000a            : e_asin.c.obj (.text.OUTLINED_FUNCTION_3)
                  0000b368    00000010     libclang_rt.builtins.a : divdf3.S.obj (.tramp.__aeabi_ddiv.1)
                  0000b378    0000000a     libc.a : sprintf.c.obj (.text._outc)
                  0000b382    0000000a     mpu6050.o (.text.android_orient_cb)
                  0000b38c    0000000a     libc.a : atof.c.obj (.text.atof)
                  0000b396    0000000a     u8g2_font.o (.text.u8g2_font_calc_vref_font)
                  0000b3a0    00000008     libc.a : strtod.c.obj (.text.OUTLINED_FUNCTION_1)
                  0000b3a8    00000010     libclang_rt.builtins.a : aeabi_dcmp.S.obj (.tramp.__aeabi_dcmpeq.1)
                  0000b3b8    00000008     libc.a : s_atan.c.obj (.text.OUTLINED_FUNCTION_2)
                  0000b3c0    00000008            : aeabi_portable.c.obj (.text.__aeabi_errno_addr)
                  0000b3c8    00000008     libclang_rt.builtins.a : aeabi_memcpy.S.obj (.text.__aeabi_memcpy)
                  0000b3d0    00000008     libc.a : printf.c.obj (.text._outc)
                  0000b3d8    00000008            : printf.c.obj (.text._outs)
                  0000b3e0    00000006            : s_atan.c.obj (.text.OUTLINED_FUNCTION_1)
                  0000b3e6    00000002     --HOLE-- [fill = 0]
                  0000b3e8    00000010     libclang_rt.builtins.a : adddf3.S.obj (.tramp.__aeabi_dadd.1)
                  0000b3f8    00000006     libc.a : e_asin.c.obj (.text.OUTLINED_FUNCTION_2)
                  0000b3fe    00000006            : exit.c.obj (.text:abort)
                  0000b404    00000004     startup_mspm0g350x_ticlang.o (.text.Default_Handler)
                  0000b408    00000004     libsysbm.a : hostexit.c.obj (.text.HOSTexit)
                  0000b40c    00000004     libc.a : e_asin.c.obj (.text.OUTLINED_FUNCTION_4)
                  0000b410    00000004     startup_mspm0g350x_ticlang.o (.text.Reset_Handler)
                  0000b414    00000010     libc.a : boot_cortex_m.c.obj (.tramp._c_int00_noargs.1)
                  0000b424    00000004            : pre_init.c.obj (.text._system_pre_init)
                  0000b428    00000008     --HOLE-- [fill = 0]

.cinit     0    0000cbc0    00000138     
                  0000cbc0    00000110     (.cinit..data.load) [load image, compression = lzss]
                  0000ccd0    0000000c     (__TI_handler_table)
                  0000ccdc    00000008     (.cinit..bss.load) [load image, compression = zero_init]
                  0000cce4    00000010     (__TI_cinit_table)
                  0000ccf4    00000004     --HOLE-- [fill = 0]

.rodata    0    0000b430    00001790     
                  0000b430    00000bf6     inv_mpu_dmp_motion_driver.o (.rodata.dmp_memory)
                  0000c026    0000069f     chinesetxt.o (.rodata.u8g2_font_unifont_st16)
                  0000c6c5    00000001     --HOLE-- [fill = 0]
                  0000c6c6    0000000a     ti_msp_dl_config.o (.rodata.gUART_0Config)
                  0000c6d0    00000101     libc.a : aeabi_ctype.S.obj (.rodata:__aeabi_ctype_table_)
                  0000c7d1    00000007     draw.o (.rodata.str1.1222851238220204105.1)
                  0000c7d8    00000080     libc.a : strtod.c.obj (.rodata.digits)
                  0000c858    00000048            : strtod.c.obj (.rodata.powerof10)
                  0000c8a0    00000040            : s_atan.c.obj (.rodata.cst32)
                  0000c8e0    00000035     u8x8_d_ssd1306_128x64_noname.o (.rodata.u8x8_d_ssd1306_128x64_noname_init_seq)
                  0000c915    00000003     ti_msp_dl_config.o (.rodata.gPWM_L1ClockConfig)
                  0000c918    00000028     ti_msp_dl_config.o (.rodata.gSYSPLLConfig)
                  0000c940    00000028     inv_mpu.o (.rodata.test)
                  0000c968    0000001e     inv_mpu.o (.rodata.reg)
                  0000c986    00000002     ti_msp_dl_config.o (.rodata.gI2C_BUSClockConfig)
                  0000c988    00000018     u8x8_d_ssd1306_128x64_noname.o (.rodata.u8x8_ssd1306_128x64_noname_display_info)
                  0000c9a0    00000016     draw.o (.rodata.str1.7146124109294951569.1)
                  0000c9b6    00000015     draw.o (.rodata.str1.3044352249193297061.1)
                  0000c9cb    00000014     draw.o (.rodata.str1.9363706946722908181.1)
                  0000c9df    00000013     uart.o (.rodata.str1.14464947116831474962.1)
                  0000c9f2    00000013     draw.o (.rodata.str1.3977530377744300196.1)
                  0000ca05    00000011     libc.a : _printfi.c.obj (.rodata.str1.10348868589481759720.1)
                  0000ca16    00000011            : _printfi.c.obj (.rodata.str1.15363888844622738466.1)
                  0000ca27    00000001     --HOLE-- [fill = 0]
                  0000ca28    00000010     draw.o (.rodata..L__const.Calibration_waiting.kks)
                  0000ca38    0000000d     draw.o (.rodata.str1.15371446012953876463.1)
                  0000ca45    00000001     --HOLE-- [fill = 0]
                  0000ca46    0000000c     inv_mpu.o (.rodata.hw)
                  0000ca52    00000002     ti_msp_dl_config.o (.rodata.gI2C_MPU6050ClockConfig)
                  0000ca54    0000000c     u8g2_setup.o (.rodata.u8g2_cb_r0)
                  0000ca60    0000000a     ti_msp_dl_config.o (.rodata.gUART_1Config)
                  0000ca6a    00000009     draw.o (.rodata.str1.16447675822648205255.1)
                  0000ca73    00000009     draw.o (.rodata.str1.4274189854934693450.1)
                  0000ca7c    00000008     ti_msp_dl_config.o (.rodata.gPWM_L1Config)
                  0000ca84    00000008     ti_msp_dl_config.o (.rodata.gPWM_L2Config)
                  0000ca8c    00000008     ti_msp_dl_config.o (.rodata.gPWM_R1Config)
                  0000ca94    00000008     ti_msp_dl_config.o (.rodata.gPWM_R2Config)
                  0000ca9c    00000007     draw.o (.rodata.str1.12753359286343333358.1)
                  0000caa3    00000007     draw.o (.rodata.str1.12927128395581683091.1)
                  0000caaa    00000007     draw.o (.rodata.str1.14187398005209213545.1)
                  0000cab1    00000007     uart.o (.rodata.str1.15503172443992438641.1)
                  0000cab8    00000007     uart.o (.rodata.str1.2747995240747259486.1)
                  0000cabf    00000007     draw.o (.rodata.str1.4063744131834711033.1)
                  0000cac6    00000007     draw.o (.rodata.str1.5092474850242601035.1)
                  0000cacd    00000007     draw.o (.rodata.str1.6628805185763255565.1)
                  0000cad4    00000007     draw.o (.rodata.str1.7599327456358374941.1)
                  0000cadb    00000007     uart.o (.rodata.str1.8171864734171609186.1)
                  0000cae2    00000007     u8x8_d_ssd1306_128x64_noname.o (.rodata.u8x8_d_ssd1306_128x64_noname_flip0_seq)
                  0000cae9    00000007     u8x8_d_ssd1306_128x64_noname.o (.rodata.u8x8_d_ssd1306_128x64_noname_flip1_seq)
                  0000caf0    00000006     draw.o (.rodata.str1.15032166160981136206.1)
                  0000caf6    00000006     draw.o (.rodata.str1.3087611109763544748.1)
                  0000cafc    00000006     uart.o (.rodata.str1.3510367808670815947.1)
                  0000cb02    00000006     draw.o (.rodata.str1.4769186932343429571.1)
                  0000cb08    00000005     uart.o (.rodata.str1.12819099410943012003.1)
                  0000cb0d    00000005     draw.o (.rodata.str1.13295882753961647737.1)
                  0000cb12    00000005     draw.o (.rodata.str1.13516724617619185742.1)
                  0000cb17    00000005     draw.o (.rodata.str1.15046184968404042663.1)
                  0000cb1c    00000005     draw.o (.rodata.str1.16920298533707407236.1)
                  0000cb21    00000005     draw.o (.rodata.str1.3856563774887557434.1)
                  0000cb26    00000005     draw.o (.rodata.str1.9759785406605014316.1)
                  0000cb2b    00000005     u8x8_d_ssd1306_128x64_noname.o (.rodata.u8x8_d_ssd1306_128x64_noname_powersave0_seq)
                  0000cb30    00000005     u8x8_d_ssd1306_128x64_noname.o (.rodata.u8x8_d_ssd1306_128x64_noname_powersave1_seq)
                  0000cb35    00000004     draw.o (.rodata.str1.10860614167785051322.1)
                  0000cb39    00000004     draw.o (.rodata.str1.13558645747875480796.1)
                  0000cb3d    00000004     draw.o (.rodata.str1.13901186772788639667.1)
                  0000cb41    00000004     draw.o (.rodata.str1.17104632844336190317.1)
                  0000cb45    00000004     draw.o (.rodata.str1.17323698585101302928.1)
                  0000cb49    00000004     draw.o (.rodata.str1.2680053455445061944.1)
                  0000cb4d    00000004     draw.o (.rodata.str1.3293259928865538337.1)
                  0000cb51    00000004     draw.o (.rodata.str1.3436235078410369563.1)
                  0000cb55    00000004     draw.o (.rodata.str1.3602204908956033498.1)
                  0000cb59    00000004     draw.o (.rodata.str1.4176646092053031004.1)
                  0000cb5d    00000004     draw.o (.rodata.str1.4799947621604406399.1)
                  0000cb61    00000004     draw.o (.rodata.str1.8511851625829648913.1)
                  0000cb65    00000004     draw.o (.rodata.str1.9387805006866944833.1)
                  0000cb69    00000004     draw.o (.rodata.str1.9590535064981708106.1)
                  0000cb6d    00000004     draw.o (.rodata.str1.9976906776139131669.1)
                  0000cb71    00000003     ti_msp_dl_config.o (.rodata.gPWM_L2ClockConfig)
                  0000cb74    00000003     ti_msp_dl_config.o (.rodata.gPWM_R1ClockConfig)
                  0000cb77    00000003     ti_msp_dl_config.o (.rodata.gPWM_R2ClockConfig)
                  0000cb7a    00000003     draw.o (.rodata.str1.11299763840726973552.1)
                  0000cb7d    00000003     draw.o (.rodata.str1.11460969316090338202.1)
                  0000cb80    00000003     draw.o (.rodata.str1.12359765093345317632.1)
                  0000cb83    00000003     draw.o (.rodata.str1.14915676214180293299.1)
                  0000cb86    00000003     draw.o (.rodata.str1.15074342113409833842.1)
                  0000cb89    00000003     draw.o (.rodata.str1.16216427480567439757.1)
                  0000cb8c    00000003     draw.o (.rodata.str1.16798678518866173547.1)
                  0000cb8f    00000003     draw.o (.rodata.str1.17402708256360119916.1)
                  0000cb92    00000003     draw.o (.rodata.str1.17877410042743655113.1)
                  0000cb95    00000003     draw.o (.rodata.str1.17985918111400082174.1)
                  0000cb98    00000003     draw.o (.rodata.str1.5892703727588417526.1)
                  0000cb9b    00000003     draw.o (.rodata.str1.8450940598119648634.1)
                  0000cb9e    00000003     draw.o (.rodata.str1.8931661920520104013.1)
                  0000cba1    00000002     ti_msp_dl_config.o (.rodata.gUART_0ClockConfig)
                  0000cba3    00000002     ti_msp_dl_config.o (.rodata.gUART_1ClockConfig)
                  0000cba5    00000002     draw.o (.rodata.str1.13205193003298517140.1)
                  0000cba7    00000002     draw.o (.rodata.str1.13621094816472248119.1)
                  0000cba9    00000002     draw.o (.rodata.str1.15981432797632722681.1)
                  0000cbab    00000002     draw.o (.rodata.str1.16224708837686808630.1)
                  0000cbad    00000002     draw.o (.rodata.str1.6764898206403387013.1)
                  0000cbaf    00000002     draw.o (.rodata.str1.7901478166373039286.1)
                  0000cbb1    0000000f     --HOLE-- [fill = 0]

.init_array 
*          0    00000000    00000000     UNINITIALIZED

.binit     0    00000000    00000000     

.bss       0    20200000    000005e2     UNINITIALIZED
                  20200000    00000400     u8g2_d_memory.o (.bss.u8g2_m_16_8_f.buf)
                  20200400    000000bc     (.common:gPWM_L2Backup)
                  202004bc    000000bc     (.common:gPWM_R2Backup)
                  20200578    00000010     (.common:id)
                  20200588    00000010     (.common:quat)
                  20200598    00000006     line_follower.o (.bss.sensor_state_history)
                  2020059e    00000006     (.common:accel)
                  202005a4    00000006     (.common:gyro)
                  202005aa    00000002     (.common:sensors)
                  202005ac    00000004     (.common:D)
                  202005b0    00000004     (.common:I)
                  202005b4    00000004     (.common:L)
                  202005b8    00000004     (.common:P)
                  202005bc    00000004     (.common:R)
                  202005c0    00000004     (.common:car_begin_yaw)
                  202005c4    00000004     (.common:car_straight_yaw)
                  202005c8    00000004     (.common:pitch)
                  202005cc    00000004     (.common:roll)
                  202005d0    00000004     (.common:sensor_timestamp)
                  202005d4    00000004     (.common:start_time)
                  202005d8    00000004     (.common:tick_ms)
                  202005dc    00000004     (.common:yaw)
                  202005e0    00000001     line_follower.o (.bss.IRbuf)
                  202005e1    00000001     (.common:more)

.data      0    202005e4    0000032e     UNINITIALIZED
                  202005e4    000000f0     libc.a : defs.c.obj (.data._ftable)
                  202006d4    00000080     uart.o (.data.uart_buffer)
                  20200754    0000002c     inv_mpu.o (.data.st)
                  20200780    00000024     draw.o (.data..compoundliteral.41)
                  202007a4    00000020     draw.o (.data..compoundliteral.25)
                  202007c4    0000001c     draw.o (.data..compoundliteral.12)
                  202007e0    0000001c     draw.o (.data..compoundliteral.32)
                  202007fc    00000018     draw.o (.data..compoundliteral.44)
                  20200814    00000018     draw.o (.data..compoundliteral)
                  2020082c    00000014     draw.o (.data..compoundliteral.17)
                  20200840    00000014     draw.o (.data..compoundliteral.42)
                  20200854    00000010     inv_mpu_dmp_motion_driver.o (.data.dmp)
                  20200864    0000000e     mpu6050.o (.data.hal)
                  20200872    00000009     mpu6050.o (.data.gyro_orientation)
                  2020087b    00000001     line_follower.o (.data.left_flag)
                  2020087c    00000008     draw.o (.data..compoundliteral.43)
                  20200884    00000008     draw.o (.data.directory)
                  2020088c    00000008     draw.o (.data.directory_num)
                  20200894    00000004     draw.o (.data..compoundliteral.5)
                  20200898    00000004     electrical_machinery.o (.data.MAX)
                  2020089c    00000004     line_follower.o (.data.MAX_CORRECTION)
                  202008a0    00000004     electrical_machinery.o (.data.MIN)
                  202008a4    00000004     libc.a : aeabi_portable.c.obj (.data.__aeabi_errno)
                  202008a8    00000004            : _lock.c.obj (.data._lock)
                  202008ac    00000004            : _lock.c.obj (.data._unlock)
                  202008b0    00000004     line_follower.o (.data.all_one_count)
                  202008b4    00000004     line_follower.o (.data.angle_diff)
                  202008b8    00000004     uart.o (.data.buffer_index)
                  202008bc    00000004     draw.o (.data.car_speed)
                  202008c0    00000004     line_follower.o (.data.correction_factor1)
                  202008c4    00000004     line_follower.o (.data.correction_factor2)
                  202008c8    00000004     line_follower.o (.data.correction_factor3)
                  202008cc    00000004     line_follower.o (.data.correction_factor4)
                  202008d0    00000004     draw.o (.data.directory_flag)
                  202008d4    00000004     line_follower.o (.data.error)
                  202008d8    00000004     line_follower.o (.data.gyro_l_num)
                  202008dc    00000004     line_follower.o (.data.gyro_r_num)
                  202008e0    00000004     line_follower.o (.data.integral)
                  202008e4    00000004     line_follower.o (.data.l_num)
                  202008e8    00000004     line_follower.o (.data.last_error)
                  202008ec    00000004     line_follower.o (.data.last_valid_error)
                  202008f0    00000004     interrupt.o (.data.nextway)
                  202008f4    00000004     draw.o (.data.now_speed)
                  202008f8    00000004     line_follower.o (.data.now_time)
                  202008fc    00000004     draw.o (.data.quanshu)
                  20200900    00000004     line_follower.o (.data.r_num)
                  20200904    00000004     line_follower.o (.data.turn_flag)
                  20200908    00000004     draw.o (.data.xspeed)
                  2020090c    00000001     line_follower.o (.data.right_flag)
                  2020090d    00000001     draw.o (.data.stop_flag)
                  2020090e    00000001     line_follower.o (.data.timer_flag)
                  2020090f    00000001     u8x8_cad.o (.data.u8x8_cad_ssd13xx_fast_i2c.in_transfer)
                  20200910    00000001     uart.o (.data.uart_data)
                  20200911    00000001     line_follower.o (.data.use_last_valid)

.stack     0    20207e00    00000200     UNINITIALIZED
                  20207e00    00000004     libc.a : boot_cortex_m.c.obj (.stack)
                  20207e04    000001fc     --HOLE--

__llvm_prf_cnts 
*          0    20200000    00000000     UNINITIALIZED

__llvm_prf_bits 
*          0    20200000    00000000     UNINITIALIZED

MODULE SUMMARY

       Module                           code    ro data   rw data
       ------                           ----    -------   -------
    .\
       ti_msp_dl_config.o               2894    112       376    
       main.o                           248     0         0      
       startup_mspm0g350x_ticlang.o     8       192       0      
    +--+--------------------------------+-------+---------+---------+
       Total:                           3150    304       376    
                                                                 
    .\MPU6050\
       inv_mpu_dmp_motion_driver.o      3110    3062      16     
       inv_mpu.o                        4600    82        44     
       mspm0_i2c.o                      1324    0         0      
       mpu6050.o                        1224    0         70     
    +--+--------------------------------+-------+---------+---------+
       Total:                           10258   3144      130    
                                                                 
    .\MSPM0\
       mspm0_xj_i2c.o                   1124    0         0      
       electrical_machinery.o           810     0         16     
       clock.o                          328     0         8      
       interrupt.o                      282     0         4      
    +--+--------------------------------+-------+---------+---------+
       Total:                           2544    0         28     
                                                                 
    .\OLED\
       draw.o                           3416    344       277    
       oled.o                           608     0         0      
    +--+--------------------------------+-------+---------+---------+
       Total:                           4024    344       277    
                                                                 
    .\OLED\csrc\
       u8g2_font.o                      2838    0         0      
       chinesetxt.o                     0       1695      0      
       u8g2_d_memory.o                  20      0         1024   
       u8x8_byte.o                      800     0         0      
       u8x8_cad.o                       666     0         1      
       u8g2_setup.o                     640     12        0      
       u8g2_hvline.o                    612     0         0      
       u8x8_d_ssd1306_128x64_noname.o   488     101       0      
       u8g2_buffer.o                    456     0         0      
       u8g2_ll_hvline.o                 356     0         0      
       u8x8_8x8.o                       332     0         0      
       u8x8_display.o                   284     0         0      
       u8g2_intersection.o              248     0         0      
       u8x8_setup.o                     144     0         0      
       u8g2_box.o                       120     0         0      
       u8g2_d_setup.o                   72      0         0      
       u8g2_cleardisplay.o              40      0         0      
       u8x8_gpio.o                      38      0         0      
    +--+--------------------------------+-------+---------+---------+
       Total:                           8154    1808      1025   
                                                                 
    .\Tracking\
       line_follower.o                  3768    0         87     
    +--+--------------------------------+-------+---------+---------+
       Total:                           3768    0         87     
                                                                 
    .\UART\
       uart.o                           988     51        145    
    +--+--------------------------------+-------+---------+---------+
       Total:                           988     51        145    
                                                                 
    C:/ti/mspm0_sdk_2_04_00_06/source/ti/driverlib/lib/ticlang/m0p/mspm0g1x0x_g3x0x/driverlib.a
       dl_timer.o                       356     0         0      
       dl_sysctl_mspm0g1x0x_g3x0x.o     288     0         0      
       dl_i2c.o                         192     0         0      
       dl_uart.o                        90      0         0      
       dl_common.o                      10      0         0      
    +--+--------------------------------+-------+---------+---------+
       Total:                           936     0         0      
                                                                 
    C:\ti\ccs2020\ccs\tools\compiler\ti-cgt-armllvm_4.0.3.LTS\lib\armv6m-ti-none-eabi/c/libc.a
       _printfi.c.obj                   4510    34        0      
       strtod.c.obj                     968     200       0      
       e_asin.c.obj                     908     0         0      
       s_atan.c.obj                     784     64        0      
       e_atan2.c.obj                    392     0         0      
       e_sqrt.c.obj                     368     0         0      
       aeabi_ctype.S.obj                0       257       0      
       defs.c.obj                       0       0         240    
       s_scalbn.c.obj                   216     0         0      
       copy_decompress_lzss.c.obj       124     0         0      
       printf.c.obj                     108     0         0      
       s_frexp.c.obj                    92      0         0      
       sprintf.c.obj                    90      0         0      
       _ltoa.c.obj                      88      0         0      
       atoi.c.obj                       64      0         0      
       autoinit.c.obj                   60      0         0      
       boot_cortex_m.c.obj              56      0         0      
       strstr.c.obj                     50      0         0      
       memccpy.c.obj                    34      0         0      
       strncmp.c.obj                    34      0         0      
       memcmp.c.obj                     32      0         0      
       strchr.c.obj                     20      0         0      
       copy_decompress_none.c.obj       18      0         0      
       memcpy16.S.obj                   18      0         0      
       copy_zero_init.c.obj             16      0         0      
       wcslen.c.obj                     16      0         0      
       memset16.S.obj                   14      0         0      
       aeabi_portable.c.obj             8       0         4      
       _lock.c.obj                      2       0         8      
       atof.c.obj                       10      0         0      
       exit.c.obj                       6       0         0      
       pre_init.c.obj                   4       0         0      
    +--+--------------------------------+-------+---------+---------+
       Total:                           9110    555       252    
                                                                 
    C:\ti\ccs2020\ccs\tools\compiler\ti-cgt-armllvm_4.0.3.LTS\lib\armv6m-ti-none-eabi/c/libsysbm.a
       hostexit.c.obj                   4       0         0      
    +--+--------------------------------+-------+---------+---------+
       Total:                           4       0         0      
                                                                 
    C:\ti\ccs2020\ccs\tools\compiler\ti-cgt-armllvm_4.0.3.LTS\lib\armv6m-ti-none-eabi/libclang_rt.builtins.a
       adddf3.S.obj                     434     0         0      
       divdf3.S.obj                     284     0         0      
       muldf3.S.obj                     244     0         0      
       comparedf2.c.obj                 220     0         0      
       addsf3.S.obj                     216     0         0      
       udivmoddi4.S.obj                 162     0         0      
       mulsf3.S.obj                     140     0         0      
       divsf3.S.obj                     130     0         0      
       comparesf2.S.obj                 118     0         0      
       truncdfsf2.S.obj                 116     0         0      
       aeabi_dcmp.S.obj                 114     0         0      
       aeabi_fcmp.S.obj                 98      0         0      
       aeabi_idivmod.S.obj              86      0         0      
       fixdfsi.S.obj                    74      0         0      
       aeabi_uidivmod.S.obj             64      0         0      
       extendsfdf2.S.obj                64      0         0      
       floatsisf.S.obj                  60      0         0      
       muldsi3.S.obj                    58      0         0      
       fixsfsi.S.obj                    56      0         0      
       floatsidf.S.obj                  44      0         0      
       floatunsisf.S.obj                40      0         0      
       muldi3.S.obj                     36      0         0      
       ashldi3.S.obj                    30      0         0      
       aeabi_memset.S.obj               26      0         0      
       aeabi_uldivmod.S.obj             20      0         0      
       aeabi_memcpy.S.obj               8       0         0      
       aeabi_div0.c.obj                 4       0         0      
    +--+--------------------------------+-------+---------+---------+
       Total:                           2946    0         0      
                                                                 
       Stack:                           0       0         512    
       Linker Generated:                0       308       0      
    +--+--------------------------------+-------+---------+---------+
       Grand Total:                     45882   6514      2832   


LINKER GENERATED COPY TABLES

__TI_cinit_table @ 0000cce4 records: 2, size/record: 8, table size: 16
	.data: load addr=0000cbc0, load size=00000110 bytes, run addr=202005e4, run size=0000032e bytes, compression=lzss
	.bss: load addr=0000ccdc, load size=00000008 bytes, run addr=20200000, run size=000005e2 bytes, compression=zero_init


LINKER GENERATED HANDLER TABLE

__TI_handler_table @ 0000ccd0 records: 3, size/record: 4, table size: 12
	index: 0, handler: __TI_decompress_lzss
	index: 1, handler: __TI_decompress_none
	index: 2, handler: __TI_zero_init


FAR CALL TRAMPOLINES

callee name               trampoline name
   callee addr  tramp addr   call addr  call info
--------------  -----------  ---------  ----------------
__aeabi_dsub              $Tramp$TT$L$PI$$__aeabi_dsub
   000040dd     0000b314     0000b312   libc.a : _printfi.c.obj (.text.OUTLINED_FUNCTION_0)
__aeabi_dmul              $Tramp$TT$L$PI$$__aeabi_dmul
   000063f5     0000b330     0000b32c   libc.a : e_asin.c.obj (.text.OUTLINED_FUNCTION_0)
                             0000b348          : s_atan.c.obj (.text.OUTLINED_FUNCTION_0)
                             0000b35c          : e_asin.c.obj (.text.OUTLINED_FUNCTION_1)
                             0000b3be          : s_atan.c.obj (.text.OUTLINED_FUNCTION_2)
                             0000b3fc          : e_asin.c.obj (.text.OUTLINED_FUNCTION_2)
__aeabi_ddiv              $Tramp$TT$L$PI$$__aeabi_ddiv
   00005cf9     0000b368     0000b366   libc.a : e_asin.c.obj (.text.OUTLINED_FUNCTION_3)
__aeabi_dcmpeq            $Tramp$TT$L$PI$$__aeabi_dcmpeq
   00008a31     0000b3a8     0000b3a6   libc.a : strtod.c.obj (.text.OUTLINED_FUNCTION_1)
__aeabi_dadd              $Tramp$TT$L$PI$$__aeabi_dadd
   000040e7     0000b3e8     0000b3e4   libc.a : s_atan.c.obj (.text.OUTLINED_FUNCTION_1)
                             0000b40e          : e_asin.c.obj (.text.OUTLINED_FUNCTION_4)
_c_int00_noargs           $Tramp$TT$L$PI$$_c_int00_noargs
   0000a589     0000b414     0000b410   startup_mspm0g350x_ticlang.o (.text.Reset_Handler)

[6 trampolines]
[11 trampoline calls]


GLOBAL SYMBOLS: SORTED ALPHABETICALLY BY Name 

address   name                                  
-------   ----                                  
0000b405  ADC0_IRQHandler                       
0000b405  ADC1_IRQHandler                       
0000b405  AES_IRQHandler                        
0000b408  C$$EXIT                               
0000b405  CANFD0_IRQHandler                     
0000727d  CAR_control                           
000046e1  Calibration_waiting                   
202005ac  D                                     
0000b405  DAC0_IRQHandler                       
0000a2b9  DIRECTORY_control                     
0000b301  DL_Common_delayCycles                 
00008cd9  DL_I2C_fillControllerTXFIFO           
00009b41  DL_I2C_flushControllerTXFIFO          
0000a5d7  DL_I2C_setClockConfig                 
000065bd  DL_SYSCTL_configSYSPLL                
000096f5  DL_SYSCTL_switchMCLKfromSYSOSCtoHSCLK 
00005f0d  DL_Timer_initFourCCPWMMode            
0000a9fd  DL_Timer_setCaptCompUpdateMethod      
0000ada1  DL_Timer_setCaptureCompareOutCtl      
0000b25d  DL_Timer_setCaptureCompareValue       
0000aa19  DL_Timer_setClockConfig               
0000946d  DL_UART_init                          
0000b217  DL_UART_setClockConfig                
0000b405  DMA_IRQHandler                        
0000b405  Default_Handler                       
0000a6bd  GPIO_Init                             
0000b405  GROUP0_IRQHandler                     
00006699  GROUP1_IRQHandler                     
0000163d  HOME_directory                        
0000b409  HOSTexit                              
0000b405  HardFault_Handler                     
202005b0  I                                     
0000b405  I2C0_IRQHandler                       
0000b405  I2C1_IRQHandler                       
202005b4  L                                     
20200898  MAX                                   
2020089c  MAX_CORRECTION                        
202008a0  MIN                                   
00004b15  MPU6050_Init                          
00009bb9  MSPM0_Init                            
0000b405  NMI_Handler                           
202005b8  P                                     
00006f89  PID_control                           
0000b405  PendSV_Handler                        
202005bc  R                                     
0000b405  RTC_IRQHandler                        
00003175  Read_Quad                             
0000b411  Reset_Handler                         
0000b405  SPI0_IRQHandler                       
0000b405  SPI1_IRQHandler                       
0000b405  SVC_Handler                           
00003d8d  SYSCFG_DL_GPIO_init                   
00008ea9  SYSCFG_DL_I2C_BUS_init                
00008f01  SYSCFG_DL_I2C_MPU6050_init            
000084d9  SYSCFG_DL_PWM_L1_init                 
00008545  SYSCFG_DL_PWM_L2_init                 
000085b1  SYSCFG_DL_PWM_R1_init                 
0000861d  SYSCFG_DL_PWM_R2_init                 
0000938d  SYSCFG_DL_SYSCTL_init                 
000094b5  SYSCFG_DL_UART_0_init                 
000094fd  SYSCFG_DL_UART_1_init                 
00009739  SYSCFG_DL_init                        
00006d3d  SYSCFG_DL_initPower                   
0000b26d  SysTick_Handler                       
0000ae01  SysTick_Init                          
0000b405  TIMA0_IRQHandler                      
0000b405  TIMA1_IRQHandler                      
0000b405  TIMG0_IRQHandler                      
0000b405  TIMG12_IRQHandler                     
0000b405  TIMG6_IRQHandler                      
0000b405  TIMG7_IRQHandler                      
0000b405  TIMG8_IRQHandler                      
0000b229  TI_memcpy_small                       
0000b2e7  TI_memset_small                       
00007cf1  UART0_IRQHandler                      
00007d79  UART1_IRQHandler                      
0000b405  UART2_IRQHandler                      
0000b405  UART3_IRQHandler                      
0000a10d  UART_Init                             
20208000  __STACK_END                           
00000200  __STACK_SIZE                          
00000000  __TI_ATRegion0_region_sz              
00000000  __TI_ATRegion0_src_addr               
00000000  __TI_ATRegion0_trg_addr               
00000000  __TI_ATRegion1_region_sz              
00000000  __TI_ATRegion1_src_addr               
00000000  __TI_ATRegion1_trg_addr               
00000000  __TI_ATRegion2_region_sz              
00000000  __TI_ATRegion2_src_addr               
00000000  __TI_ATRegion2_trg_addr               
0000cce4  __TI_CINIT_Base                       
0000ccf4  __TI_CINIT_Limit                      
0000ccf4  __TI_CINIT_Warm                       
0000ccd0  __TI_Handler_Table_Base               
0000ccdc  __TI_Handler_Table_Limit              
00009c6d  __TI_auto_init_nobinit_nopinit        
0000811d  __TI_decompress_lzss                  
0000b23b  __TI_decompress_none                  
00008f59  __TI_ltoa                             
ffffffff  __TI_pprof_out_hndl                   
00000c6d  __TI_printfi                          
ffffffff  __TI_prof_data_size                   
ffffffff  __TI_prof_data_start                  
00000000  __TI_static_base__                    
0000b2ad  __TI_zero_init                        
000040e7  __adddf3                              
0000692b  __addsf3                              
0000c6d0  __aeabi_ctype_table_                  
0000c6d0  __aeabi_ctype_table_C                 
000083f1  __aeabi_d2f                           
000093d9  __aeabi_d2iz                          
000040e7  __aeabi_dadd                          
00008a31  __aeabi_dcmpeq                        
00008a6d  __aeabi_dcmpge                        
00008a81  __aeabi_dcmpgt                        
00008a59  __aeabi_dcmple                        
00008a45  __aeabi_dcmplt                        
00005cf9  __aeabi_ddiv                          
000063f5  __aeabi_dmul                          
000040dd  __aeabi_dsub                          
202008a4  __aeabi_errno                         
0000b3c1  __aeabi_errno_addr                    
00009911  __aeabi_f2d                           
00009d21  __aeabi_f2iz                          
0000692b  __aeabi_fadd                          
00008a95  __aeabi_fcmpeq                        
00008ad1  __aeabi_fcmpge                        
00008ae5  __aeabi_fcmpgt                        
00008abd  __aeabi_fcmple                        
00008aa9  __aeabi_fcmplt                        
00008019  __aeabi_fdiv                          
00007b4d  __aeabi_fmul                          
00006921  __aeabi_fsub                          
0000a395  __aeabi_i2d                           
00009bf5  __aeabi_i2f                           
00009061  __aeabi_idiv                          
0000426f  __aeabi_idiv0                         
00009061  __aeabi_idivmod                       
00004ee7  __aeabi_ldiv0                         
0000a88d  __aeabi_llsl                          
0000a6e1  __aeabi_lmul                          
0000b2f5  __aeabi_memclr                        
0000b2f5  __aeabi_memclr4                       
0000b2f5  __aeabi_memclr8                       
0000b3c9  __aeabi_memcpy                        
0000b3c9  __aeabi_memcpy4                       
0000b3c9  __aeabi_memcpy8                       
0000b2bd  __aeabi_memset                        
0000b2bd  __aeabi_memset4                       
0000b2bd  __aeabi_memset8                       
0000a539  __aeabi_ui2f                          
000098d1  __aeabi_uidiv                         
000098d1  __aeabi_uidivmod                      
0000b115  __aeabi_uldivmod                      
0000a88d  __ashldi3                             
ffffffff  __binit__                             
000087cd  __cmpdf2                              
00009ca9  __cmpsf2                              
00005cf9  __divdf3                              
00008019  __divsf3                              
000087cd  __eqdf2                               
00009ca9  __eqsf2                               
00009911  __extendsfdf2                         
000093d9  __fixdfsi                             
00009d21  __fixsfsi                             
0000a395  __floatsidf                           
00009bf5  __floatsisf                           
0000a539  __floatunsisf                         
00008375  __gedf2                               
00009c31  __gesf2                               
00008375  __gtdf2                               
00009c31  __gtsf2                               
000087cd  __ledf2                               
00009ca9  __lesf2                               
000087cd  __ltdf2                               
00009ca9  __ltsf2                               
UNDEFED   __mpu_init                            
000063f5  __muldf3                              
0000a6e1  __muldi3                              
00009ce5  __muldsi3                             
00007b4d  __mulsf3                              
000087cd  __nedf2                               
00009ca9  __nesf2                               
20207e00  __stack                               
20200000  __start___llvm_prf_bits               
20200000  __start___llvm_prf_cnts               
20200000  __stop___llvm_prf_bits                
20200000  __stop___llvm_prf_cnts                
000040dd  __subdf3                              
00006921  __subsf3                              
000083f1  __truncdfsf2                          
00007689  __udivmoddi4                          
0000a589  _c_int00_noargs                       
202005e4  _ftable                               
202008a8  _lock                                 
00005757  _nop                                  
UNDEFED   _system_post_cinit                    
0000b425  _system_pre_init                      
202008ac  _unlock                               
0000b3ff  abort                                 
2020059e  accel                                 
00008af9  angle_calculation                     
202008b4  angle_diff                            
000021cd  asin                                  
000021cd  asinl                                 
00002531  atan                                  
00004271  atan2                                 
00004271  atan2l                                
00002531  atanl                                 
0000b38d  atof                                  
00009951  atoi                                  
ffffffff  binit                                 
00006111  c_control                             
202005c0  car_begin_yaw                         
00002aa1  car_run                               
202008bc  car_speed                             
00009545  car_stop                              
202005c4  car_straight_yaw                      
202008c0  correction_factor1                    
202008c4  correction_factor2                    
202008c8  correction_factor3                    
202008cc  correction_factor4                    
20200884  directory                             
202008d0  directory_flag                        
2020088c  directory_num                         
0000958d  dmp_enable_6x_lp_quat                 
00002829  dmp_enable_feature                    
00008b59  dmp_enable_gyro_cal                   
000095d5  dmp_enable_lp_quat                    
0000aa51  dmp_load_motion_driver_firmware       
000037ed  dmp_read_fifo                         
0000b129  dmp_register_android_orient_cb        
0000b13d  dmp_register_tap_cb                   
00007865  dmp_set_fifo_rate                     
000043f9  dmp_set_orientation                   
0000977d  dmp_set_shake_reject_thresh           
0000a075  dmp_set_shake_reject_time             
0000a0a7  dmp_set_shake_reject_timeout          
00008903  dmp_set_tap_axes                      
000097c1  dmp_set_tap_count                     
00002f3d  dmp_set_tap_thresh                    
0000a16d  dmp_set_tap_time                      
0000a19d  dmp_set_tap_time_multi                
0000a3c1  fputc                                 
000092a1  fputs                                 
00008d39  frexp                                 
00008d39  frexpl                                
20200400  gPWM_L2Backup                         
202004bc  gPWM_R2Backup                         
202005a4  gyro                                  
202008d8  gyro_l_num                            
202008dc  gyro_r_num                            
0000ca46  hw                                    
20200578  id                                    
00000000  interruptVectors                      
202008e4  l_num                                 
00006771  ldexp                                 
00006771  ldexpl                                
00009805  limit_max                             
00009a0f  limit_min                             
000000c1  line_follower                         
00008969  main                                  
0000a705  memccpy                               
0000a7ed  memcmp                                
202005e1  more                                  
00008bb9  motor_xj_i2c_sda_unlock               
00008c19  mpu6050_i2c_sda_unlock                
00007109  mpu_configure_fifo                    
00008465  mpu_get_accel_fsr                     
00008c79  mpu_get_gyro_fsr                      
00009f09  mpu_get_sample_rate                   
00005759  mpu_init                              
00005881  mpu_load_firmware                     
00006011  mpu_lp_accel_mode                     
00005e05  mpu_read_fifo_stream                  
000073e1  mpu_read_mem                          
000033a1  mpu_reset_fifo                        
000064d9  mpu_set_accel_fsr                     
00003f3d  mpu_set_bypass                        
000071c5  mpu_set_dmp_state                     
00006e01  mpu_set_gyro_fsr                      
0000772d  mpu_set_int_latched                   
00006ba5  mpu_set_lpf                           
00006309  mpu_set_sample_rate                   
000054fd  mpu_set_sensors                       
0000748d  mpu_write_mem                         
[...]
0000809d  u8x8_d_ssd1306_128x64_noname          
0000afa9  u8x8_dummy_cb                         
00003bbd  u8x8_gpio_and_delay                   
0000a695  u8x8_gpio_call                        
0000b28d  u8x8_utf8_init                        
00005025  u8x8_utf8_next                        
0000a419  uart0_send_char                       
0000a445  uart1_send_char                       
20200910  uart_data                             
0000b29d  wcslen                                
00008835  xianshuc                              
20200908  xspeed                                
202005dc  yaw                                   
00004c5d  zb_control                            


GLOBAL SYMBOLS: SORTED BY Symbol Address 

address   name                                  
-------   ----                                  
00000000  __TI_ATRegion0_region_sz              
00000000  __TI_ATRegion0_src_addr               
00000000  __TI_ATRegion0_trg_addr               
00000000  __TI_ATRegion1_region_sz              
00000000  __TI_ATRegion1_src_addr               
00000000  __TI_ATRegion1_trg_addr               
00000000  __TI_ATRegion2_region_sz              
00000000  __TI_ATRegion2_src_addr               
00000000  __TI_ATRegion2_trg_addr               
00000000  __TI_static_base__                    
00000000  interruptVectors                      
000000c1  line_follower                         
00000200  __STACK_SIZE                          
00000c6d  __TI_printfi                          
0000163d  HOME_directory                        
00001e15  strtod                                
00001e15  strtold                               
000021cd  asin                                  
000021cd  asinl                                 
00002531  atan                                  
00002531  atanl                                 
00002829  dmp_enable_feature                    
00002aa1  car_run                               
00002d01  u8g2_font_decode_glyph                
00002f3d  dmp_set_tap_thresh                    
00003175  Read_Quad                             
000033a1  mpu_reset_fifo                        
000037ed  dmp_read_fifo                         
00003bbd  u8x8_gpio_and_delay                   
00003d8d  SYSCFG_DL_GPIO_init                   
00003f3d  mpu_set_bypass                        
000040dd  __aeabi_dsub                          
000040dd  __subdf3                              
000040e7  __adddf3                              
000040e7  __aeabi_dadd                          
0000426f  __aeabi_idiv0                         
00004271  atan2                                 
00004271  atan2l                                
000043f9  dmp_set_orientation                   
00004571  sqrt                                  
00004571  sqrtl                                 
000046e1  Calibration_waiting                   
000049b1  u8g2_ll_hvline_vertical_top_lsb       
00004b15  MPU6050_Init                          
00004c5d  zb_control                            
00004da5  u8g2_font_decode_len                  
00004ee7  __aeabi_ldiv0                         
00005025  u8x8_utf8_next                        
00005161  mspm0_i2c_read                        
00005295  mspm0_xj_i2c_read                     
000053c9  u8x8_cad_ssd13xx_fast_i2c             
000054fd  mpu_set_sensors                       
0000562d  u8g2_DrawHVLine                       
00005757  _nop                                  
00005759  mpu_init                              
00005881  mpu_load_firmware                     
00005be1  u8g2_font_get_glyph_data              
00005cf9  __aeabi_ddiv                          
00005cf9  __divdf3                              
00005e05  mpu_read_fifo_stream                  
00005f0d  DL_Timer_initFourCCPWMMode            
00006011  mpu_lp_accel_mode                     
00006111  c_control                             
0000620d  u8g2_read_font_info                   
00006309  mpu_set_sample_rate                   
000063f5  __aeabi_dmul                          
000063f5  __muldf3                              
000064d9  mpu_set_accel_fsr                     
000065bd  DL_SYSCTL_configSYSPLL                
00006699  GROUP1_IRQHandler                     
00006771  ldexp                                 
00006771  ldexpl                                
00006771  scalbn                                
00006771  scalbnl                               
00006921  __aeabi_fsub                          
00006921  __subsf3                              
0000692b  __addsf3                              
0000692b  __aeabi_fadd                          
00006ba5  mpu_set_lpf                           
00006c75  u8g2_UpdateRefHeight                  
00006d3d  SYSCFG_DL_initPower                   
00006e01  mpu_set_gyro_fsr                      
00006ec5  mspm0_i2c_write                       
00006f89  PID_control                           
00007049  u8x8_byte_sw_i2c                      
00007109  mpu_configure_fifo                    
000071c5  mpu_set_dmp_state                     
0000727d  CAR_control                           
000073e1  mpu_read_mem                          
0000748d  mpu_write_mem                         
000075e5  u8x8_cad_SendSequence                 
00007689  __udivmoddi4                          
0000772d  mpu_set_int_latched                   
000077c9  quanshukongzi                         
00007865  dmp_set_fifo_rate                     
00007995  u8g2_DrawGlyph                        
00007a2b  u8g2_is_intersection_decision_tree    
00007b4d  __aeabi_fmul                          
00007b4d  __mulsf3                              
00007cf1  UART0_IRQHandler                      
00007d79  UART1_IRQHandler                      
00007e89  u8g2_font_decode_get_unsigned_bits    
00008019  __aeabi_fdiv                          
00008019  __divsf3                              
0000809d  u8x8_d_ssd1306_128x64_noname          
0000811d  __TI_decompress_lzss                  
00008199  u8g2_DrawBox                          
00008211  u8g2_SetupBuffer                      
00008289  u8g2_add_vector_x                     
000082ff  u8g2_add_vector_y                     
00008375  __gedf2                               
00008375  __gtdf2                               
000083f1  __aeabi_d2f                           
000083f1  __truncdfsf2                          
00008465  mpu_get_accel_fsr                     
000084d9  SYSCFG_DL_PWM_L1_init                 
00008545  SYSCFG_DL_PWM_L2_init                 
000085b1  SYSCFG_DL_PWM_R1_init                 
0000861d  SYSCFG_DL_PWM_R2_init                 
000086f5  u8g2_NextPage                         
00008761  u8x8_d_helper_display_init            
000087cd  __cmpdf2                              
000087cd  __eqdf2                               
000087cd  __ledf2                               
000087cd  __ltdf2                               
000087cd  __nedf2                               
00008835  xianshuc                              
00008903  dmp_set_tap_axes                      
00008969  main                                  
000089cd  u8g2_IsIntersection                   
00008a31  __aeabi_dcmpeq                        
00008a45  __aeabi_dcmplt                        
00008a59  __aeabi_dcmple                        
00008a6d  __aeabi_dcmpge                        
00008a81  __aeabi_dcmpgt                        
00008a95  __aeabi_fcmpeq                        
00008aa9  __aeabi_fcmplt                        
00008abd  __aeabi_fcmple                        
00008ad1  __aeabi_fcmpge                        
00008ae5  __aeabi_fcmpgt                        
00008af9  angle_calculation                     
00008b59  dmp_enable_gyro_cal                   
00008bb9  motor_xj_i2c_sda_unlock               
00008c19  mpu6050_i2c_sda_unlock                
00008c79  mpu_get_gyro_fsr                      
00008cd9  DL_I2C_fillControllerTXFIFO           
00008d39  frexp                                 
00008d39  frexpl                                
00008e4d  printf                                
00008ea9  SYSCFG_DL_I2C_BUS_init                
00008f01  SYSCFG_DL_I2C_MPU6050_init            
00008f59  __TI_ltoa                             
00009061  __aeabi_idiv                          
00009061  __aeabi_idivmod                       
000092a1  fputs                                 
0000938d  SYSCFG_DL_SYSCTL_init                 
000093d9  __aeabi_d2iz                          
000093d9  __fixdfsi                             
0000946d  DL_UART_init                          
000094b5  SYSCFG_DL_UART_0_init                 
000094fd  SYSCFG_DL_UART_1_init                 
00009545  car_stop                              
0000958d  dmp_enable_6x_lp_quat                 
000095d5  dmp_enable_lp_quat                    
00009665  u8g2_Setup_ssd1306_i2c_128x64_noname_f
000096ad  u8g2_font_decode_get_signed_bits      
000096f5  DL_SYSCTL_switchMCLKfromSYSOSCtoHSCLK 
00009739  SYSCFG_DL_init                        
0000977d  dmp_set_shake_reject_thresh           
000097c1  dmp_set_tap_count                     
00009805  limit_max                             
0000988d  u8x8_SetupDefaults                    
000098d1  __aeabi_uidiv                         
000098d1  __aeabi_uidivmod                      
00009911  __aeabi_f2d                           
00009911  __extendsfdf2                         
00009951  atoi                                  
00009991  u8g2Init                              
00009a0f  limit_min                             
00009a4d  u8g2_draw_hv_line_2dir                
00009b41  DL_I2C_flushControllerTXFIFO          
00009bb9  MSPM0_Init                            
00009bf5  __aeabi_i2f                           
00009bf5  __floatsisf                           
00009c31  __gesf2                               
00009c31  __gtsf2                               
00009c6d  __TI_auto_init_nobinit_nopinit        
00009ca9  __cmpsf2                              
00009ca9  __eqsf2                               
00009ca9  __lesf2                               
00009ca9  __ltsf2                               
00009ca9  __nesf2                               
00009ce5  __muldsi3                             
00009d21  __aeabi_f2iz                          
00009d21  __fixsfsi                             
00009dc9  sprintf                               
00009e01  u8g2_update_page_win_r0               
00009e37  u8x8_Setup                            
00009f09  mpu_get_sample_rate                   
00009f3d  u8g2_DrawUTF8                         
00009f71  u8g2_SetMaxClipWindow                 
00009fa5  u8g2_draw_l90_r0                      
0000a00d  u8x8_DrawTile                         
0000a075  dmp_set_shake_reject_time             
0000a0a7  dmp_set_shake_reject_timeout          
0000a0d9  strstr                                
0000a10d  UART_Init                             
0000a16d  dmp_set_tap_time                      
0000a19d  dmp_set_tap_time_multi                
0000a1fd  mspm0_delay_ms                        
0000a22d  u8g2_SetFont                          
0000a28b  u8g2_ClearBuffer                      
0000a2b9  DIRECTORY_control                     
0000a395  __aeabi_i2d                           
0000a395  __floatsidf                           
0000a3c1  fputc                                 
0000a3ed  mspm0_get_clock_ms                    
0000a419  uart0_send_char                       
0000a445  uart1_send_char                       
0000a539  __aeabi_ui2f                          
0000a539  __floatunsisf                         
0000a561  u8g2_ClearDisplay                     
0000a589  _c_int00_noargs                       
0000a5d7  DL_I2C_setClockConfig                 
0000a623  u8g2_FirstPage                        
0000a649  u8g2_SetBufferCurrTileRow             
0000a66f  u8g2_SetDrawColor                     
0000a695  u8x8_gpio_call                        
0000a6bd  GPIO_Init                             
0000a6e1  __aeabi_lmul                          
0000a6e1  __muldi3                              
0000a705  memccpy                               
0000a727  strncmp                               
0000a749  u8x8_byte_SendBytes                   
0000a76b  u8x8_cad_SendData                     
0000a7ed  memcmp                                
0000a80d  u8x8_SetPowerSave                     
0000a82d  u8x8_cad_SendArg                      
0000a84d  u8x8_cad_SendCmd                      
0000a88d  __aeabi_llsl                          
0000a88d  __ashldi3                             
0000a9fd  DL_Timer_setCaptCompUpdateMethod      
0000aa19  DL_Timer_setClockConfig               
0000aa51  dmp_load_motion_driver_firmware       
0000aa87  u8x8_d_helper_display_setup_memory    
0000ada1  DL_Timer_setCaptureCompareOutCtl      
0000ae01  SysTick_Init                          
0000aef9  u8x8_InitDisplay                      
0000af0f  u8x8_RefreshDisplay                   
0000af25  u8x8_SetupMemory                      
0000af3b  u8x8_byte_EndTransfer                 
0000af51  u8x8_byte_SendByte                    
0000af67  u8x8_byte_StartTransfer               
0000af7d  u8x8_cad_EndTransfer                  
0000af93  u8x8_cad_StartTransfer                
0000afa9  u8x8_dummy_cb                         
0000b115  __aeabi_uldivmod                      
0000b129  dmp_register_android_orient_cb        
0000b13d  dmp_register_tap_cb                   
0000b1a1  strchr                                
0000b1b5  u8g2_SetFontDirection                 
0000b1c9  u8g2_SetFontMode                      
0000b1dd  u8g2_SetFontPosBaseline               
0000b1f1  u8g2_m_16_8_f                         
0000b217  DL_UART_setClockConfig                
0000b229  TI_memcpy_small                       
0000b23b  __TI_decompress_none                  
0000b25d  DL_Timer_setCaptureCompareValue       
0000b26d  SysTick_Handler                       
0000b27d  u8g2_update_dimension_r0              
0000b28d  u8x8_utf8_init                        
0000b29d  wcslen                                
0000b2ad  __TI_zero_init                        
0000b2bd  __aeabi_memset                        
0000b2bd  __aeabi_memset4                       
0000b2bd  __aeabi_memset8                       
0000b2e7  TI_memset_small                       
0000b2f5  __aeabi_memclr                        
0000b2f5  __aeabi_memclr4                       
0000b2f5  __aeabi_memclr8                       
0000b301  DL_Common_delayCycles                 
0000b38d  atof                                  
0000b397  u8g2_font_calc_vref_font              
0000b3c1  __aeabi_errno_addr                    
0000b3c9  __aeabi_memcpy                        
0000b3c9  __aeabi_memcpy4                       
0000b3c9  __aeabi_memcpy8                       
0000b3ff  abort                                 
0000b405  ADC0_IRQHandler                       
0000b405  ADC1_IRQHandler                       
0000b405  AES_IRQHandler                        
0000b405  CANFD0_IRQHandler                     
0000b405  DAC0_IRQHandler                       
0000b405  DMA_IRQHandler                        
0000b405  Default_Handler                       
0000b405  GROUP0_IRQHandler                     
0000b405  HardFault_Handler                     
0000b405  I2C0_IRQHandler                       
0000b405  I2C1_IRQHandler                       
0000b405  NMI_Handler                           
0000b405  PendSV_Handler                        
0000b405  RTC_IRQHandler                        
0000b405  SPI0_IRQHandler                       
0000b405  SPI1_IRQHandler                       
0000b405  SVC_Handler                           
0000b405  TIMA0_IRQHandler                      
0000b405  TIMA1_IRQHandler                      
0000b405  TIMG0_IRQHandler                      
0000b405  TIMG12_IRQHandler                     
0000b405  TIMG6_IRQHandler                      
0000b405  TIMG7_IRQHandler                      
0000b405  TIMG8_IRQHandler                      
0000b405  UART2_IRQHandler                      
0000b405  UART3_IRQHandler                      
0000b408  C$$EXIT                               
0000b409  HOSTexit                              
0000b411  Reset_Handler                         
0000b425  _system_pre_init                      
0000c026  u8g2_font_unifont_st16                
0000c6d0  __aeabi_ctype_table_                  
0000c6d0  __aeabi_ctype_table_C                 
0000c940  test                                  
0000c968  reg                                   
0000ca46  hw                                    
0000ca54  u8g2_cb_r0                            
0000ccd0  __TI_Handler_Table_Base               
0000ccdc  __TI_Handler_Table_Limit              
0000cce4  __TI_CINIT_Base                       
0000ccf4  __TI_CINIT_Limit                      
0000ccf4  __TI_CINIT_Warm                       
20200000  __start___llvm_prf_bits               
20200000  __start___llvm_prf_cnts               
20200000  __stop___llvm_prf_bits                
20200000  __stop___llvm_prf_cnts                
20200400  gPWM_L2Backup                         
202004bc  gPWM_R2Backup                         
20200578  id                                    
20200588  quat                                  
2020059e  accel                                 
202005a4  gyro                                  
202005aa  sensors                               
202005ac  D                                     
202005b0  I                                     
202005b4  L                                     
202005b8  P                                     
202005bc  R                                     
202005c0  car_begin_yaw                         
202005c4  car_straight_yaw                      
202005c8  pitch                                 
202005cc  roll                                  
202005d0  sensor_timestamp                      
202005d4  start_time                            
202005d8  tick_ms                               
202005dc  yaw                                   
202005e1  more                                  
202005e4  _ftable                               
20200884  directory                             
2020088c  directory_num                         
20200898  MAX                                   
2020089c  MAX_CORRECTION                        
202008a0  MIN                                   
202008a4  __aeabi_errno                         
202008a8  _lock                                 
202008ac  _unlock                               
202008b4  angle_diff                            
202008bc  car_speed                             
202008c0  correction_factor1                    
202008c4  correction_factor2                    
202008c8  correction_factor3                    
202008cc  correction_factor4                    
202008d0  directory_flag                        
202008d8  gyro_l_num                            
202008dc  gyro_r_num                            
202008e4  l_num                                 
202008f0  nextway                               
202008f4  now_speed                             
202008fc  quanshu                               
20200900  r_num                                 
20200908  xspeed                                
2020090d  stop_flag                             
20200910  uart_data                             
20207e00  __stack                               
20208000  __STACK_END                           
ffffffff  __TI_pprof_out_hndl                   
ffffffff  __TI_prof_data_size                   
ffffffff  __TI_prof_data_start                  
ffffffff  __binit__                             
ffffffff  binit                                 
UNDEFED   __mpu_init                            
UNDEFED   _system_post_cinit                    

[390 symbols]
