******************************************************************************
            TI ARM Clang Linker PC v4.0.3                      
******************************************************************************
>> Linked Thu Oct 23 19:51:22 2025

OUTPUT FILE NAME:   <car2025_10_13.out>
ENTRY POINT SYMBOL: "_c_int00_noargs"  address: 0000a579


MEMORY CONFIGURATION

         name            origin    length      used     unused   attr    fill
----------------------  --------  ---------  --------  --------  ----  --------
  FLASH                 00000000   00020000  0000cce8  00013318  R  X
  SRAM                  20200000   00008000  00000b0c  000074f4  RW X
  BCR_CONFIG            41c00000   000000ff  00000000  000000ff  R   
  BSL_CONFIG            41c00100   00000080  00000000  00000080  R   


SEGMENT ALLOCATION MAP

run origin  load origin   length   init length attrs members
----------  ----------- ---------- ----------- ----- -------
00000000    00000000    0000cce8   0000cce8    r-x
  00000000    00000000    000000c0   000000c0    r-- .intvecs
  000000c0    000000c0    0000b360   0000b360    r-x .text
  0000b420    0000b420    00001790   00001790    r-- .rodata
  0000cbb0    0000cbb0    00000138   00000138    r-- .cinit
20200000    20200000    0000090e   00000000    rw-
  20200000    20200000    000005de   00000000    rw- .bss
  202005e0    202005e0    0000032e   00000000    rw- .data
20207e00    20207e00    00000200   00000000    rw-
  20207e00    20207e00    00000200   00000000    rw- .stack


SECTION ALLOCATION MAP

 output                                  attributes/
section   page    origin      length       input sections
--------  ----  ----------  ----------   ----------------
.intvecs   0    00000000    000000c0     
                  00000000    000000c0     startup_mspm0g350x_ticlang.o (.intvecs)

.text      0    000000c0    0000b360     
                  000000c0    00000bac     line_follower.o (.text.line_follower)
                  00000c6c    000009d0     libc.a : _printfi.c.obj (.text:__TI_printfi)
                  0000163c    000007d8     draw.o (.text.HOME_directory)
                  00001e14    000003b8     libc.a : strtod.c.obj (.text.strtod)
                  000021cc    00000364            : e_asin.c.obj (.text.asin)
                  00002530    000002f8            : s_atan.c.obj (.text.atan)
                  00002828    00000278     inv_mpu_dmp_motion_driver.o (.text.dmp_enable_feature)
                  00002aa0    00000260     electrical_machinery.o (.text.car_run)
                  00002d00    0000023c     u8g2_font.o (.text.u8g2_font_decode_glyph)
                  00002f3c    00000238     inv_mpu_dmp_motion_driver.o (.text.dmp_set_tap_thresh)
                  00003174    0000022c     mpu6050.o (.text.Read_Quad)
                  000033a0    0000022c     inv_mpu.o (.text.mpu_reset_fifo)
                  000035cc    00000220     libc.a : _printfi.c.obj (.text._pconv_a)
                  000037ec    000001f4     inv_mpu_dmp_motion_driver.o (.text.dmp_read_fifo)
                  000039e0    000001dc     libc.a : _printfi.c.obj (.text._pconv_g)
                  00003bbc    000001d0     oled.o (.text.u8x8_gpio_and_delay)
                  00003d8c    000001b0     ti_msp_dl_config.o (.text.SYSCFG_DL_GPIO_init)
                  00003f3c    000001a0     inv_mpu.o (.text.mpu_set_bypass)
                  000040dc    00000192     libclang_rt.builtins.a : adddf3.S.obj (.text.adddf3_subdf3)
                  0000426e    00000002                            : aeabi_div0.c.obj (.text.__aeabi_idiv0)
                  00004270    00000188     libc.a : e_atan2.c.obj (.text.atan2)
                  000043f8    00000178     inv_mpu_dmp_motion_driver.o (.text.dmp_set_orientation)
                  00004570    00000170     libc.a : e_sqrt.c.obj (.text.sqrt)
                  000046e0    00000168     draw.o (.text.Calibration_waiting)
                  00004848    00000168     u8x8_d_ssd1306_128x64_noname.o (.text.u8x8_d_ssd1306_sh1106_generic)
                  000049b0    00000164     u8g2_ll_hvline.o (.text.u8g2_ll_hvline_vertical_top_lsb)
                  00004b14    00000148     mpu6050.o (.text.MPU6050_Init)
                  00004c5c    00000148     draw.o (.text.zb_control)
                  00004da4    00000142     u8g2_font.o (.text.u8g2_font_decode_len)
                  00004ee6    00000002     libclang_rt.builtins.a : aeabi_div0.c.obj (.text.__aeabi_ldiv0)
                  00004ee8    0000013c     libc.a : _printfi.c.obj (.text.fcvt)
                  00005024    0000013c     u8x8_8x8.o (.text.u8x8_utf8_next)
                  00005160    00000134     mspm0_i2c.o (.text.mspm0_i2c_read)
                  00005294    00000134     mspm0_xj_i2c.o (.text.mspm0_xj_i2c_read)
                  000053c8    00000134     u8x8_cad.o (.text.u8x8_cad_ssd13xx_fast_i2c)
                  000054fc    00000130     inv_mpu.o (.text.mpu_set_sensors)
                  0000562c    0000012a     u8g2_hvline.o (.text.u8g2_DrawHVLine)
                  00005756    00000002     libc.a : _lock.c.obj (.text._nop)
                  00005758    00000128     inv_mpu.o (.text.mpu_init)
                  00005880    00000124     inv_mpu.o (.text.mpu_load_firmware)
                  000059a4    00000120     libc.a : _printfi.c.obj (.text._pconv_e)
                  00005ac4    0000011c     uart.o (.text.parse_uart_command)
                  00005be0    00000116     u8g2_font.o (.text.u8g2_font_get_glyph_data)
                  00005cf6    00000002     --HOLE-- [fill = 0]
                  00005cf8    0000010c     libclang_rt.builtins.a : divdf3.S.obj (.text.__divdf3)
                  00005e04    00000108     inv_mpu.o (.text.mpu_read_fifo_stream)
                  00005f0c    00000104     driverlib.a : dl_timer.o (.text.DL_Timer_initFourCCPWMMode)
                  00006010    00000100     inv_mpu.o (.text.mpu_lp_accel_mode)
                  00006110    000000fc     line_follower.o (.text.c_control)
                  0000620c    000000fc     u8g2_font.o (.text.u8g2_read_font_info)
                  00006308    000000ec     inv_mpu.o (.text.mpu_set_sample_rate)
                  000063f4    000000e4     libclang_rt.builtins.a : muldf3.S.obj (.text.__muldf3)
                  000064d8    000000e4     inv_mpu.o (.text.mpu_set_accel_fsr)
                  000065bc    000000dc     driverlib.a : dl_sysctl_mspm0g1x0x_g3x0x.o (.text.DL_SYSCTL_configSYSPLL)
                  00006698    000000d8     interrupt.o (.text.GROUP1_IRQHandler)
                  00006770    000000d8     libc.a : s_scalbn.c.obj (.text.scalbn)
                  00006848    000000d8     u8g2_font.o (.text.u8g2_draw_string)
                  00006920    000000d8     libclang_rt.builtins.a : addsf3.S.obj (.text)
                  000069f8    000000d6     u8g2_hvline.o (.text.u8g2_clip_intersection2)
                  00006ace    00000002     --HOLE-- [fill = 0]
                  00006ad0    000000d4     inv_mpu.o (.text.set_int_enable)
                  00006ba4    000000d0     inv_mpu.o (.text.mpu_set_lpf)
                  00006c74    000000c6     u8g2_font.o (.text.u8g2_UpdateRefHeight)
                  00006d3a    00000002     --HOLE-- [fill = 0]
                  00006d3c    000000c4     ti_msp_dl_config.o (.text.SYSCFG_DL_initPower)
                  00006e00    000000c4     inv_mpu.o (.text.mpu_set_gyro_fsr)
                  00006ec4    000000c4     mspm0_i2c.o (.text.mspm0_i2c_write)
                  00006f88    000000c0     draw.o (.text.PID_control)
                  00007048    000000c0     u8x8_byte.o (.text.u8x8_byte_sw_i2c)
                  00007108    000000bc     inv_mpu.o (.text.mpu_configure_fifo)
                  000071c4    000000b8     inv_mpu.o (.text.mpu_set_dmp_state)
                  0000727c    000000ae     u8g2_setup.o (.text.u8g2_update_dimension_common)
                  0000732a    00000002     --HOLE-- [fill = 0]
                  0000732c    000000ac     inv_mpu.o (.text.mpu_read_mem)
                  000073d8    000000ac     inv_mpu.o (.text.mpu_write_mem)
                  00007484    000000ac     u8g2_setup.o (.text.u8g2_apply_clip_window)
                  00007530    000000a8     draw.o (.text.CAR_control)
                  000075d8    000000a4     u8x8_cad.o (.text.u8x8_cad_SendSequence)
                  0000767c    000000a2     libclang_rt.builtins.a : udivmoddi4.S.obj (.text)
                  0000771e    00000002     --HOLE-- [fill = 0]
                  00007720    0000009c     inv_mpu.o (.text.mpu_set_int_latched)
                  000077bc    0000009c     draw.o (.text.quanshukongzi)
                  00007858    00000098     inv_mpu_dmp_motion_driver.o (.text.dmp_set_fifo_rate)
                  000078f0    00000096     mpu6050.o (.text.inv_row_2_scale)
                  00007986    00000002     --HOLE-- [fill = 0]
                  00007988    00000096     u8g2_font.o (.text.u8g2_DrawGlyph)
                  00007a1e    00000094     u8g2_intersection.o (.text.u8g2_is_intersection_decision_tree)
                  00007ab2    0000008e     u8g2_buffer.o (.text.u8g2_send_buffer)
                  00007b40    0000008c     libclang_rt.builtins.a : mulsf3.S.obj (.text.__mulsf3)
                  00007bcc    0000008c     inv_mpu_dmp_motion_driver.o (.text.decode_gesture)
                  00007c58    0000008a     u8x8_byte.o (.text.i2c_write_byte)
                  00007ce2    00000002     --HOLE-- [fill = 0]
                  00007ce4    00000088     uart.o (.text.UART0_IRQHandler)
                  00007d6c    00000088     uart.o (.text.UART1_IRQHandler)
                  00007df4    00000088     line_follower.o (.text.filter_sensor_state)
                  00007e7c    00000088     u8g2_font.o (.text.u8g2_font_decode_get_unsigned_bits)
                  00007f04    00000084     clock.o (.text.__NVIC_SetPriority)
                  00007f88    00000084     ti_msp_dl_config.o (.text.__NVIC_SetPriority)
                  0000800c    00000082     libclang_rt.builtins.a : divsf3.S.obj (.text.__divsf3)
                  0000808e    00000002     --HOLE-- [fill = 0]
                  00008090    00000080     u8x8_d_ssd1306_128x64_noname.o (.text.u8x8_d_ssd1306_128x64_noname)
                  00008110    0000007c     libc.a : copy_decompress_lzss.c.obj (.text:decompress:lzss)
                  0000818c    00000078     u8g2_box.o (.text.u8g2_DrawBox)
                  00008204    00000078     u8g2_setup.o (.text.u8g2_SetupBuffer)
                  0000827c    00000076     u8g2_font.o (.text.u8g2_add_vector_x)
                  000082f2    00000076     u8g2_font.o (.text.u8g2_add_vector_y)
                  00008368    00000074     libclang_rt.builtins.a : comparedf2.c.obj (.text.__gedf2)
                  000083dc    00000004     startup_mspm0g350x_ticlang.o (.text.Default_Handler)
                  000083e0    00000074     libclang_rt.builtins.a : truncdfsf2.S.obj (.text.__truncdfsf2)
                  00008454    00000074     inv_mpu.o (.text.mpu_get_accel_fsr)
                  000084c8    0000006c     ti_msp_dl_config.o (.text.SYSCFG_DL_PWM_L1_init)
                  00008534    0000006c     ti_msp_dl_config.o (.text.SYSCFG_DL_PWM_L2_init)
                  000085a0    0000006c     ti_msp_dl_config.o (.text.SYSCFG_DL_PWM_R1_init)
                  0000860c    0000006c     ti_msp_dl_config.o (.text.SYSCFG_DL_PWM_R2_init)
                  00008678    0000006c     line_follower.o (.text.handle_turn_event)
                  000086e4    0000006c     u8g2_buffer.o (.text.u8g2_NextPage)
                  00008750    0000006c     u8x8_display.o (.text.u8x8_d_helper_display_init)
                  000087bc    00000068     libclang_rt.builtins.a : comparedf2.c.obj (.text.__ledf2)
                  00008824    00000068     draw.o (.text.xianshuc)
                  0000888c    00000066     libc.a : _printfi.c.obj (.text._mcpy)
                  000088f2    00000066     inv_mpu_dmp_motion_driver.o (.text.dmp_set_tap_axes)
                  00008958    00000064     main.o (.text.main)
                  000089bc    00000064     u8g2_intersection.o (.text.u8g2_IsIntersection)
                  00008a20    00000062     libclang_rt.builtins.a : aeabi_dcmp.S.obj (.text.__aeabi_dcmp)
                  00008a82    00000002     --HOLE-- [fill = 0]
                  00008a84    00000062                            : aeabi_fcmp.S.obj (.text.__aeabi_fcmp)
                  00008ae6    00000002     --HOLE-- [fill = 0]
                  00008ae8    00000060     line_follower.o (.text.angle_calculation)
                  00008b48    00000060     inv_mpu_dmp_motion_driver.o (.text.dmp_enable_gyro_cal)
                  00008ba8    00000060     mspm0_xj_i2c.o (.text.motor_xj_i2c_sda_unlock)
                  00008c08    00000060     mspm0_i2c.o (.text.mpu6050_i2c_sda_unlock)
                  00008c68    00000060     inv_mpu.o (.text.mpu_get_gyro_fsr)
                  00008cc8    0000005e     driverlib.a : dl_i2c.o (.text.DL_I2C_fillControllerTXFIFO)
                  00008d26    00000002     --HOLE-- [fill = 0]
                  00008d28    0000005c     libc.a : s_frexp.c.obj (.text.frexp)
                  00008d84    0000005c     mspm0_i2c.o (.text.mspm0_i2c_enable)
                  00008de0    0000005c     mspm0_xj_i2c.o (.text.mspm0_i2c_enable)
                  00008e3c    0000005c     libc.a : printf.c.obj (.text.printf)
                  00008e98    00000058     ti_msp_dl_config.o (.text.SYSCFG_DL_I2C_BUS_init)
                  00008ef0    00000058     ti_msp_dl_config.o (.text.SYSCFG_DL_I2C_MPU6050_init)
                  00008f48    00000058     libc.a : _ltoa.c.obj (.text.__TI_ltoa)
                  00008fa0    00000058            : _printfi.c.obj (.text._pconv_f)
                  00008ff8    00000058     line_follower.o (.text.update_turn_count)
                  00009050    00000056     libclang_rt.builtins.a : aeabi_idivmod.S.obj (.text.__aeabi_idivmod)
                  000090a6    00000054     u8g2_buffer.o (.text.u8g2_send_tile_row)
                  000090fa    00000052     libc.a : _printfi.c.obj (.text._ecpy)
                  0000914c    00000052     u8g2_font.o (.text.u8g2_font_setup_decode)
                  0000919e    00000002     --HOLE-- [fill = 0]
                  000091a0    00000050     mspm0_i2c.o (.text.DL_I2C_startControllerTransfer)
                  000091f0    00000050     mspm0_xj_i2c.o (.text.DL_I2C_startControllerTransfer)
                  00009240    00000050     clock.o (.text.SysTick_Config)
                  00009290    00000050     uart.o (.text.fputs)
                  000092e0    00000050     u8g2_font.o (.text.u8g2_font_draw_glyph)
                  00009330    0000004c     ti_msp_dl_config.o (.text.DL_UART_setBaudRateDivisor)
                  0000937c    0000004c     ti_msp_dl_config.o (.text.SYSCFG_DL_SYSCTL_init)
                  000093c8    0000004a     libclang_rt.builtins.a : fixdfsi.S.obj (.text.__fixdfsi)
                  00009412    0000004a     u8x8_byte.o (.text.i2c_start)
                  0000945c    00000048     driverlib.a : dl_uart.o (.text.DL_UART_init)
                  000094a4    00000048     ti_msp_dl_config.o (.text.SYSCFG_DL_UART_0_init)
                  000094ec    00000048     ti_msp_dl_config.o (.text.SYSCFG_DL_UART_1_init)
                  00009534    00000048     electrical_machinery.o (.text.car_stop)
                  0000957c    00000048     inv_mpu_dmp_motion_driver.o (.text.dmp_enable_6x_lp_quat)
                  000095c4    00000048     inv_mpu_dmp_motion_driver.o (.text.dmp_enable_lp_quat)
                  0000960c    00000048     mspm0_i2c.o (.text.mspm0_i2c_disable)
                  00009654    00000048     u8g2_d_setup.o (.text.u8g2_Setup_ssd1306_i2c_128x64_noname_f)
                  0000969c    00000046     u8g2_font.o (.text.u8g2_font_decode_get_signed_bits)
                  000096e2    00000002     --HOLE-- [fill = 0]
                  000096e4    00000044     driverlib.a : dl_sysctl_mspm0g1x0x_g3x0x.o (.text.DL_SYSCTL_switchMCLKfromSYSOSCtoHSCLK)
                  00009728    00000044     ti_msp_dl_config.o (.text.SYSCFG_DL_init)
                  0000976c    00000044     inv_mpu_dmp_motion_driver.o (.text.dmp_set_shake_reject_thresh)
                  000097b0    00000044     inv_mpu_dmp_motion_driver.o (.text.dmp_set_tap_count)
                  000097f4    00000044     electrical_machinery.o (.text.limit_max)
                  00009838    00000044     mspm0_xj_i2c.o (.text.mspm0_i2c_disable)
                  0000987c    00000044     u8x8_setup.o (.text.u8x8_SetupDefaults)
                  000098c0    00000040     libclang_rt.builtins.a : aeabi_uidivmod.S.obj (.text.__aeabi_uidivmod)
                  00009900    00000040                            : extendsfdf2.S.obj (.text.__extendsfdf2)
                  00009940    00000040     libc.a : atoi.c.obj (.text.atoi)
                  00009980    00000040     oled.o (.text.u8g2Init)
                  000099c0    0000003e     mpu6050.o (.text.inv_orientation_matrix_to_scalar)
                  000099fe    0000003e     electrical_machinery.o (.text.limit_min)
                  00009a3c    0000003e     u8g2_hvline.o (.text.u8g2_draw_hv_line_2dir)
                  00009a7a    00000002     --HOLE-- [fill = 0]
                  00009a7c    0000003c     mspm0_i2c.o (.text.DL_GPIO_initPeripheralInputFunctionFeatures)
                  00009ab8    0000003c     mspm0_xj_i2c.o (.text.DL_GPIO_initPeripheralInputFunctionFeatures)
                  00009af4    0000003c     ti_msp_dl_config.o (.text.DL_GPIO_initPeripheralInputFunctionFeatures)
                  00009b30    0000003c     driverlib.a : dl_i2c.o (.text.DL_I2C_flushControllerTXFIFO)
                  00009b6c    0000003c     ti_msp_dl_config.o (.text.DL_Timer_setCounterControl)
                  00009ba8    0000003c     main.o (.text.MSPM0_Init)
                  00009be4    0000003c     libclang_rt.builtins.a : floatsisf.S.obj (.text.__floatsisf)
                  00009c20    0000003c                            : comparesf2.S.obj (.text.__gtsf2)
                  00009c5c    0000003c     libc.a : autoinit.c.obj (.text:__TI_auto_init_nobinit_nopinit)
                  00009c98    0000003a     libclang_rt.builtins.a : comparesf2.S.obj (.text.__eqsf2)
                  00009cd2    00000002     --HOLE-- [fill = 0]
                  00009cd4    0000003a                            : muldsi3.S.obj (.text.__muldsi3)
                  00009d0e    00000002     --HOLE-- [fill = 0]
                  00009d10    00000038                            : fixsfsi.S.obj (.text.__fixsfsi)
                  00009d48    00000038     u8x8_byte.o (.text.i2c_write_bit)
                  00009d80    00000038     line_follower.o (.text.parse_sensor_data)
                  00009db8    00000038     libc.a : sprintf.c.obj (.text.sprintf)
                  00009df0    00000036     u8g2_setup.o (.text.u8g2_update_page_win_r0)
                  00009e26    00000036     u8x8_setup.o (.text.u8x8_Setup)
                  00009e5c    00000034     mspm0_i2c.o (.text.DL_GPIO_initDigitalInputFeatures)
                  00009e90    00000034     mspm0_xj_i2c.o (.text.DL_GPIO_initDigitalInputFeatures)
                  00009ec4    00000034     ti_msp_dl_config.o (.text.DL_GPIO_initDigitalInputFeatures)
                  00009ef8    00000034     inv_mpu.o (.text.mpu_get_sample_rate)
                  00009f2c    00000034     u8g2_font.o (.text.u8g2_DrawUTF8)
                  00009f60    00000034     u8g2_setup.o (.text.u8g2_SetMaxClipWindow)
                  00009f94    00000034     u8g2_setup.o (.text.u8g2_draw_l90_r0)
                  00009fc8    00000034     u8g2_font.o (.text.u8g2_font_get_word)
                  00009ffc    00000034     u8x8_display.o (.text.u8x8_DrawTile)
                  0000a030    00000034     u8x8_cad.o (.text.u8x8_i2c_data_transfer)
                  0000a064    00000032     inv_mpu_dmp_motion_driver.o (.text.dmp_set_shake_reject_time)
                  0000a096    00000032     inv_mpu_dmp_motion_driver.o (.text.dmp_set_shake_reject_timeout)
                  0000a0c8    00000032     libc.a : strstr.c.obj (.text.strstr)
                  0000a0fa    00000002     --HOLE-- [fill = 0]
                  0000a0fc    00000030     uart.o (.text.UART_Init)
                  0000a12c    00000030     libc.a : _printfi.c.obj (.text._fcpy)
                  0000a15c    00000030     inv_mpu_dmp_motion_driver.o (.text.dmp_set_tap_time)
                  0000a18c    00000030     inv_mpu_dmp_motion_driver.o (.text.dmp_set_tap_time_multi)
                  0000a1bc    00000030     u8x8_byte.o (.text.i2c_stop)
                  0000a1ec    00000030     clock.o (.text.mspm0_delay_ms)
                  0000a21c    00000030     u8g2_font.o (.text.u8g2_SetFont)
                  0000a24c    0000002e     u8x8_byte.o (.text.i2c_read_bit)
                  0000a27a    0000002e     u8g2_buffer.o (.text.u8g2_ClearBuffer)
                  0000a2a8    0000002c     draw.o (.text.DIRECTORY_control)
                  0000a2d4    0000002c     uart.o (.text.__NVIC_ClearPendingIRQ)
                  0000a300    0000002c     main.o (.text.__NVIC_EnableIRQ)
                  0000a32c    0000002c     mpu6050.o (.text.__NVIC_EnableIRQ)
                  0000a358    0000002c     uart.o (.text.__NVIC_EnableIRQ)
                  0000a384    0000002c     libclang_rt.builtins.a : floatsidf.S.obj (.text.__floatsidf)
                  0000a3b0    0000002c     uart.o (.text.fputc)
                  0000a3dc    0000002c     clock.o (.text.mspm0_get_clock_ms)
                  0000a408    0000002c     uart.o (.text.uart0_send_char)
                  0000a434    0000002c     uart.o (.text.uart1_send_char)
                  0000a460    00000028     mspm0_i2c.o (.text.DL_Common_updateReg)
                  0000a488    00000028     mspm0_xj_i2c.o (.text.DL_Common_updateReg)
                  0000a4b0    00000028     ti_msp_dl_config.o (.text.DL_Common_updateReg)
                  0000a4d8    00000028     ti_msp_dl_config.o (.text.DL_I2C_setControllerRXFIFOThreshold)
                  0000a500    00000028     ti_msp_dl_config.o (.text.DL_I2C_setControllerTXFIFOThreshold)
                  0000a528    00000028     libclang_rt.builtins.a : floatunsisf.S.obj (.text.__floatunsisf)
                  0000a550    00000028     u8g2_cleardisplay.o (.text.u8g2_ClearDisplay)
                  0000a578    00000028     libc.a : boot_cortex_m.c.obj (.text:_c_int00_noargs)
                  0000a5a0    00000026     ti_msp_dl_config.o (.text.DL_I2C_setAnalogGlitchFilterPulseWidth)
                  0000a5c6    00000026     driverlib.a : dl_i2c.o (.text.DL_I2C_setClockConfig)
                  0000a5ec    00000026     u8x8_byte.o (.text.i2c_init)
                  0000a612    00000026     u8g2_buffer.o (.text.u8g2_FirstPage)
                  0000a638    00000026     u8g2_buffer.o (.text.u8g2_SetBufferCurrTileRow)
                  0000a65e    00000026     u8g2_hvline.o (.text.u8g2_SetDrawColor)
                  0000a684    00000026     u8x8_gpio.o (.text.u8x8_gpio_call)
                  0000a6aa    00000002     --HOLE-- [fill = 0]
                  0000a6ac    00000024     oled.o (.text.GPIO_Init)
                  0000a6d0    00000024     libclang_rt.builtins.a : muldi3.S.obj (.text.__muldi3)
                  0000a6f4    00000022     libc.a : memccpy.c.obj (.text.memccpy)
                  0000a716    00000022            : strncmp.c.obj (.text.strncmp)
                  0000a738    00000022     u8x8_byte.o (.text.u8x8_byte_SendBytes)
                  0000a75a    00000022     u8x8_cad.o (.text.u8x8_cad_SendData)
                  0000a77c    00000020     ti_msp_dl_config.o (.text.DL_GPIO_initPeripheralInputFunction)
                  0000a79c    00000020     mpu6050.o (.text.DL_SYSCTL_resetDevice)
                  0000a7bc    00000020     ti_msp_dl_config.o (.text.DL_SYSCTL_setFlashWaitState)
                  0000a7dc    00000020     libc.a : memcmp.c.obj (.text.memcmp)
                  0000a7fc    00000020     u8x8_display.o (.text.u8x8_SetPowerSave)
                  0000a81c    00000020     u8x8_cad.o (.text.u8x8_cad_SendArg)
                  0000a83c    00000020     u8x8_cad.o (.text.u8x8_cad_SendCmd)
                  0000a85c    0000001e     ti_msp_dl_config.o (.text.DL_UART_setOversampling)
                  0000a87a    00000002     --HOLE-- [fill = 0]
                  0000a87c    0000001e     libclang_rt.builtins.a : ashldi3.S.obj (.text.__ashldi3)
                  0000a89a    00000002     --HOLE-- [fill = 0]
                  0000a89c    0000001c     ti_msp_dl_config.o (.text.DL_GPIO_clearInterruptStatus)
                  0000a8b8    0000001c     mspm0_i2c.o (.text.DL_GPIO_enableHiZ)
                  0000a8d4    0000001c     mspm0_xj_i2c.o (.text.DL_GPIO_enableHiZ)
                  0000a8f0    0000001c     ti_msp_dl_config.o (.text.DL_GPIO_enableHiZ)
                  0000a90c    0000001c     ti_msp_dl_config.o (.text.DL_GPIO_enableInterrupt)
                  0000a928    0000001c     ti_msp_dl_config.o (.text.DL_GPIO_initPeripheralOutputFunction)
                  0000a944    0000001c     mpu6050.o (.text.DL_I2C_getSDAStatus)
                  0000a960    0000001c     mspm0_i2c.o (.text.DL_I2C_isControllerRXFIFOEmpty)
                  0000a97c    0000001c     mspm0_xj_i2c.o (.text.DL_I2C_isControllerRXFIFOEmpty)
                  0000a998    0000001c     interrupt.o (.text.DL_Interrupt_getPendingGroup)
                  0000a9b4    0000001c     ti_msp_dl_config.o (.text.DL_SYSCTL_setSYSOSCFreq)
                  0000a9d0    0000001c     ti_msp_dl_config.o (.text.DL_SYSCTL_setULPCLKDivider)
                  0000a9ec    0000001c     driverlib.a : dl_timer.o (.text.DL_Timer_setCaptCompUpdateMethod)
                  0000aa08    0000001c                 : dl_timer.o (.text.DL_Timer_setClockConfig)
                  0000aa24    0000001c     ti_msp_dl_config.o (.text.DL_UART_enableInterrupt)
                  0000aa40    0000001c     inv_mpu_dmp_motion_driver.o (.text.dmp_load_motion_driver_firmware)
                  0000aa5c    0000001a     u8x8_byte.o (.text.i2c_read_scl_and_delay)
                  0000aa76    0000001a     u8x8_display.o (.text.u8x8_d_helper_display_setup_memory)
                  0000aa90    00000018     mspm0_i2c.o (.text.DL_GPIO_enableOutput)
                  0000aaa8    00000018     mspm0_xj_i2c.o (.text.DL_GPIO_enableOutput)
                  0000aac0    00000018     ti_msp_dl_config.o (.text.DL_GPIO_enableOutput)
                  0000aad8    00000018     ti_msp_dl_config.o (.text.DL_GPIO_enablePower)
                  0000aaf0    00000018     mspm0_i2c.o (.text.DL_GPIO_initDigitalOutput)
                  0000ab08    00000018     mspm0_xj_i2c.o (.text.DL_GPIO_initDigitalOutput)
                  0000ab20    00000018     ti_msp_dl_config.o (.text.DL_GPIO_initDigitalOutput)
                  0000ab38    00000018     ti_msp_dl_config.o (.text.DL_GPIO_reset)
                  0000ab50    00000018     draw.o (.text.DL_GPIO_setPins)
                  0000ab68    00000018     line_follower.o (.text.DL_GPIO_setPins)
                  0000ab80    00000018     main.o (.text.DL_GPIO_setPins)
                  0000ab98    00000018     mspm0_i2c.o (.text.DL_GPIO_setPins)
                  0000abb0    00000018     mspm0_xj_i2c.o (.text.DL_GPIO_setPins)
                  0000abc8    00000018     oled.o (.text.DL_GPIO_setPins)
                  0000abe0    00000018     ti_msp_dl_config.o (.text.DL_GPIO_setUpperPinsPolarity)
                  0000abf8    00000018     mspm0_i2c.o (.text.DL_I2C_clearInterruptStatus)
                  0000ac10    00000018     mspm0_xj_i2c.o (.text.DL_I2C_clearInterruptStatus)
                  0000ac28    00000018     ti_msp_dl_config.o (.text.DL_I2C_enableAnalogGlitchFilter)
                  0000ac40    00000018     ti_msp_dl_config.o (.text.DL_I2C_enableController)
                  0000ac58    00000018     ti_msp_dl_config.o (.text.DL_I2C_enableControllerClockStretching)
                  0000ac70    00000018     mspm0_i2c.o (.text.DL_I2C_enablePower)
                  0000ac88    00000018     mspm0_xj_i2c.o (.text.DL_I2C_enablePower)
                  0000aca0    00000018     ti_msp_dl_config.o (.text.DL_I2C_enablePower)
                  0000acb8    00000018     mspm0_i2c.o (.text.DL_I2C_getRawInterruptStatus)
                  0000acd0    00000018     mspm0_xj_i2c.o (.text.DL_I2C_getRawInterruptStatus)
                  0000ace8    00000018     mspm0_i2c.o (.text.DL_I2C_reset)
                  0000ad00    00000018     mspm0_xj_i2c.o (.text.DL_I2C_reset)
                  0000ad18    00000018     ti_msp_dl_config.o (.text.DL_I2C_reset)
                  0000ad30    00000018     ti_msp_dl_config.o (.text.DL_I2C_setTimerPeriod)
                  0000ad48    00000018     ti_msp_dl_config.o (.text.DL_SYSCTL_setBORThreshold)
                  0000ad60    00000018     ti_msp_dl_config.o (.text.DL_Timer_enablePower)
                  0000ad78    00000018     ti_msp_dl_config.o (.text.DL_Timer_reset)
                  0000ad90    00000018     driverlib.a : dl_timer.o (.text.DL_Timer_setCaptureCompareOutCtl)
                  0000ada8    00000018     ti_msp_dl_config.o (.text.DL_UART_enablePower)
                  0000adc0    00000018     uart.o (.text.DL_UART_isBusy)
                  0000add8    00000018     ti_msp_dl_config.o (.text.DL_UART_reset)
                  0000adf0    00000018     clock.o (.text.SysTick_Init)
                  0000ae08    00000018     libc.a : sprintf.c.obj (.text._outs)
                  0000ae20    00000018     u8g2_font.o (.text.u8g2_font_get_byte)
                  0000ae38    00000016     interrupt.o (.text.DL_GPIO_readPins)
                  0000ae4e    00000016     mspm0_i2c.o (.text.DL_GPIO_readPins)
                  0000ae64    00000016     mspm0_xj_i2c.o (.text.DL_GPIO_readPins)
                  0000ae7a    00000016     mspm0_i2c.o (.text.DL_I2C_transmitControllerData)
                  0000ae90    00000016     mspm0_xj_i2c.o (.text.DL_I2C_transmitControllerData)
                  0000aea6    00000016     ti_msp_dl_config.o (.text.DL_UART_enable)
                  0000aebc    00000016     uart.o (.text.DL_UART_transmitData)
                  0000aed2    00000016     u8x8_byte.o (.text.i2c_delay)
                  0000aee8    00000016     u8x8_display.o (.text.u8x8_InitDisplay)
                  0000aefe    00000016     u8x8_display.o (.text.u8x8_RefreshDisplay)
                  0000af14    00000016     u8x8_display.o (.text.u8x8_SetupMemory)
                  0000af2a    00000016     u8x8_byte.o (.text.u8x8_byte_EndTransfer)
                  0000af40    00000016     u8x8_byte.o (.text.u8x8_byte_SendByte)
                  0000af56    00000016     u8x8_byte.o (.text.u8x8_byte_StartTransfer)
                  0000af6c    00000016     u8x8_cad.o (.text.u8x8_cad_EndTransfer)
                  0000af82    00000016     u8x8_cad.o (.text.u8x8_cad_StartTransfer)
                  0000af98    00000016     u8x8_setup.o (.text.u8x8_dummy_cb)
                  0000afae    00000014     draw.o (.text.DL_GPIO_clearPins)
                  0000afc2    00000014     line_follower.o (.text.DL_GPIO_clearPins)
                  0000afd6    00000014     main.o (.text.DL_GPIO_clearPins)
                  0000afea    00000014     mspm0_i2c.o (.text.DL_GPIO_clearPins)
                  0000affe    00000014     mspm0_xj_i2c.o (.text.DL_GPIO_clearPins)
                  0000b012    00000014     oled.o (.text.DL_GPIO_clearPins)
                  0000b026    00000014     ti_msp_dl_config.o (.text.DL_GPIO_clearPins)
                  0000b03a    00000002     --HOLE-- [fill = 0]
                  0000b03c    00000014     mspm0_i2c.o (.text.DL_I2C_getControllerStatus)
                  0000b050    00000014     mspm0_xj_i2c.o (.text.DL_I2C_getControllerStatus)
                  0000b064    00000014     mspm0_i2c.o (.text.DL_I2C_receiveControllerData)
                  0000b078    00000014     mspm0_xj_i2c.o (.text.DL_I2C_receiveControllerData)
                  0000b08c    00000014     ti_msp_dl_config.o (.text.DL_I2C_resetControllerTransfer)
                  0000b0a0    00000014     ti_msp_dl_config.o (.text.DL_SYSCTL_disableSYSPLL)
                  0000b0b4    00000014     ti_msp_dl_config.o (.text.DL_SYSCTL_enableMFCLK)
                  0000b0c8    00000014     ti_msp_dl_config.o (.text.DL_Timer_enableClock)
                  0000b0dc    00000014     ti_msp_dl_config.o (.text.DL_Timer_setCCPDirection)
                  0000b0f0    00000014     uart.o (.text.DL_UART_receiveData)
                  0000b104    00000014     libclang_rt.builtins.a : aeabi_uldivmod.S.obj (.text.__aeabi_uldivmod)
                  0000b118    00000014     inv_mpu_dmp_motion_driver.o (.text.dmp_register_android_orient_cb)
                  0000b12c    00000014     inv_mpu_dmp_motion_driver.o (.text.dmp_register_tap_cb)
                  0000b140    00000014     u8x8_byte.o (.text.i2c_clear_scl)
                  0000b154    00000014     u8x8_byte.o (.text.i2c_clear_sda)
                  0000b168    00000014     u8x8_byte.o (.text.i2c_read_sda)
                  0000b17c    00000014     libc.a : _printfi.c.obj (.text.strchr)
                  0000b190    00000014            : strchr.c.obj (.text.strchr)
                  0000b1a4    00000014     u8g2_font.o (.text.u8g2_SetFontDirection)
                  0000b1b8    00000014     u8g2_font.o (.text.u8g2_SetFontMode)
                  0000b1cc    00000014     u8g2_font.o (.text.u8g2_SetFontPosBaseline)
                  0000b1e0    00000014     u8g2_d_memory.o (.text.u8g2_m_16_8_f)
                  0000b1f4    00000012     uart.o (.text.DL_UART_getPendingInterrupt)
                  0000b206    00000012     driverlib.a : dl_uart.o (.text.DL_UART_setClockConfig)
                  0000b218    00000012     libc.a : memcpy16.S.obj (.text:TI_memcpy_small)
                  0000b22a    00000012            : copy_decompress_none.c.obj (.text:decompress:none)
                  0000b23c    00000010     ti_msp_dl_config.o (.text.DL_SYSCTL_disableHFXT)
                  0000b24c    00000010     driverlib.a : dl_timer.o (.text.DL_Timer_setCaptureCompareValue)
                  0000b25c    00000010     interrupt.o (.text.SysTick_Handler)
                  0000b26c    00000010     u8g2_setup.o (.text.u8g2_update_dimension_r0)
                  0000b27c    00000010     u8x8_8x8.o (.text.u8x8_utf8_init)
                  0000b28c    00000010     libc.a : wcslen.c.obj (.text.wcslen)
                  0000b29c    00000010            : copy_zero_init.c.obj (.text:decompress:ZI)
                  0000b2ac    0000000e     libclang_rt.builtins.a : aeabi_memset.S.obj (.text.__aeabi_memset)
                  0000b2ba    0000000e     libc.a : _printfi.c.obj (.text.strlen)
                  0000b2c8    0000000e     mpu6050.o (.text.tap_cb)
                  0000b2d6    0000000e     libc.a : memset16.S.obj (.text:TI_memset_small)
                  0000b2e4    0000000c     libclang_rt.builtins.a : aeabi_memset.S.obj (.text.__aeabi_memclr)
                  0000b2f0    0000000a     driverlib.a : dl_common.o (.text.DL_Common_delayCycles)
                  0000b2fa    0000000a     libc.a : _printfi.c.obj (.text.OUTLINED_FUNCTION_0)
                  0000b304    00000010     libclang_rt.builtins.a : adddf3.S.obj (.tramp.__aeabi_dsub.1)
                  0000b314    0000000a     libc.a : e_asin.c.obj (.text.OUTLINED_FUNCTION_0)
                  0000b31e    00000002     --HOLE-- [fill = 0]
                  0000b320    00000010     libclang_rt.builtins.a : muldf3.S.obj (.tramp.__aeabi_dmul.1)
                  0000b330    0000000a     libc.a : s_atan.c.obj (.text.OUTLINED_FUNCTION_0)
                  0000b33a    0000000a            : _printfi.c.obj (.text.OUTLINED_FUNCTION_1)
                  0000b344    0000000a            : e_asin.c.obj (.text.OUTLINED_FUNCTION_1)
                  0000b34e    0000000a            : e_asin.c.obj (.text.OUTLINED_FUNCTION_3)
                  0000b358    00000010     libclang_rt.builtins.a : divdf3.S.obj (.tramp.__aeabi_ddiv.1)
                  0000b368    0000000a     libc.a : sprintf.c.obj (.text._outc)
                  0000b372    0000000a     mpu6050.o (.text.android_orient_cb)
                  0000b37c    0000000a     libc.a : atof.c.obj (.text.atof)
                  0000b386    0000000a     u8g2_font.o (.text.u8g2_font_calc_vref_font)
                  0000b390    00000008     libc.a : strtod.c.obj (.text.OUTLINED_FUNCTION_0)
                  0000b398    00000008            : strtod.c.obj (.text.OUTLINED_FUNCTION_1)
                  0000b3a0    00000010     libclang_rt.builtins.a : aeabi_dcmp.S.obj (.tramp.__aeabi_dcmpeq.1)
                  0000b3b0    00000008     libc.a : s_atan.c.obj (.text.OUTLINED_FUNCTION_2)
                  0000b3b8    00000008            : aeabi_portable.c.obj (.text.__aeabi_errno_addr)
                  0000b3c0    00000008     libclang_rt.builtins.a : aeabi_memcpy.S.obj (.text.__aeabi_memcpy)
                  0000b3c8    00000008     libc.a : printf.c.obj (.text._outc)
                  0000b3d0    00000008            : printf.c.obj (.text._outs)
                  0000b3d8    00000006            : s_atan.c.obj (.text.OUTLINED_FUNCTION_1)
                  0000b3de    00000002     --HOLE-- [fill = 0]
                  0000b3e0    00000010     libclang_rt.builtins.a : adddf3.S.obj (.tramp.__aeabi_dadd.1)
                  0000b3f0    00000006     libc.a : e_asin.c.obj (.text.OUTLINED_FUNCTION_2)
                  0000b3f6    00000006            : exit.c.obj (.text:abort)
                  0000b3fc    00000004     libsysbm.a : hostexit.c.obj (.text.HOSTexit)
                  0000b400    00000004     libc.a : e_asin.c.obj (.text.OUTLINED_FUNCTION_4)
                  0000b404    00000004     startup_mspm0g350x_ticlang.o (.text.Reset_Handler)
                  0000b408    00000010     libc.a : boot_cortex_m.c.obj (.tramp._c_int00_noargs.1)
                  0000b418    00000004            : pre_init.c.obj (.text._system_pre_init)
                  0000b41c    00000004     --HOLE-- [fill = 0]

.cinit     0    0000cbb0    00000138     
                  0000cbb0    00000112     (.cinit..data.load) [load image, compression = lzss]
                  0000ccc2    00000002     --HOLE-- [fill = 0]
                  0000ccc4    0000000c     (__TI_handler_table)
                  0000ccd0    00000008     (.cinit..bss.load) [load image, compression = zero_init]
                  0000ccd8    00000010     (__TI_cinit_table)

.rodata    0    0000b420    00001790     
                  0000b420    00000bf6     inv_mpu_dmp_motion_driver.o (.rodata.dmp_memory)
                  0000c016    0000069f     chinesetxt.o (.rodata.u8g2_font_unifont_st16)
                  0000c6b5    00000001     --HOLE-- [fill = 0]
                  0000c6b6    0000000a     ti_msp_dl_config.o (.rodata.gUART_0Config)
                  0000c6c0    00000101     libc.a : aeabi_ctype.S.obj (.rodata:__aeabi_ctype_table_)
                  0000c7c1    00000007     draw.o (.rodata.str1.1222851238220204105.1)
                  0000c7c8    00000080     libc.a : strtod.c.obj (.rodata.digits)
                  0000c848    00000048            : strtod.c.obj (.rodata.powerof10)
                  0000c890    00000040            : s_atan.c.obj (.rodata.cst32)
                  0000c8d0    00000035     u8x8_d_ssd1306_128x64_noname.o (.rodata.u8x8_d_ssd1306_128x64_noname_init_seq)
                  0000c905    00000003     ti_msp_dl_config.o (.rodata.gPWM_L1ClockConfig)
                  0000c908    00000028     ti_msp_dl_config.o (.rodata.gSYSPLLConfig)
                  0000c930    00000028     inv_mpu.o (.rodata.test)
                  0000c958    0000001e     inv_mpu.o (.rodata.reg)
                  0000c976    00000002     ti_msp_dl_config.o (.rodata.gI2C_BUSClockConfig)
                  0000c978    00000018     u8x8_d_ssd1306_128x64_noname.o (.rodata.u8x8_ssd1306_128x64_noname_display_info)
                  0000c990    00000016     draw.o (.rodata.str1.7146124109294951569.1)
                  0000c9a6    00000015     draw.o (.rodata.str1.3044352249193297061.1)
                  0000c9bb    00000014     draw.o (.rodata.str1.9363706946722908181.1)
                  0000c9cf    00000013     uart.o (.rodata.str1.14464947116831474962.1)
                  0000c9e2    00000013     draw.o (.rodata.str1.3977530377744300196.1)
                  0000c9f5    00000011     libc.a : _printfi.c.obj (.rodata.str1.10348868589481759720.1)
                  0000ca06    00000011            : _printfi.c.obj (.rodata.str1.15363888844622738466.1)
                  0000ca17    00000001     --HOLE-- [fill = 0]
                  0000ca18    00000010     draw.o (.rodata..L__const.Calibration_waiting.kks)
                  0000ca28    0000000d     draw.o (.rodata.str1.15371446012953876463.1)
                  0000ca35    00000001     --HOLE-- [fill = 0]
                  0000ca36    0000000c     inv_mpu.o (.rodata.hw)
                  0000ca42    00000002     ti_msp_dl_config.o (.rodata.gI2C_MPU6050ClockConfig)
                  0000ca44    0000000c     u8g2_setup.o (.rodata.u8g2_cb_r0)
                  0000ca50    0000000a     ti_msp_dl_config.o (.rodata.gUART_1Config)
                  0000ca5a    00000009     draw.o (.rodata.str1.16447675822648205255.1)
                  0000ca63    00000009     draw.o (.rodata.str1.4274189854934693450.1)
                  0000ca6c    00000008     ti_msp_dl_config.o (.rodata.gPWM_L1Config)
                  0000ca74    00000008     ti_msp_dl_config.o (.rodata.gPWM_L2Config)
                  0000ca7c    00000008     ti_msp_dl_config.o (.rodata.gPWM_R1Config)
                  0000ca84    00000008     ti_msp_dl_config.o (.rodata.gPWM_R2Config)
                  0000ca8c    00000007     draw.o (.rodata.str1.12753359286343333358.1)
                  0000ca93    00000007     draw.o (.rodata.str1.12927128395581683091.1)
                  0000ca9a    00000007     draw.o (.rodata.str1.14187398005209213545.1)
                  0000caa1    00000007     uart.o (.rodata.str1.15503172443992438641.1)
                  0000caa8    00000007     uart.o (.rodata.str1.2747995240747259486.1)
                  0000caaf    00000007     draw.o (.rodata.str1.4063744131834711033.1)
                  0000cab6    00000007     draw.o (.rodata.str1.5092474850242601035.1)
                  0000cabd    00000007     draw.o (.rodata.str1.6628805185763255565.1)
                  0000cac4    00000007     draw.o (.rodata.str1.7599327456358374941.1)
                  0000cacb    00000007     uart.o (.rodata.str1.8171864734171609186.1)
                  0000cad2    00000007     u8x8_d_ssd1306_128x64_noname.o (.rodata.u8x8_d_ssd1306_128x64_noname_flip0_seq)
                  0000cad9    00000007     u8x8_d_ssd1306_128x64_noname.o (.rodata.u8x8_d_ssd1306_128x64_noname_flip1_seq)
                  0000cae0    00000006     draw.o (.rodata.str1.15032166160981136206.1)
                  0000cae6    00000006     draw.o (.rodata.str1.3087611109763544748.1)
                  0000caec    00000006     uart.o (.rodata.str1.3510367808670815947.1)
                  0000caf2    00000006     draw.o (.rodata.str1.4769186932343429571.1)
                  0000caf8    00000005     uart.o (.rodata.str1.12819099410943012003.1)
                  0000cafd    00000005     draw.o (.rodata.str1.13295882753961647737.1)
                  0000cb02    00000005     draw.o (.rodata.str1.13516724617619185742.1)
                  0000cb07    00000005     draw.o (.rodata.str1.15046184968404042663.1)
                  0000cb0c    00000005     draw.o (.rodata.str1.16920298533707407236.1)
                  0000cb11    00000005     draw.o (.rodata.str1.3856563774887557434.1)
                  0000cb16    00000005     draw.o (.rodata.str1.9759785406605014316.1)
                  0000cb1b    00000005     u8x8_d_ssd1306_128x64_noname.o (.rodata.u8x8_d_ssd1306_128x64_noname_powersave0_seq)
                  0000cb20    00000005     u8x8_d_ssd1306_128x64_noname.o (.rodata.u8x8_d_ssd1306_128x64_noname_powersave1_seq)
                  0000cb25    00000004     draw.o (.rodata.str1.10860614167785051322.1)
                  0000cb29    00000004     draw.o (.rodata.str1.13558645747875480796.1)
                  0000cb2d    00000004     draw.o (.rodata.str1.13901186772788639667.1)
                  0000cb31    00000004     draw.o (.rodata.str1.17104632844336190317.1)
                  0000cb35    00000004     draw.o (.rodata.str1.17323698585101302928.1)
                  0000cb39    00000004     draw.o (.rodata.str1.2680053455445061944.1)
                  0000cb3d    00000004     draw.o (.rodata.str1.3293259928865538337.1)
                  0000cb41    00000004     draw.o (.rodata.str1.3436235078410369563.1)
                  0000cb45    00000004     draw.o (.rodata.str1.3602204908956033498.1)
                  0000cb49    00000004     draw.o (.rodata.str1.4176646092053031004.1)
                  0000cb4d    00000004     draw.o (.rodata.str1.4799947621604406399.1)
                  0000cb51    00000004     draw.o (.rodata.str1.8511851625829648913.1)
                  0000cb55    00000004     draw.o (.rodata.str1.9387805006866944833.1)
                  0000cb59    00000004     draw.o (.rodata.str1.9590535064981708106.1)
                  0000cb5d    00000004     draw.o (.rodata.str1.9976906776139131669.1)
                  0000cb61    00000003     ti_msp_dl_config.o (.rodata.gPWM_L2ClockConfig)
                  0000cb64    00000003     ti_msp_dl_config.o (.rodata.gPWM_R1ClockConfig)
                  0000cb67    00000003     ti_msp_dl_config.o (.rodata.gPWM_R2ClockConfig)
                  0000cb6a    00000003     draw.o (.rodata.str1.11299763840726973552.1)
                  0000cb6d    00000003     draw.o (.rodata.str1.11460969316090338202.1)
                  0000cb70    00000003     draw.o (.rodata.str1.12359765093345317632.1)
                  0000cb73    00000003     draw.o (.rodata.str1.14915676214180293299.1)
                  0000cb76    00000003     draw.o (.rodata.str1.15074342113409833842.1)
                  0000cb79    00000003     draw.o (.rodata.str1.16216427480567439757.1)
                  0000cb7c    00000003     draw.o (.rodata.str1.16798678518866173547.1)
                  0000cb7f    00000003     draw.o (.rodata.str1.17402708256360119916.1)
                  0000cb82    00000003     draw.o (.rodata.str1.17877410042743655113.1)
                  0000cb85    00000003     draw.o (.rodata.str1.17985918111400082174.1)
                  0000cb88    00000003     draw.o (.rodata.str1.5892703727588417526.1)
                  0000cb8b    00000003     draw.o (.rodata.str1.8450940598119648634.1)
                  0000cb8e    00000003     draw.o (.rodata.str1.8931661920520104013.1)
                  0000cb91    00000002     ti_msp_dl_config.o (.rodata.gUART_0ClockConfig)
                  0000cb93    00000002     ti_msp_dl_config.o (.rodata.gUART_1ClockConfig)
                  0000cb95    00000002     draw.o (.rodata.str1.13205193003298517140.1)
                  0000cb97    00000002     draw.o (.rodata.str1.13621094816472248119.1)
                  0000cb99    00000002     draw.o (.rodata.str1.15981432797632722681.1)
                  0000cb9b    00000002     draw.o (.rodata.str1.16224708837686808630.1)
                  0000cb9d    00000002     draw.o (.rodata.str1.6764898206403387013.1)
                  0000cb9f    00000002     draw.o (.rodata.str1.7901478166373039286.1)
                  0000cba1    0000000f     --HOLE-- [fill = 0]

.init_array 
*          0    00000000    00000000     UNINITIALIZED

.binit     0    00000000    00000000     

.bss       0    20200000    000005de     UNINITIALIZED
                  20200000    00000400     u8g2_d_memory.o (.bss.u8g2_m_16_8_f.buf)
                  20200400    000000bc     (.common:gPWM_L2Backup)
                  202004bc    000000bc     (.common:gPWM_R2Backup)
                  20200578    00000010     (.common:id)
                  20200588    00000010     (.common:quat)
                  20200598    00000006     line_follower.o (.bss.sensor_state_history)
                  2020059e    00000006     (.common:accel)
                  202005a4    00000006     (.common:gyro)
                  202005aa    00000002     (.common:sensors)
                  202005ac    00000004     (.common:D)
                  202005b0    00000004     (.common:I)
                  202005b4    00000004     (.common:L)
                  202005b8    00000004     (.common:P)
                  202005bc    00000004     (.common:R)
                  202005c0    00000004     (.common:car_begin_yaw)
                  202005c4    00000004     (.common:pitch)
                  202005c8    00000004     (.common:roll)
                  202005cc    00000004     (.common:sensor_timestamp)
                  202005d0    00000004     (.common:start_time)
                  202005d4    00000004     (.common:tick_ms)
                  202005d8    00000004     (.common:yaw)
                  202005dc    00000001     line_follower.o (.bss.IRbuf)
                  202005dd    00000001     (.common:more)

.data      0    202005e0    0000032e     UNINITIALIZED
                  202005e0    000000f0     libc.a : defs.c.obj (.data._ftable)
                  202006d0    00000080     uart.o (.data.uart_buffer)
                  20200750    0000002c     inv_mpu.o (.data.st)
                  2020077c    00000024     draw.o (.data..compoundliteral.41)
                  202007a0    00000020     draw.o (.data..compoundliteral.25)
                  202007c0    0000001c     draw.o (.data..compoundliteral.12)
                  202007dc    0000001c     draw.o (.data..compoundliteral.32)
                  202007f8    00000018     draw.o (.data..compoundliteral.44)
                  20200810    00000018     draw.o (.data..compoundliteral)
                  20200828    00000014     draw.o (.data..compoundliteral.17)
                  2020083c    00000014     draw.o (.data..compoundliteral.42)
                  20200850    00000010     inv_mpu_dmp_motion_driver.o (.data.dmp)
                  20200860    0000000e     mpu6050.o (.data.hal)
                  2020086e    00000009     mpu6050.o (.data.gyro_orientation)
                  20200877    00000001     line_follower.o (.data.left_flag)
                  20200878    00000008     draw.o (.data..compoundliteral.43)
                  20200880    00000008     draw.o (.data.directory)
                  20200888    00000008     draw.o (.data.directory_num)
                  20200890    00000004     draw.o (.data..compoundliteral.5)
                  20200894    00000004     electrical_machinery.o (.data.MAX)
                  20200898    00000004     line_follower.o (.data.MAX_CORRECTION)
                  2020089c    00000004     electrical_machinery.o (.data.MIN)
                  202008a0    00000004     libc.a : aeabi_portable.c.obj (.data.__aeabi_errno)
                  202008a4    00000004            : _lock.c.obj (.data._lock)
                  202008a8    00000004            : _lock.c.obj (.data._unlock)
                  202008ac    00000004     line_follower.o (.data.all_one_count)
                  202008b0    00000004     line_follower.o (.data.angle_diff)
                  202008b4    00000004     uart.o (.data.buffer_index)
                  202008b8    00000004     draw.o (.data.car_speed)
                  202008bc    00000004     line_follower.o (.data.correction_factor1)
                  202008c0    00000004     line_follower.o (.data.correction_factor2)
                  202008c4    00000004     line_follower.o (.data.correction_factor3)
                  202008c8    00000004     line_follower.o (.data.correction_factor4)
                  202008cc    00000004     draw.o (.data.directory_flag)
                  202008d0    00000004     line_follower.o (.data.error)
                  202008d4    00000004     line_follower.o (.data.gyro_l_num)
                  202008d8    00000004     line_follower.o (.data.gyro_r_num)
                  202008dc    00000004     line_follower.o (.data.integral)
                  202008e0    00000004     line_follower.o (.data.l_num)
                  202008e4    00000004     line_follower.o (.data.last_error)
                  202008e8    00000004     line_follower.o (.data.last_valid_error)
                  202008ec    00000004     interrupt.o (.data.nextway)
                  202008f0    00000004     draw.o (.data.now_speed)
                  202008f4    00000004     line_follower.o (.data.now_time)
                  202008f8    00000004     draw.o (.data.quanshu)
                  202008fc    00000004     line_follower.o (.data.r_num)
                  20200900    00000004     line_follower.o (.data.turn_flag)
                  20200904    00000004     draw.o (.data.xspeed)
                  20200908    00000001     line_follower.o (.data.right_flag)
                  20200909    00000001     draw.o (.data.stop_flag)
                  2020090a    00000001     line_follower.o (.data.timer_flag)
                  2020090b    00000001     u8x8_cad.o (.data.u8x8_cad_ssd13xx_fast_i2c.in_transfer)
                  2020090c    00000001     uart.o (.data.uart_data)
                  2020090d    00000001     line_follower.o (.data.use_last_valid)

.stack     0    20207e00    00000200     UNINITIALIZED
                  20207e00    00000004     libc.a : boot_cortex_m.c.obj (.stack)
                  20207e04    000001fc     --HOLE--

__llvm_prf_cnts 
*          0    20200000    00000000     UNINITIALIZED

__llvm_prf_bits 
*          0    20200000    00000000     UNINITIALIZED

MODULE SUMMARY

       Module                           code    ro data   rw data
       ------                           ----    -------   -------
    .\
       ti_msp_dl_config.o               2894    112       376    
       main.o                           248     0         0      
       startup_mspm0g350x_ticlang.o     8       192       0      
    +--+--------------------------------+-------+---------+---------+
       Total:                           3150    304       376    
                                                                 
    .\MPU6050\
       inv_mpu_dmp_motion_driver.o      3110    3062      16     
       inv_mpu.o                        4600    82        44     
       mspm0_i2c.o                      1324    0         0      
       mpu6050.o                        1224    0         70     
    +--+--------------------------------+-------+---------+---------+
       Total:                           10258   3144      130    
                                                                 
    .\MSPM0\
       mspm0_xj_i2c.o                   1124    0         0      
       electrical_machinery.o           810     0         16     
       clock.o                          328     0         8      
       interrupt.o                      282     0         4      
    +--+--------------------------------+-------+---------+---------+
       Total:                           2544    0         28     
                                                                 
    .\OLED\
       draw.o                           3404    344       277    
       oled.o                           608     0         0      
    +--+--------------------------------+-------+---------+---------+
       Total:                           4012    344       277    
                                                                 
    .\OLED\csrc\
       u8g2_font.o                      2838    0         0      
       chinesetxt.o                     0       1695      0      
       u8g2_d_memory.o                  20      0         1024   
       u8x8_byte.o                      800     0         0      
       u8x8_cad.o                       666     0         1      
       u8g2_setup.o                     640     12        0      
       u8g2_hvline.o                    612     0         0      
       u8x8_d_ssd1306_128x64_noname.o   488     101       0      
       u8g2_buffer.o                    456     0         0      
       u8g2_ll_hvline.o                 356     0         0      
       u8x8_8x8.o                       332     0         0      
       u8x8_display.o                   284     0         0      
       u8g2_intersection.o              248     0         0      
       u8x8_setup.o                     144     0         0      
       u8g2_box.o                       120     0         0      
       u8g2_d_setup.o                   72      0         0      
       u8g2_cleardisplay.o              40      0         0      
       u8x8_gpio.o                      38      0         0      
    +--+--------------------------------+-------+---------+---------+
       Total:                           8154    1808      1025   
                                                                 
    .\Tracking\
       line_follower.o                  3768    0         83     
    +--+--------------------------------+-------+---------+---------+
       Total:                           3768    0         83     
                                                                 
    .\UART\
       uart.o                           988     51        145    
    +--+--------------------------------+-------+---------+---------+
       Total:                           988     51        145    
                                                                 
    C:/ti/mspm0_sdk_2_04_00_06/source/ti/driverlib/lib/ticlang/m0p/mspm0g1x0x_g3x0x/driverlib.a
       dl_timer.o                       356     0         0      
       dl_sysctl_mspm0g1x0x_g3x0x.o     288     0         0      
       dl_i2c.o                         192     0         0      
       dl_uart.o                        90      0         0      
       dl_common.o                      10      0         0      
    +--+--------------------------------+-------+---------+---------+
       Total:                           936     0         0      
                                                                 
    C:\ti\ccs2020\ccs\tools\compiler\ti-cgt-armllvm_4.0.3.LTS\lib\armv6m-ti-none-eabi/c/libc.a
       _printfi.c.obj                   4510    34        0      
       strtod.c.obj                     968     200       0      
       e_asin.c.obj                     908     0         0      
       s_atan.c.obj                     784     64        0      
       e_atan2.c.obj                    392     0         0      
       e_sqrt.c.obj                     368     0         0      
       aeabi_ctype.S.obj                0       257       0      
       defs.c.obj                       0       0         240    
       s_scalbn.c.obj                   216     0         0      
       copy_decompress_lzss.c.obj       124     0         0      
       printf.c.obj                     108     0         0      
       s_frexp.c.obj                    92      0         0      
       sprintf.c.obj                    90      0         0      
       _ltoa.c.obj                      88      0         0      
       atoi.c.obj                       64      0         0      
       autoinit.c.obj                   60      0         0      
       boot_cortex_m.c.obj              56      0         0      
       strstr.c.obj                     50      0         0      
       memccpy.c.obj                    34      0         0      
       strncmp.c.obj                    34      0         0      
       memcmp.c.obj                     32      0         0      
       strchr.c.obj                     20      0         0      
       copy_decompress_none.c.obj       18      0         0      
       memcpy16.S.obj                   18      0         0      
       copy_zero_init.c.obj             16      0         0      
       wcslen.c.obj                     16      0         0      
       memset16.S.obj                   14      0         0      
       aeabi_portable.c.obj             8       0         4      
       _lock.c.obj                      2       0         8      
       atof.c.obj                       10      0         0      
       exit.c.obj                       6       0         0      
       pre_init.c.obj                   4       0         0      
    +--+--------------------------------+-------+---------+---------+
       Total:                           9110    555       252    
                                                                 
    C:\ti\ccs2020\ccs\tools\compiler\ti-cgt-armllvm_4.0.3.LTS\lib\armv6m-ti-none-eabi/c/libsysbm.a
       hostexit.c.obj                   4       0         0      
    +--+--------------------------------+-------+---------+---------+
       Total:                           4       0         0      
                                                                 
    C:\ti\ccs2020\ccs\tools\compiler\ti-cgt-armllvm_4.0.3.LTS\lib\armv6m-ti-none-eabi/libclang_rt.builtins.a
       adddf3.S.obj                     434     0         0      
       divdf3.S.obj                     284     0         0      
       muldf3.S.obj                     244     0         0      
       comparedf2.c.obj                 220     0         0      
       addsf3.S.obj                     216     0         0      
       udivmoddi4.S.obj                 162     0         0      
       mulsf3.S.obj                     140     0         0      
       divsf3.S.obj                     130     0         0      
       comparesf2.S.obj                 118     0         0      
       truncdfsf2.S.obj                 116     0         0      
       aeabi_dcmp.S.obj                 114     0         0      
       aeabi_fcmp.S.obj                 98      0         0      
       aeabi_idivmod.S.obj              86      0         0      
       fixdfsi.S.obj                    74      0         0      
       aeabi_uidivmod.S.obj             64      0         0      
       extendsfdf2.S.obj                64      0         0      
       floatsisf.S.obj                  60      0         0      
       muldsi3.S.obj                    58      0         0      
       fixsfsi.S.obj                    56      0         0      
       floatsidf.S.obj                  44      0         0      
       floatunsisf.S.obj                40      0         0      
       muldi3.S.obj                     36      0         0      
       ashldi3.S.obj                    30      0         0      
       aeabi_memset.S.obj               26      0         0      
       aeabi_uldivmod.S.obj             20      0         0      
       aeabi_memcpy.S.obj               8       0         0      
       aeabi_div0.c.obj                 4       0         0      
    +--+--------------------------------+-------+---------+---------+
       Total:                           2946    0         0      
                                                                 
       Stack:                           0       0         512    
       Linker Generated:                0       310       0      
    +--+--------------------------------+-------+---------+---------+
       Grand Total:                     45870   6516      2828   


LINKER GENERATED COPY TABLES

__TI_cinit_table @ 0000ccd8 records: 2, size/record: 8, table size: 16
	.data: load addr=0000cbb0, load size=00000112 bytes, run addr=202005e0, run size=0000032e bytes, compression=lzss
	.bss: load addr=0000ccd0, load size=00000008 bytes, run addr=20200000, run size=000005de bytes, compression=zero_init


LINKER GENERATED HANDLER TABLE

__TI_handler_table @ 0000ccc4 records: 3, size/record: 4, table size: 12
	index: 0, handler: __TI_decompress_lzss
	index: 1, handler: __TI_decompress_none
	index: 2, handler: __TI_zero_init


FAR CALL TRAMPOLINES

callee name               trampoline name
   callee addr  tramp addr   call addr  call info
--------------  -----------  ---------  ----------------
__aeabi_dsub              $Tramp$TT$L$PI$$__aeabi_dsub
   000040dd     0000b304     0000b302   libc.a : _printfi.c.obj (.text.OUTLINED_FUNCTION_0)
__aeabi_dmul              $Tramp$TT$L$PI$$__aeabi_dmul
   000063f5     0000b320     0000b31c   libc.a : e_asin.c.obj (.text.OUTLINED_FUNCTION_0)
                             0000b338          : s_atan.c.obj (.text.OUTLINED_FUNCTION_0)
                             0000b34c          : e_asin.c.obj (.text.OUTLINED_FUNCTION_1)
                             0000b3b6          : s_atan.c.obj (.text.OUTLINED_FUNCTION_2)
                             0000b3f4          : e_asin.c.obj (.text.OUTLINED_FUNCTION_2)
__aeabi_ddiv              $Tramp$TT$L$PI$$__aeabi_ddiv
   00005cf9     0000b358     0000b356   libc.a : e_asin.c.obj (.text.OUTLINED_FUNCTION_3)
__aeabi_dcmpeq            $Tramp$TT$L$PI$$__aeabi_dcmpeq
   00008a21     0000b3a0     0000b39e   libc.a : strtod.c.obj (.text.OUTLINED_FUNCTION_1)
__aeabi_dadd              $Tramp$TT$L$PI$$__aeabi_dadd
   000040e7     0000b3e0     0000b3dc   libc.a : s_atan.c.obj (.text.OUTLINED_FUNCTION_1)
                             0000b402          : e_asin.c.obj (.text.OUTLINED_FUNCTION_4)
_c_int00_noargs           $Tramp$TT$L$PI$$_c_int00_noargs
   0000a579     0000b408     0000b404   startup_mspm0g350x_ticlang.o (.text.Reset_Handler)

[6 trampolines]
[11 trampoline calls]


GLOBAL SYMBOLS: SORTED ALPHABETICALLY BY Name 

address   name                                  
-------   ----                                  
000083dd  ADC0_IRQHandler                       
000083dd  ADC1_IRQHandler                       
000083dd  AES_IRQHandler                        
0000b3fc  C$$EXIT                               
000083dd  CANFD0_IRQHandler                     
00007531  CAR_control                           
000046e1  Calibration_waiting                   
202005ac  D                                     
000083dd  DAC0_IRQHandler                       
0000a2a9  DIRECTORY_control                     
0000b2f1  DL_Common_delayCycles                 
00008cc9  DL_I2C_fillControllerTXFIFO           
00009b31  DL_I2C_flushControllerTXFIFO          
0000a5c7  DL_I2C_setClockConfig                 
000065bd  DL_SYSCTL_configSYSPLL                
000096e5  DL_SYSCTL_switchMCLKfromSYSOSCtoHSCLK 
00005f0d  DL_Timer_initFourCCPWMMode            
0000a9ed  DL_Timer_setCaptCompUpdateMethod      
0000ad91  DL_Timer_setCaptureCompareOutCtl      
0000b24d  DL_Timer_setCaptureCompareValue       
0000aa09  DL_Timer_setClockConfig               
0000945d  DL_UART_init                          
0000b207  DL_UART_setClockConfig                
000083dd  DMA_IRQHandler                        
000083dd  Default_Handler                       
0000a6ad  GPIO_Init                             
000083dd  GROUP0_IRQHandler                     
00006699  GROUP1_IRQHandler                     
0000163d  HOME_directory                        
0000b3fd  HOSTexit                              
000083dd  HardFault_Handler                     
202005b0  I                                     
000083dd  I2C0_IRQHandler                       
000083dd  I2C1_IRQHandler                       
202005b4  L                                     
20200894  MAX                                   
20200898  MAX_CORRECTION                        
2020089c  MIN                                   
00004b15  MPU6050_Init                          
00009ba9  MSPM0_Init                            
000083dd  NMI_Handler                           
202005b8  P                                     
00006f89  PID_control                           
000083dd  PendSV_Handler                        
202005bc  R                                     
000083dd  RTC_IRQHandler                        
00003175  Read_Quad                             
0000b405  Reset_Handler                         
000083dd  SPI0_IRQHandler                       
000083dd  SPI1_IRQHandler                       
000083dd  SVC_Handler                           
00003d8d  SYSCFG_DL_GPIO_init                   
00008e99  SYSCFG_DL_I2C_BUS_init                
00008ef1  SYSCFG_DL_I2C_MPU6050_init            
000084c9  SYSCFG_DL_PWM_L1_init                 
00008535  SYSCFG_DL_PWM_L2_init                 
000085a1  SYSCFG_DL_PWM_R1_init                 
0000860d  SYSCFG_DL_PWM_R2_init                 
0000937d  SYSCFG_DL_SYSCTL_init                 
000094a5  SYSCFG_DL_UART_0_init                 
000094ed  SYSCFG_DL_UART_1_init                 
00009729  SYSCFG_DL_init                        
00006d3d  SYSCFG_DL_initPower                   
0000b25d  SysTick_Handler                       
0000adf1  SysTick_Init                          
000083dd  TIMA0_IRQHandler                      
000083dd  TIMA1_IRQHandler                      
000083dd  TIMG0_IRQHandler                      
000083dd  TIMG12_IRQHandler                     
000083dd  TIMG6_IRQHandler                      
000083dd  TIMG7_IRQHandler                      
000083dd  TIMG8_IRQHandler                      
0000b219  TI_memcpy_small                       
0000b2d7  TI_memset_small                       
00007ce5  UART0_IRQHandler                      
00007d6d  UART1_IRQHandler                      
000083dd  UART2_IRQHandler                      
000083dd  UART3_IRQHandler                      
0000a0fd  UART_Init                             
20208000  __STACK_END                           
00000200  __STACK_SIZE                          
00000000  __TI_ATRegion0_region_sz              
00000000  __TI_ATRegion0_src_addr               
00000000  __TI_ATRegion0_trg_addr               
00000000  __TI_ATRegion1_region_sz              
00000000  __TI_ATRegion1_src_addr               
00000000  __TI_ATRegion1_trg_addr               
00000000  __TI_ATRegion2_region_sz              
00000000  __TI_ATRegion2_src_addr               
00000000  __TI_ATRegion2_trg_addr               
0000ccd8  __TI_CINIT_Base                       
0000cce8  __TI_CINIT_Limit                      
0000cce8  __TI_CINIT_Warm                       
0000ccc4  __TI_Handler_Table_Base               
0000ccd0  __TI_Handler_Table_Limit              
00009c5d  __TI_auto_init_nobinit_nopinit        
00008111  __TI_decompress_lzss                  
0000b22b  __TI_decompress_none                  
00008f49  __TI_ltoa                             
ffffffff  __TI_pprof_out_hndl                   
00000c6d  __TI_printfi                          
ffffffff  __TI_prof_data_size                   
ffffffff  __TI_prof_data_start                  
00000000  __TI_static_base__                    
0000b29d  __TI_zero_init                        
000040e7  __adddf3                              
0000692b  __addsf3                              
0000c6c0  __aeabi_ctype_table_                  
0000c6c0  __aeabi_ctype_table_C                 
000083e1  __aeabi_d2f                           
000093c9  __aeabi_d2iz                          
000040e7  __aeabi_dadd                          
00008a21  __aeabi_dcmpeq                        
00008a5d  __aeabi_dcmpge                        
00008a71  __aeabi_dcmpgt                        
00008a49  __aeabi_dcmple                        
00008a35  __aeabi_dcmplt                        
00005cf9  __aeabi_ddiv                          
000063f5  __aeabi_dmul                          
000040dd  __aeabi_dsub                          
202008a0  __aeabi_errno                         
0000b3b9  __aeabi_errno_addr                    
00009901  __aeabi_f2d                           
00009d11  __aeabi_f2iz                          
0000692b  __aeabi_fadd                          
00008a85  __aeabi_fcmpeq                        
00008ac1  __aeabi_fcmpge                        
00008ad5  __aeabi_fcmpgt                        
00008aad  __aeabi_fcmple                        
00008a99  __aeabi_fcmplt                        
0000800d  __aeabi_fdiv                          
00007b41  __aeabi_fmul                          
00006921  __aeabi_fsub                          
0000a385  __aeabi_i2d                           
00009be5  __aeabi_i2f                           
00009051  __aeabi_idiv                          
0000426f  __aeabi_idiv0                         
00009051  __aeabi_idivmod                       
00004ee7  __aeabi_ldiv0                         
0000a87d  __aeabi_llsl                          
0000a6d1  __aeabi_lmul                          
0000b2e5  __aeabi_memclr                        
0000b2e5  __aeabi_memclr4                       
0000b2e5  __aeabi_memclr8                       
0000b3c1  __aeabi_memcpy                        
0000b3c1  __aeabi_memcpy4                       
0000b3c1  __aeabi_memcpy8                       
0000b2ad  __aeabi_memset                        
0000b2ad  __aeabi_memset4                       
0000b2ad  __aeabi_memset8                       
0000a529  __aeabi_ui2f                          
000098c1  __aeabi_uidiv                         
000098c1  __aeabi_uidivmod                      
0000b105  __aeabi_uldivmod                      
0000a87d  __ashldi3                             
ffffffff  __binit__                             
000087bd  __cmpdf2                              
00009c99  __cmpsf2                              
00005cf9  __divdf3                              
0000800d  __divsf3                              
000087bd  __eqdf2                               
00009c99  __eqsf2                               
00009901  __extendsfdf2                         
000093c9  __fixdfsi                             
00009d11  __fixsfsi                             
0000a385  __floatsidf                           
00009be5  __floatsisf                           
0000a529  __floatunsisf                         
00008369  __gedf2                               
00009c21  __gesf2                               
00008369  __gtdf2                               
00009c21  __gtsf2                               
000087bd  __ledf2                               
00009c99  __lesf2                               
000087bd  __ltdf2                               
00009c99  __ltsf2                               
UNDEFED   __mpu_init                            
000063f5  __muldf3                              
0000a6d1  __muldi3                              
00009cd5  __muldsi3                             
00007b41  __mulsf3                              
000087bd  __nedf2                               
00009c99  __nesf2                               
20207e00  __stack                               
20200000  __start___llvm_prf_bits               
20200000  __start___llvm_prf_cnts               
20200000  __stop___llvm_prf_bits                
20200000  __stop___llvm_prf_cnts                
000040dd  __subdf3                              
00006921  __subsf3                              
000083e1  __truncdfsf2                          
0000767d  __udivmoddi4                          
0000a579  _c_int00_noargs                       
202005e0  _ftable                               
202008a4  _lock                                 
00005757  _nop                                  
UNDEFED   _system_post_cinit                    
0000b419  _system_pre_init                      
202008a8  _unlock                               
0000b3f7  abort                                 
2020059e  accel                                 
00008ae9  angle_calculation                     
202008b0  angle_diff                            
000021cd  asin                                  
000021cd  asinl                                 
00002531  atan                                  
00004271  atan2                                 
00004271  atan2l                                
00002531  atanl                                 
0000b37d  atof                                  
00009941  atoi                                  
ffffffff  binit                                 
00006111  c_control                             
202005c0  car_begin_yaw                         
00002aa1  car_run                               
202008b8  car_speed                             
00009535  car_stop                              
202008bc  correction_factor1                    
202008c0  correction_factor2                    
202008c4  correction_factor3                    
202008c8  correction_factor4                    
20200880  directory                             
202008cc  directory_flag                        
20200888  directory_num                         
0000957d  dmp_enable_6x_lp_quat                 
00002829  dmp_enable_feature                    
00008b49  dmp_enable_gyro_cal                   
000095c5  dmp_enable_lp_quat                    
0000aa41  dmp_load_motion_driver_firmware       
000037ed  dmp_read_fifo                         
0000b119  dmp_register_android_orient_cb        
0000b12d  dmp_register_tap_cb                   
00007859  dmp_set_fifo_rate                     
000043f9  dmp_set_orientation                   
0000976d  dmp_set_shake_reject_thresh           
0000a065  dmp_set_shake_reject_time             
0000a097  dmp_set_shake_reject_timeout          
000088f3  dmp_set_tap_axes                      
000097b1  dmp_set_tap_count                     
00002f3d  dmp_set_tap_thresh                    
0000a15d  dmp_set_tap_time                      
0000a18d  dmp_set_tap_time_multi                
0000a3b1  fputc                                 
00009291  fputs                                 
00008d29  frexp                                 
00008d29  frexpl                                
20200400  gPWM_L2Backup                         
202004bc  gPWM_R2Backup                         
202005a4  gyro                                  
202008d4  gyro_l_num                            
202008d8  gyro_r_num                            
0000ca36  hw                                    
20200578  id                                    
00000000  interruptVectors                      
202008e0  l_num                                 
00006771  ldexp                                 
00006771  ldexpl                                
000097f5  limit_max                             
000099ff  limit_min                             
000000c1  line_follower                         
00008959  main                                  
0000a6f5  memccpy                               
0000a7dd  memcmp                                
202005dd  more                                  
00008ba9  motor_xj_i2c_sda_unlock               
00008c09  mpu6050_i2c_sda_unlock                
00007109  mpu_configure_fifo                    
00008455  mpu_get_accel_fsr                     
00008c69  mpu_get_gyro_fsr                      
00009ef9  mpu_get_sample_rate                   
00005759  mpu_init                              
00005881  mpu_load_firmware                     
00006011  mpu_lp_accel_mode                     
00005e05  mpu_read_fifo_stream                  
0000732d  mpu_read_mem                          
000033a1  mpu_reset_fifo                        
000064d9  mpu_set_accel_fsr                     
00003f3d  mpu_set_bypass                        
000071c5  mpu_set_dmp_state                     
00006e01  mpu_set_gyro_fsr                      
00007721  mpu_set_int_latched                   
00006ba5  mpu_set_lpf                           
00006309  mpu_set_sample_rate                   
000054fd  mpu_set_sensors                       
000073d9  mpu_write_mem                         
0000a1ed  mspm0_delay_ms                        
0000a3dd  mspm0_get_clock_ms                    
[...]
0000aa77  u8x8_d_helper_display_setup_memory    
00008091  u8x8_d_ssd1306_128x64_noname          
0000af99  u8x8_dummy_cb                         
00003bbd  u8x8_gpio_and_delay                   
0000a685  u8x8_gpio_call                        
0000b27d  u8x8_utf8_init                        
00005025  u8x8_utf8_next                        
0000a409  uart0_send_char                       
0000a435  uart1_send_char                       
2020090c  uart_data                             
0000b28d  wcslen                                
00008825  xianshuc                              
20200904  xspeed                                
202005d8  yaw                                   
00004c5d  zb_control                            


GLOBAL SYMBOLS: SORTED BY Symbol Address 

address   name                                  
-------   ----                                  
00000000  __TI_ATRegion0_region_sz              
00000000  __TI_ATRegion0_src_addr               
00000000  __TI_ATRegion0_trg_addr               
00000000  __TI_ATRegion1_region_sz              
00000000  __TI_ATRegion1_src_addr               
00000000  __TI_ATRegion1_trg_addr               
00000000  __TI_ATRegion2_region_sz              
00000000  __TI_ATRegion2_src_addr               
00000000  __TI_ATRegion2_trg_addr               
00000000  __TI_static_base__                    
00000000  interruptVectors                      
000000c1  line_follower                         
00000200  __STACK_SIZE                          
00000c6d  __TI_printfi                          
0000163d  HOME_directory                        
00001e15  strtod                                
00001e15  strtold                               
000021cd  asin                                  
000021cd  asinl                                 
00002531  atan                                  
00002531  atanl                                 
00002829  dmp_enable_feature                    
00002aa1  car_run                               
00002d01  u8g2_font_decode_glyph                
00002f3d  dmp_set_tap_thresh                    
00003175  Read_Quad                             
000033a1  mpu_reset_fifo                        
000037ed  dmp_read_fifo                         
00003bbd  u8x8_gpio_and_delay                   
00003d8d  SYSCFG_DL_GPIO_init                   
00003f3d  mpu_set_bypass                        
000040dd  __aeabi_dsub                          
000040dd  __subdf3                              
000040e7  __adddf3                              
000040e7  __aeabi_dadd                          
0000426f  __aeabi_idiv0                         
00004271  atan2                                 
00004271  atan2l                                
000043f9  dmp_set_orientation                   
00004571  sqrt                                  
00004571  sqrtl                                 
000046e1  Calibration_waiting                   
000049b1  u8g2_ll_hvline_vertical_top_lsb       
00004b15  MPU6050_Init                          
00004c5d  zb_control                            
00004da5  u8g2_font_decode_len                  
00004ee7  __aeabi_ldiv0                         
00005025  u8x8_utf8_next                        
00005161  mspm0_i2c_read                        
00005295  mspm0_xj_i2c_read                     
000053c9  u8x8_cad_ssd13xx_fast_i2c             
000054fd  mpu_set_sensors                       
0000562d  u8g2_DrawHVLine                       
00005757  _nop                                  
00005759  mpu_init                              
00005881  mpu_load_firmware                     
00005be1  u8g2_font_get_glyph_data              
00005cf9  __aeabi_ddiv                          
00005cf9  __divdf3                              
00005e05  mpu_read_fifo_stream                  
00005f0d  DL_Timer_initFourCCPWMMode            
00006011  mpu_lp_accel_mode                     
00006111  c_control                             
0000620d  u8g2_read_font_info                   
00006309  mpu_set_sample_rate                   
000063f5  __aeabi_dmul                          
000063f5  __muldf3                              
000064d9  mpu_set_accel_fsr                     
000065bd  DL_SYSCTL_configSYSPLL                
00006699  GROUP1_IRQHandler                     
00006771  ldexp                                 
00006771  ldexpl                                
00006771  scalbn                                
00006771  scalbnl                               
00006921  __aeabi_fsub                          
00006921  __subsf3                              
0000692b  __addsf3                              
0000692b  __aeabi_fadd                          
00006ba5  mpu_set_lpf                           
00006c75  u8g2_UpdateRefHeight                  
00006d3d  SYSCFG_DL_initPower                   
00006e01  mpu_set_gyro_fsr                      
00006ec5  mspm0_i2c_write                       
00006f89  PID_control                           
00007049  u8x8_byte_sw_i2c                      
00007109  mpu_configure_fifo                    
000071c5  mpu_set_dmp_state                     
0000732d  mpu_read_mem                          
000073d9  mpu_write_mem                         
00007531  CAR_control                           
000075d9  u8x8_cad_SendSequence                 
0000767d  __udivmoddi4                          
00007721  mpu_set_int_latched                   
000077bd  quanshukongzi                         
00007859  dmp_set_fifo_rate                     
00007989  u8g2_DrawGlyph                        
00007a1f  u8g2_is_intersection_decision_tree    
00007b41  __aeabi_fmul                          
00007b41  __mulsf3                              
00007ce5  UART0_IRQHandler                      
00007d6d  UART1_IRQHandler                      
00007e7d  u8g2_font_decode_get_unsigned_bits    
0000800d  __aeabi_fdiv                          
0000800d  __divsf3                              
00008091  u8x8_d_ssd1306_128x64_noname          
00008111  __TI_decompress_lzss                  
0000818d  u8g2_DrawBox                          
00008205  u8g2_SetupBuffer                      
0000827d  u8g2_add_vector_x                     
000082f3  u8g2_add_vector_y                     
00008369  __gedf2                               
00008369  __gtdf2                               
000083dd  ADC0_IRQHandler                       
000083dd  ADC1_IRQHandler                       
000083dd  AES_IRQHandler                        
000083dd  CANFD0_IRQHandler                     
000083dd  DAC0_IRQHandler                       
000083dd  DMA_IRQHandler                        
000083dd  Default_Handler                       
000083dd  GROUP0_IRQHandler                     
000083dd  HardFault_Handler                     
000083dd  I2C0_IRQHandler                       
000083dd  I2C1_IRQHandler                       
000083dd  NMI_Handler                           
000083dd  PendSV_Handler                        
000083dd  RTC_IRQHandler                        
000083dd  SPI0_IRQHandler                       
000083dd  SPI1_IRQHandler                       
000083dd  SVC_Handler                           
000083dd  TIMA0_IRQHandler                      
000083dd  TIMA1_IRQHandler                      
000083dd  TIMG0_IRQHandler                      
000083dd  TIMG12_IRQHandler                     
000083dd  TIMG6_IRQHandler                      
000083dd  TIMG7_IRQHandler                      
000083dd  TIMG8_IRQHandler                      
000083dd  UART2_IRQHandler                      
000083dd  UART3_IRQHandler                      
000083e1  __aeabi_d2f                           
000083e1  __truncdfsf2                          
00008455  mpu_get_accel_fsr                     
000084c9  SYSCFG_DL_PWM_L1_init                 
00008535  SYSCFG_DL_PWM_L2_init                 
000085a1  SYSCFG_DL_PWM_R1_init                 
0000860d  SYSCFG_DL_PWM_R2_init                 
000086e5  u8g2_NextPage                         
00008751  u8x8_d_helper_display_init            
000087bd  __cmpdf2                              
000087bd  __eqdf2                               
000087bd  __ledf2                               
000087bd  __ltdf2                               
000087bd  __nedf2                               
00008825  xianshuc                              
000088f3  dmp_set_tap_axes                      
00008959  main                                  
000089bd  u8g2_IsIntersection                   
00008a21  __aeabi_dcmpeq                        
00008a35  __aeabi_dcmplt                        
00008a49  __aeabi_dcmple                        
00008a5d  __aeabi_dcmpge                        
00008a71  __aeabi_dcmpgt                        
00008a85  __aeabi_fcmpeq                        
00008a99  __aeabi_fcmplt                        
00008aad  __aeabi_fcmple                        
00008ac1  __aeabi_fcmpge                        
00008ad5  __aeabi_fcmpgt                        
00008ae9  angle_calculation                     
00008b49  dmp_enable_gyro_cal                   
00008ba9  motor_xj_i2c_sda_unlock               
00008c09  mpu6050_i2c_sda_unlock                
00008c69  mpu_get_gyro_fsr                      
00008cc9  DL_I2C_fillControllerTXFIFO           
00008d29  frexp                                 
00008d29  frexpl                                
00008e3d  printf                                
00008e99  SYSCFG_DL_I2C_BUS_init                
00008ef1  SYSCFG_DL_I2C_MPU6050_init            
00008f49  __TI_ltoa                             
00009051  __aeabi_idiv                          
00009051  __aeabi_idivmod                       
00009291  fputs                                 
0000937d  SYSCFG_DL_SYSCTL_init                 
000093c9  __aeabi_d2iz                          
000093c9  __fixdfsi                             
0000945d  DL_UART_init                          
000094a5  SYSCFG_DL_UART_0_init                 
000094ed  SYSCFG_DL_UART_1_init                 
00009535  car_stop                              
0000957d  dmp_enable_6x_lp_quat                 
000095c5  dmp_enable_lp_quat                    
00009655  u8g2_Setup_ssd1306_i2c_128x64_noname_f
0000969d  u8g2_font_decode_get_signed_bits      
000096e5  DL_SYSCTL_switchMCLKfromSYSOSCtoHSCLK 
00009729  SYSCFG_DL_init                        
0000976d  dmp_set_shake_reject_thresh           
000097b1  dmp_set_tap_count                     
000097f5  limit_max                             
0000987d  u8x8_SetupDefaults                    
000098c1  __aeabi_uidiv                         
000098c1  __aeabi_uidivmod                      
00009901  __aeabi_f2d                           
00009901  __extendsfdf2                         
00009941  atoi                                  
00009981  u8g2Init                              
000099ff  limit_min                             
00009a3d  u8g2_draw_hv_line_2dir                
00009b31  DL_I2C_flushControllerTXFIFO          
00009ba9  MSPM0_Init                            
00009be5  __aeabi_i2f                           
00009be5  __floatsisf                           
00009c21  __gesf2                               
00009c21  __gtsf2                               
00009c5d  __TI_auto_init_nobinit_nopinit        
00009c99  __cmpsf2                              
00009c99  __eqsf2                               
00009c99  __lesf2                               
00009c99  __ltsf2                               
00009c99  __nesf2                               
00009cd5  __muldsi3                             
00009d11  __aeabi_f2iz                          
00009d11  __fixsfsi                             
00009db9  sprintf                               
00009df1  u8g2_update_page_win_r0               
00009e27  u8x8_Setup                            
00009ef9  mpu_get_sample_rate                   
00009f2d  u8g2_DrawUTF8                         
00009f61  u8g2_SetMaxClipWindow                 
00009f95  u8g2_draw_l90_r0                      
00009ffd  u8x8_DrawTile                         
0000a065  dmp_set_shake_reject_time             
0000a097  dmp_set_shake_reject_timeout          
0000a0c9  strstr                                
0000a0fd  UART_Init                             
0000a15d  dmp_set_tap_time                      
0000a18d  dmp_set_tap_time_multi                
0000a1ed  mspm0_delay_ms                        
0000a21d  u8g2_SetFont                          
0000a27b  u8g2_ClearBuffer                      
0000a2a9  DIRECTORY_control                     
0000a385  __aeabi_i2d                           
0000a385  __floatsidf                           
0000a3b1  fputc                                 
0000a3dd  mspm0_get_clock_ms                    
0000a409  uart0_send_char                       
0000a435  uart1_send_char                       
0000a529  __aeabi_ui2f                          
0000a529  __floatunsisf                         
0000a551  u8g2_ClearDisplay                     
0000a579  _c_int00_noargs                       
0000a5c7  DL_I2C_setClockConfig                 
0000a613  u8g2_FirstPage                        
0000a639  u8g2_SetBufferCurrTileRow             
0000a65f  u8g2_SetDrawColor                     
0000a685  u8x8_gpio_call                        
0000a6ad  GPIO_Init                             
0000a6d1  __aeabi_lmul                          
0000a6d1  __muldi3                              
0000a6f5  memccpy                               
0000a717  strncmp                               
0000a739  u8x8_byte_SendBytes                   
0000a75b  u8x8_cad_SendData                     
0000a7dd  memcmp                                
0000a7fd  u8x8_SetPowerSave                     
0000a81d  u8x8_cad_SendArg                      
0000a83d  u8x8_cad_SendCmd                      
0000a87d  __aeabi_llsl                          
0000a87d  __ashldi3                             
0000a9ed  DL_Timer_setCaptCompUpdateMethod      
0000aa09  DL_Timer_setClockConfig               
0000aa41  dmp_load_motion_driver_firmware       
0000aa77  u8x8_d_helper_display_setup_memory    
0000ad91  DL_Timer_setCaptureCompareOutCtl      
0000adf1  SysTick_Init                          
0000aee9  u8x8_InitDisplay                      
0000aeff  u8x8_RefreshDisplay                   
0000af15  u8x8_SetupMemory                      
0000af2b  u8x8_byte_EndTransfer                 
0000af41  u8x8_byte_SendByte                    
0000af57  u8x8_byte_StartTransfer               
0000af6d  u8x8_cad_EndTransfer                  
0000af83  u8x8_cad_StartTransfer                
0000af99  u8x8_dummy_cb                         
0000b105  __aeabi_uldivmod                      
0000b119  dmp_register_android_orient_cb        
0000b12d  dmp_register_tap_cb                   
0000b191  strchr                                
0000b1a5  u8g2_SetFontDirection                 
0000b1b9  u8g2_SetFontMode                      
0000b1cd  u8g2_SetFontPosBaseline               
0000b1e1  u8g2_m_16_8_f                         
0000b207  DL_UART_setClockConfig                
0000b219  TI_memcpy_small                       
0000b22b  __TI_decompress_none                  
0000b24d  DL_Timer_setCaptureCompareValue       
0000b25d  SysTick_Handler                       
0000b26d  u8g2_update_dimension_r0              
0000b27d  u8x8_utf8_init                        
0000b28d  wcslen                                
0000b29d  __TI_zero_init                        
0000b2ad  __aeabi_memset                        
0000b2ad  __aeabi_memset4                       
0000b2ad  __aeabi_memset8                       
0000b2d7  TI_memset_small                       
0000b2e5  __aeabi_memclr                        
0000b2e5  __aeabi_memclr4                       
0000b2e5  __aeabi_memclr8                       
0000b2f1  DL_Common_delayCycles                 
0000b37d  atof                                  
0000b387  u8g2_font_calc_vref_font              
0000b3b9  __aeabi_errno_addr                    
0000b3c1  __aeabi_memcpy                        
0000b3c1  __aeabi_memcpy4                       
0000b3c1  __aeabi_memcpy8                       
0000b3f7  abort                                 
0000b3fc  C$$EXIT                               
0000b3fd  HOSTexit                              
0000b405  Reset_Handler                         
0000b419  _system_pre_init                      
0000c016  u8g2_font_unifont_st16                
0000c6c0  __aeabi_ctype_table_                  
0000c6c0  __aeabi_ctype_table_C                 
0000c930  test                                  
0000c958  reg                                   
0000ca36  hw                                    
0000ca44  u8g2_cb_r0                            
0000ccc4  __TI_Handler_Table_Base               
0000ccd0  __TI_Handler_Table_Limit              
0000ccd8  __TI_CINIT_Base                       
0000cce8  __TI_CINIT_Limit                      
0000cce8  __TI_CINIT_Warm                       
20200000  __start___llvm_prf_bits               
20200000  __start___llvm_prf_cnts               
20200000  __stop___llvm_prf_bits                
20200000  __stop___llvm_prf_cnts                
20200400  gPWM_L2Backup                         
202004bc  gPWM_R2Backup                         
20200578  id                                    
20200588  quat                                  
2020059e  accel                                 
202005a4  gyro                                  
202005aa  sensors                               
202005ac  D                                     
202005b0  I                                     
202005b4  L                                     
202005b8  P                                     
202005bc  R                                     
202005c0  car_begin_yaw                         
202005c4  pitch                                 
202005c8  roll                                  
202005cc  sensor_timestamp                      
202005d0  start_time                            
202005d4  tick_ms                               
202005d8  yaw                                   
202005dd  more                                  
202005e0  _ftable                               
20200880  directory                             
20200888  directory_num                         
20200894  MAX                                   
20200898  MAX_CORRECTION                        
2020089c  MIN                                   
202008a0  __aeabi_errno                         
202008a4  _lock                                 
202008a8  _unlock                               
202008b0  angle_diff                            
202008b8  car_speed                             
202008bc  correction_factor1                    
202008c0  correction_factor2                    
202008c4  correction_factor3                    
202008c8  correction_factor4                    
202008cc  directory_flag                        
202008d4  gyro_l_num                            
202008d8  gyro_r_num                            
202008e0  l_num                                 
202008ec  nextway                               
202008f0  now_speed                             
202008f8  quanshu                               
202008fc  r_num                                 
20200904  xspeed                                
20200909  stop_flag                             
2020090c  uart_data                             
20207e00  __stack                               
20208000  __STACK_END                           
ffffffff  __TI_pprof_out_hndl                   
ffffffff  __TI_prof_data_size                   
ffffffff  __TI_prof_data_start                  
ffffffff  __binit__                             
ffffffff  binit                                 
UNDEFED   __mpu_init                            
UNDEFED   _system_post_cinit                    

[389 symbols]
