******************************************************************************
            TI ARM Clang Linker PC v4.0.3                      
******************************************************************************
>> Linked Tue Nov 18 23:08:06 2025

OUTPUT FILE NAME:   <car2025_11_16.out>
ENTRY POINT SYMBOL: "_c_int00_noargs"  address: 00008b95


MEMORY CONFIGURATION

         name            origin    length      used     unused   attr    fill
----------------------  --------  ---------  --------  --------  ----  --------
  FLASH                 00000000   00020000  0000b170  00014e90  R  X
  SRAM                  20200000   00008000  00000a52  000075ae  RW X
  BCR_CONFIG            41c00000   000000ff  00000000  000000ff  R   
  BSL_CONFIG            41c00100   00000080  00000000  00000080  R   


SEGMENT ALLOCATION MAP

run origin  load origin   length   init length attrs members
----------  ----------- ---------- ----------- ----- -------
00000000    00000000    0000b170   0000b170    r-x
  00000000    00000000    000000c0   000000c0    r-- .intvecs
  000000c0    000000c0    00009860   00009860    r-x .text
  00009920    00009920    00001700   00001700    r-- .rodata
  0000b020    0000b020    00000150   00000150    r-- .cinit
20200000    20200000    00000853   00000000    rw-
  20200000    20200000    000005ab   00000000    rw- .bss
  202005ac    202005ac    000002a7   00000000    rw- .data
20207e00    20207e00    00000200   00000000    rw-
  20207e00    20207e00    00000200   00000000    rw- .stack


SECTION ALLOCATION MAP

 output                                  attributes/
section   page    origin      length       input sections
--------  ----  ----------  ----------   ----------------
.intvecs   0    00000000    000000c0     
                  00000000    000000c0     startup_mspm0g350x_ticlang.o (.intvecs)

.text      0    000000c0    00009860     
                  000000c0    000009d0     libc.a : _printfi.c.obj (.text:__TI_printfi)
                  00000a90    000007f8     draw.o (.text.HOME_directory)
                  00001288    00000364     libc.a : e_asin.c.obj (.text.asin)
                  000015ec    000002f8            : s_atan.c.obj (.text.atan)
                  000018e4    00000278     inv_mpu_dmp_motion_driver.o (.text.dmp_enable_feature)
                  00001b5c    0000023c     u8g2_font.o (.text.u8g2_font_decode_glyph)
                  00001d98    00000238     inv_mpu_dmp_motion_driver.o (.text.dmp_set_tap_thresh)
                  00001fd0    0000022c     mpu6050.o (.text.Read_Quad)
                  000021fc    0000022c     inv_mpu.o (.text.mpu_reset_fifo)
                  00002428    00000228     ti_msp_dl_config.o (.text.SYSCFG_DL_GPIO_init)
                  00002650    00000220     libc.a : _printfi.c.obj (.text._pconv_a)
                  00002870    000001f4     inv_mpu_dmp_motion_driver.o (.text.dmp_read_fifo)
                  00002a64    000001dc     libc.a : _printfi.c.obj (.text._pconv_g)
                  00002c40    000001cc     oled.o (.text.u8x8_gpio_and_delay)
                  00002e0c    000001a0     inv_mpu.o (.text.mpu_set_bypass)
                  00002fac    00000192     libclang_rt.builtins.a : adddf3.S.obj (.text.adddf3_subdf3)
                  0000313e    00000002                            : aeabi_div0.c.obj (.text.__aeabi_idiv0)
                  00003140    00000188     libc.a : e_atan2.c.obj (.text.atan2)
                  000032c8    00000178     inv_mpu_dmp_motion_driver.o (.text.dmp_set_orientation)
                  00003440    00000170     libc.a : e_sqrt.c.obj (.text.sqrt)
                  000035b0    00000168     u8x8_d_ssd1306_128x64_noname.o (.text.u8x8_d_ssd1306_sh1106_generic)
                  00003718    00000164     u8g2_ll_hvline.o (.text.u8g2_ll_hvline_vertical_top_lsb)
                  0000387c    00000158     interrupt.o (.text.GROUP1_IRQHandler)
                  000039d4    00000148     draw.o (.text.zb_control)
                  00003b1c    00000144     mpu6050.o (.text.MPU6050_Init)
                  00003c60    00000142     u8g2_font.o (.text.u8g2_font_decode_len)
                  00003da2    00000002     libclang_rt.builtins.a : aeabi_div0.c.obj (.text.__aeabi_ldiv0)
                  00003da4    0000013c     libc.a : _printfi.c.obj (.text.fcvt)
                  00003ee0    0000013c     u8x8_8x8.o (.text.u8x8_utf8_next)
                  0000401c    00000134     mspm0_i2c.o (.text.mspm0_i2c_read)
                  00004150    00000134     u8x8_cad.o (.text.u8x8_cad_ssd13xx_fast_i2c)
                  00004284    00000130     inv_mpu.o (.text.mpu_set_sensors)
                  000043b4    0000012a     u8g2_hvline.o (.text.u8g2_DrawHVLine)
                  000044de    00000002     libc.a : _lock.c.obj (.text._nop)
                  000044e0    00000128     inv_mpu.o (.text.mpu_init)
                  00004608    00000124     inv_mpu.o (.text.mpu_load_firmware)
                  0000472c    00000120     libc.a : _printfi.c.obj (.text._pconv_e)
                  0000484c    00000116     u8g2_font.o (.text.u8g2_font_get_glyph_data)
                  00004962    00000002     --HOLE-- [fill = 0]
                  00004964    0000010c     libclang_rt.builtins.a : divdf3.S.obj (.text.__divdf3)
                  00004a70    00000108     inv_mpu.o (.text.mpu_read_fifo_stream)
                  00004b78    00000104     driverlib.a : dl_timer.o (.text.DL_Timer_initFourCCPWMMode)
                  00004c7c    00000100     inv_mpu.o (.text.mpu_lp_accel_mode)
                  00004d7c    000000fc     u8g2_font.o (.text.u8g2_read_font_info)
                  00004e78    000000ec     inv_mpu.o (.text.mpu_set_sample_rate)
                  00004f64    000000e8     driverlib.a : dl_timer.o (.text.DL_Timer_initTimerMode)
                  0000504c    000000e4     libclang_rt.builtins.a : muldf3.S.obj (.text.__muldf3)
                  00005130    000000e4     inv_mpu.o (.text.mpu_set_accel_fsr)
                  00005214    000000dc     driverlib.a : dl_sysctl_mspm0g1x0x_g3x0x.o (.text.DL_SYSCTL_configSYSPLL)
                  000052f0    000000d8     libc.a : s_scalbn.c.obj (.text.scalbn)
                  000053c8    000000d8     u8g2_font.o (.text.u8g2_draw_string)
                  000054a0    000000d8     libclang_rt.builtins.a : addsf3.S.obj (.text)
                  00005578    000000d6     u8g2_hvline.o (.text.u8g2_clip_intersection2)
                  0000564e    00000002     --HOLE-- [fill = 0]
                  00005650    000000d4     inv_mpu.o (.text.set_int_enable)
                  00005724    000000d0     draw.o (.text.CAR_control)
                  000057f4    000000d0     inv_mpu.o (.text.mpu_set_lpf)
                  000058c4    000000c6     u8g2_font.o (.text.u8g2_UpdateRefHeight)
                  0000598a    00000002     --HOLE-- [fill = 0]
                  0000598c    000000c4     ti_msp_dl_config.o (.text.SYSCFG_DL_initPower)
                  00005a50    000000c4     inv_mpu.o (.text.mpu_set_gyro_fsr)
                  00005b14    000000c4     mspm0_i2c.o (.text.mspm0_i2c_write)
                  00005bd8    000000c0     draw.o (.text.PID_control)
                  00005c98    000000c0     u8x8_byte.o (.text.u8x8_byte_sw_i2c)
                  00005d58    000000bc     inv_mpu.o (.text.mpu_configure_fifo)
                  00005e14    000000b8     inv_mpu.o (.text.mpu_set_dmp_state)
                  00005ecc    000000ae     u8g2_setup.o (.text.u8g2_update_dimension_common)
                  00005f7a    00000002     --HOLE-- [fill = 0]
                  00005f7c    000000ac     inv_mpu.o (.text.mpu_read_mem)
                  00006028    000000ac     inv_mpu.o (.text.mpu_write_mem)
                  000060d4    000000ac     u8g2_setup.o (.text.u8g2_apply_clip_window)
                  00006180    000000a4     u8x8_cad.o (.text.u8x8_cad_SendSequence)
                  00006224    000000a2     libclang_rt.builtins.a : udivmoddi4.S.obj (.text)
                  000062c6    00000002     --HOLE-- [fill = 0]
                  000062c8    0000009c     inv_mpu.o (.text.mpu_set_int_latched)
                  00006364    0000009c     draw.o (.text.quanshukongzi)
                  00006400    00000098     inv_mpu_dmp_motion_driver.o (.text.dmp_set_fifo_rate)
                  00006498    00000096     mpu6050.o (.text.inv_row_2_scale)
                  0000652e    00000002     --HOLE-- [fill = 0]
                  00006530    00000096     u8g2_font.o (.text.u8g2_DrawGlyph)
                  000065c6    00000094     u8g2_intersection.o (.text.u8g2_is_intersection_decision_tree)
                  0000665a    0000008e     u8g2_buffer.o (.text.u8g2_send_buffer)
                  000066e8    0000008c     libclang_rt.builtins.a : mulsf3.S.obj (.text.__mulsf3)
                  00006774    0000008c     inv_mpu_dmp_motion_driver.o (.text.decode_gesture)
                  00006800    0000008a     u8x8_byte.o (.text.i2c_write_byte)
                  0000688a    00000002     --HOLE-- [fill = 0]
                  0000688c    00000088     draw.o (.text.other_control)
                  00006914    00000088     u8g2_font.o (.text.u8g2_font_decode_get_unsigned_bits)
                  0000699c    00000084     clock.o (.text.__NVIC_SetPriority)
                  00006a20    00000084     ti_msp_dl_config.o (.text.__NVIC_SetPriority)
                  00006aa4    00000084     main.o (.text.main)
                  00006b28    00000082     libclang_rt.builtins.a : divsf3.S.obj (.text.__divsf3)
                  00006baa    00000002     --HOLE-- [fill = 0]
                  00006bac    00000080     u8x8_d_ssd1306_128x64_noname.o (.text.u8x8_d_ssd1306_128x64_noname)
                  00006c2c    0000007c     libc.a : copy_decompress_lzss.c.obj (.text:decompress:lzss)
                  00006ca8    00000078     u8g2_box.o (.text.u8g2_DrawBox)
                  00006d20    00000078     u8g2_setup.o (.text.u8g2_SetupBuffer)
                  00006d98    00000076     u8g2_font.o (.text.u8g2_add_vector_x)
                  00006e0e    00000076     u8g2_font.o (.text.u8g2_add_vector_y)
                  00006e84    00000074     libclang_rt.builtins.a : comparedf2.c.obj (.text.__gedf2)
                  00006ef8    00000008     libc.a : aeabi_portable.c.obj (.text.__aeabi_errno_addr)
                  00006f00    00000074     libclang_rt.builtins.a : truncdfsf2.S.obj (.text.__truncdfsf2)
                  00006f74    00000074     inv_mpu.o (.text.mpu_get_accel_fsr)
                  00006fe8    0000006c     ti_msp_dl_config.o (.text.SYSCFG_DL_PWMB_init)
                  00007054    0000006c     ti_msp_dl_config.o (.text.SYSCFG_DL_PWMC_init)
                  000070c0    0000006c     ti_msp_dl_config.o (.text.SYSCFG_DL_PWMD_init)
                  0000712c    0000006c     u8g2_buffer.o (.text.u8g2_NextPage)
                  00007198    0000006c     u8x8_display.o (.text.u8x8_d_helper_display_init)
                  00007204    00000068     ti_msp_dl_config.o (.text.SYSCFG_DL_PWMA_init)
                  0000726c    00000068     libclang_rt.builtins.a : comparedf2.c.obj (.text.__ledf2)
                  000072d4    00000068     draw.o (.text.xianshuc)
                  0000733c    00000066     libc.a : _printfi.c.obj (.text._mcpy)
                  000073a2    00000066     inv_mpu_dmp_motion_driver.o (.text.dmp_set_tap_axes)
                  00007408    00000064     main.o (.text.MSPM0_Init)
                  0000746c    00000064     mspm0_i2c.o (.text.mpu6050_i2c_sda_unlock)
                  000074d0    00000064     u8g2_intersection.o (.text.u8g2_IsIntersection)
                  00007534    00000062     libclang_rt.builtins.a : aeabi_dcmp.S.obj (.text.__aeabi_dcmp)
                  00007596    00000002     --HOLE-- [fill = 0]
                  00007598    00000060     inv_mpu_dmp_motion_driver.o (.text.dmp_enable_gyro_cal)
                  000075f8    00000060     inv_mpu.o (.text.mpu_get_gyro_fsr)
                  00007658    0000005e     driverlib.a : dl_i2c.o (.text.DL_I2C_fillControllerTXFIFO)
                  000076b6    00000002     --HOLE-- [fill = 0]
                  000076b8    0000005c     libc.a : s_frexp.c.obj (.text.frexp)
                  00007714    0000005c     mspm0_i2c.o (.text.mspm0_i2c_enable)
                  00007770    0000005c     libc.a : printf.c.obj (.text.printf)
                  000077cc    00000058     ti_msp_dl_config.o (.text.SYSCFG_DL_I2C_BUS_init)
                  00007824    00000058     ti_msp_dl_config.o (.text.SYSCFG_DL_I2C_MPU6050_init)
                  0000787c    00000058     libc.a : _ltoa.c.obj (.text.__TI_ltoa)
                  000078d4    00000058            : _printfi.c.obj (.text._pconv_f)
                  0000792c    00000056     libclang_rt.builtins.a : aeabi_idivmod.S.obj (.text.__aeabi_idivmod)
                  00007982    00000054     u8g2_buffer.o (.text.u8g2_send_tile_row)
                  000079d6    00000052     libc.a : _printfi.c.obj (.text._ecpy)
                  00007a28    00000052     u8g2_font.o (.text.u8g2_font_setup_decode)
                  00007a7a    00000002     --HOLE-- [fill = 0]
                  00007a7c    00000050     mspm0_i2c.o (.text.DL_I2C_startControllerTransfer)
                  00007acc    00000050     clock.o (.text.SysTick_Config)
                  00007b1c    00000050     uart.o (.text.fputs)
                  00007b6c    00000050     u8g2_font.o (.text.u8g2_font_draw_glyph)
                  00007bbc    0000004c     ti_msp_dl_config.o (.text.DL_UART_setBaudRateDivisor)
                  00007c08    0000004c     ti_msp_dl_config.o (.text.SYSCFG_DL_SYSCTL_init)
                  00007c54    0000004a     libclang_rt.builtins.a : fixdfsi.S.obj (.text.__fixdfsi)
                  00007c9e    0000004a     u8x8_byte.o (.text.i2c_start)
                  00007ce8    00000048     driverlib.a : dl_uart.o (.text.DL_UART_init)
                  00007d30    00000048     ti_msp_dl_config.o (.text.SYSCFG_DL_UART_0_init)
                  00007d78    00000048     inv_mpu_dmp_motion_driver.o (.text.dmp_enable_6x_lp_quat)
                  00007dc0    00000048     inv_mpu_dmp_motion_driver.o (.text.dmp_enable_lp_quat)
                  00007e08    00000048     mspm0_i2c.o (.text.mspm0_i2c_disable)
                  00007e50    00000048     u8g2_d_setup.o (.text.u8g2_Setup_ssd1306_i2c_128x64_noname_f)
                  00007e98    00000046     u8g2_font.o (.text.u8g2_font_decode_get_signed_bits)
                  00007ede    00000002     --HOLE-- [fill = 0]
                  00007ee0    00000044     driverlib.a : dl_sysctl_mspm0g1x0x_g3x0x.o (.text.DL_SYSCTL_switchMCLKfromSYSOSCtoHSCLK)
                  00007f24    00000044     ti_msp_dl_config.o (.text.SYSCFG_DL_init)
                  00007f68    00000044     inv_mpu_dmp_motion_driver.o (.text.dmp_set_shake_reject_thresh)
                  00007fac    00000044     inv_mpu_dmp_motion_driver.o (.text.dmp_set_tap_count)
                  00007ff0    00000044     u8x8_setup.o (.text.u8x8_SetupDefaults)
                  00008034    00000040     libclang_rt.builtins.a : aeabi_uidivmod.S.obj (.text.__aeabi_uidivmod)
                  00008074    00000040                            : extendsfdf2.S.obj (.text.__extendsfdf2)
                  000080b4    00000040     libc.a : atoi.c.obj (.text.atoi)
                  000080f4    00000040     oled.o (.text.u8g2Init)
                  00008134    0000003e     mpu6050.o (.text.inv_orientation_matrix_to_scalar)
                  00008172    0000003e     u8g2_hvline.o (.text.u8g2_draw_hv_line_2dir)
                  000081b0    0000003c     mspm0_i2c.o (.text.DL_GPIO_initPeripheralInputFunctionFeatures)
                  000081ec    0000003c     ti_msp_dl_config.o (.text.DL_GPIO_initPeripheralInputFunctionFeatures)
                  00008228    0000003c     driverlib.a : dl_i2c.o (.text.DL_I2C_flushControllerTXFIFO)
                  00008264    0000003c     ti_msp_dl_config.o (.text.DL_Timer_setCounterControl)
                  000082a0    0000003c     ti_msp_dl_config.o (.text.SYSCFG_DL_TIMER_TICK_init)
                  000082dc    0000003c     libclang_rt.builtins.a : floatsisf.S.obj (.text.__floatsisf)
                  00008318    0000003c     libc.a : autoinit.c.obj (.text:__TI_auto_init_nobinit_nopinit)
                  00008354    0000003a     libclang_rt.builtins.a : muldsi3.S.obj (.text.__muldsi3)
                  0000838e    00000002     --HOLE-- [fill = 0]
                  00008390    00000038                            : fixsfsi.S.obj (.text.__fixsfsi)
                  000083c8    00000038     u8x8_byte.o (.text.i2c_write_bit)
                  00008400    00000038     libc.a : sprintf.c.obj (.text.sprintf)
                  00008438    00000036     u8g2_setup.o (.text.u8g2_update_page_win_r0)
                  0000846e    00000036     u8x8_setup.o (.text.u8x8_Setup)
                  000084a4    00000034     mspm0_i2c.o (.text.DL_GPIO_initDigitalInputFeatures)
                  000084d8    00000034     ti_msp_dl_config.o (.text.DL_GPIO_initDigitalInputFeatures)
                  0000850c    00000034     clock.o (.text.SysTick_Init)
                  00008540    00000034     inv_mpu.o (.text.mpu_get_sample_rate)
                  00008574    00000034     u8g2_font.o (.text.u8g2_DrawUTF8)
                  000085a8    00000034     u8g2_setup.o (.text.u8g2_SetMaxClipWindow)
                  000085dc    00000034     u8g2_setup.o (.text.u8g2_draw_l90_r0)
                  00008610    00000034     u8g2_font.o (.text.u8g2_font_get_word)
                  00008644    00000034     u8x8_display.o (.text.u8x8_DrawTile)
                  00008678    00000034     u8x8_cad.o (.text.u8x8_i2c_data_transfer)
                  000086ac    00000032     inv_mpu_dmp_motion_driver.o (.text.dmp_set_shake_reject_time)
                  000086de    00000032     inv_mpu_dmp_motion_driver.o (.text.dmp_set_shake_reject_timeout)
                  00008710    00000030     interrupt.o (.text.TIMG0_IRQHandler)
                  00008740    00000030     uart.o (.text.UART0_IRQHandler)
                  00008770    00000030     libc.a : _printfi.c.obj (.text._fcpy)
                  000087a0    00000030     inv_mpu_dmp_motion_driver.o (.text.dmp_set_tap_time)
                  000087d0    00000030     inv_mpu_dmp_motion_driver.o (.text.dmp_set_tap_time_multi)
                  00008800    00000030     u8x8_byte.o (.text.i2c_stop)
                  00008830    00000030     clock.o (.text.mspm0_delay_ms)
                  00008860    00000030     u8g2_font.o (.text.u8g2_SetFont)
                  00008890    0000002e     u8x8_byte.o (.text.i2c_read_bit)
                  000088be    0000002e     u8g2_buffer.o (.text.u8g2_ClearBuffer)
                  000088ec    0000002c     draw.o (.text.DIRECTORY_control)
                  00008918    0000002c     clock.o (.text.__NVIC_ClearPendingIRQ)
                  00008944    0000002c     uart.o (.text.__NVIC_ClearPendingIRQ)
                  00008970    0000002c     clock.o (.text.__NVIC_EnableIRQ)
                  0000899c    0000002c     main.o (.text.__NVIC_EnableIRQ)
                  000089c8    0000002c     uart.o (.text.__NVIC_EnableIRQ)
                  000089f4    0000002c     libclang_rt.builtins.a : floatsidf.S.obj (.text.__floatsidf)
                  00008a20    0000002c     uart.o (.text.fputc)
                  00008a4c    0000002c     clock.o (.text.mspm0_get_clock_ms)
                  00008a78    0000002c     uart.o (.text.uart0_send_char)
                  00008aa4    00000028     mspm0_i2c.o (.text.DL_Common_updateReg)
                  00008acc    00000028     ti_msp_dl_config.o (.text.DL_Common_updateReg)
                  00008af4    00000028     ti_msp_dl_config.o (.text.DL_I2C_setControllerRXFIFOThreshold)
                  00008b1c    00000028     ti_msp_dl_config.o (.text.DL_I2C_setControllerTXFIFOThreshold)
                  00008b44    00000028     libclang_rt.builtins.a : floatunsisf.S.obj (.text.__floatunsisf)
                  00008b6c    00000028     u8g2_cleardisplay.o (.text.u8g2_ClearDisplay)
                  00008b94    00000028     libc.a : boot_cortex_m.c.obj (.text:_c_int00_noargs)
                  00008bbc    00000026     ti_msp_dl_config.o (.text.DL_I2C_setAnalogGlitchFilterPulseWidth)
                  00008be2    00000026     driverlib.a : dl_i2c.o (.text.DL_I2C_setClockConfig)
                  00008c08    00000026     u8x8_byte.o (.text.i2c_init)
                  00008c2e    00000026     u8g2_buffer.o (.text.u8g2_FirstPage)
                  00008c54    00000026     u8g2_buffer.o (.text.u8g2_SetBufferCurrTileRow)
                  00008c7a    00000026     u8g2_hvline.o (.text.u8g2_SetDrawColor)
                  00008ca0    00000026     u8x8_gpio.o (.text.u8x8_gpio_call)
                  00008cc6    00000002     --HOLE-- [fill = 0]
                  00008cc8    00000024     oled.o (.text.GPIO_Init)
                  00008cec    00000024     libclang_rt.builtins.a : muldi3.S.obj (.text.__muldi3)
                  00008d10    00000022     libc.a : memccpy.c.obj (.text.memccpy)
                  00008d32    00000022     u8x8_byte.o (.text.u8x8_byte_SendBytes)
                  00008d54    00000022     u8x8_cad.o (.text.u8x8_cad_SendData)
                  00008d76    00000002     --HOLE-- [fill = 0]
                  00008d78    00000020     ti_msp_dl_config.o (.text.DL_GPIO_initPeripheralInputFunction)
                  00008d98    00000020     mpu6050.o (.text.DL_SYSCTL_resetDevice)
                  00008db8    00000020     ti_msp_dl_config.o (.text.DL_SYSCTL_setFlashWaitState)
                  00008dd8    00000020     uart.o (.text.UART_Init)
                  00008df8    00000020     libc.a : memcmp.c.obj (.text.memcmp)
                  00008e18    00000020     u8x8_display.o (.text.u8x8_SetPowerSave)
                  00008e38    00000020     u8x8_cad.o (.text.u8x8_cad_SendArg)
                  00008e58    00000020     u8x8_cad.o (.text.u8x8_cad_SendCmd)
                  00008e78    0000001e     ti_msp_dl_config.o (.text.DL_UART_setOversampling)
                  00008e96    00000002     --HOLE-- [fill = 0]
                  00008e98    0000001e     libclang_rt.builtins.a : ashldi3.S.obj (.text.__ashldi3)
                  00008eb6    00000002     --HOLE-- [fill = 0]
                  00008eb8    0000001c     interrupt.o (.text.DL_GPIO_clearInterruptStatus)
                  00008ed4    0000001c     main.o (.text.DL_GPIO_clearInterruptStatus)
                  00008ef0    0000001c     ti_msp_dl_config.o (.text.DL_GPIO_clearInterruptStatus)
                  00008f0c    0000001c     mspm0_i2c.o (.text.DL_GPIO_enableHiZ)
                  00008f28    0000001c     ti_msp_dl_config.o (.text.DL_GPIO_enableHiZ)
                  00008f44    0000001c     ti_msp_dl_config.o (.text.DL_GPIO_enableInterrupt)
                  00008f60    0000001c     ti_msp_dl_config.o (.text.DL_GPIO_initDigitalInput)
                  00008f7c    0000001c     ti_msp_dl_config.o (.text.DL_GPIO_initPeripheralOutputFunction)
                  00008f98    0000001c     ti_msp_dl_config.o (.text.DL_GPIO_setLowerPinsPolarity)
                  00008fb4    0000001c     mpu6050.o (.text.DL_I2C_getSDAStatus)
                  00008fd0    0000001c     mspm0_i2c.o (.text.DL_I2C_isControllerRXFIFOEmpty)
                  00008fec    0000001c     ti_msp_dl_config.o (.text.DL_SYSCTL_setSYSOSCFreq)
                  00009008    0000001c     ti_msp_dl_config.o (.text.DL_SYSCTL_setULPCLKDivider)
                  00009024    0000001c     ti_msp_dl_config.o (.text.DL_Timer_enableInterrupt)
                  00009040    0000001c     driverlib.a : dl_timer.o (.text.DL_Timer_setCaptCompUpdateMethod)
                  0000905c    0000001c                 : dl_timer.o (.text.DL_Timer_setClockConfig)
                  00009078    0000001c     ti_msp_dl_config.o (.text.DL_UART_enableInterrupt)
                  00009094    0000001c     inv_mpu_dmp_motion_driver.o (.text.dmp_load_motion_driver_firmware)
                  000090b0    0000001a     u8x8_byte.o (.text.i2c_read_scl_and_delay)
                  000090ca    0000001a     u8x8_display.o (.text.u8x8_d_helper_display_setup_memory)
                  000090e4    00000018     mspm0_i2c.o (.text.DL_GPIO_enableOutput)
                  000090fc    00000018     ti_msp_dl_config.o (.text.DL_GPIO_enableOutput)
                  00009114    00000018     ti_msp_dl_config.o (.text.DL_GPIO_enablePower)
                  0000912c    00000018     interrupt.o (.text.DL_GPIO_getEnabledInterruptStatus)
                  00009144    00000018     mspm0_i2c.o (.text.DL_GPIO_initDigitalOutput)
                  0000915c    00000018     ti_msp_dl_config.o (.text.DL_GPIO_initDigitalOutput)
                  00009174    00000018     ti_msp_dl_config.o (.text.DL_GPIO_reset)
                  0000918c    00000018     main.o (.text.DL_GPIO_setPins)
                  000091a4    00000018     mspm0_i2c.o (.text.DL_GPIO_setPins)
                  000091bc    00000018     oled.o (.text.DL_GPIO_setPins)
                  000091d4    00000018     ti_msp_dl_config.o (.text.DL_GPIO_setUpperPinsPolarity)
                  000091ec    00000018     mspm0_i2c.o (.text.DL_I2C_clearInterruptStatus)
                  00009204    00000018     ti_msp_dl_config.o (.text.DL_I2C_enableAnalogGlitchFilter)
                  0000921c    00000018     ti_msp_dl_config.o (.text.DL_I2C_enableController)
                  00009234    00000018     ti_msp_dl_config.o (.text.DL_I2C_enableControllerClockStretching)
                  0000924c    00000018     mspm0_i2c.o (.text.DL_I2C_enablePower)
                  00009264    00000018     ti_msp_dl_config.o (.text.DL_I2C_enablePower)
                  0000927c    00000018     mspm0_i2c.o (.text.DL_I2C_getRawInterruptStatus)
                  00009294    00000018     mspm0_i2c.o (.text.DL_I2C_reset)
                  000092ac    00000018     ti_msp_dl_config.o (.text.DL_I2C_reset)
                  000092c4    00000018     ti_msp_dl_config.o (.text.DL_I2C_setTimerPeriod)
                  000092dc    00000018     ti_msp_dl_config.o (.text.DL_SYSCTL_setBORThreshold)
                  000092f4    00000018     ti_msp_dl_config.o (.text.DL_Timer_enablePower)
                  0000930c    00000018     ti_msp_dl_config.o (.text.DL_Timer_reset)
                  00009324    00000018     driverlib.a : dl_timer.o (.text.DL_Timer_setCaptureCompareOutCtl)
                  0000933c    00000018     clock.o (.text.DL_Timer_startCounter)
                  00009354    00000018     ti_msp_dl_config.o (.text.DL_UART_enablePower)
                  0000936c    00000018     uart.o (.text.DL_UART_isBusy)
                  00009384    00000018     ti_msp_dl_config.o (.text.DL_UART_reset)
                  0000939c    00000018     libc.a : sprintf.c.obj (.text._outs)
                  000093b4    00000018     u8g2_font.o (.text.u8g2_font_get_byte)
                  000093cc    00000016     interrupt.o (.text.DL_GPIO_readPins)
                  000093e2    00000016     mspm0_i2c.o (.text.DL_GPIO_readPins)
                  000093f8    00000016     mspm0_i2c.o (.text.DL_I2C_transmitControllerData)
                  0000940e    00000016     ti_msp_dl_config.o (.text.DL_UART_enable)
                  00009424    00000016     uart.o (.text.DL_UART_transmitData)
                  0000943a    00000016     u8x8_byte.o (.text.i2c_delay)
                  00009450    00000016     u8x8_display.o (.text.u8x8_InitDisplay)
                  00009466    00000016     u8x8_display.o (.text.u8x8_RefreshDisplay)
                  0000947c    00000016     u8x8_display.o (.text.u8x8_SetupMemory)
                  00009492    00000016     u8x8_byte.o (.text.u8x8_byte_EndTransfer)
                  000094a8    00000016     u8x8_byte.o (.text.u8x8_byte_SendByte)
                  000094be    00000016     u8x8_byte.o (.text.u8x8_byte_StartTransfer)
                  000094d4    00000016     u8x8_cad.o (.text.u8x8_cad_EndTransfer)
                  000094ea    00000016     u8x8_cad.o (.text.u8x8_cad_StartTransfer)
                  00009500    00000016     u8x8_setup.o (.text.u8x8_dummy_cb)
                  00009516    00000014     main.o (.text.DL_GPIO_clearPins)
                  0000952a    00000014     mspm0_i2c.o (.text.DL_GPIO_clearPins)
                  0000953e    00000014     oled.o (.text.DL_GPIO_clearPins)
                  00009552    00000014     ti_msp_dl_config.o (.text.DL_GPIO_clearPins)
                  00009566    00000002     --HOLE-- [fill = 0]
                  00009568    00000014     mspm0_i2c.o (.text.DL_I2C_getControllerStatus)
                  0000957c    00000014     mspm0_i2c.o (.text.DL_I2C_receiveControllerData)
                  00009590    00000014     ti_msp_dl_config.o (.text.DL_I2C_resetControllerTransfer)
                  000095a4    00000014     ti_msp_dl_config.o (.text.DL_SYSCTL_disableSYSPLL)
                  000095b8    00000014     ti_msp_dl_config.o (.text.DL_SYSCTL_enableMFCLK)
                  000095cc    00000014     ti_msp_dl_config.o (.text.DL_Timer_enableClock)
                  000095e0    00000014     ti_msp_dl_config.o (.text.DL_Timer_setCCPDirection)
                  000095f4    00000014     uart.o (.text.DL_UART_receiveData)
                  00009608    00000014     libclang_rt.builtins.a : aeabi_uldivmod.S.obj (.text.__aeabi_uldivmod)
                  0000961c    00000014     inv_mpu_dmp_motion_driver.o (.text.dmp_register_android_orient_cb)
                  00009630    00000014     inv_mpu_dmp_motion_driver.o (.text.dmp_register_tap_cb)
                  00009644    00000014     u8x8_byte.o (.text.i2c_clear_scl)
                  00009658    00000014     u8x8_byte.o (.text.i2c_clear_sda)
                  0000966c    00000014     u8x8_byte.o (.text.i2c_read_sda)
                  00009680    00000014     libc.a : _printfi.c.obj (.text.strchr)
                  00009694    00000014     u8g2_font.o (.text.u8g2_SetFontDirection)
                  000096a8    00000014     u8g2_font.o (.text.u8g2_SetFontMode)
                  000096bc    00000014     u8g2_font.o (.text.u8g2_SetFontPosBaseline)
                  000096d0    00000014     u8g2_d_memory.o (.text.u8g2_m_16_8_f)
                  000096e4    00000012     interrupt.o (.text.DL_Timer_getPendingInterrupt)
                  000096f6    00000012     uart.o (.text.DL_UART_getPendingInterrupt)
                  00009708    00000012     driverlib.a : dl_uart.o (.text.DL_UART_setClockConfig)
                  0000971a    00000012     libc.a : memcpy16.S.obj (.text:TI_memcpy_small)
                  0000972c    00000012            : copy_decompress_none.c.obj (.text:decompress:none)
                  0000973e    00000002     --HOLE-- [fill = 0]
                  00009740    00000010     ti_msp_dl_config.o (.text.DL_SYSCTL_disableHFXT)
                  00009750    00000010     driverlib.a : dl_timer.o (.text.DL_Timer_setCaptureCompareValue)
                  00009760    00000010     interrupt.o (.text.SysTick_Handler)
                  00009770    00000010     u8g2_setup.o (.text.u8g2_update_dimension_r0)
                  00009780    00000010     u8x8_8x8.o (.text.u8x8_utf8_init)
                  00009790    00000010     libc.a : wcslen.c.obj (.text.wcslen)
                  000097a0    00000010            : copy_zero_init.c.obj (.text:decompress:ZI)
                  000097b0    0000000e     libclang_rt.builtins.a : aeabi_memset.S.obj (.text.__aeabi_memset)
                  000097be    0000000e     libc.a : _printfi.c.obj (.text.strlen)
                  000097cc    0000000e     mpu6050.o (.text.tap_cb)
                  000097da    0000000e     libc.a : memset16.S.obj (.text:TI_memset_small)
                  000097e8    0000000c     libclang_rt.builtins.a : aeabi_memset.S.obj (.text.__aeabi_memclr)
                  000097f4    0000000c     interrupt.o (.text.get_encoder_count)
                  00009800    0000000c     interrupt.o (.text.get_encoder_dir)
                  0000980c    0000000c     interrupt.o (.text.get_encoder_temp_count)
                  00009818    0000000a     driverlib.a : dl_common.o (.text.DL_Common_delayCycles)
                  00009822    0000000a     libc.a : _printfi.c.obj (.text.OUTLINED_FUNCTION_0)
                  0000982c    00000010     libclang_rt.builtins.a : adddf3.S.obj (.tramp.__aeabi_dsub.1)
                  0000983c    0000000a     libc.a : e_asin.c.obj (.text.OUTLINED_FUNCTION_0)
                  00009846    00000002     --HOLE-- [fill = 0]
                  00009848    00000010     libclang_rt.builtins.a : muldf3.S.obj (.tramp.__aeabi_dmul.1)
                  00009858    0000000a     libc.a : s_atan.c.obj (.text.OUTLINED_FUNCTION_0)
                  00009862    0000000a            : _printfi.c.obj (.text.OUTLINED_FUNCTION_1)
                  0000986c    0000000a            : e_asin.c.obj (.text.OUTLINED_FUNCTION_1)
                  00009876    0000000a            : e_asin.c.obj (.text.OUTLINED_FUNCTION_3)
                  00009880    00000010     libclang_rt.builtins.a : divdf3.S.obj (.tramp.__aeabi_ddiv.1)
                  00009890    0000000a     libc.a : sprintf.c.obj (.text._outc)
                  0000989a    0000000a     mpu6050.o (.text.android_orient_cb)
                  000098a4    0000000a     u8g2_font.o (.text.u8g2_font_calc_vref_font)
                  000098ae    00000008     libc.a : s_atan.c.obj (.text.OUTLINED_FUNCTION_2)
                  000098b6    00000002     --HOLE-- [fill = 0]
                  000098b8    00000008     libclang_rt.builtins.a : aeabi_memcpy.S.obj (.text.__aeabi_memcpy)
                  000098c0    00000008     libc.a : printf.c.obj (.text._outc)
                  000098c8    00000008            : printf.c.obj (.text._outs)
                  000098d0    00000006            : s_atan.c.obj (.text.OUTLINED_FUNCTION_1)
                  000098d6    00000002     --HOLE-- [fill = 0]
                  000098d8    00000010     libclang_rt.builtins.a : adddf3.S.obj (.tramp.__aeabi_dadd.1)
                  000098e8    00000006     libc.a : e_asin.c.obj (.text.OUTLINED_FUNCTION_2)
                  000098ee    00000006            : exit.c.obj (.text:abort)
                  000098f4    00000004     startup_mspm0g350x_ticlang.o (.text.Default_Handler)
                  000098f8    00000004     libsysbm.a : hostexit.c.obj (.text.HOSTexit)
                  000098fc    00000004     libc.a : e_asin.c.obj (.text.OUTLINED_FUNCTION_4)
                  00009900    00000004     startup_mspm0g350x_ticlang.o (.text.Reset_Handler)
                  00009904    00000010     libc.a : boot_cortex_m.c.obj (.tramp._c_int00_noargs.1)
                  00009914    00000004            : pre_init.c.obj (.text._system_pre_init)
                  00009918    00000008     --HOLE-- [fill = 0]

.cinit     0    0000b020    00000150     
                  0000b020    00000128     (.cinit..data.load) [load image, compression = lzss]
                  0000b148    0000000c     (__TI_handler_table)
                  0000b154    00000008     (.cinit..bss.load) [load image, compression = zero_init]
                  0000b15c    00000010     (__TI_cinit_table)
                  0000b16c    00000004     --HOLE-- [fill = 0]

.rodata    0    00009920    00001700     
                  00009920    00000bf6     inv_mpu_dmp_motion_driver.o (.rodata.dmp_memory)
                  0000a516    0000069f     chinesetxt.o (.rodata.u8g2_font_unifont_st16)
                  0000abb5    0000000b     draw.o (.rodata.str1.11114186964174836109.1)
                  0000abc0    00000101     libc.a : aeabi_ctype.S.obj (.rodata:__aeabi_ctype_table_)
                  0000acc1    00000007     draw.o (.rodata.str1.1222851238220204105.1)
                  0000acc8    00000040     libc.a : s_atan.c.obj (.rodata.cst32)
                  0000ad08    00000035     u8x8_d_ssd1306_128x64_noname.o (.rodata.u8x8_d_ssd1306_128x64_noname_init_seq)
                  0000ad3d    00000003     ti_msp_dl_config.o (.rodata.gPWMAClockConfig)
                  0000ad40    00000028     ti_msp_dl_config.o (.rodata.gSYSPLLConfig)
                  0000ad68    00000028     inv_mpu.o (.rodata.test)
                  0000ad90    00000024     main.o (.rodata.str1.15159059442110792349.1)
                  0000adb4    0000001e     inv_mpu.o (.rodata.reg)
                  0000add2    00000002     ti_msp_dl_config.o (.rodata.gI2C_BUSClockConfig)
                  0000add4    00000018     u8x8_d_ssd1306_128x64_noname.o (.rodata.u8x8_ssd1306_128x64_noname_display_info)
                  0000adec    00000014     ti_msp_dl_config.o (.rodata.gTIMER_TICKTimerConfig)
                  0000ae00    00000013     uart.o (.rodata.str1.14464947116831474962.1)
                  0000ae13    00000011     libc.a : _printfi.c.obj (.rodata.str1.10348868589481759720.1)
                  0000ae24    00000011            : _printfi.c.obj (.rodata.str1.15363888844622738466.1)
                  0000ae35    0000000f     draw.o (.rodata.str1.10860614167785051322.1)
                  0000ae44    0000000f     draw.o (.rodata.str1.8450940598119648634.1)
                  0000ae53    0000000f     draw.o (.rodata.str1.9387805006866944833.1)
                  0000ae62    0000000d     draw.o (.rodata.str1.11299763840726973552.1)
                  0000ae6f    0000000d     draw.o (.rodata.str1.15371446012953876463.1)
                  0000ae7c    0000000d     draw.o (.rodata.str1.16798678518866173547.1)
                  0000ae89    0000000d     draw.o (.rodata.str1.3293259928865538337.1)
                  0000ae96    0000000d     draw.o (.rodata.str1.3977530377744300196.1)
                  0000aea3    0000000d     draw.o (.rodata.str1.5092474850242601035.1)
                  0000aeb0    0000000d     draw.o (.rodata.str1.8511851625829648913.1)
                  0000aebd    00000001     --HOLE-- [fill = 0]
                  0000aebe    0000000c     inv_mpu.o (.rodata.hw)
                  0000aeca    00000002     ti_msp_dl_config.o (.rodata.gI2C_MPU6050ClockConfig)
                  0000aecc    0000000c     u8g2_setup.o (.rodata.u8g2_cb_r0)
                  0000aed8    0000000b     draw.o (.rodata.str1.17985918111400082174.1)
                  0000aee3    0000000b     draw.o (.rodata.str1.9461052618368317133.1)
                  0000aeee    0000000a     ti_msp_dl_config.o (.rodata.gUART_0Config)
                  0000aef8    00000009     draw.o (.rodata.str1.5047273646867282875.1)
                  0000af01    00000003     ti_msp_dl_config.o (.rodata.gPWMBClockConfig)
                  0000af04    00000008     ti_msp_dl_config.o (.rodata.gPWMAConfig)
                  0000af0c    00000008     ti_msp_dl_config.o (.rodata.gPWMBConfig)
                  0000af14    00000008     ti_msp_dl_config.o (.rodata.gPWMCConfig)
                  0000af1c    00000008     ti_msp_dl_config.o (.rodata.gPWMDConfig)
                  0000af24    00000007     draw.o (.rodata.str1.12837285066833756062.1)
                  0000af2b    00000007     draw.o (.rodata.str1.12927128395581683091.1)
                  0000af32    00000007     draw.o (.rodata.str1.15032166160981136206.1)
                  0000af39    00000007     draw.o (.rodata.str1.4063744131834711033.1)
                  0000af40    00000007     draw.o (.rodata.str1.4769186932343429571.1)
                  0000af47    00000007     draw.o (.rodata.str1.6628805185763255565.1)
                  0000af4e    00000007     draw.o (.rodata.str1.7599327456358374941.1)
                  0000af55    00000007     u8x8_d_ssd1306_128x64_noname.o (.rodata.u8x8_d_ssd1306_128x64_noname_flip0_seq)
                  0000af5c    00000007     u8x8_d_ssd1306_128x64_noname.o (.rodata.u8x8_d_ssd1306_128x64_noname_flip1_seq)
                  0000af63    00000006     draw.o (.rodata.str1.11662179543728856056.1)
                  0000af69    00000006     draw.o (.rodata.str1.12379070312978826538.1)
                  0000af6f    00000006     draw.o (.rodata.str1.3087611109763544748.1)
                  0000af75    00000006     draw.o (.rodata.str1.3993406505997153926.1)
                  0000af7b    00000005     draw.o (.rodata.str1.10335834370773872660.1)
                  0000af80    00000005     draw.o (.rodata.str1.13295882753961647737.1)
                  0000af85    00000005     draw.o (.rodata.str1.13338964051441701904.1)
                  0000af8a    00000005     draw.o (.rodata.str1.15046184968404042663.1)
                  0000af8f    00000005     draw.o (.rodata.str1.197789920646994554.1)
                  0000af94    00000005     draw.o (.rodata.str1.3856563774887557434.1)
                  0000af99    00000005     u8x8_d_ssd1306_128x64_noname.o (.rodata.u8x8_d_ssd1306_128x64_noname_powersave0_seq)
                  0000af9e    00000005     u8x8_d_ssd1306_128x64_noname.o (.rodata.u8x8_d_ssd1306_128x64_noname_powersave1_seq)
                  0000afa3    00000004     draw.o (.rodata.str1.12753359286343333358.1)
                  0000afa7    00000004     draw.o (.rodata.str1.13124213828302697422.1)
                  0000afab    00000004     draw.o (.rodata.str1.16853789779182153528.1)
                  0000afaf    00000004     draw.o (.rodata.str1.17104632844336190317.1)
                  0000afb3    00000004     draw.o (.rodata.str1.17167547962068192002.1)
                  0000afb7    00000004     draw.o (.rodata.str1.17323698585101302928.1)
                  0000afbb    00000004     draw.o (.rodata.str1.2536505494550489181.1)
                  0000afbf    00000004     draw.o (.rodata.str1.2680053455445061944.1)
                  0000afc3    00000004     draw.o (.rodata.str1.3602204908956033498.1)
                  0000afc7    00000004     draw.o (.rodata.str1.4176646092053031004.1)
                  0000afcb    00000004     draw.o (.rodata.str1.4799947621604406399.1)
                  0000afcf    00000004     draw.o (.rodata.str1.573547316600497309.1)
                  0000afd3    00000004     draw.o (.rodata.str1.9408500714352350149.1)
                  0000afd7    00000004     draw.o (.rodata.str1.9590535064981708106.1)
                  0000afdb    00000004     draw.o (.rodata.str1.9976906776139131669.1)
                  0000afdf    00000003     ti_msp_dl_config.o (.rodata.gPWMCClockConfig)
                  0000afe2    00000003     ti_msp_dl_config.o (.rodata.gPWMDClockConfig)
                  0000afe5    00000003     ti_msp_dl_config.o (.rodata.gTIMER_TICKClockConfig)
                  0000afe8    00000003     draw.o (.rodata.str1.11165926561598327348.1)
                  0000afeb    00000003     draw.o (.rodata.str1.13567208923197132193.1)
                  0000afee    00000003     draw.o (.rodata.str1.13766420662825426875.1)
                  0000aff1    00000003     draw.o (.rodata.str1.14915676214180293299.1)
                  0000aff4    00000003     draw.o (.rodata.str1.15074342113409833842.1)
                  0000aff7    00000003     draw.o (.rodata.str1.16988408085108356744.1)
                  0000affa    00000003     draw.o (.rodata.str1.17402708256360119916.1)
                  0000affd    00000003     draw.o (.rodata.str1.17877410042743655113.1)
                  0000b000    00000003     draw.o (.rodata.str1.3436235078410369563.1)
                  0000b003    00000003     draw.o (.rodata.str1.439440656638192846.1)
                  0000b006    00000003     draw.o (.rodata.str1.8931661920520104013.1)
                  0000b009    00000002     ti_msp_dl_config.o (.rodata.gUART_0ClockConfig)
                  0000b00b    00000002     draw.o (.rodata.str1.13621094816472248119.1)
                  0000b00d    00000002     draw.o (.rodata.str1.13901186772788639667.1)
                  0000b00f    00000002     draw.o (.rodata.str1.15981432797632722681.1)
                  0000b011    00000002     draw.o (.rodata.str1.16224708837686808630.1)
                  0000b013    00000002     draw.o (.rodata.str1.6764898206403387013.1)
                  0000b015    00000002     draw.o (.rodata.str1.7901478166373039286.1)
                  0000b017    00000009     --HOLE-- [fill = 0]

.init_array 
*          0    00000000    00000000     UNINITIALIZED

.binit     0    00000000    00000000     

.bss       0    20200000    000005ab     UNINITIALIZED
                  20200000    00000400     u8g2_d_memory.o (.bss.u8g2_m_16_8_f.buf)
                  20200400    000000a0     (.common:gPWMBBackup)
                  202004a0    000000a0     (.common:gPWMDBackup)
                  20200540    00000010     interrupt.o (.bss.motor_encoder)
                  20200550    00000010     (.common:id)
                  20200560    00000010     (.common:quat)
                  20200570    00000006     (.common:accel)
                  20200576    00000006     (.common:gyro)
                  2020057c    00000004     (.common:D)
                  20200580    00000004     (.common:I)
                  20200584    00000004     (.common:P)
                  20200588    00000004     (.common:car_begin_yaw)
                  2020058c    00000004     (.common:car_straight_yaw)
                  20200590    00000004     (.common:pitch)
                  20200594    00000004     (.common:roll)
                  20200598    00000004     (.common:sensor_timestamp)
                  2020059c    00000004     (.common:start_time)
                  202005a0    00000004     (.common:tick_ms)
                  202005a4    00000004     (.common:yaw)
                  202005a8    00000002     (.common:sensors)
                  202005aa    00000001     (.common:more)

.data      0    202005ac    000002a7     UNINITIALIZED
                  202005ac    000000f0     libc.a : defs.c.obj (.data._ftable)
                  2020069c    0000002c     inv_mpu.o (.data.st)
                  202006c8    00000024     draw.o (.data..compoundliteral.42)
                  202006ec    00000020     draw.o (.data..compoundliteral.26)
                  2020070c    0000001c     draw.o (.data..compoundliteral.13)
                  20200728    0000001c     draw.o (.data..compoundliteral.33)
                  20200744    0000001c     draw.o (.data..compoundliteral.49)
                  20200760    0000001c     draw.o (.data..compoundliteral.52)
                  2020077c    0000001c     draw.o (.data..compoundliteral)
                  20200798    00000018     draw.o (.data..compoundliteral.50)
                  202007b0    00000014     draw.o (.data..compoundliteral.18)
                  202007c4    00000010     inv_mpu_dmp_motion_driver.o (.data.dmp)
                  202007d4    0000000e     mpu6050.o (.data.hal)
                  202007e2    00000009     mpu6050.o (.data.gyro_orientation)
                  202007eb    00000001     line_follower.o (.data.mode_flag)
                  202007ec    00000008     draw.o (.data..compoundliteral.51)
                  202007f4    00000008     draw.o (.data.directory)
                  202007fc    00000008     draw.o (.data.directory_num)
                  20200804    00000004     draw.o (.data..compoundliteral.6)
                  20200808    00000004     electrical_machinery.o (.data.MAX)
                  2020080c    00000004     line_follower.o (.data.MAX_CORRECTION)
                  20200810    00000004     electrical_machinery.o (.data.MIN)
                  20200814    00000004     libc.a : aeabi_portable.c.obj (.data.__aeabi_errno)
                  20200818    00000004            : _lock.c.obj (.data._lock)
                  2020081c    00000004            : _lock.c.obj (.data._unlock)
                  20200820    00000004     draw.o (.data.car_speed)
                  20200824    00000004     line_follower.o (.data.correction_factor1)
                  20200828    00000004     line_follower.o (.data.correction_factor2)
                  2020082c    00000004     line_follower.o (.data.correction_factor3)
                  20200830    00000004     line_follower.o (.data.correction_factor4)
                  20200834    00000004     draw.o (.data.directory_flag)
                  20200838    00000004     line_follower.o (.data.l_num)
                  2020083c    00000004     interrupt.o (.data.nextway)
                  20200840    00000004     draw.o (.data.now_speed)
                  20200844    00000004     draw.o (.data.quanshu)
                  20200848    00000004     line_follower.o (.data.r_num)
                  2020084c    00000004     draw.o (.data.xspeed)
                  20200850    00000001     draw.o (.data.stop_flag)
                  20200851    00000001     u8x8_cad.o (.data.u8x8_cad_ssd13xx_fast_i2c.in_transfer)
                  20200852    00000001     uart.o (.data.uart_data)

.stack     0    20207e00    00000200     UNINITIALIZED
                  20207e00    00000004     libc.a : boot_cortex_m.c.obj (.stack)
                  20207e04    000001fc     --HOLE--

__llvm_prf_cnts 
*          0    20200000    00000000     UNINITIALIZED

__llvm_prf_bits 
*          0    20200000    00000000     UNINITIALIZED

MODULE SUMMARY

       Module                           code    ro data   rw data
       ------                           ----    -------   -------
    .\
       ti_msp_dl_config.o               3082    123       320    
       main.o                           348     36        0      
       startup_mspm0g350x_ticlang.o     8       192       0      
    +--+--------------------------------+-------+---------+---------+
       Total:                           3438    351       320    
                                                                 
    .\MPU6050\
       inv_mpu_dmp_motion_driver.o      3110    3062      16     
       inv_mpu.o                        4600    82        44     
       mspm0_i2c.o                      1328    0         0      
       mpu6050.o                        1176    0         70     
    +--+--------------------------------+-------+---------+---------+
       Total:                           10214   3144      130    
                                                                 
    .\MSPM0\
       interrupt.o                      536     0         20     
       clock.o                          468     0         8      
       electrical_machinery.o           0       0         8      
    +--+--------------------------------+-------+---------+---------+
       Total:                           1004    0         36     
                                                                 
    .\OLED\
       draw.o                           3208    393       317    
       oled.o                           604     0         0      
    +--+--------------------------------+-------+---------+---------+
       Total:                           3812    393       317    
                                                                 
    .\OLED\csrc\
       u8g2_font.o                      2838    0         0      
       chinesetxt.o                     0       1695      0      
       u8g2_d_memory.o                  20      0         1024   
       u8x8_byte.o                      800     0         0      
       u8x8_cad.o                       666     0         1      
       u8g2_setup.o                     640     12        0      
       u8g2_hvline.o                    612     0         0      
       u8x8_d_ssd1306_128x64_noname.o   488     101       0      
       u8g2_buffer.o                    456     0         0      
       u8g2_ll_hvline.o                 356     0         0      
       u8x8_8x8.o                       332     0         0      
       u8x8_display.o                   284     0         0      
       u8g2_intersection.o              248     0         0      
       u8x8_setup.o                     144     0         0      
       u8g2_box.o                       120     0         0      
       u8g2_d_setup.o                   72      0         0      
       u8g2_cleardisplay.o              40      0         0      
       u8x8_gpio.o                      38      0         0      
    +--+--------------------------------+-------+---------+---------+
       Total:                           8154    1808      1025   
                                                                 
    .\Tracking\
       line_follower.o                  0       0         37     
    +--+--------------------------------+-------+---------+---------+
       Total:                           0       0         37     
                                                                 
    .\UART\
       uart.o                           420     19        13     
    +--+--------------------------------+-------+---------+---------+
       Total:                           420     19        13     
                                                                 
    C:/ti/mspm0_sdk_2_04_00_06/source/ti/driverlib/lib/ticlang/m0p/mspm0g1x0x_g3x0x/driverlib.a
       dl_timer.o                       588     0         0      
       dl_sysctl_mspm0g1x0x_g3x0x.o     288     0         0      
       dl_i2c.o                         192     0         0      
       dl_uart.o                        90      0         0      
       dl_common.o                      10      0         0      
    +--+--------------------------------+-------+---------+---------+
       Total:                           1168    0         0      
                                                                 
    C:\ti\ccs2020\ccs\tools\compiler\ti-cgt-armllvm_4.0.3.LTS\lib\armv6m-ti-none-eabi/c/libc.a
       _printfi.c.obj                   4510    34        0      
       e_asin.c.obj                     908     0         0      
       s_atan.c.obj                     784     64        0      
       e_atan2.c.obj                    392     0         0      
       e_sqrt.c.obj                     368     0         0      
       aeabi_ctype.S.obj                0       257       0      
       defs.c.obj                       0       0         240    
       s_scalbn.c.obj                   216     0         0      
       copy_decompress_lzss.c.obj       124     0         0      
       printf.c.obj                     108     0         0      
       s_frexp.c.obj                    92      0         0      
       sprintf.c.obj                    90      0         0      
       _ltoa.c.obj                      88      0         0      
       atoi.c.obj                       64      0         0      
       autoinit.c.obj                   60      0         0      
       boot_cortex_m.c.obj              56      0         0      
       memccpy.c.obj                    34      0         0      
       memcmp.c.obj                     32      0         0      
       copy_decompress_none.c.obj       18      0         0      
       memcpy16.S.obj                   18      0         0      
       copy_zero_init.c.obj             16      0         0      
       wcslen.c.obj                     16      0         0      
       memset16.S.obj                   14      0         0      
       aeabi_portable.c.obj             8       0         4      
       _lock.c.obj                      2       0         8      
       exit.c.obj                       6       0         0      
       pre_init.c.obj                   4       0         0      
    +--+--------------------------------+-------+---------+---------+
       Total:                           8028    355       252    
                                                                 
    C:\ti\ccs2020\ccs\tools\compiler\ti-cgt-armllvm_4.0.3.LTS\lib\armv6m-ti-none-eabi/c/libsysbm.a
       hostexit.c.obj                   4       0         0      
    +--+--------------------------------+-------+---------+---------+
       Total:                           4       0         0      
                                                                 
    C:\ti\ccs2020\ccs\tools\compiler\ti-cgt-armllvm_4.0.3.LTS\lib\armv6m-ti-none-eabi/libclang_rt.builtins.a
       adddf3.S.obj                     434     0         0      
       divdf3.S.obj                     284     0         0      
       muldf3.S.obj                     244     0         0      
       comparedf2.c.obj                 220     0         0      
       addsf3.S.obj                     216     0         0      
       udivmoddi4.S.obj                 162     0         0      
       mulsf3.S.obj                     140     0         0      
       divsf3.S.obj                     130     0         0      
       truncdfsf2.S.obj                 116     0         0      
       aeabi_dcmp.S.obj                 98      0         0      
       aeabi_idivmod.S.obj              86      0         0      
       fixdfsi.S.obj                    74      0         0      
       aeabi_uidivmod.S.obj             64      0         0      
       extendsfdf2.S.obj                64      0         0      
       floatsisf.S.obj                  60      0         0      
       muldsi3.S.obj                    58      0         0      
       fixsfsi.S.obj                    56      0         0      
       floatsidf.S.obj                  44      0         0      
       floatunsisf.S.obj                40      0         0      
       muldi3.S.obj                     36      0         0      
       ashldi3.S.obj                    30      0         0      
       aeabi_memset.S.obj               26      0         0      
       aeabi_uldivmod.S.obj             20      0         0      
       aeabi_memcpy.S.obj               8       0         0      
       aeabi_div0.c.obj                 4       0         0      
    +--+--------------------------------+-------+---------+---------+
       Total:                           2714    0         0      
                                                                 
       Stack:                           0       0         512    
       Linker Generated:                0       332       0      
    +--+--------------------------------+-------+---------+---------+
       Grand Total:                     38956   6402      2642   


LINKER GENERATED COPY TABLES

__TI_cinit_table @ 0000b15c records: 2, size/record: 8, table size: 16
	.data: load addr=0000b020, load size=00000128 bytes, run addr=202005ac, run size=000002a7 bytes, compression=lzss
	.bss: load addr=0000b154, load size=00000008 bytes, run addr=20200000, run size=000005ab bytes, compression=zero_init


LINKER GENERATED HANDLER TABLE

__TI_handler_table @ 0000b148 records: 3, size/record: 4, table size: 12
	index: 0, handler: __TI_decompress_lzss
	index: 1, handler: __TI_decompress_none
	index: 2, handler: __TI_zero_init


FAR CALL TRAMPOLINES

callee name               trampoline name
   callee addr  tramp addr   call addr  call info
--------------  -----------  ---------  ----------------
__aeabi_dsub              $Tramp$TT$L$PI$$__aeabi_dsub
   00002fad     0000982c     0000982a   libc.a : _printfi.c.obj (.text.OUTLINED_FUNCTION_0)
__aeabi_dmul              $Tramp$TT$L$PI$$__aeabi_dmul
   0000504d     00009848     00009844   libc.a : e_asin.c.obj (.text.OUTLINED_FUNCTION_0)
                             00009860          : s_atan.c.obj (.text.OUTLINED_FUNCTION_0)
                             00009874          : e_asin.c.obj (.text.OUTLINED_FUNCTION_1)
                             000098b4          : s_atan.c.obj (.text.OUTLINED_FUNCTION_2)
                             000098ec          : e_asin.c.obj (.text.OUTLINED_FUNCTION_2)
__aeabi_ddiv              $Tramp$TT$L$PI$$__aeabi_ddiv
   00004965     00009880     0000987e   libc.a : e_asin.c.obj (.text.OUTLINED_FUNCTION_3)
__aeabi_dadd              $Tramp$TT$L$PI$$__aeabi_dadd
   00002fb7     000098d8     000098d4   libc.a : s_atan.c.obj (.text.OUTLINED_FUNCTION_1)
                             000098fe          : e_asin.c.obj (.text.OUTLINED_FUNCTION_4)
_c_int00_noargs           $Tramp$TT$L$PI$$_c_int00_noargs
   00008b95     00009904     00009900   startup_mspm0g350x_ticlang.o (.text.Reset_Handler)

[5 trampolines]
[10 trampoline calls]


GLOBAL SYMBOLS: SORTED ALPHABETICALLY BY Name 

address   name                                  
-------   ----                                  
000098f5  ADC0_IRQHandler                       
000098f5  ADC1_IRQHandler                       
000098f5  AES_IRQHandler                        
000098f8  C$$EXIT                               
000098f5  CANFD0_IRQHandler                     
00005725  CAR_control                           
2020057c  D                                     
000098f5  DAC0_IRQHandler                       
000088ed  DIRECTORY_control                     
00009819  DL_Common_delayCycles                 
00007659  DL_I2C_fillControllerTXFIFO           
00008229  DL_I2C_flushControllerTXFIFO          
00008be3  DL_I2C_setClockConfig                 
00005215  DL_SYSCTL_configSYSPLL                
00007ee1  DL_SYSCTL_switchMCLKfromSYSOSCtoHSCLK 
00004b79  DL_Timer_initFourCCPWMMode            
00004f65  DL_Timer_initTimerMode                
00009041  DL_Timer_setCaptCompUpdateMethod      
00009325  DL_Timer_setCaptureCompareOutCtl      
00009751  DL_Timer_setCaptureCompareValue       
0000905d  DL_Timer_setClockConfig               
00007ce9  DL_UART_init                          
00009709  DL_UART_setClockConfig                
000098f5  DMA_IRQHandler                        
000098f5  Default_Handler                       
00008cc9  GPIO_Init                             
000098f5  GROUP0_IRQHandler                     
0000387d  GROUP1_IRQHandler                     
00000a91  HOME_directory                        
000098f9  HOSTexit                              
000098f5  HardFault_Handler                     
20200580  I                                     
000098f5  I2C0_IRQHandler                       
000098f5  I2C1_IRQHandler                       
20200808  MAX                                   
2020080c  MAX_CORRECTION                        
20200810  MIN                                   
00003b1d  MPU6050_Init                          
00007409  MSPM0_Init                            
000098f5  NMI_Handler                           
20200584  P                                     
00005bd9  PID_control                           
000098f5  PendSV_Handler                        
000098f5  RTC_IRQHandler                        
00001fd1  Read_Quad                             
00009901  Reset_Handler                         
000098f5  SPI0_IRQHandler                       
000098f5  SPI1_IRQHandler                       
000098f5  SVC_Handler                           
00002429  SYSCFG_DL_GPIO_init                   
000077cd  SYSCFG_DL_I2C_BUS_init                
00007825  SYSCFG_DL_I2C_MPU6050_init            
00007205  SYSCFG_DL_PWMA_init                   
00006fe9  SYSCFG_DL_PWMB_init                   
00007055  SYSCFG_DL_PWMC_init                   
000070c1  SYSCFG_DL_PWMD_init                   
00007c09  SYSCFG_DL_SYSCTL_init                 
000082a1  SYSCFG_DL_TIMER_TICK_init             
00007d31  SYSCFG_DL_UART_0_init                 
00007f25  SYSCFG_DL_init                        
0000598d  SYSCFG_DL_initPower                   
00009761  SysTick_Handler                       
0000850d  SysTick_Init                          
000098f5  TIMA0_IRQHandler                      
000098f5  TIMA1_IRQHandler                      
00008711  TIMG0_IRQHandler                      
000098f5  TIMG12_IRQHandler                     
000098f5  TIMG6_IRQHandler                      
000098f5  TIMG7_IRQHandler                      
000098f5  TIMG8_IRQHandler                      
0000971b  TI_memcpy_small                       
000097db  TI_memset_small                       
00008741  UART0_IRQHandler                      
000098f5  UART1_IRQHandler                      
000098f5  UART2_IRQHandler                      
000098f5  UART3_IRQHandler                      
00008dd9  UART_Init                             
20208000  __STACK_END                           
00000200  __STACK_SIZE                          
00000000  __TI_ATRegion0_region_sz              
00000000  __TI_ATRegion0_src_addr               
00000000  __TI_ATRegion0_trg_addr               
00000000  __TI_ATRegion1_region_sz              
00000000  __TI_ATRegion1_src_addr               
00000000  __TI_ATRegion1_trg_addr               
00000000  __TI_ATRegion2_region_sz              
00000000  __TI_ATRegion2_src_addr               
00000000  __TI_ATRegion2_trg_addr               
0000b15c  __TI_CINIT_Base                       
0000b16c  __TI_CINIT_Limit                      
0000b16c  __TI_CINIT_Warm                       
0000b148  __TI_Handler_Table_Base               
0000b154  __TI_Handler_Table_Limit              
00008319  __TI_auto_init_nobinit_nopinit        
00006c2d  __TI_decompress_lzss                  
0000972d  __TI_decompress_none                  
0000787d  __TI_ltoa                             
ffffffff  __TI_pprof_out_hndl                   
000000c1  __TI_printfi                          
ffffffff  __TI_prof_data_size                   
ffffffff  __TI_prof_data_start                  
00000000  __TI_static_base__                    
000097a1  __TI_zero_init                        
00002fb7  __adddf3                              
000054ab  __addsf3                              
0000abc0  __aeabi_ctype_table_                  
0000abc0  __aeabi_ctype_table_C                 
00006f01  __aeabi_d2f                           
00007c55  __aeabi_d2iz                          
00002fb7  __aeabi_dadd                          
00007535  __aeabi_dcmpeq                        
00007571  __aeabi_dcmpge                        
00007585  __aeabi_dcmpgt                        
0000755d  __aeabi_dcmple                        
00007549  __aeabi_dcmplt                        
00004965  __aeabi_ddiv                          
0000504d  __aeabi_dmul                          
00002fad  __aeabi_dsub                          
20200814  __aeabi_errno                         
00006ef9  __aeabi_errno_addr                    
00008075  __aeabi_f2d                           
00008391  __aeabi_f2iz                          
000054ab  __aeabi_fadd                          
00006b29  __aeabi_fdiv                          
000066e9  __aeabi_fmul                          
000054a1  __aeabi_fsub                          
000089f5  __aeabi_i2d                           
000082dd  __aeabi_i2f                           
0000792d  __aeabi_idiv                          
0000313f  __aeabi_idiv0                         
0000792d  __aeabi_idivmod                       
00003da3  __aeabi_ldiv0                         
00008e99  __aeabi_llsl                          
00008ced  __aeabi_lmul                          
000097e9  __aeabi_memclr                        
000097e9  __aeabi_memclr4                       
000097e9  __aeabi_memclr8                       
000098b9  __aeabi_memcpy                        
000098b9  __aeabi_memcpy4                       
000098b9  __aeabi_memcpy8                       
000097b1  __aeabi_memset                        
000097b1  __aeabi_memset4                       
000097b1  __aeabi_memset8                       
00008b45  __aeabi_ui2f                          
00008035  __aeabi_uidiv                         
00008035  __aeabi_uidivmod                      
00009609  __aeabi_uldivmod                      
00008e99  __ashldi3                             
ffffffff  __binit__                             
0000726d  __cmpdf2                              
00004965  __divdf3                              
00006b29  __divsf3                              
0000726d  __eqdf2                               
00008075  __extendsfdf2                         
00007c55  __fixdfsi                             
00008391  __fixsfsi                             
000089f5  __floatsidf                           
000082dd  __floatsisf                           
00008b45  __floatunsisf                         
00006e85  __gedf2                               
00006e85  __gtdf2                               
0000726d  __ledf2                               
0000726d  __ltdf2                               
UNDEFED   __mpu_init                            
0000504d  __muldf3                              
00008ced  __muldi3                              
00008355  __muldsi3                             
000066e9  __mulsf3                              
0000726d  __nedf2                               
20207e00  __stack                               
20200000  __start___llvm_prf_bits               
20200000  __start___llvm_prf_cnts               
20200000  __stop___llvm_prf_bits                
20200000  __stop___llvm_prf_cnts                
00002fad  __subdf3                              
000054a1  __subsf3                              
00006f01  __truncdfsf2                          
00006225  __udivmoddi4                          
00008b95  _c_int00_noargs                       
202005ac  _ftable                               
20200818  _lock                                 
000044df  _nop                                  
UNDEFED   _system_post_cinit                    
00009915  _system_pre_init                      
2020081c  _unlock                               
000098ef  abort                                 
20200570  accel                                 
00001289  asin                                  
00001289  asinl                                 
000015ed  atan                                  
00003141  atan2                                 
00003141  atan2l                                
000015ed  atanl                                 
000080b5  atoi                                  
ffffffff  binit                                 
20200588  car_begin_yaw                         
20200820  car_speed                             
2020058c  car_straight_yaw                      
20200824  correction_factor1                    
20200828  correction_factor2                    
2020082c  correction_factor3                    
20200830  correction_factor4                    
202007f4  directory                             
20200834  directory_flag                        
202007fc  directory_num                         
00007d79  dmp_enable_6x_lp_quat                 
000018e5  dmp_enable_feature                    
00007599  dmp_enable_gyro_cal                   
00007dc1  dmp_enable_lp_quat                    
00009095  dmp_load_motion_driver_firmware       
00002871  dmp_read_fifo                         
0000961d  dmp_register_android_orient_cb        
00009631  dmp_register_tap_cb                   
00006401  dmp_set_fifo_rate                     
000032c9  dmp_set_orientation                   
00007f69  dmp_set_shake_reject_thresh           
000086ad  dmp_set_shake_reject_time             
000086df  dmp_set_shake_reject_timeout          
000073a3  dmp_set_tap_axes                      
00007fad  dmp_set_tap_count                     
00001d99  dmp_set_tap_thresh                    
000087a1  dmp_set_tap_time                      
000087d1  dmp_set_tap_time_multi                
00008a21  fputc                                 
00007b1d  fputs                                 
000076b9  frexp                                 
000076b9  frexpl                                
20200400  gPWMBBackup                           
202004a0  gPWMDBackup                           
000097f5  get_encoder_count                     
00009801  get_encoder_dir                       
0000980d  get_encoder_temp_count                
20200576  gyro                                  
0000aebe  hw                                    
20200550  id                                    
00000000  interruptVectors                      
20200838  l_num                                 
000052f1  ldexp                                 
000052f1  ldexpl                                
00006aa5  main                                  
00008d11  memccpy                               
00008df9  memcmp                                
202007eb  mode_flag                             
202005aa  more                                  
0000746d  mpu6050_i2c_sda_unlock                
00005d59  mpu_configure_fifo                    
00006f75  mpu_get_accel_fsr                     
000075f9  mpu_get_gyro_fsr                      
00008541  mpu_get_sample_rate                   
000044e1  mpu_init                              
00004609  mpu_load_firmware                     
00004c7d  mpu_lp_accel_mode                     
00004a71  mpu_read_fifo_stream                  
00005f7d  mpu_read_mem                          
000021fd  mpu_reset_fifo                        
00005131  mpu_set_accel_fsr                     
00002e0d  mpu_set_bypass                        
00005e15  mpu_set_dmp_state                     
00005a51  mpu_set_gyro_fsr                      
000062c9  mpu_set_int_latched                   
000057f5  mpu_set_lpf                           
00004e79  mpu_set_sample_rate                   
00004285  mpu_set_sensors                       
00006029  mpu_write_mem                         
00008831  mspm0_delay_ms                        
00008a4d  mspm0_get_clock_ms                    
0000401d  mspm0_i2c_read                        
00005b15  mspm0_i2c_write                       
2020083c  nextway                               
20200840  now_speed                             
0000688d  other_control                         
20200590  pitch                                 
00007771  printf                                
20200844  quanshu                               
00006365  quanshukongzi                         
20200560  quat                                  
20200848  r_num                                 
0000adb4  reg                                   
20200594  roll                                  
000052f1  scalbn                                
000052f1  scalbnl                               
20200598  sensor_timestamp                      
202005a8  sensors                               
00008401  sprintf                               
00003441  sqrt                                  
00003441  sqrtl                                 
2020059c  start_time                            
20200850  stop_flag                             
0000ad68  test                                  
202005a0  tick_ms                               
000080f5  u8g2Init                              
000088bf  u8g2_ClearBuffer                      
00008b6d  u8g2_ClearDisplay                     
00006ca9  u8g2_DrawBox                          
00006531  u8g2_DrawGlyph                        
000043b5  u8g2_DrawHVLine                       
00008575  u8g2_DrawUTF8                         
00008c2f  u8g2_FirstPage                        
000074d1  u8g2_IsIntersection                   
0000712d  u8g2_NextPage                         
00008c55  u8g2_SetBufferCurrTileRow             
00008c7b  u8g2_SetDrawColor                     
00008861  u8g2_SetFont                          
00009695  u8g2_SetFontDirection                 
000096a9  u8g2_SetFontMode                      
000096bd  u8g2_SetFontPosBaseline               
000085a9  u8g2_SetMaxClipWindow                 
00006d21  u8g2_SetupBuffer                      
00007e51  u8g2_Setup_ssd1306_i2c_128x64_noname_f
000058c5  u8g2_UpdateRefHeight                  
00006d99  u8g2_add_vector_x                     
00006e0f  u8g2_add_vector_y                     
0000aecc  u8g2_cb_r0                            
00008173  u8g2_draw_hv_line_2dir                
000085dd  u8g2_draw_l90_r0                      
000098a5  u8g2_font_calc_vref_font              
00007e99  u8g2_font_decode_get_signed_bits      
00006915  u8g2_font_decode_get_unsigned_bits    
00001b5d  u8g2_font_decode_glyph                
00003c61  u8g2_font_decode_len                  
0000484d  u8g2_font_get_glyph_data              
0000a516  u8g2_font_unifont_st16                
000065c7  u8g2_is_intersection_decision_tree    
00003719  u8g2_ll_hvline_vertical_top_lsb       
000096d1  u8g2_m_16_8_f                         
00004d7d  u8g2_read_font_info                   
00009771  u8g2_update_dimension_r0              
00008439  u8g2_update_page_win_r0               
00008645  u8x8_DrawTile                         
00009451  u8x8_InitDisplay                      
00009467  u8x8_RefreshDisplay                   
00008e19  u8x8_SetPowerSave                     
0000846f  u8x8_Setup                            
00007ff1  u8x8_SetupDefaults                    
0000947d  u8x8_SetupMemory                      
00009493  u8x8_byte_EndTransfer                 
000094a9  u8x8_byte_SendByte                    
00008d33  u8x8_byte_SendBytes                   
000094bf  u8x8_byte_StartTransfer               
00005c99  u8x8_byte_sw_i2c                      
000094d5  u8x8_cad_EndTransfer                  
00008e39  u8x8_cad_SendArg                      
00008e59  u8x8_cad_SendCmd                      
00008d55  u8x8_cad_SendData                     
00006181  u8x8_cad_SendSequence                 
000094eb  u8x8_cad_StartTransfer                
00004151  u8x8_cad_ssd13xx_fast_i2c             
00007199  u8x8_d_helper_display_init            
000090cb  u8x8_d_helper_display_setup_memory    
00006bad  u8x8_d_ssd1306_128x64_noname          
00009501  u8x8_dummy_cb                         
00002c41  u8x8_gpio_and_delay                   
00008ca1  u8x8_gpio_call                        
00009781  u8x8_utf8_init                        
00003ee1  u8x8_utf8_next                        
00008a79  uart0_send_char                       
20200852  uart_data                             
00009791  wcslen                                
000072d5  xianshuc                              
2020084c  xspeed                                
202005a4  yaw                                   
000039d5  zb_control                            


GLOBAL SYMBOLS: SORTED BY Symbol Address 

address   name                                  
-------   ----                                  
00000000  __TI_ATRegion0_region_sz              
00000000  __TI_ATRegion0_src_addr               
00000000  __TI_ATRegion0_trg_addr               
00000000  __TI_ATRegion1_region_sz              
00000000  __TI_ATRegion1_src_addr               
00000000  __TI_ATRegion1_trg_addr               
00000000  __TI_ATRegion2_region_sz              
00000000  __TI_ATRegion2_src_addr               
00000000  __TI_ATRegion2_trg_addr               
00000000  __TI_static_base__                    
00000000  interruptVectors                      
000000c1  __TI_printfi                          
00000200  __STACK_SIZE                          
00000a91  HOME_directory                        
00001289  asin                                  
00001289  asinl                                 
000015ed  atan                                  
000015ed  atanl                                 
000018e5  dmp_enable_feature                    
00001b5d  u8g2_font_decode_glyph                
00001d99  dmp_set_tap_thresh                    
00001fd1  Read_Quad                             
000021fd  mpu_reset_fifo                        
00002429  SYSCFG_DL_GPIO_init                   
00002871  dmp_read_fifo                         
00002c41  u8x8_gpio_and_delay                   
00002e0d  mpu_set_bypass                        
00002fad  __aeabi_dsub                          
00002fad  __subdf3                              
00002fb7  __adddf3                              
00002fb7  __aeabi_dadd                          
0000313f  __aeabi_idiv0                         
00003141  atan2                                 
00003141  atan2l                                
000032c9  dmp_set_orientation                   
00003441  sqrt                                  
00003441  sqrtl                                 
00003719  u8g2_ll_hvline_vertical_top_lsb       
0000387d  GROUP1_IRQHandler                     
000039d5  zb_control                            
00003b1d  MPU6050_Init                          
00003c61  u8g2_font_decode_len                  
00003da3  __aeabi_ldiv0                         
00003ee1  u8x8_utf8_next                        
0000401d  mspm0_i2c_read                        
00004151  u8x8_cad_ssd13xx_fast_i2c             
00004285  mpu_set_sensors                       
000043b5  u8g2_DrawHVLine                       
000044df  _nop                                  
000044e1  mpu_init                              
00004609  mpu_load_firmware                     
0000484d  u8g2_font_get_glyph_data              
00004965  __aeabi_ddiv                          
00004965  __divdf3                              
00004a71  mpu_read_fifo_stream                  
00004b79  DL_Timer_initFourCCPWMMode            
00004c7d  mpu_lp_accel_mode                     
00004d7d  u8g2_read_font_info                   
00004e79  mpu_set_sample_rate                   
00004f65  DL_Timer_initTimerMode                
0000504d  __aeabi_dmul                          
0000504d  __muldf3                              
00005131  mpu_set_accel_fsr                     
00005215  DL_SYSCTL_configSYSPLL                
000052f1  ldexp                                 
000052f1  ldexpl                                
000052f1  scalbn                                
000052f1  scalbnl                               
000054a1  __aeabi_fsub                          
000054a1  __subsf3                              
000054ab  __addsf3                              
000054ab  __aeabi_fadd                          
00005725  CAR_control                           
000057f5  mpu_set_lpf                           
000058c5  u8g2_UpdateRefHeight                  
0000598d  SYSCFG_DL_initPower                   
00005a51  mpu_set_gyro_fsr                      
00005b15  mspm0_i2c_write                       
00005bd9  PID_control                           
00005c99  u8x8_byte_sw_i2c                      
00005d59  mpu_configure_fifo                    
00005e15  mpu_set_dmp_state                     
00005f7d  mpu_read_mem                          
00006029  mpu_write_mem                         
00006181  u8x8_cad_SendSequence                 
00006225  __udivmoddi4                          
000062c9  mpu_set_int_latched                   
00006365  quanshukongzi                         
00006401  dmp_set_fifo_rate                     
00006531  u8g2_DrawGlyph                        
000065c7  u8g2_is_intersection_decision_tree    
000066e9  __aeabi_fmul                          
000066e9  __mulsf3                              
0000688d  other_control                         
00006915  u8g2_font_decode_get_unsigned_bits    
00006aa5  main                                  
00006b29  __aeabi_fdiv                          
00006b29  __divsf3                              
00006bad  u8x8_d_ssd1306_128x64_noname          
00006c2d  __TI_decompress_lzss                  
00006ca9  u8g2_DrawBox                          
00006d21  u8g2_SetupBuffer                      
00006d99  u8g2_add_vector_x                     
00006e0f  u8g2_add_vector_y                     
00006e85  __gedf2                               
00006e85  __gtdf2                               
00006ef9  __aeabi_errno_addr                    
00006f01  __aeabi_d2f                           
00006f01  __truncdfsf2                          
00006f75  mpu_get_accel_fsr                     
00006fe9  SYSCFG_DL_PWMB_init                   
00007055  SYSCFG_DL_PWMC_init                   
000070c1  SYSCFG_DL_PWMD_init                   
0000712d  u8g2_NextPage                         
00007199  u8x8_d_helper_display_init            
00007205  SYSCFG_DL_PWMA_init                   
0000726d  __cmpdf2                              
0000726d  __eqdf2                               
0000726d  __ledf2                               
0000726d  __ltdf2                               
0000726d  __nedf2                               
000072d5  xianshuc                              
000073a3  dmp_set_tap_axes                      
00007409  MSPM0_Init                            
0000746d  mpu6050_i2c_sda_unlock                
000074d1  u8g2_IsIntersection                   
00007535  __aeabi_dcmpeq                        
00007549  __aeabi_dcmplt                        
0000755d  __aeabi_dcmple                        
00007571  __aeabi_dcmpge                        
00007585  __aeabi_dcmpgt                        
00007599  dmp_enable_gyro_cal                   
000075f9  mpu_get_gyro_fsr                      
00007659  DL_I2C_fillControllerTXFIFO           
000076b9  frexp                                 
000076b9  frexpl                                
00007771  printf                                
000077cd  SYSCFG_DL_I2C_BUS_init                
00007825  SYSCFG_DL_I2C_MPU6050_init            
0000787d  __TI_ltoa                             
0000792d  __aeabi_idiv                          
0000792d  __aeabi_idivmod                       
00007b1d  fputs                                 
00007c09  SYSCFG_DL_SYSCTL_init                 
00007c55  __aeabi_d2iz                          
00007c55  __fixdfsi                             
00007ce9  DL_UART_init                          
00007d31  SYSCFG_DL_UART_0_init                 
00007d79  dmp_enable_6x_lp_quat                 
00007dc1  dmp_enable_lp_quat                    
00007e51  u8g2_Setup_ssd1306_i2c_128x64_noname_f
00007e99  u8g2_font_decode_get_signed_bits      
00007ee1  DL_SYSCTL_switchMCLKfromSYSOSCtoHSCLK 
00007f25  SYSCFG_DL_init                        
00007f69  dmp_set_shake_reject_thresh           
00007fad  dmp_set_tap_count                     
00007ff1  u8x8_SetupDefaults                    
00008035  __aeabi_uidiv                         
00008035  __aeabi_uidivmod                      
00008075  __aeabi_f2d                           
00008075  __extendsfdf2                         
000080b5  atoi                                  
000080f5  u8g2Init                              
00008173  u8g2_draw_hv_line_2dir                
00008229  DL_I2C_flushControllerTXFIFO          
000082a1  SYSCFG_DL_TIMER_TICK_init             
000082dd  __aeabi_i2f                           
000082dd  __floatsisf                           
00008319  __TI_auto_init_nobinit_nopinit        
00008355  __muldsi3                             
00008391  __aeabi_f2iz                          
00008391  __fixsfsi                             
00008401  sprintf                               
00008439  u8g2_update_page_win_r0               
0000846f  u8x8_Setup                            
0000850d  SysTick_Init                          
00008541  mpu_get_sample_rate                   
00008575  u8g2_DrawUTF8                         
000085a9  u8g2_SetMaxClipWindow                 
000085dd  u8g2_draw_l90_r0                      
00008645  u8x8_DrawTile                         
000086ad  dmp_set_shake_reject_time             
000086df  dmp_set_shake_reject_timeout          
00008711  TIMG0_IRQHandler                      
00008741  UART0_IRQHandler                      
000087a1  dmp_set_tap_time                      
000087d1  dmp_set_tap_time_multi                
00008831  mspm0_delay_ms                        
00008861  u8g2_SetFont                          
000088bf  u8g2_ClearBuffer                      
000088ed  DIRECTORY_control                     
000089f5  __aeabi_i2d                           
000089f5  __floatsidf                           
00008a21  fputc                                 
00008a4d  mspm0_get_clock_ms                    
00008a79  uart0_send_char                       
00008b45  __aeabi_ui2f                          
00008b45  __floatunsisf                         
00008b6d  u8g2_ClearDisplay                     
00008b95  _c_int00_noargs                       
00008be3  DL_I2C_setClockConfig                 
00008c2f  u8g2_FirstPage                        
00008c55  u8g2_SetBufferCurrTileRow             
00008c7b  u8g2_SetDrawColor                     
00008ca1  u8x8_gpio_call                        
00008cc9  GPIO_Init                             
00008ced  __aeabi_lmul                          
00008ced  __muldi3                              
00008d11  memccpy                               
00008d33  u8x8_byte_SendBytes                   
00008d55  u8x8_cad_SendData                     
00008dd9  UART_Init                             
00008df9  memcmp                                
00008e19  u8x8_SetPowerSave                     
00008e39  u8x8_cad_SendArg                      
00008e59  u8x8_cad_SendCmd                      
00008e99  __aeabi_llsl                          
00008e99  __ashldi3                             
00009041  DL_Timer_setCaptCompUpdateMethod      
0000905d  DL_Timer_setClockConfig               
00009095  dmp_load_motion_driver_firmware       
000090cb  u8x8_d_helper_display_setup_memory    
00009325  DL_Timer_setCaptureCompareOutCtl      
00009451  u8x8_InitDisplay                      
00009467  u8x8_RefreshDisplay                   
0000947d  u8x8_SetupMemory                      
00009493  u8x8_byte_EndTransfer                 
000094a9  u8x8_byte_SendByte                    
000094bf  u8x8_byte_StartTransfer               
000094d5  u8x8_cad_EndTransfer                  
000094eb  u8x8_cad_StartTransfer                
00009501  u8x8_dummy_cb                         
00009609  __aeabi_uldivmod                      
0000961d  dmp_register_android_orient_cb        
00009631  dmp_register_tap_cb                   
00009695  u8g2_SetFontDirection                 
000096a9  u8g2_SetFontMode                      
000096bd  u8g2_SetFontPosBaseline               
000096d1  u8g2_m_16_8_f                         
00009709  DL_UART_setClockConfig                
0000971b  TI_memcpy_small                       
0000972d  __TI_decompress_none                  
00009751  DL_Timer_setCaptureCompareValue       
00009761  SysTick_Handler                       
00009771  u8g2_update_dimension_r0              
00009781  u8x8_utf8_init                        
00009791  wcslen                                
000097a1  __TI_zero_init                        
000097b1  __aeabi_memset                        
000097b1  __aeabi_memset4                       
000097b1  __aeabi_memset8                       
000097db  TI_memset_small                       
000097e9  __aeabi_memclr                        
000097e9  __aeabi_memclr4                       
000097e9  __aeabi_memclr8                       
000097f5  get_encoder_count                     
00009801  get_encoder_dir                       
0000980d  get_encoder_temp_count                
00009819  DL_Common_delayCycles                 
000098a5  u8g2_font_calc_vref_font              
000098b9  __aeabi_memcpy                        
000098b9  __aeabi_memcpy4                       
000098b9  __aeabi_memcpy8                       
000098ef  abort                                 
000098f5  ADC0_IRQHandler                       
000098f5  ADC1_IRQHandler                       
000098f5  AES_IRQHandler                        
000098f5  CANFD0_IRQHandler                     
000098f5  DAC0_IRQHandler                       
000098f5  DMA_IRQHandler                        
000098f5  Default_Handler                       
000098f5  GROUP0_IRQHandler                     
000098f5  HardFault_Handler                     
000098f5  I2C0_IRQHandler                       
000098f5  I2C1_IRQHandler                       
000098f5  NMI_Handler                           
000098f5  PendSV_Handler                        
000098f5  RTC_IRQHandler                        
000098f5  SPI0_IRQHandler                       
000098f5  SPI1_IRQHandler                       
000098f5  SVC_Handler                           
000098f5  TIMA0_IRQHandler                      
000098f5  TIMA1_IRQHandler                      
000098f5  TIMG12_IRQHandler                     
000098f5  TIMG6_IRQHandler                      
000098f5  TIMG7_IRQHandler                      
000098f5  TIMG8_IRQHandler                      
000098f5  UART1_IRQHandler                      
000098f5  UART2_IRQHandler                      
000098f5  UART3_IRQHandler                      
000098f8  C$$EXIT                               
000098f9  HOSTexit                              
00009901  Reset_Handler                         
00009915  _system_pre_init                      
0000a516  u8g2_font_unifont_st16                
0000abc0  __aeabi_ctype_table_                  
0000abc0  __aeabi_ctype_table_C                 
0000ad68  test                                  
0000adb4  reg                                   
0000aebe  hw                                    
0000aecc  u8g2_cb_r0                            
0000b148  __TI_Handler_Table_Base               
0000b154  __TI_Handler_Table_Limit              
0000b15c  __TI_CINIT_Base                       
0000b16c  __TI_CINIT_Limit                      
0000b16c  __TI_CINIT_Warm                       
20200000  __start___llvm_prf_bits               
20200000  __start___llvm_prf_cnts               
20200000  __stop___llvm_prf_bits                
20200000  __stop___llvm_prf_cnts                
20200400  gPWMBBackup                           
202004a0  gPWMDBackup                           
20200550  id                                    
20200560  quat                                  
20200570  accel                                 
20200576  gyro                                  
2020057c  D                                     
20200580  I                                     
20200584  P                                     
20200588  car_begin_yaw                         
2020058c  car_straight_yaw                      
20200590  pitch                                 
20200594  roll                                  
20200598  sensor_timestamp                      
2020059c  start_time                            
202005a0  tick_ms                               
202005a4  yaw                                   
202005a8  sensors                               
202005aa  more                                  
202005ac  _ftable                               
202007eb  mode_flag                             
202007f4  directory                             
202007fc  directory_num                         
20200808  MAX                                   
2020080c  MAX_CORRECTION                        
20200810  MIN                                   
20200814  __aeabi_errno                         
20200818  _lock                                 
2020081c  _unlock                               
20200820  car_speed                             
20200824  correction_factor1                    
20200828  correction_factor2                    
2020082c  correction_factor3                    
20200830  correction_factor4                    
20200834  directory_flag                        
20200838  l_num                                 
2020083c  nextway                               
20200840  now_speed                             
20200844  quanshu                               
20200848  r_num                                 
2020084c  xspeed                                
20200850  stop_flag                             
20200852  uart_data                             
20207e00  __stack                               
20208000  __STACK_END                           
ffffffff  __TI_pprof_out_hndl                   
ffffffff  __TI_prof_data_size                   
ffffffff  __TI_prof_data_start                  
ffffffff  __binit__                             
ffffffff  binit                                 
UNDEFED   __mpu_init                            
UNDEFED   _system_post_cinit                    

[362 symbols]
