******************************************************************************
            TI ARM Clang Linker PC v4.0.3                      
******************************************************************************
>> Linked Thu Nov 20 22:31:32 2025

OUTPUT FILE NAME:   <car2025_11_16.out>
ENTRY POINT SYMBOL: "_c_int00_noargs"  address: 0000abfd


MEMORY CONFIGURATION

         name            origin    length      used     unused   attr    fill
----------------------  --------  ---------  --------  --------  ----  --------
  FLASH                 00000000   00020000  0000d388  00012c78  R  X
  SRAM                  20200000   00008000  00000b1a  000074e6  RW X
  BCR_CONFIG            41c00000   000000ff  00000000  000000ff  R   
  BSL_CONFIG            41c00100   00000080  00000000  00000080  R   


SEGMENT ALLOCATION MAP

run origin  load origin   length   init length attrs members
----------  ----------- ---------- ----------- ----- -------
00000000    00000000    0000d388   0000d388    r-x
  00000000    00000000    000000c0   000000c0    r-- .intvecs
  000000c0    000000c0    0000ba20   0000ba20    r-x .text
  0000bae0    0000bae0    00001750   00001750    r-- .rodata
  0000d230    0000d230    00000158   00000158    r-- .cinit
20200000    20200000    0000091c   00000000    rw-
  20200000    20200000    0000063e   00000000    rw- .bss
  20200640    20200640    000002dc   00000000    rw- .data
20207e00    20207e00    00000200   00000000    rw-
  20207e00    20207e00    00000200   00000000    rw- .stack


SECTION ALLOCATION MAP

 output                                  attributes/
section   page    origin      length       input sections
--------  ----  ----------  ----------   ----------------
.intvecs   0    00000000    000000c0     
                  00000000    000000c0     startup_mspm0g350x_ticlang.o (.intvecs)

.text      0    000000c0    0000ba20     
                  000000c0    00000ba4     line_follower.o (.text.line_follower)
                  00000c64    000009d0     libc.a : _printfi.c.obj (.text:__TI_printfi)
                  00001634    000007f8     draw.o (.text.HOME_directory)
                  00001e2c    00000364     libc.a : e_asin.c.obj (.text.asin)
                  00002190    0000030c     interrupt.o (.text.GROUP1_IRQHandler)
                  0000249c    000002f8     libc.a : s_atan.c.obj (.text.atan)
                  00002794    00000288     ti_msp_dl_config.o (.text.SYSCFG_DL_GPIO_init)
                  00002a1c    00000278     electrical_machinery.o (.text.MOTOR_CONTROL)
                  00002c94    00000278     inv_mpu_dmp_motion_driver.o (.text.dmp_enable_feature)
                  00002f0c    0000023c     u8g2_font.o (.text.u8g2_font_decode_glyph)
                  00003148    00000238     inv_mpu_dmp_motion_driver.o (.text.dmp_set_tap_thresh)
                  00003380    0000022c     mpu6050.o (.text.Read_Quad)
                  000035ac    0000022c     inv_mpu.o (.text.mpu_reset_fifo)
                  000037d8    00000220     libc.a : _printfi.c.obj (.text._pconv_a)
                  000039f8    00000210     line_follower.o (.text.c_control)
                  00003c08    000001f4     inv_mpu_dmp_motion_driver.o (.text.dmp_read_fifo)
                  00003dfc    000001dc     libc.a : _printfi.c.obj (.text._pconv_g)
                  00003fd8    000001cc     oled.o (.text.u8x8_gpio_and_delay)
                  000041a4    000001a8     line_follower.o (.text.angle_correction)
                  0000434c    000001a0     inv_mpu.o (.text.mpu_set_bypass)
                  000044ec    00000192     libclang_rt.builtins.a : adddf3.S.obj (.text.adddf3_subdf3)
                  0000467e    00000002                            : aeabi_div0.c.obj (.text.__aeabi_idiv0)
                  00004680    00000188     libc.a : e_atan2.c.obj (.text.atan2)
                  00004808    00000178     inv_mpu_dmp_motion_driver.o (.text.dmp_set_orientation)
                  00004980    00000170     draw.o (.text.Calibration_waiting)
                  00004af0    00000170     libc.a : e_sqrt.c.obj (.text.sqrt)
                  00004c60    00000168     u8x8_d_ssd1306_128x64_noname.o (.text.u8x8_d_ssd1306_sh1106_generic)
                  00004dc8    00000164     u8g2_ll_hvline.o (.text.u8g2_ll_hvline_vertical_top_lsb)
                  00004f2c    00000148     draw.o (.text.zb_control)
                  00005074    00000144     mpu6050.o (.text.MPU6050_Init)
                  000051b8    00000142     u8g2_font.o (.text.u8g2_font_decode_len)
                  000052fa    00000002     libclang_rt.builtins.a : aeabi_div0.c.obj (.text.__aeabi_ldiv0)
                  000052fc    0000013c     libc.a : _printfi.c.obj (.text.fcvt)
                  00005438    0000013c     u8x8_8x8.o (.text.u8x8_utf8_next)
                  00005574    00000134     mspm0_i2c.o (.text.mspm0_i2c_read)
                  000056a8    00000134     mspm0_xj_i2c.o (.text.mspm0_xj_i2c_read)
                  000057dc    00000134     u8x8_cad.o (.text.u8x8_cad_ssd13xx_fast_i2c)
                  00005910    00000130     inv_mpu.o (.text.mpu_set_sensors)
                  00005a40    0000012a     u8g2_hvline.o (.text.u8g2_DrawHVLine)
                  00005b6a    00000002     libc.a : _lock.c.obj (.text._nop)
                  00005b6c    00000128     inv_mpu.o (.text.mpu_init)
                  00005c94    00000124     inv_mpu.o (.text.mpu_load_firmware)
                  00005db8    00000120     libc.a : _printfi.c.obj (.text._pconv_e)
                  00005ed8    00000116     u8g2_font.o (.text.u8g2_font_get_glyph_data)
                  00005fee    00000002     --HOLE-- [fill = 0]
                  00005ff0    0000010c     libclang_rt.builtins.a : divdf3.S.obj (.text.__divdf3)
                  000060fc    00000108     inv_mpu.o (.text.mpu_read_fifo_stream)
                  00006204    00000104     driverlib.a : dl_timer.o (.text.DL_Timer_initFourCCPWMMode)
                  00006308    00000100     inv_mpu.o (.text.mpu_lp_accel_mode)
                  00006408    000000fc     u8g2_font.o (.text.u8g2_read_font_info)
                  00006504    000000ec     inv_mpu.o (.text.mpu_set_sample_rate)
                  000065f0    000000e8     driverlib.a : dl_timer.o (.text.DL_Timer_initTimerMode)
                  000066d8    000000e4     libclang_rt.builtins.a : muldf3.S.obj (.text.__muldf3)
                  000067bc    000000e4     inv_mpu.o (.text.mpu_set_accel_fsr)
                  000068a0    000000dc     driverlib.a : dl_sysctl_mspm0g1x0x_g3x0x.o (.text.DL_SYSCTL_configSYSPLL)
                  0000697c    000000d8     libc.a : s_scalbn.c.obj (.text.scalbn)
                  00006a54    000000d8     u8g2_font.o (.text.u8g2_draw_string)
                  00006b2c    000000d8     libclang_rt.builtins.a : addsf3.S.obj (.text)
                  00006c04    000000d6     u8g2_hvline.o (.text.u8g2_clip_intersection2)
                  00006cda    00000002     --HOLE-- [fill = 0]
                  00006cdc    000000d4     ti_msp_dl_config.o (.text.SYSCFG_DL_initPower)
                  00006db0    000000d4     inv_mpu.o (.text.set_int_enable)
                  00006e84    000000d0     draw.o (.text.CAR_control)
                  00006f54    000000d0     inv_mpu.o (.text.mpu_set_lpf)
                  00007024    000000c6     u8g2_font.o (.text.u8g2_UpdateRefHeight)
                  000070ea    00000002     --HOLE-- [fill = 0]
                  000070ec    000000c4     inv_mpu.o (.text.mpu_set_gyro_fsr)
                  000071b0    000000c4     mspm0_i2c.o (.text.mspm0_i2c_write)
                  00007274    000000c0     draw.o (.text.PID_control)
                  00007334    000000c0     u8x8_byte.o (.text.u8x8_byte_sw_i2c)
                  000073f4    000000bc     electrical_machinery.o (.text.Velocity_A)
                  000074b0    000000bc     electrical_machinery.o (.text.Velocity_B)
                  0000756c    000000bc     electrical_machinery.o (.text.Velocity_C)
                  00007628    000000bc     electrical_machinery.o (.text.Velocity_D)
                  000076e4    000000bc     inv_mpu.o (.text.mpu_configure_fifo)
                  000077a0    000000b8     inv_mpu.o (.text.mpu_set_dmp_state)
                  00007858    000000ae     u8g2_setup.o (.text.u8g2_update_dimension_common)
                  00007906    00000002     --HOLE-- [fill = 0]
                  00007908    000000ac     inv_mpu.o (.text.mpu_read_mem)
                  000079b4    000000ac     inv_mpu.o (.text.mpu_write_mem)
                  00007a60    000000ac     u8g2_setup.o (.text.u8g2_apply_clip_window)
                  00007b0c    000000a4     u8x8_cad.o (.text.u8x8_cad_SendSequence)
                  00007bb0    000000a2     libclang_rt.builtins.a : udivmoddi4.S.obj (.text)
                  00007c52    00000002     --HOLE-- [fill = 0]
                  00007c54    0000009c     inv_mpu.o (.text.mpu_set_int_latched)
                  00007cf0    0000009c     draw.o (.text.quanshukongzi)
                  00007d8c    00000098     inv_mpu_dmp_motion_driver.o (.text.dmp_set_fifo_rate)
                  00007e24    00000096     mpu6050.o (.text.inv_row_2_scale)
                  00007eba    00000002     --HOLE-- [fill = 0]
                  00007ebc    00000096     u8g2_font.o (.text.u8g2_DrawGlyph)
                  00007f52    00000094     u8g2_intersection.o (.text.u8g2_is_intersection_decision_tree)
                  00007fe6    0000008e     u8g2_buffer.o (.text.u8g2_send_buffer)
                  00008074    0000008c     libclang_rt.builtins.a : mulsf3.S.obj (.text.__mulsf3)
                  00008100    0000008c     inv_mpu_dmp_motion_driver.o (.text.decode_gesture)
                  0000818c    0000008a     u8x8_byte.o (.text.i2c_write_byte)
                  00008216    00000002     --HOLE-- [fill = 0]
                  00008218    00000088     line_follower.o (.text.filter_sensor_state)
                  000082a0    00000088     draw.o (.text.other_control)
                  00008328    00000088     u8g2_font.o (.text.u8g2_font_decode_get_unsigned_bits)
                  000083b0    00000084     clock.o (.text.__NVIC_SetPriority)
                  00008434    00000084     ti_msp_dl_config.o (.text.__NVIC_SetPriority)
                  000084b8    00000082     libclang_rt.builtins.a : divsf3.S.obj (.text.__divsf3)
                  0000853a    00000002     --HOLE-- [fill = 0]
                  0000853c    00000080     u8x8_d_ssd1306_128x64_noname.o (.text.u8x8_d_ssd1306_128x64_noname)
                  000085bc    0000007c     electrical_machinery.o (.text.car_run)
                  00008638    0000007c     libc.a : copy_decompress_lzss.c.obj (.text:decompress:lzss)
                  000086b4    00000078     interrupt.o (.text.TIMG0_IRQHandler)
                  0000872c    00000078     u8g2_box.o (.text.u8g2_DrawBox)
                  000087a4    00000078     u8g2_setup.o (.text.u8g2_SetupBuffer)
                  0000881c    00000076     u8g2_font.o (.text.u8g2_add_vector_x)
                  00008892    00000076     u8g2_font.o (.text.u8g2_add_vector_y)
                  00008908    00000074     libclang_rt.builtins.a : comparedf2.c.obj (.text.__gedf2)
                  0000897c    00000004     startup_mspm0g350x_ticlang.o (.text.Default_Handler)
                  00008980    00000074     libclang_rt.builtins.a : truncdfsf2.S.obj (.text.__truncdfsf2)
                  000089f4    00000074     inv_mpu.o (.text.mpu_get_accel_fsr)
                  00008a68    00000070     main.o (.text.main)
                  00008ad8    0000006c     ti_msp_dl_config.o (.text.SYSCFG_DL_PWMB_init)
                  00008b44    0000006c     ti_msp_dl_config.o (.text.SYSCFG_DL_PWMC_init)
                  00008bb0    0000006c     ti_msp_dl_config.o (.text.SYSCFG_DL_PWMD_init)
                  00008c1c    0000006c     line_follower.o (.text.handle_turn_event)
                  00008c88    0000006c     u8g2_buffer.o (.text.u8g2_NextPage)
                  00008cf4    0000006c     u8x8_display.o (.text.u8x8_d_helper_display_init)
                  00008d60    00000068     ti_msp_dl_config.o (.text.SYSCFG_DL_PWMA_init)
                  00008dc8    00000068     libclang_rt.builtins.a : comparedf2.c.obj (.text.__ledf2)
                  00008e30    00000068     interrupt.o (.text.get_encoder_count)
                  00008e98    00000068     draw.o (.text.xianshuc)
                  00008f00    00000066     libc.a : _printfi.c.obj (.text._mcpy)
                  00008f66    00000066     inv_mpu_dmp_motion_driver.o (.text.dmp_set_tap_axes)
                  00008fcc    00000064     mspm0_xj_i2c.o (.text.motor_xj_i2c_sda_unlock)
                  00009030    00000064     mspm0_i2c.o (.text.mpu6050_i2c_sda_unlock)
                  00009094    00000064     u8g2_intersection.o (.text.u8g2_IsIntersection)
                  000090f8    00000062     libclang_rt.builtins.a : aeabi_dcmp.S.obj (.text.__aeabi_dcmp)
                  0000915a    00000002     --HOLE-- [fill = 0]
                  0000915c    00000062                            : aeabi_fcmp.S.obj (.text.__aeabi_fcmp)
                  000091be    00000002     --HOLE-- [fill = 0]
                  000091c0    00000060     line_follower.o (.text.angle_calculation)
                  00009220    00000060     inv_mpu_dmp_motion_driver.o (.text.dmp_enable_gyro_cal)
                  00009280    00000060     inv_mpu.o (.text.mpu_get_gyro_fsr)
                  000092e0    0000005e     driverlib.a : dl_i2c.o (.text.DL_I2C_fillControllerTXFIFO)
                  0000933e    00000002     --HOLE-- [fill = 0]
                  00009340    0000005c     libc.a : s_frexp.c.obj (.text.frexp)
                  0000939c    0000005c     mspm0_i2c.o (.text.mspm0_i2c_enable)
                  000093f8    0000005c     mspm0_xj_i2c.o (.text.mspm0_i2c_enable)
                  00009454    0000005c     libc.a : printf.c.obj (.text.printf)
                  000094b0    00000058     ti_msp_dl_config.o (.text.SYSCFG_DL_I2C_BUS_init)
                  00009508    00000058     ti_msp_dl_config.o (.text.SYSCFG_DL_I2C_MPU6050_init)
                  00009560    00000058     libc.a : _ltoa.c.obj (.text.__TI_ltoa)
                  000095b8    00000058            : _printfi.c.obj (.text._pconv_f)
                  00009610    00000056     libclang_rt.builtins.a : aeabi_idivmod.S.obj (.text.__aeabi_idivmod)
                  00009666    00000002     --HOLE-- [fill = 0]
                  00009668    00000054     ti_msp_dl_config.o (.text.SYSCFG_DL_init)
                  000096bc    00000054     u8g2_buffer.o (.text.u8g2_send_tile_row)
                  00009710    00000054     line_follower.o (.text.update_turn_count)
                  00009764    00000052     libc.a : _printfi.c.obj (.text._ecpy)
                  000097b6    00000052     u8g2_font.o (.text.u8g2_font_setup_decode)
                  00009808    00000050     mspm0_i2c.o (.text.DL_I2C_startControllerTransfer)
                  00009858    00000050     mspm0_xj_i2c.o (.text.DL_I2C_startControllerTransfer)
                  000098a8    00000050     clock.o (.text.SysTick_Config)
                  000098f8    00000050     uart.o (.text.fputs)
                  00009948    00000050     u8g2_font.o (.text.u8g2_font_draw_glyph)
                  00009998    0000004c     ti_msp_dl_config.o (.text.DL_UART_setBaudRateDivisor)
                  000099e4    0000004c     ti_msp_dl_config.o (.text.SYSCFG_DL_SYSCTL_init)
                  00009a30    0000004c     ti_msp_dl_config.o (.text.SYSCFG_DL_UART_1_init)
                  00009a7c    0000004a     libclang_rt.builtins.a : fixdfsi.S.obj (.text.__fixdfsi)
                  00009ac6    0000004a     u8x8_byte.o (.text.i2c_start)
                  00009b10    00000048     driverlib.a : dl_uart.o (.text.DL_UART_init)
                  00009b58    00000048     ti_msp_dl_config.o (.text.SYSCFG_DL_UART_0_init)
                  00009ba0    00000048     inv_mpu_dmp_motion_driver.o (.text.dmp_enable_6x_lp_quat)
                  00009be8    00000048     inv_mpu_dmp_motion_driver.o (.text.dmp_enable_lp_quat)
                  00009c30    00000048     mspm0_i2c.o (.text.mspm0_i2c_disable)
                  00009c78    00000048     mspm0_xj_i2c.o (.text.mspm0_i2c_disable)
                  00009cc0    00000048     u8g2_d_setup.o (.text.u8g2_Setup_ssd1306_i2c_128x64_noname_f)
                  00009d08    00000046     u8g2_font.o (.text.u8g2_font_decode_get_signed_bits)
                  00009d4e    00000002     --HOLE-- [fill = 0]
                  00009d50    00000044     driverlib.a : dl_sysctl_mspm0g1x0x_g3x0x.o (.text.DL_SYSCTL_switchMCLKfromSYSOSCtoHSCLK)
                  00009d94    00000044     inv_mpu_dmp_motion_driver.o (.text.dmp_set_shake_reject_thresh)
                  00009dd8    00000044     inv_mpu_dmp_motion_driver.o (.text.dmp_set_tap_count)
                  00009e1c    00000044     u8x8_setup.o (.text.u8x8_SetupDefaults)
                  00009e60    00000040     libclang_rt.builtins.a : aeabi_uidivmod.S.obj (.text.__aeabi_uidivmod)
                  00009ea0    00000040                            : extendsfdf2.S.obj (.text.__extendsfdf2)
                  00009ee0    00000040     libc.a : atoi.c.obj (.text.atoi)
                  00009f20    00000040     oled.o (.text.u8g2Init)
                  00009f60    0000003e     mpu6050.o (.text.inv_orientation_matrix_to_scalar)
                  00009f9e    0000003e     u8g2_hvline.o (.text.u8g2_draw_hv_line_2dir)
                  00009fdc    0000003c     mspm0_i2c.o (.text.DL_GPIO_initPeripheralInputFunctionFeatures)
                  0000a018    0000003c     mspm0_xj_i2c.o (.text.DL_GPIO_initPeripheralInputFunctionFeatures)
                  0000a054    0000003c     ti_msp_dl_config.o (.text.DL_GPIO_initPeripheralInputFunctionFeatures)
                  0000a090    0000003c     driverlib.a : dl_i2c.o (.text.DL_I2C_flushControllerTXFIFO)
                  0000a0cc    0000003c     ti_msp_dl_config.o (.text.DL_Timer_setCounterControl)
                  0000a108    0000003c     ti_msp_dl_config.o (.text.SYSCFG_DL_TIMER_TICK_init)
                  0000a144    0000003c     libclang_rt.builtins.a : floatsisf.S.obj (.text.__floatsisf)
                  0000a180    0000003c                            : comparesf2.S.obj (.text.__gtsf2)
                  0000a1bc    0000003c     libc.a : autoinit.c.obj (.text:__TI_auto_init_nobinit_nopinit)
                  0000a1f8    0000003a     libclang_rt.builtins.a : comparesf2.S.obj (.text.__eqsf2)
                  0000a232    00000002     --HOLE-- [fill = 0]
                  0000a234    0000003a                            : muldsi3.S.obj (.text.__muldsi3)
                  0000a26e    00000002     --HOLE-- [fill = 0]
                  0000a270    00000038     ti_msp_dl_config.o (.text.DL_GPIO_initPeripheralOutputFunctionFeatures)
                  0000a2a8    00000038     libclang_rt.builtins.a : fixsfsi.S.obj (.text.__fixsfsi)
                  0000a2e0    00000038     u8x8_byte.o (.text.i2c_write_bit)
                  0000a318    00000038     line_follower.o (.text.parse_sensor_data)
                  0000a350    00000038     libc.a : sprintf.c.obj (.text.sprintf)
                  0000a388    00000036     u8g2_setup.o (.text.u8g2_update_page_win_r0)
                  0000a3be    00000036     u8x8_setup.o (.text.u8x8_Setup)
                  0000a3f4    00000034     mspm0_i2c.o (.text.DL_GPIO_initDigitalInputFeatures)
                  0000a428    00000034     mspm0_xj_i2c.o (.text.DL_GPIO_initDigitalInputFeatures)
                  0000a45c    00000034     ti_msp_dl_config.o (.text.DL_GPIO_initDigitalInputFeatures)
                  0000a490    00000034     clock.o (.text.SysTick_Init)
                  0000a4c4    00000034     inv_mpu.o (.text.mpu_get_sample_rate)
                  0000a4f8    00000034     u8g2_font.o (.text.u8g2_DrawUTF8)
                  0000a52c    00000034     u8g2_setup.o (.text.u8g2_SetMaxClipWindow)
                  0000a560    00000034     u8g2_setup.o (.text.u8g2_draw_l90_r0)
                  0000a594    00000034     u8g2_font.o (.text.u8g2_font_get_word)
                  0000a5c8    00000034     u8x8_display.o (.text.u8x8_DrawTile)
                  0000a5fc    00000034     u8x8_cad.o (.text.u8x8_i2c_data_transfer)
                  0000a630    00000032     main.o (.text.MSPM0_Init)
                  0000a662    00000032     inv_mpu_dmp_motion_driver.o (.text.dmp_set_shake_reject_time)
                  0000a694    00000032     inv_mpu_dmp_motion_driver.o (.text.dmp_set_shake_reject_timeout)
                  0000a6c6    00000002     --HOLE-- [fill = 0]
                  0000a6c8    00000030     uart.o (.text.UART0_IRQHandler)
                  0000a6f8    00000030     uart.o (.text.UART3_IRQHandler)
                  0000a728    00000030     uart.o (.text.UART_Init)
                  0000a758    00000030     libc.a : _printfi.c.obj (.text._fcpy)
                  0000a788    00000030     inv_mpu_dmp_motion_driver.o (.text.dmp_set_tap_time)
                  0000a7b8    00000030     inv_mpu_dmp_motion_driver.o (.text.dmp_set_tap_time_multi)
                  0000a7e8    00000030     u8x8_byte.o (.text.i2c_stop)
                  0000a818    00000030     clock.o (.text.mspm0_delay_ms)
                  0000a848    00000030     u8g2_font.o (.text.u8g2_SetFont)
                  0000a878    0000002e     u8x8_byte.o (.text.i2c_read_bit)
                  0000a8a6    0000002e     u8g2_buffer.o (.text.u8g2_ClearBuffer)
                  0000a8d4    0000002c     draw.o (.text.DIRECTORY_control)
                  0000a900    0000002c     clock.o (.text.__NVIC_ClearPendingIRQ)
                  0000a92c    0000002c     main.o (.text.__NVIC_ClearPendingIRQ)
                  0000a958    0000002c     uart.o (.text.__NVIC_ClearPendingIRQ)
                  0000a984    0000002c     clock.o (.text.__NVIC_EnableIRQ)
                  0000a9b0    0000002c     main.o (.text.__NVIC_EnableIRQ)
                  0000a9dc    0000002c     uart.o (.text.__NVIC_EnableIRQ)
                  0000aa08    0000002c     libclang_rt.builtins.a : floatsidf.S.obj (.text.__floatsidf)
                  0000aa34    0000002c     uart.o (.text.fputc)
                  0000aa60    0000002c     clock.o (.text.mspm0_get_clock_ms)
                  0000aa8c    0000002c     uart.o (.text.uart0_send_char)
                  0000aab8    0000002c     uart.o (.text.uart1_send_char)
                  0000aae4    00000028     mspm0_i2c.o (.text.DL_Common_updateReg)
                  0000ab0c    00000028     mspm0_xj_i2c.o (.text.DL_Common_updateReg)
                  0000ab34    00000028     ti_msp_dl_config.o (.text.DL_Common_updateReg)
                  0000ab5c    00000028     ti_msp_dl_config.o (.text.DL_I2C_setControllerRXFIFOThreshold)
                  0000ab84    00000028     ti_msp_dl_config.o (.text.DL_I2C_setControllerTXFIFOThreshold)
                  0000abac    00000028     libclang_rt.builtins.a : floatunsisf.S.obj (.text.__floatunsisf)
                  0000abd4    00000028     u8g2_cleardisplay.o (.text.u8g2_ClearDisplay)
                  0000abfc    00000028     libc.a : boot_cortex_m.c.obj (.text:_c_int00_noargs)
                  0000ac24    00000026     ti_msp_dl_config.o (.text.DL_I2C_setAnalogGlitchFilterPulseWidth)
                  0000ac4a    00000026     driverlib.a : dl_i2c.o (.text.DL_I2C_setClockConfig)
                  0000ac70    00000026     u8x8_byte.o (.text.i2c_init)
                  0000ac96    00000026     u8g2_buffer.o (.text.u8g2_FirstPage)
                  0000acbc    00000026     u8g2_buffer.o (.text.u8g2_SetBufferCurrTileRow)
                  0000ace2    00000026     u8g2_hvline.o (.text.u8g2_SetDrawColor)
                  0000ad08    00000026     u8x8_gpio.o (.text.u8x8_gpio_call)
                  0000ad2e    00000002     --HOLE-- [fill = 0]
                  0000ad30    00000024     oled.o (.text.GPIO_Init)
                  0000ad54    00000024     libclang_rt.builtins.a : muldi3.S.obj (.text.__muldi3)
                  0000ad78    00000022     libc.a : memccpy.c.obj (.text.memccpy)
                  0000ad9a    00000022     u8x8_byte.o (.text.u8x8_byte_SendBytes)
                  0000adbc    00000022     u8x8_cad.o (.text.u8x8_cad_SendData)
                  0000adde    00000002     --HOLE-- [fill = 0]
                  0000ade0    00000020     ti_msp_dl_config.o (.text.DL_GPIO_initPeripheralInputFunction)
                  0000ae00    00000020     mpu6050.o (.text.DL_SYSCTL_resetDevice)
                  0000ae20    00000020     ti_msp_dl_config.o (.text.DL_SYSCTL_setFlashWaitState)
                  0000ae40    00000020     libc.a : memcmp.c.obj (.text.memcmp)
                  0000ae60    00000020     u8x8_display.o (.text.u8x8_SetPowerSave)
                  0000ae80    00000020     u8x8_cad.o (.text.u8x8_cad_SendArg)
                  0000aea0    00000020     u8x8_cad.o (.text.u8x8_cad_SendCmd)
                  0000aec0    0000001e     ti_msp_dl_config.o (.text.DL_UART_setOversampling)
                  0000aede    00000002     --HOLE-- [fill = 0]
                  0000aee0    0000001e     libclang_rt.builtins.a : ashldi3.S.obj (.text.__ashldi3)
                  0000aefe    00000002     --HOLE-- [fill = 0]
                  0000af00    0000001c     ti_msp_dl_config.o (.text.DL_GPIO_clearInterruptStatus)
                  0000af1c    0000001c     mspm0_i2c.o (.text.DL_GPIO_enableHiZ)
                  0000af38    0000001c     mspm0_xj_i2c.o (.text.DL_GPIO_enableHiZ)
                  0000af54    0000001c     ti_msp_dl_config.o (.text.DL_GPIO_enableHiZ)
                  0000af70    0000001c     ti_msp_dl_config.o (.text.DL_GPIO_enableInterrupt)
                  0000af8c    0000001c     ti_msp_dl_config.o (.text.DL_GPIO_initDigitalInput)
                  0000afa8    0000001c     ti_msp_dl_config.o (.text.DL_GPIO_initPeripheralOutputFunction)
                  0000afc4    0000001c     ti_msp_dl_config.o (.text.DL_GPIO_setLowerPinsPolarity)
                  0000afe0    0000001c     mpu6050.o (.text.DL_I2C_getSDAStatus)
                  0000affc    0000001c     mspm0_i2c.o (.text.DL_I2C_isControllerRXFIFOEmpty)
                  0000b018    0000001c     mspm0_xj_i2c.o (.text.DL_I2C_isControllerRXFIFOEmpty)
                  0000b034    0000001c     interrupt.o (.text.DL_Interrupt_getPendingGroup)
                  0000b050    0000001c     ti_msp_dl_config.o (.text.DL_SYSCTL_setSYSOSCFreq)
                  0000b06c    0000001c     ti_msp_dl_config.o (.text.DL_SYSCTL_setULPCLKDivider)
                  0000b088    0000001c     ti_msp_dl_config.o (.text.DL_Timer_enableInterrupt)
                  0000b0a4    0000001c     driverlib.a : dl_timer.o (.text.DL_Timer_setCaptCompUpdateMethod)
                  0000b0c0    0000001c                 : dl_timer.o (.text.DL_Timer_setClockConfig)
                  0000b0dc    0000001c     ti_msp_dl_config.o (.text.DL_UART_enableInterrupt)
                  0000b0f8    0000001c     inv_mpu_dmp_motion_driver.o (.text.dmp_load_motion_driver_firmware)
                  0000b114    0000001a     u8x8_byte.o (.text.i2c_read_scl_and_delay)
                  0000b12e    0000001a     u8x8_display.o (.text.u8x8_d_helper_display_setup_memory)
                  0000b148    00000018     mspm0_i2c.o (.text.DL_GPIO_enableOutput)
                  0000b160    00000018     mspm0_xj_i2c.o (.text.DL_GPIO_enableOutput)
                  0000b178    00000018     ti_msp_dl_config.o (.text.DL_GPIO_enableOutput)
                  0000b190    00000018     ti_msp_dl_config.o (.text.DL_GPIO_enablePower)
                  0000b1a8    00000018     mspm0_i2c.o (.text.DL_GPIO_initDigitalOutput)
                  0000b1c0    00000018     mspm0_xj_i2c.o (.text.DL_GPIO_initDigitalOutput)
                  0000b1d8    00000018     ti_msp_dl_config.o (.text.DL_GPIO_initDigitalOutput)
                  0000b1f0    00000018     ti_msp_dl_config.o (.text.DL_GPIO_reset)
                  0000b208    00000018     draw.o (.text.DL_GPIO_setPins)
                  0000b220    00000018     electrical_machinery.o (.text.DL_GPIO_setPins)
                  0000b238    00000018     line_follower.o (.text.DL_GPIO_setPins)
                  0000b250    00000018     main.o (.text.DL_GPIO_setPins)
                  0000b268    00000018     mspm0_i2c.o (.text.DL_GPIO_setPins)
                  0000b280    00000018     mspm0_xj_i2c.o (.text.DL_GPIO_setPins)
                  0000b298    00000018     oled.o (.text.DL_GPIO_setPins)
                  0000b2b0    00000018     ti_msp_dl_config.o (.text.DL_GPIO_setUpperPinsPolarity)
                  0000b2c8    00000018     mspm0_i2c.o (.text.DL_I2C_clearInterruptStatus)
                  0000b2e0    00000018     mspm0_xj_i2c.o (.text.DL_I2C_clearInterruptStatus)
                  0000b2f8    00000018     ti_msp_dl_config.o (.text.DL_I2C_enableAnalogGlitchFilter)
                  0000b310    00000018     ti_msp_dl_config.o (.text.DL_I2C_enableController)
                  0000b328    00000018     ti_msp_dl_config.o (.text.DL_I2C_enableControllerClockStretching)
                  0000b340    00000018     mspm0_i2c.o (.text.DL_I2C_enablePower)
                  0000b358    00000018     mspm0_xj_i2c.o (.text.DL_I2C_enablePower)
                  0000b370    00000018     ti_msp_dl_config.o (.text.DL_I2C_enablePower)
                  0000b388    00000018     mspm0_i2c.o (.text.DL_I2C_getRawInterruptStatus)
                  0000b3a0    00000018     mspm0_xj_i2c.o (.text.DL_I2C_getRawInterruptStatus)
                  0000b3b8    00000018     mspm0_i2c.o (.text.DL_I2C_reset)
                  0000b3d0    00000018     mspm0_xj_i2c.o (.text.DL_I2C_reset)
                  0000b3e8    00000018     ti_msp_dl_config.o (.text.DL_I2C_reset)
                  0000b400    00000018     ti_msp_dl_config.o (.text.DL_I2C_setTimerPeriod)
                  0000b418    00000018     ti_msp_dl_config.o (.text.DL_SYSCTL_setBORThreshold)
                  0000b430    00000018     ti_msp_dl_config.o (.text.DL_Timer_enablePower)
                  0000b448    00000018     ti_msp_dl_config.o (.text.DL_Timer_reset)
                  0000b460    00000018     driverlib.a : dl_timer.o (.text.DL_Timer_setCaptureCompareOutCtl)
                  0000b478    00000018     clock.o (.text.DL_Timer_startCounter)
                  0000b490    00000018     ti_msp_dl_config.o (.text.DL_UART_enablePower)
                  0000b4a8    00000018     uart.o (.text.DL_UART_isBusy)
                  0000b4c0    00000018     ti_msp_dl_config.o (.text.DL_UART_reset)
                  0000b4d8    00000018     libc.a : sprintf.c.obj (.text._outs)
                  0000b4f0    00000018     u8g2_font.o (.text.u8g2_font_get_byte)
                  0000b508    00000016     interrupt.o (.text.DL_GPIO_readPins)
                  0000b51e    00000016     mspm0_i2c.o (.text.DL_GPIO_readPins)
                  0000b534    00000016     mspm0_xj_i2c.o (.text.DL_GPIO_readPins)
                  0000b54a    00000016     mspm0_i2c.o (.text.DL_I2C_transmitControllerData)
                  0000b560    00000016     mspm0_xj_i2c.o (.text.DL_I2C_transmitControllerData)
                  0000b576    00000016     ti_msp_dl_config.o (.text.DL_UART_enable)
                  0000b58c    00000016     uart.o (.text.DL_UART_transmitData)
                  0000b5a2    00000016     u8x8_byte.o (.text.i2c_delay)
                  0000b5b8    00000016     u8x8_display.o (.text.u8x8_InitDisplay)
                  0000b5ce    00000016     u8x8_display.o (.text.u8x8_RefreshDisplay)
                  0000b5e4    00000016     u8x8_display.o (.text.u8x8_SetupMemory)
                  0000b5fa    00000016     u8x8_byte.o (.text.u8x8_byte_EndTransfer)
                  0000b610    00000016     u8x8_byte.o (.text.u8x8_byte_SendByte)
                  0000b626    00000016     u8x8_byte.o (.text.u8x8_byte_StartTransfer)
                  0000b63c    00000016     u8x8_cad.o (.text.u8x8_cad_EndTransfer)
                  0000b652    00000016     u8x8_cad.o (.text.u8x8_cad_StartTransfer)
                  0000b668    00000016     u8x8_setup.o (.text.u8x8_dummy_cb)
                  0000b67e    00000014     draw.o (.text.DL_GPIO_clearPins)
                  0000b692    00000014     electrical_machinery.o (.text.DL_GPIO_clearPins)
                  0000b6a6    00000014     line_follower.o (.text.DL_GPIO_clearPins)
                  0000b6ba    00000014     mspm0_i2c.o (.text.DL_GPIO_clearPins)
                  0000b6ce    00000014     mspm0_xj_i2c.o (.text.DL_GPIO_clearPins)
                  0000b6e2    00000014     oled.o (.text.DL_GPIO_clearPins)
                  0000b6f6    00000014     ti_msp_dl_config.o (.text.DL_GPIO_clearPins)
                  0000b70a    00000002     --HOLE-- [fill = 0]
                  0000b70c    00000014     mspm0_i2c.o (.text.DL_I2C_getControllerStatus)
                  0000b720    00000014     mspm0_xj_i2c.o (.text.DL_I2C_getControllerStatus)
                  0000b734    00000014     mspm0_i2c.o (.text.DL_I2C_receiveControllerData)
                  0000b748    00000014     mspm0_xj_i2c.o (.text.DL_I2C_receiveControllerData)
                  0000b75c    00000014     ti_msp_dl_config.o (.text.DL_I2C_resetControllerTransfer)
                  0000b770    00000014     ti_msp_dl_config.o (.text.DL_SYSCTL_disableSYSPLL)
                  0000b784    00000014     ti_msp_dl_config.o (.text.DL_SYSCTL_enableMFCLK)
                  0000b798    00000014     ti_msp_dl_config.o (.text.DL_Timer_enableClock)
                  0000b7ac    00000014     ti_msp_dl_config.o (.text.DL_Timer_setCCPDirection)
                  0000b7c0    00000014     uart.o (.text.DL_UART_receiveData)
                  0000b7d4    00000014     libclang_rt.builtins.a : aeabi_uldivmod.S.obj (.text.__aeabi_uldivmod)
                  0000b7e8    00000014     inv_mpu_dmp_motion_driver.o (.text.dmp_register_android_orient_cb)
                  0000b7fc    00000014     inv_mpu_dmp_motion_driver.o (.text.dmp_register_tap_cb)
                  0000b810    00000014     u8x8_byte.o (.text.i2c_clear_scl)
                  0000b824    00000014     u8x8_byte.o (.text.i2c_clear_sda)
                  0000b838    00000014     u8x8_byte.o (.text.i2c_read_sda)
                  0000b84c    00000014     libc.a : _printfi.c.obj (.text.strchr)
                  0000b860    00000014     u8g2_font.o (.text.u8g2_SetFontDirection)
                  0000b874    00000014     u8g2_font.o (.text.u8g2_SetFontMode)
                  0000b888    00000014     u8g2_font.o (.text.u8g2_SetFontPosBaseline)
                  0000b89c    00000014     u8g2_d_memory.o (.text.u8g2_m_16_8_f)
                  0000b8b0    00000012     interrupt.o (.text.DL_GPIO_getPendingInterrupt)
                  0000b8c2    00000012     interrupt.o (.text.DL_Timer_getPendingInterrupt)
                  0000b8d4    00000012     uart.o (.text.DL_UART_getPendingInterrupt)
                  0000b8e6    00000012     driverlib.a : dl_uart.o (.text.DL_UART_setClockConfig)
                  0000b8f8    00000012     libc.a : memcpy16.S.obj (.text:TI_memcpy_small)
                  0000b90a    00000012            : copy_decompress_none.c.obj (.text:decompress:none)
                  0000b91c    00000010     ti_msp_dl_config.o (.text.DL_SYSCTL_disableHFXT)
                  0000b92c    00000010     driverlib.a : dl_timer.o (.text.DL_Timer_setCaptureCompareValue)
                  0000b93c    00000010     interrupt.o (.text.SysTick_Handler)
                  0000b94c    00000010     u8g2_setup.o (.text.u8g2_update_dimension_r0)
                  0000b95c    00000010     u8x8_8x8.o (.text.u8x8_utf8_init)
                  0000b96c    00000010     libc.a : wcslen.c.obj (.text.wcslen)
                  0000b97c    00000010            : copy_zero_init.c.obj (.text:decompress:ZI)
                  0000b98c    0000000e     libclang_rt.builtins.a : aeabi_memset.S.obj (.text.__aeabi_memset)
                  0000b99a    0000000e     libc.a : _printfi.c.obj (.text.strlen)
                  0000b9a8    0000000e     mpu6050.o (.text.tap_cb)
                  0000b9b6    0000000e     libc.a : memset16.S.obj (.text:TI_memset_small)
                  0000b9c4    0000000c     libclang_rt.builtins.a : aeabi_memset.S.obj (.text.__aeabi_memclr)
                  0000b9d0    0000000c     electrical_machinery.o (.text.car_stop)
                  0000b9dc    0000000a     driverlib.a : dl_common.o (.text.DL_Common_delayCycles)
                  0000b9e6    0000000a     libc.a : _printfi.c.obj (.text.OUTLINED_FUNCTION_0)
                  0000b9f0    00000010     libclang_rt.builtins.a : adddf3.S.obj (.tramp.__aeabi_dsub.1)
                  0000ba00    0000000a     libc.a : e_asin.c.obj (.text.OUTLINED_FUNCTION_0)
                  0000ba0a    00000002     --HOLE-- [fill = 0]
                  0000ba0c    00000010     libclang_rt.builtins.a : muldf3.S.obj (.tramp.__aeabi_dmul.1)
                  0000ba1c    0000000a     libc.a : s_atan.c.obj (.text.OUTLINED_FUNCTION_0)
                  0000ba26    0000000a            : _printfi.c.obj (.text.OUTLINED_FUNCTION_1)
                  0000ba30    0000000a            : e_asin.c.obj (.text.OUTLINED_FUNCTION_1)
                  0000ba3a    0000000a            : e_asin.c.obj (.text.OUTLINED_FUNCTION_3)
                  0000ba44    00000010     libclang_rt.builtins.a : divdf3.S.obj (.tramp.__aeabi_ddiv.1)
                  0000ba54    0000000a     libc.a : sprintf.c.obj (.text._outc)
                  0000ba5e    0000000a     mpu6050.o (.text.android_orient_cb)
                  0000ba68    0000000a     u8g2_font.o (.text.u8g2_font_calc_vref_font)
                  0000ba72    00000008     libc.a : s_atan.c.obj (.text.OUTLINED_FUNCTION_2)
                  0000ba7a    00000002     --HOLE-- [fill = 0]
                  0000ba7c    00000008            : aeabi_portable.c.obj (.text.__aeabi_errno_addr)
                  0000ba84    00000008     libclang_rt.builtins.a : aeabi_memcpy.S.obj (.text.__aeabi_memcpy)
                  0000ba8c    00000008     libc.a : printf.c.obj (.text._outc)
                  0000ba94    00000008            : printf.c.obj (.text._outs)
                  0000ba9c    00000006            : s_atan.c.obj (.text.OUTLINED_FUNCTION_1)
                  0000baa2    00000002     --HOLE-- [fill = 0]
                  0000baa4    00000010     libclang_rt.builtins.a : adddf3.S.obj (.tramp.__aeabi_dadd.1)
                  0000bab4    00000006     libc.a : e_asin.c.obj (.text.OUTLINED_FUNCTION_2)
                  0000baba    00000006            : exit.c.obj (.text:abort)
                  0000bac0    00000004     libsysbm.a : hostexit.c.obj (.text.HOSTexit)
                  0000bac4    00000004     libc.a : e_asin.c.obj (.text.OUTLINED_FUNCTION_4)
                  0000bac8    00000004     startup_mspm0g350x_ticlang.o (.text.Reset_Handler)
                  0000bacc    00000010     libc.a : boot_cortex_m.c.obj (.tramp._c_int00_noargs.1)
                  0000badc    00000004            : pre_init.c.obj (.text._system_pre_init)

.cinit     0    0000d230    00000158     
                  0000d230    00000132     (.cinit..data.load) [load image, compression = lzss]
                  0000d362    00000002     --HOLE-- [fill = 0]
                  0000d364    0000000c     (__TI_handler_table)
                  0000d370    00000008     (.cinit..bss.load) [load image, compression = zero_init]
                  0000d378    00000010     (__TI_cinit_table)

.rodata    0    0000bae0    00001750     
                  0000bae0    00000bf6     inv_mpu_dmp_motion_driver.o (.rodata.dmp_memory)
                  0000c6d6    0000069f     chinesetxt.o (.rodata.u8g2_font_unifont_st16)
                  0000cd75    0000000b     draw.o (.rodata.str1.11114186964174836109.1)
                  0000cd80    00000101     libc.a : aeabi_ctype.S.obj (.rodata:__aeabi_ctype_table_)
                  0000ce81    00000007     draw.o (.rodata.str1.1222851238220204105.1)
                  0000ce88    00000040     libc.a : s_atan.c.obj (.rodata.cst32)
                  0000cec8    00000035     u8x8_d_ssd1306_128x64_noname.o (.rodata.u8x8_d_ssd1306_128x64_noname_init_seq)
                  0000cefd    00000003     ti_msp_dl_config.o (.rodata.gPWMAClockConfig)
                  0000cf00    00000028     ti_msp_dl_config.o (.rodata.gSYSPLLConfig)
                  0000cf28    00000028     inv_mpu.o (.rodata.test)
                  0000cf50    0000001e     inv_mpu.o (.rodata.reg)
                  0000cf6e    00000002     ti_msp_dl_config.o (.rodata.gI2C_BUSClockConfig)
                  0000cf70    00000018     u8x8_d_ssd1306_128x64_noname.o (.rodata.u8x8_ssd1306_128x64_noname_display_info)
                  0000cf88    00000016     draw.o (.rodata.str1.5892703727588417526.1)
                  0000cf9e    00000015     draw.o (.rodata.str1.4274189854934693450.1)
                  0000cfb3    00000001     --HOLE-- [fill = 0]
                  0000cfb4    00000014     ti_msp_dl_config.o (.rodata.gTIMER_TICKTimerConfig)
                  0000cfc8    00000014     draw.o (.rodata.str1.16920298533707407236.1)
                  0000cfdc    00000013     uart.o (.rodata.str1.14464947116831474962.1)
                  0000cfef    00000013     draw.o (.rodata.str1.9759785406605014316.1)
                  0000d002    00000011     libc.a : _printfi.c.obj (.rodata.str1.10348868589481759720.1)
                  0000d013    00000011            : _printfi.c.obj (.rodata.str1.15363888844622738466.1)
                  0000d024    00000010     draw.o (.rodata..L__const.Calibration_waiting.kks)
                  0000d034    0000000f     draw.o (.rodata.str1.10860614167785051322.1)
                  0000d043    0000000f     draw.o (.rodata.str1.8450940598119648634.1)
                  0000d052    0000000f     draw.o (.rodata.str1.9387805006866944833.1)
                  0000d061    0000000d     draw.o (.rodata.str1.11299763840726973552.1)
                  0000d06e    0000000d     draw.o (.rodata.str1.15371446012953876463.1)
                  0000d07b    0000000d     draw.o (.rodata.str1.16798678518866173547.1)
                  0000d088    0000000d     draw.o (.rodata.str1.3293259928865538337.1)
                  0000d095    0000000d     draw.o (.rodata.str1.3977530377744300196.1)
                  0000d0a2    0000000d     draw.o (.rodata.str1.5092474850242601035.1)
                  0000d0af    0000000d     draw.o (.rodata.str1.8511851625829648913.1)
                  0000d0bc    0000000c     inv_mpu.o (.rodata.hw)
                  0000d0c8    0000000c     u8g2_setup.o (.rodata.u8g2_cb_r0)
                  0000d0d4    0000000b     draw.o (.rodata.str1.17985918111400082174.1)
                  0000d0df    0000000b     draw.o (.rodata.str1.9461052618368317133.1)
                  0000d0ea    0000000a     ti_msp_dl_config.o (.rodata.gUART_0Config)
                  0000d0f4    0000000a     ti_msp_dl_config.o (.rodata.gUART_1Config)
                  0000d0fe    00000009     draw.o (.rodata.str1.5047273646867282875.1)
                  0000d107    00000001     --HOLE-- [fill = 0]
                  0000d108    00000008     ti_msp_dl_config.o (.rodata.gPWMAConfig)
                  0000d110    00000008     ti_msp_dl_config.o (.rodata.gPWMBConfig)
                  0000d118    00000008     ti_msp_dl_config.o (.rodata.gPWMCConfig)
                  0000d120    00000008     ti_msp_dl_config.o (.rodata.gPWMDConfig)
                  0000d128    00000007     draw.o (.rodata.str1.12837285066833756062.1)
                  0000d12f    00000007     draw.o (.rodata.str1.12927128395581683091.1)
                  0000d136    00000007     draw.o (.rodata.str1.15032166160981136206.1)
                  0000d13d    00000007     draw.o (.rodata.str1.4063744131834711033.1)
                  0000d144    00000007     draw.o (.rodata.str1.4769186932343429571.1)
                  0000d14b    00000007     draw.o (.rodata.str1.6628805185763255565.1)
                  0000d152    00000007     draw.o (.rodata.str1.7599327456358374941.1)
                  0000d159    00000007     u8x8_d_ssd1306_128x64_noname.o (.rodata.u8x8_d_ssd1306_128x64_noname_flip0_seq)
                  0000d160    00000007     u8x8_d_ssd1306_128x64_noname.o (.rodata.u8x8_d_ssd1306_128x64_noname_flip1_seq)
                  0000d167    00000006     draw.o (.rodata.str1.11662179543728856056.1)
                  0000d16d    00000006     draw.o (.rodata.str1.12379070312978826538.1)
                  0000d173    00000006     draw.o (.rodata.str1.3087611109763544748.1)
                  0000d179    00000006     draw.o (.rodata.str1.3993406505997153926.1)
                  0000d17f    00000005     draw.o (.rodata.str1.10335834370773872660.1)
                  0000d184    00000005     draw.o (.rodata.str1.13295882753961647737.1)
                  0000d189    00000005     draw.o (.rodata.str1.13338964051441701904.1)
                  0000d18e    00000005     draw.o (.rodata.str1.15046184968404042663.1)
                  0000d193    00000005     draw.o (.rodata.str1.197789920646994554.1)
                  0000d198    00000005     draw.o (.rodata.str1.3856563774887557434.1)
                  0000d19d    00000005     u8x8_d_ssd1306_128x64_noname.o (.rodata.u8x8_d_ssd1306_128x64_noname_powersave0_seq)
                  0000d1a2    00000005     u8x8_d_ssd1306_128x64_noname.o (.rodata.u8x8_d_ssd1306_128x64_noname_powersave1_seq)
                  0000d1a7    00000004     draw.o (.rodata.str1.12753359286343333358.1)
                  0000d1ab    00000004     draw.o (.rodata.str1.13124213828302697422.1)
                  0000d1af    00000004     draw.o (.rodata.str1.16853789779182153528.1)
                  0000d1b3    00000004     draw.o (.rodata.str1.17104632844336190317.1)
                  0000d1b7    00000004     draw.o (.rodata.str1.17167547962068192002.1)
                  0000d1bb    00000004     draw.o (.rodata.str1.17323698585101302928.1)
                  0000d1bf    00000004     draw.o (.rodata.str1.2536505494550489181.1)
                  0000d1c3    00000004     draw.o (.rodata.str1.2680053455445061944.1)
                  0000d1c7    00000004     draw.o (.rodata.str1.3602204908956033498.1)
                  0000d1cb    00000004     draw.o (.rodata.str1.4176646092053031004.1)
                  0000d1cf    00000004     draw.o (.rodata.str1.4799947621604406399.1)
                  0000d1d3    00000004     draw.o (.rodata.str1.573547316600497309.1)
                  0000d1d7    00000004     draw.o (.rodata.str1.9408500714352350149.1)
                  0000d1db    00000004     draw.o (.rodata.str1.9590535064981708106.1)
                  0000d1df    00000004     draw.o (.rodata.str1.9976906776139131669.1)
                  0000d1e3    00000003     ti_msp_dl_config.o (.rodata.gPWMBClockConfig)
                  0000d1e6    00000003     ti_msp_dl_config.o (.rodata.gPWMCClockConfig)
                  0000d1e9    00000003     ti_msp_dl_config.o (.rodata.gPWMDClockConfig)
                  0000d1ec    00000003     ti_msp_dl_config.o (.rodata.gTIMER_TICKClockConfig)
                  0000d1ef    00000003     draw.o (.rodata.str1.11165926561598327348.1)
                  0000d1f2    00000003     draw.o (.rodata.str1.12359765093345317632.1)
                  0000d1f5    00000003     draw.o (.rodata.str1.13567208923197132193.1)
                  0000d1f8    00000003     draw.o (.rodata.str1.13766420662825426875.1)
                  0000d1fb    00000003     draw.o (.rodata.str1.14187398005209213545.1)
                  0000d1fe    00000003     draw.o (.rodata.str1.14915676214180293299.1)
                  0000d201    00000003     draw.o (.rodata.str1.15074342113409833842.1)
                  0000d204    00000003     draw.o (.rodata.str1.16988408085108356744.1)
                  0000d207    00000003     draw.o (.rodata.str1.17402708256360119916.1)
                  0000d20a    00000003     draw.o (.rodata.str1.17877410042743655113.1)
                  0000d20d    00000003     draw.o (.rodata.str1.3436235078410369563.1)
                  0000d210    00000003     draw.o (.rodata.str1.439440656638192846.1)
                  0000d213    00000003     draw.o (.rodata.str1.8931661920520104013.1)
                  0000d216    00000002     ti_msp_dl_config.o (.rodata.gI2C_MPU6050ClockConfig)
                  0000d218    00000002     ti_msp_dl_config.o (.rodata.gUART_0ClockConfig)
                  0000d21a    00000002     ti_msp_dl_config.o (.rodata.gUART_1ClockConfig)
                  0000d21c    00000002     draw.o (.rodata.str1.13621094816472248119.1)
                  0000d21e    00000002     draw.o (.rodata.str1.13901186772788639667.1)
                  0000d220    00000002     draw.o (.rodata.str1.15981432797632722681.1)
                  0000d222    00000002     draw.o (.rodata.str1.16224708837686808630.1)
                  0000d224    00000002     draw.o (.rodata.str1.6764898206403387013.1)
                  0000d226    00000002     draw.o (.rodata.str1.7901478166373039286.1)
                  0000d228    00000008     --HOLE-- [fill = 0]

.init_array 
*          0    00000000    00000000     UNINITIALIZED

.binit     0    00000000    00000000     

.bss       0    20200000    0000063e     UNINITIALIZED
                  20200000    00000400     u8g2_d_memory.o (.bss.u8g2_m_16_8_f.buf)
                  20200400    000000a0     (.common:gPWMBBackup)
                  202004a0    000000a0     (.common:gPWMDBackup)
                  20200540    00000030     (.common:gUART_1Backup)
                  20200570    00000010     interrupt.o (.bss.motor_encoderA)
                  20200580    00000010     interrupt.o (.bss.motor_encoderB)
                  20200590    00000010     interrupt.o (.bss.motor_encoderC)
                  202005a0    00000010     interrupt.o (.bss.motor_encoderD)
                  202005b0    00000010     (.common:id)
                  202005c0    00000010     (.common:quat)
                  202005d0    00000006     line_follower.o (.bss.sensor_state_history)
                  202005d6    00000006     (.common:accel)
                  202005dc    00000006     (.common:gyro)
                  202005e2    00000002     (.common:sensors)
                  202005e4    00000004     electrical_machinery.o (.bss.Velocity_A.ControlVelocity)
                  202005e8    00000004     electrical_machinery.o (.bss.Velocity_A.Last_bias)
                  202005ec    00000004     electrical_machinery.o (.bss.Velocity_B.ControlVelocity)
                  202005f0    00000004     electrical_machinery.o (.bss.Velocity_B.Last_bias)
                  202005f4    00000004     electrical_machinery.o (.bss.Velocity_C.ControlVelocity)
                  202005f8    00000004     electrical_machinery.o (.bss.Velocity_C.Last_bias)
                  202005fc    00000004     electrical_machinery.o (.bss.Velocity_D.ControlVelocity)
                  20200600    00000004     electrical_machinery.o (.bss.Velocity_D.Last_bias)
                  20200604    00000004     (.common:D)
                  20200608    00000004     (.common:I)
                  2020060c    00000004     (.common:P)
                  20200610    00000004     (.common:car_begin_yaw)
                  20200614    00000004     (.common:car_straight_yaw)
                  20200618    00000004     (.common:out)
                  2020061c    00000004     (.common:out1)
                  20200620    00000004     (.common:out2)
                  20200624    00000004     (.common:pitch)
                  20200628    00000004     (.common:roll)
                  2020062c    00000004     (.common:sensor_timestamp)
                  20200630    00000004     (.common:start_time)
                  20200634    00000004     (.common:tick_ms)
                  20200638    00000004     (.common:yaw)
                  2020063c    00000001     (.common:IRbuf)
                  2020063d    00000001     (.common:more)

.data      0    20200640    000002dc     UNINITIALIZED
                  20200640    000000f0     libc.a : defs.c.obj (.data._ftable)
                  20200730    0000002c     inv_mpu.o (.data.st)
                  2020075c    00000024     draw.o (.data..compoundliteral.42)
                  20200780    00000020     draw.o (.data..compoundliteral.26)
                  202007a0    0000001c     draw.o (.data..compoundliteral.13)
                  202007bc    0000001c     draw.o (.data..compoundliteral.33)
                  202007d8    0000001c     draw.o (.data..compoundliteral.49)
                  202007f4    0000001c     draw.o (.data..compoundliteral.52)
                  20200810    0000001c     draw.o (.data..compoundliteral)
                  2020082c    00000018     draw.o (.data..compoundliteral.50)
                  20200844    00000014     draw.o (.data..compoundliteral.18)
                  20200858    00000010     inv_mpu_dmp_motion_driver.o (.data.dmp)
                  20200868    0000000e     mpu6050.o (.data.hal)
                  20200876    00000009     mpu6050.o (.data.gyro_orientation)
                  2020087f    00000001     line_follower.o (.data.angle_correction_flag)
                  20200880    00000008     draw.o (.data..compoundliteral.51)
                  20200888    00000008     draw.o (.data.directory)
                  20200890    00000008     draw.o (.data.directory_num)
                  20200898    00000004     draw.o (.data..compoundliteral.6)
                  2020089c    00000004     electrical_machinery.o (.data.MAX)
                  202008a0    00000004     line_follower.o (.data.MAX_CORRECTION)
                  202008a4    00000004     electrical_machinery.o (.data.MIN)
                  202008a8    00000004     electrical_machinery.o (.data.Velcity_Ki)
                  202008ac    00000004     electrical_machinery.o (.data.Velcity_Kp)
                  202008b0    00000004     libc.a : aeabi_portable.c.obj (.data.__aeabi_errno)
                  202008b4    00000004            : _lock.c.obj (.data._lock)
                  202008b8    00000004            : _lock.c.obj (.data._unlock)
                  202008bc    00000004     line_follower.o (.data.all_one_count)
                  202008c0    00000004     line_follower.o (.data.angle_diff)
                  202008c4    00000004     draw.o (.data.car_speed)
                  202008c8    00000004     line_follower.o (.data.correction_factor1)
                  202008cc    00000004     line_follower.o (.data.correction_factor2)
                  202008d0    00000004     line_follower.o (.data.correction_factor3)
                  202008d4    00000004     line_follower.o (.data.correction_factor4)
                  202008d8    00000004     draw.o (.data.directory_flag)
                  202008dc    00000004     line_follower.o (.data.error)
                  202008e0    00000004     line_follower.o (.data.gyro_l_num)
                  202008e4    00000004     line_follower.o (.data.gyro_r_num)
                  202008e8    00000004     line_follower.o (.data.integral)
                  202008ec    00000004     line_follower.o (.data.l_num)
                  202008f0    00000004     line_follower.o (.data.last_error)
                  202008f4    00000004     line_follower.o (.data.last_valid_error)
                  202008f8    00000004     interrupt.o (.data.nextway)
                  202008fc    00000004     draw.o (.data.now_speed)
                  20200900    00000004     line_follower.o (.data.now_time)
                  20200904    00000004     draw.o (.data.quanshu)
                  20200908    00000004     line_follower.o (.data.r_num)
                  2020090c    00000004     line_follower.o (.data.turn_flag)
                  20200910    00000004     draw.o (.data.xspeed)
                  20200914    00000001     line_follower.o (.data.left_flag)
                  20200915    00000001     line_follower.o (.data.mode_flag)
                  20200916    00000001     line_follower.o (.data.right_flag)
                  20200917    00000001     draw.o (.data.stop_flag)
                  20200918    00000001     line_follower.o (.data.timer_flag)
                  20200919    00000001     u8x8_cad.o (.data.u8x8_cad_ssd13xx_fast_i2c.in_transfer)
                  2020091a    00000001     uart.o (.data.uart_data)
                  2020091b    00000001     line_follower.o (.data.use_last_valid)

.stack     0    20207e00    00000200     UNINITIALIZED
                  20207e00    00000004     libc.a : boot_cortex_m.c.obj (.stack)
                  20207e04    000001fc     --HOLE--

__llvm_prf_cnts 
*          0    20200000    00000000     UNINITIALIZED

__llvm_prf_bits 
*          0    20200000    00000000     UNINITIALIZED

MODULE SUMMARY

       Module                           code    ro data   rw data
       ------                           ----    -------   -------
    .\
       ti_msp_dl_config.o               3342    135       368    
       main.o                           274     0         0      
       startup_mspm0g350x_ticlang.o     8       192       0      
    +--+--------------------------------+-------+---------+---------+
       Total:                           3624    327       368    
                                                                 
    .\MPU6050\
       inv_mpu_dmp_motion_driver.o      3110    3062      16     
       inv_mpu.o                        4600    82        44     
       mspm0_i2c.o                      1328    0         0      
       mpu6050.o                        1176    0         70     
    +--+--------------------------------+-------+---------+---------+
       Total:                           10214   3144      130    
                                                                 
    .\MSPM0\
       electrical_machinery.o           1564    0         48     
       interrupt.o                      1106    0         68     
       mspm0_xj_i2c.o                   1132    0         0      
       clock.o                          468     0         8      
    +--+--------------------------------+-------+---------+---------+
       Total:                           4270    0         124    
                                                                 
    .\OLED\
       draw.o                           3620    497       317    
       oled.o                           604     0         0      
    +--+--------------------------------+-------+---------+---------+
       Total:                           4224    497       317    
                                                                 
    .\OLED\csrc\
       u8g2_font.o                      2838    0         0      
       chinesetxt.o                     0       1695      0      
       u8g2_d_memory.o                  20      0         1024   
       u8x8_byte.o                      800     0         0      
       u8x8_cad.o                       666     0         1      
       u8g2_setup.o                     640     12        0      
       u8g2_hvline.o                    612     0         0      
       u8x8_d_ssd1306_128x64_noname.o   488     101       0      
       u8g2_buffer.o                    456     0         0      
       u8g2_ll_hvline.o                 356     0         0      
       u8x8_8x8.o                       332     0         0      
       u8x8_display.o                   284     0         0      
       u8g2_intersection.o              248     0         0      
       u8x8_setup.o                     144     0         0      
       u8g2_box.o                       120     0         0      
       u8g2_d_setup.o                   72      0         0      
       u8g2_cleardisplay.o              40      0         0      
       u8x8_gpio.o                      38      0         0      
    +--+--------------------------------+-------+---------+---------+
       Total:                           8154    1808      1025   
                                                                 
    .\Tracking\
       line_follower.o                  4456    0         101    
    +--+--------------------------------+-------+---------+---------+
       Total:                           4456    0         101    
                                                                 
    .\UART\
       uart.o                           528     19        13     
    +--+--------------------------------+-------+---------+---------+
       Total:                           528     19        13     
                                                                 
    C:/ti/mspm0_sdk_2_04_00_06/source/ti/driverlib/lib/ticlang/m0p/mspm0g1x0x_g3x0x/driverlib.a
       dl_timer.o                       588     0         0      
       dl_sysctl_mspm0g1x0x_g3x0x.o     288     0         0      
       dl_i2c.o                         192     0         0      
       dl_uart.o                        90      0         0      
       dl_common.o                      10      0         0      
    +--+--------------------------------+-------+---------+---------+
       Total:                           1168    0         0      
                                                                 
    C:\ti\ccs2020\ccs\tools\compiler\ti-cgt-armllvm_4.0.3.LTS\lib\armv6m-ti-none-eabi/c/libc.a
       _printfi.c.obj                   4510    34        0      
       e_asin.c.obj                     908     0         0      
       s_atan.c.obj                     784     64        0      
       e_atan2.c.obj                    392     0         0      
       e_sqrt.c.obj                     368     0         0      
       aeabi_ctype.S.obj                0       257       0      
       defs.c.obj                       0       0         240    
       s_scalbn.c.obj                   216     0         0      
       copy_decompress_lzss.c.obj       124     0         0      
       printf.c.obj                     108     0         0      
       s_frexp.c.obj                    92      0         0      
       sprintf.c.obj                    90      0         0      
       _ltoa.c.obj                      88      0         0      
       atoi.c.obj                       64      0         0      
       autoinit.c.obj                   60      0         0      
       boot_cortex_m.c.obj              56      0         0      
       memccpy.c.obj                    34      0         0      
       memcmp.c.obj                     32      0         0      
       copy_decompress_none.c.obj       18      0         0      
       memcpy16.S.obj                   18      0         0      
       copy_zero_init.c.obj             16      0         0      
       wcslen.c.obj                     16      0         0      
       memset16.S.obj                   14      0         0      
       aeabi_portable.c.obj             8       0         4      
       _lock.c.obj                      2       0         8      
       exit.c.obj                       6       0         0      
       pre_init.c.obj                   4       0         0      
    +--+--------------------------------+-------+---------+---------+
       Total:                           8028    355       252    
                                                                 
    C:\ti\ccs2020\ccs\tools\compiler\ti-cgt-armllvm_4.0.3.LTS\lib\armv6m-ti-none-eabi/c/libsysbm.a
       hostexit.c.obj                   4       0         0      
    +--+--------------------------------+-------+---------+---------+
       Total:                           4       0         0      
                                                                 
    C:\ti\ccs2020\ccs\tools\compiler\ti-cgt-armllvm_4.0.3.LTS\lib\armv6m-ti-none-eabi/libclang_rt.builtins.a
       adddf3.S.obj                     434     0         0      
       divdf3.S.obj                     284     0         0      
       muldf3.S.obj                     244     0         0      
       comparedf2.c.obj                 220     0         0      
       addsf3.S.obj                     216     0         0      
       udivmoddi4.S.obj                 162     0         0      
       mulsf3.S.obj                     140     0         0      
       divsf3.S.obj                     130     0         0      
       comparesf2.S.obj                 118     0         0      
       truncdfsf2.S.obj                 116     0         0      
       aeabi_dcmp.S.obj                 98      0         0      
       aeabi_fcmp.S.obj                 98      0         0      
       aeabi_idivmod.S.obj              86      0         0      
       fixdfsi.S.obj                    74      0         0      
       aeabi_uidivmod.S.obj             64      0         0      
       extendsfdf2.S.obj                64      0         0      
       floatsisf.S.obj                  60      0         0      
       muldsi3.S.obj                    58      0         0      
       fixsfsi.S.obj                    56      0         0      
       floatsidf.S.obj                  44      0         0      
       floatunsisf.S.obj                40      0         0      
       muldi3.S.obj                     36      0         0      
       ashldi3.S.obj                    30      0         0      
       aeabi_memset.S.obj               26      0         0      
       aeabi_uldivmod.S.obj             20      0         0      
       aeabi_memcpy.S.obj               8       0         0      
       aeabi_div0.c.obj                 4       0         0      
    +--+--------------------------------+-------+---------+---------+
       Total:                           2930    0         0      
                                                                 
       Stack:                           0       0         512    
       Linker Generated:                0       342       0      
    +--+--------------------------------+-------+---------+---------+
       Grand Total:                     47600   6492      2842   


LINKER GENERATED COPY TABLES

__TI_cinit_table @ 0000d378 records: 2, size/record: 8, table size: 16
	.data: load addr=0000d230, load size=00000132 bytes, run addr=20200640, run size=000002dc bytes, compression=lzss
	.bss: load addr=0000d370, load size=00000008 bytes, run addr=20200000, run size=0000063e bytes, compression=zero_init


LINKER GENERATED HANDLER TABLE

__TI_handler_table @ 0000d364 records: 3, size/record: 4, table size: 12
	index: 0, handler: __TI_decompress_lzss
	index: 1, handler: __TI_decompress_none
	index: 2, handler: __TI_zero_init


FAR CALL TRAMPOLINES

callee name               trampoline name
   callee addr  tramp addr   call addr  call info
--------------  -----------  ---------  ----------------
__aeabi_dsub              $Tramp$TT$L$PI$$__aeabi_dsub
   000044ed     0000b9f0     0000b9ee   libc.a : _printfi.c.obj (.text.OUTLINED_FUNCTION_0)
__aeabi_dmul              $Tramp$TT$L$PI$$__aeabi_dmul
   000066d9     0000ba0c     0000ba08   libc.a : e_asin.c.obj (.text.OUTLINED_FUNCTION_0)
                             0000ba24          : s_atan.c.obj (.text.OUTLINED_FUNCTION_0)
                             0000ba38          : e_asin.c.obj (.text.OUTLINED_FUNCTION_1)
                             0000ba78          : s_atan.c.obj (.text.OUTLINED_FUNCTION_2)
                             0000bab8          : e_asin.c.obj (.text.OUTLINED_FUNCTION_2)
__aeabi_ddiv              $Tramp$TT$L$PI$$__aeabi_ddiv
   00005ff1     0000ba44     0000ba42   libc.a : e_asin.c.obj (.text.OUTLINED_FUNCTION_3)
__aeabi_dadd              $Tramp$TT$L$PI$$__aeabi_dadd
   000044f7     0000baa4     0000baa0   libc.a : s_atan.c.obj (.text.OUTLINED_FUNCTION_1)
                             0000bac6          : e_asin.c.obj (.text.OUTLINED_FUNCTION_4)
_c_int00_noargs           $Tramp$TT$L$PI$$_c_int00_noargs
   0000abfd     0000bacc     0000bac8   startup_mspm0g350x_ticlang.o (.text.Reset_Handler)

[5 trampolines]
[10 trampoline calls]


GLOBAL SYMBOLS: SORTED ALPHABETICALLY BY Name 

address   name                                  
-------   ----                                  
0000897d  ADC0_IRQHandler                       
0000897d  ADC1_IRQHandler                       
0000897d  AES_IRQHandler                        
0000bac0  C$$EXIT                               
0000897d  CANFD0_IRQHandler                     
00006e85  CAR_control                           
00004981  Calibration_waiting                   
20200604  D                                     
0000897d  DAC0_IRQHandler                       
0000a8d5  DIRECTORY_control                     
0000b9dd  DL_Common_delayCycles                 
000092e1  DL_I2C_fillControllerTXFIFO           
0000a091  DL_I2C_flushControllerTXFIFO          
0000ac4b  DL_I2C_setClockConfig                 
000068a1  DL_SYSCTL_configSYSPLL                
00009d51  DL_SYSCTL_switchMCLKfromSYSOSCtoHSCLK 
00006205  DL_Timer_initFourCCPWMMode            
000065f1  DL_Timer_initTimerMode                
0000b0a5  DL_Timer_setCaptCompUpdateMethod      
0000b461  DL_Timer_setCaptureCompareOutCtl      
0000b92d  DL_Timer_setCaptureCompareValue       
0000b0c1  DL_Timer_setClockConfig               
00009b11  DL_UART_init                          
0000b8e7  DL_UART_setClockConfig                
0000897d  DMA_IRQHandler                        
0000897d  Default_Handler                       
0000ad31  GPIO_Init                             
0000897d  GROUP0_IRQHandler                     
00002191  GROUP1_IRQHandler                     
00001635  HOME_directory                        
0000bac1  HOSTexit                              
0000897d  HardFault_Handler                     
20200608  I                                     
0000897d  I2C0_IRQHandler                       
0000897d  I2C1_IRQHandler                       
2020063c  IRbuf                                 
2020089c  MAX                                   
202008a0  MAX_CORRECTION                        
202008a4  MIN                                   
00002a1d  MOTOR_CONTROL                         
00005075  MPU6050_Init                          
0000a631  MSPM0_Init                            
0000897d  NMI_Handler                           
2020060c  P                                     
00007275  PID_control                           
0000897d  PendSV_Handler                        
0000897d  RTC_IRQHandler                        
00003381  Read_Quad                             
0000bac9  Reset_Handler                         
0000897d  SPI0_IRQHandler                       
0000897d  SPI1_IRQHandler                       
0000897d  SVC_Handler                           
00002795  SYSCFG_DL_GPIO_init                   
000094b1  SYSCFG_DL_I2C_BUS_init                
00009509  SYSCFG_DL_I2C_MPU6050_init            
00008d61  SYSCFG_DL_PWMA_init                   
00008ad9  SYSCFG_DL_PWMB_init                   
00008b45  SYSCFG_DL_PWMC_init                   
00008bb1  SYSCFG_DL_PWMD_init                   
000099e5  SYSCFG_DL_SYSCTL_init                 
0000a109  SYSCFG_DL_TIMER_TICK_init             
00009b59  SYSCFG_DL_UART_0_init                 
00009a31  SYSCFG_DL_UART_1_init                 
00009669  SYSCFG_DL_init                        
00006cdd  SYSCFG_DL_initPower                   
0000b93d  SysTick_Handler                       
0000a491  SysTick_Init                          
0000897d  TIMA0_IRQHandler                      
0000897d  TIMA1_IRQHandler                      
000086b5  TIMG0_IRQHandler                      
0000897d  TIMG12_IRQHandler                     
0000897d  TIMG6_IRQHandler                      
0000897d  TIMG7_IRQHandler                      
0000897d  TIMG8_IRQHandler                      
0000b8f9  TI_memcpy_small                       
0000b9b7  TI_memset_small                       
0000a6c9  UART0_IRQHandler                      
0000897d  UART1_IRQHandler                      
0000897d  UART2_IRQHandler                      
0000a6f9  UART3_IRQHandler                      
0000a729  UART_Init                             
202008a8  Velcity_Ki                            
202008ac  Velcity_Kp                            
000073f5  Velocity_A                            
000074b1  Velocity_B                            
0000756d  Velocity_C                            
00007629  Velocity_D                            
20208000  __STACK_END                           
00000200  __STACK_SIZE                          
00000000  __TI_ATRegion0_region_sz              
00000000  __TI_ATRegion0_src_addr               
00000000  __TI_ATRegion0_trg_addr               
00000000  __TI_ATRegion1_region_sz              
00000000  __TI_ATRegion1_src_addr               
00000000  __TI_ATRegion1_trg_addr               
00000000  __TI_ATRegion2_region_sz              
00000000  __TI_ATRegion2_src_addr               
00000000  __TI_ATRegion2_trg_addr               
0000d378  __TI_CINIT_Base                       
0000d388  __TI_CINIT_Limit                      
0000d388  __TI_CINIT_Warm                       
0000d364  __TI_Handler_Table_Base               
0000d370  __TI_Handler_Table_Limit              
0000a1bd  __TI_auto_init_nobinit_nopinit        
00008639  __TI_decompress_lzss                  
0000b90b  __TI_decompress_none                  
00009561  __TI_ltoa                             
ffffffff  __TI_pprof_out_hndl                   
00000c65  __TI_printfi                          
ffffffff  __TI_prof_data_size                   
ffffffff  __TI_prof_data_start                  
00000000  __TI_static_base__                    
0000b97d  __TI_zero_init                        
000044f7  __adddf3                              
00006b37  __addsf3                              
0000cd80  __aeabi_ctype_table_                  
0000cd80  __aeabi_ctype_table_C                 
00008981  __aeabi_d2f                           
00009a7d  __aeabi_d2iz                          
000044f7  __aeabi_dadd                          
000090f9  __aeabi_dcmpeq                        
00009135  __aeabi_dcmpge                        
00009149  __aeabi_dcmpgt                        
00009121  __aeabi_dcmple                        
0000910d  __aeabi_dcmplt                        
00005ff1  __aeabi_ddiv                          
000066d9  __aeabi_dmul                          
000044ed  __aeabi_dsub                          
202008b0  __aeabi_errno                         
0000ba7d  __aeabi_errno_addr                    
00009ea1  __aeabi_f2d                           
0000a2a9  __aeabi_f2iz                          
00006b37  __aeabi_fadd                          
0000915d  __aeabi_fcmpeq                        
00009199  __aeabi_fcmpge                        
000091ad  __aeabi_fcmpgt                        
00009185  __aeabi_fcmple                        
00009171  __aeabi_fcmplt                        
000084b9  __aeabi_fdiv                          
00008075  __aeabi_fmul                          
00006b2d  __aeabi_fsub                          
0000aa09  __aeabi_i2d                           
0000a145  __aeabi_i2f                           
00009611  __aeabi_idiv                          
0000467f  __aeabi_idiv0                         
00009611  __aeabi_idivmod                       
000052fb  __aeabi_ldiv0                         
0000aee1  __aeabi_llsl                          
0000ad55  __aeabi_lmul                          
0000b9c5  __aeabi_memclr                        
0000b9c5  __aeabi_memclr4                       
0000b9c5  __aeabi_memclr8                       
0000ba85  __aeabi_memcpy                        
0000ba85  __aeabi_memcpy4                       
0000ba85  __aeabi_memcpy8                       
0000b98d  __aeabi_memset                        
0000b98d  __aeabi_memset4                       
0000b98d  __aeabi_memset8                       
0000abad  __aeabi_ui2f                          
00009e61  __aeabi_uidiv                         
00009e61  __aeabi_uidivmod                      
0000b7d5  __aeabi_uldivmod                      
0000aee1  __ashldi3                             
ffffffff  __binit__                             
00008dc9  __cmpdf2                              
0000a1f9  __cmpsf2                              
00005ff1  __divdf3                              
000084b9  __divsf3                              
00008dc9  __eqdf2                               
0000a1f9  __eqsf2                               
00009ea1  __extendsfdf2                         
00009a7d  __fixdfsi                             
0000a2a9  __fixsfsi                             
0000aa09  __floatsidf                           
0000a145  __floatsisf                           
0000abad  __floatunsisf                         
00008909  __gedf2                               
0000a181  __gesf2                               
00008909  __gtdf2                               
0000a181  __gtsf2                               
00008dc9  __ledf2                               
0000a1f9  __lesf2                               
00008dc9  __ltdf2                               
0000a1f9  __ltsf2                               
UNDEFED   __mpu_init                            
000066d9  __muldf3                              
0000ad55  __muldi3                              
0000a235  __muldsi3                             
00008075  __mulsf3                              
00008dc9  __nedf2                               
0000a1f9  __nesf2                               
20207e00  __stack                               
20200000  __start___llvm_prf_bits               
20200000  __start___llvm_prf_cnts               
20200000  __stop___llvm_prf_bits                
20200000  __stop___llvm_prf_cnts                
000044ed  __subdf3                              
00006b2d  __subsf3                              
00008981  __truncdfsf2                          
00007bb1  __udivmoddi4                          
0000abfd  _c_int00_noargs                       
20200640  _ftable                               
202008b4  _lock                                 
00005b6b  _nop                                  
UNDEFED   _system_post_cinit                    
0000badd  _system_pre_init                      
202008b8  _unlock                               
0000babb  abort                                 
202005d6  accel                                 
000091c1  angle_calculation                     
000041a5  angle_correction                      
2020087f  angle_correction_flag                 
202008c0  angle_diff                            
00001e2d  asin                                  
00001e2d  asinl                                 
0000249d  atan                                  
00004681  atan2                                 
00004681  atan2l                                
0000249d  atanl                                 
00009ee1  atoi                                  
ffffffff  binit                                 
000039f9  c_control                             
20200610  car_begin_yaw                         
000085bd  car_run                               
202008c4  car_speed                             
0000b9d1  car_stop                              
20200614  car_straight_yaw                      
202008c8  correction_factor1                    
202008cc  correction_factor2                    
202008d0  correction_factor3                    
202008d4  correction_factor4                    
20200888  directory                             
202008d8  directory_flag                        
20200890  directory_num                         
00009ba1  dmp_enable_6x_lp_quat                 
[...]
0000b96d  wcslen                                
00008e99  xianshuc                              
20200910  xspeed                                
20200638  yaw                                   
00004f2d  zb_control                            


GLOBAL SYMBOLS: SORTED BY Symbol Address 

address   name                                  
-------   ----                                  
00000000  __TI_ATRegion0_region_sz              
00000000  __TI_ATRegion0_src_addr               
00000000  __TI_ATRegion0_trg_addr               
00000000  __TI_ATRegion1_region_sz              
00000000  __TI_ATRegion1_src_addr               
00000000  __TI_ATRegion1_trg_addr               
00000000  __TI_ATRegion2_region_sz              
00000000  __TI_ATRegion2_src_addr               
00000000  __TI_ATRegion2_trg_addr               
00000000  __TI_static_base__                    
00000000  interruptVectors                      
000000c1  line_follower                         
00000200  __STACK_SIZE                          
00000c65  __TI_printfi                          
00001635  HOME_directory                        
00001e2d  asin                                  
00001e2d  asinl                                 
00002191  GROUP1_IRQHandler                     
0000249d  atan                                  
0000249d  atanl                                 
00002795  SYSCFG_DL_GPIO_init                   
00002a1d  MOTOR_CONTROL                         
00002c95  dmp_enable_feature                    
00002f0d  u8g2_font_decode_glyph                
00003149  dmp_set_tap_thresh                    
00003381  Read_Quad                             
000035ad  mpu_reset_fifo                        
000039f9  c_control                             
00003c09  dmp_read_fifo                         
00003fd9  u8x8_gpio_and_delay                   
000041a5  angle_correction                      
0000434d  mpu_set_bypass                        
000044ed  __aeabi_dsub                          
000044ed  __subdf3                              
000044f7  __adddf3                              
000044f7  __aeabi_dadd                          
0000467f  __aeabi_idiv0                         
00004681  atan2                                 
00004681  atan2l                                
00004809  dmp_set_orientation                   
00004981  Calibration_waiting                   
00004af1  sqrt                                  
00004af1  sqrtl                                 
00004dc9  u8g2_ll_hvline_vertical_top_lsb       
00004f2d  zb_control                            
00005075  MPU6050_Init                          
000051b9  u8g2_font_decode_len                  
000052fb  __aeabi_ldiv0                         
00005439  u8x8_utf8_next                        
00005575  mspm0_i2c_read                        
000056a9  mspm0_xj_i2c_read                     
000057dd  u8x8_cad_ssd13xx_fast_i2c             
00005911  mpu_set_sensors                       
00005a41  u8g2_DrawHVLine                       
00005b6b  _nop                                  
00005b6d  mpu_init                              
00005c95  mpu_load_firmware                     
00005ed9  u8g2_font_get_glyph_data              
00005ff1  __aeabi_ddiv                          
00005ff1  __divdf3                              
000060fd  mpu_read_fifo_stream                  
00006205  DL_Timer_initFourCCPWMMode            
00006309  mpu_lp_accel_mode                     
00006409  u8g2_read_font_info                   
00006505  mpu_set_sample_rate                   
000065f1  DL_Timer_initTimerMode                
000066d9  __aeabi_dmul                          
000066d9  __muldf3                              
000067bd  mpu_set_accel_fsr                     
000068a1  DL_SYSCTL_configSYSPLL                
0000697d  ldexp                                 
0000697d  ldexpl                                
0000697d  scalbn                                
0000697d  scalbnl                               
00006b2d  __aeabi_fsub                          
00006b2d  __subsf3                              
00006b37  __addsf3                              
00006b37  __aeabi_fadd                          
00006cdd  SYSCFG_DL_initPower                   
00006e85  CAR_control                           
00006f55  mpu_set_lpf                           
00007025  u8g2_UpdateRefHeight                  
000070ed  mpu_set_gyro_fsr                      
000071b1  mspm0_i2c_write                       
00007275  PID_control                           
00007335  u8x8_byte_sw_i2c                      
000073f5  Velocity_A                            
000074b1  Velocity_B                            
0000756d  Velocity_C                            
00007629  Velocity_D                            
000076e5  mpu_configure_fifo                    
000077a1  mpu_set_dmp_state                     
00007909  mpu_read_mem                          
000079b5  mpu_write_mem                         
00007b0d  u8x8_cad_SendSequence                 
00007bb1  __udivmoddi4                          
00007c55  mpu_set_int_latched                   
00007cf1  quanshukongzi                         
00007d8d  dmp_set_fifo_rate                     
00007ebd  u8g2_DrawGlyph                        
00007f53  u8g2_is_intersection_decision_tree    
00008075  __aeabi_fmul                          
00008075  __mulsf3                              
000082a1  other_control                         
00008329  u8g2_font_decode_get_unsigned_bits    
000084b9  __aeabi_fdiv                          
000084b9  __divsf3                              
0000853d  u8x8_d_ssd1306_128x64_noname          
000085bd  car_run                               
00008639  __TI_decompress_lzss                  
000086b5  TIMG0_IRQHandler                      
0000872d  u8g2_DrawBox                          
000087a5  u8g2_SetupBuffer                      
0000881d  u8g2_add_vector_x                     
00008893  u8g2_add_vector_y                     
00008909  __gedf2                               
00008909  __gtdf2                               
0000897d  ADC0_IRQHandler                       
0000897d  ADC1_IRQHandler                       
0000897d  AES_IRQHandler                        
0000897d  CANFD0_IRQHandler                     
0000897d  DAC0_IRQHandler                       
0000897d  DMA_IRQHandler                        
0000897d  Default_Handler                       
0000897d  GROUP0_IRQHandler                     
0000897d  HardFault_Handler                     
0000897d  I2C0_IRQHandler                       
0000897d  I2C1_IRQHandler                       
0000897d  NMI_Handler                           
0000897d  PendSV_Handler                        
0000897d  RTC_IRQHandler                        
0000897d  SPI0_IRQHandler                       
0000897d  SPI1_IRQHandler                       
0000897d  SVC_Handler                           
0000897d  TIMA0_IRQHandler                      
0000897d  TIMA1_IRQHandler                      
0000897d  TIMG12_IRQHandler                     
0000897d  TIMG6_IRQHandler                      
0000897d  TIMG7_IRQHandler                      
0000897d  TIMG8_IRQHandler                      
0000897d  UART1_IRQHandler                      
0000897d  UART2_IRQHandler                      
00008981  __aeabi_d2f                           
00008981  __truncdfsf2                          
000089f5  mpu_get_accel_fsr                     
00008a69  main                                  
00008ad9  SYSCFG_DL_PWMB_init                   
00008b45  SYSCFG_DL_PWMC_init                   
00008bb1  SYSCFG_DL_PWMD_init                   
00008c89  u8g2_NextPage                         
00008cf5  u8x8_d_helper_display_init            
00008d61  SYSCFG_DL_PWMA_init                   
00008dc9  __cmpdf2                              
00008dc9  __eqdf2                               
00008dc9  __ledf2                               
00008dc9  __ltdf2                               
00008dc9  __nedf2                               
00008e31  get_encoder_count                     
00008e99  xianshuc                              
00008f67  dmp_set_tap_axes                      
00008fcd  motor_xj_i2c_sda_unlock               
00009031  mpu6050_i2c_sda_unlock                
00009095  u8g2_IsIntersection                   
000090f9  __aeabi_dcmpeq                        
0000910d  __aeabi_dcmplt                        
00009121  __aeabi_dcmple                        
00009135  __aeabi_dcmpge                        
00009149  __aeabi_dcmpgt                        
0000915d  __aeabi_fcmpeq                        
00009171  __aeabi_fcmplt                        
00009185  __aeabi_fcmple                        
00009199  __aeabi_fcmpge                        
000091ad  __aeabi_fcmpgt                        
000091c1  angle_calculation                     
00009221  dmp_enable_gyro_cal                   
00009281  mpu_get_gyro_fsr                      
000092e1  DL_I2C_fillControllerTXFIFO           
00009341  frexp                                 
00009341  frexpl                                
00009455  printf                                
000094b1  SYSCFG_DL_I2C_BUS_init                
00009509  SYSCFG_DL_I2C_MPU6050_init            
00009561  __TI_ltoa                             
00009611  __aeabi_idiv                          
00009611  __aeabi_idivmod                       
00009669  SYSCFG_DL_init                        
000098f9  fputs                                 
000099e5  SYSCFG_DL_SYSCTL_init                 
00009a31  SYSCFG_DL_UART_1_init                 
00009a7d  __aeabi_d2iz                          
00009a7d  __fixdfsi                             
00009b11  DL_UART_init                          
00009b59  SYSCFG_DL_UART_0_init                 
00009ba1  dmp_enable_6x_lp_quat                 
00009be9  dmp_enable_lp_quat                    
00009cc1  u8g2_Setup_ssd1306_i2c_128x64_noname_f
00009d09  u8g2_font_decode_get_signed_bits      
00009d51  DL_SYSCTL_switchMCLKfromSYSOSCtoHSCLK 
00009d95  dmp_set_shake_reject_thresh           
00009dd9  dmp_set_tap_count                     
00009e1d  u8x8_SetupDefaults                    
00009e61  __aeabi_uidiv                         
00009e61  __aeabi_uidivmod                      
00009ea1  __aeabi_f2d                           
00009ea1  __extendsfdf2                         
00009ee1  atoi                                  
00009f21  u8g2Init                              
00009f9f  u8g2_draw_hv_line_2dir                
0000a091  DL_I2C_flushControllerTXFIFO          
0000a109  SYSCFG_DL_TIMER_TICK_init             
0000a145  __aeabi_i2f                           
0000a145  __floatsisf                           
0000a181  __gesf2                               
0000a181  __gtsf2                               
0000a1bd  __TI_auto_init_nobinit_nopinit        
0000a1f9  __cmpsf2                              
0000a1f9  __eqsf2                               
0000a1f9  __lesf2                               
0000a1f9  __ltsf2                               
0000a1f9  __nesf2                               
0000a235  __muldsi3                             
0000a2a9  __aeabi_f2iz                          
0000a2a9  __fixsfsi                             
0000a351  sprintf                               
0000a389  u8g2_update_page_win_r0               
0000a3bf  u8x8_Setup                            
0000a491  SysTick_Init                          
0000a4c5  mpu_get_sample_rate                   
0000a4f9  u8g2_DrawUTF8                         
0000a52d  u8g2_SetMaxClipWindow                 
0000a561  u8g2_draw_l90_r0                      
0000a5c9  u8x8_DrawTile                         
0000a631  MSPM0_Init                            
0000a663  dmp_set_shake_reject_time             
0000a695  dmp_set_shake_reject_timeout          
0000a6c9  UART0_IRQHandler                      
0000a6f9  UART3_IRQHandler                      
0000a729  UART_Init                             
0000a789  dmp_set_tap_time                      
0000a7b9  dmp_set_tap_time_multi                
0000a819  mspm0_delay_ms                        
0000a849  u8g2_SetFont                          
0000a8a7  u8g2_ClearBuffer                      
0000a8d5  DIRECTORY_control                     
0000aa09  __aeabi_i2d                           
0000aa09  __floatsidf                           
0000aa35  fputc                                 
0000aa61  mspm0_get_clock_ms                    
0000aa8d  uart0_send_char                       
0000aab9  uart1_send_char                       
0000abad  __aeabi_ui2f                          
0000abad  __floatunsisf                         
0000abd5  u8g2_ClearDisplay                     
0000abfd  _c_int00_noargs                       
0000ac4b  DL_I2C_setClockConfig                 
0000ac97  u8g2_FirstPage                        
0000acbd  u8g2_SetBufferCurrTileRow             
0000ace3  u8g2_SetDrawColor                     
0000ad09  u8x8_gpio_call                        
0000ad31  GPIO_Init                             
0000ad55  __aeabi_lmul                          
0000ad55  __muldi3                              
0000ad79  memccpy                               
0000ad9b  u8x8_byte_SendBytes                   
0000adbd  u8x8_cad_SendData                     
0000ae41  memcmp                                
0000ae61  u8x8_SetPowerSave                     
0000ae81  u8x8_cad_SendArg                      
0000aea1  u8x8_cad_SendCmd                      
0000aee1  __aeabi_llsl                          
0000aee1  __ashldi3                             
0000b0a5  DL_Timer_setCaptCompUpdateMethod      
0000b0c1  DL_Timer_setClockConfig               
0000b0f9  dmp_load_motion_driver_firmware       
0000b12f  u8x8_d_helper_display_setup_memory    
0000b461  DL_Timer_setCaptureCompareOutCtl      
0000b5b9  u8x8_InitDisplay                      
0000b5cf  u8x8_RefreshDisplay                   
0000b5e5  u8x8_SetupMemory                      
0000b5fb  u8x8_byte_EndTransfer                 
0000b611  u8x8_byte_SendByte                    
0000b627  u8x8_byte_StartTransfer               
0000b63d  u8x8_cad_EndTransfer                  
0000b653  u8x8_cad_StartTransfer                
0000b669  u8x8_dummy_cb                         
0000b7d5  __aeabi_uldivmod                      
0000b7e9  dmp_register_android_orient_cb        
0000b7fd  dmp_register_tap_cb                   
0000b861  u8g2_SetFontDirection                 
0000b875  u8g2_SetFontMode                      
0000b889  u8g2_SetFontPosBaseline               
0000b89d  u8g2_m_16_8_f                         
0000b8e7  DL_UART_setClockConfig                
0000b8f9  TI_memcpy_small                       
0000b90b  __TI_decompress_none                  
0000b92d  DL_Timer_setCaptureCompareValue       
0000b93d  SysTick_Handler                       
0000b94d  u8g2_update_dimension_r0              
0000b95d  u8x8_utf8_init                        
0000b96d  wcslen                                
0000b97d  __TI_zero_init                        
0000b98d  __aeabi_memset                        
0000b98d  __aeabi_memset4                       
0000b98d  __aeabi_memset8                       
0000b9b7  TI_memset_small                       
0000b9c5  __aeabi_memclr                        
0000b9c5  __aeabi_memclr4                       
0000b9c5  __aeabi_memclr8                       
0000b9d1  car_stop                              
0000b9dd  DL_Common_delayCycles                 
0000ba69  u8g2_font_calc_vref_font              
0000ba7d  __aeabi_errno_addr                    
0000ba85  __aeabi_memcpy                        
0000ba85  __aeabi_memcpy4                       
0000ba85  __aeabi_memcpy8                       
0000babb  abort                                 
0000bac0  C$$EXIT                               
0000bac1  HOSTexit                              
0000bac9  Reset_Handler                         
0000badd  _system_pre_init                      
0000c6d6  u8g2_font_unifont_st16                
0000cd80  __aeabi_ctype_table_                  
0000cd80  __aeabi_ctype_table_C                 
0000cf28  test                                  
0000cf50  reg                                   
0000d0bc  hw                                    
0000d0c8  u8g2_cb_r0                            
0000d364  __TI_Handler_Table_Base               
0000d370  __TI_Handler_Table_Limit              
0000d378  __TI_CINIT_Base                       
0000d388  __TI_CINIT_Limit                      
0000d388  __TI_CINIT_Warm                       
20200000  __start___llvm_prf_bits               
20200000  __start___llvm_prf_cnts               
20200000  __stop___llvm_prf_bits                
20200000  __stop___llvm_prf_cnts                
20200400  gPWMBBackup                           
202004a0  gPWMDBackup                           
20200540  gUART_1Backup                         
202005b0  id                                    
202005c0  quat                                  
202005d6  accel                                 
202005dc  gyro                                  
202005e2  sensors                               
20200604  D                                     
20200608  I                                     
2020060c  P                                     
20200610  car_begin_yaw                         
20200614  car_straight_yaw                      
20200618  out                                   
2020061c  out1                                  
20200620  out2                                  
20200624  pitch                                 
20200628  roll                                  
2020062c  sensor_timestamp                      
20200630  start_time                            
20200634  tick_ms                               
20200638  yaw                                   
2020063c  IRbuf                                 
2020063d  more                                  
20200640  _ftable                               
2020087f  angle_correction_flag                 
20200888  directory                             
20200890  directory_num                         
2020089c  MAX                                   
202008a0  MAX_CORRECTION                        
202008a4  MIN                                   
202008a8  Velcity_Ki                            
202008ac  Velcity_Kp                            
202008b0  __aeabi_errno                         
202008b4  _lock                                 
202008b8  _unlock                               
202008c0  angle_diff                            
202008c4  car_speed                             
202008c8  correction_factor1                    
202008cc  correction_factor2                    
202008d0  correction_factor3                    
202008d4  correction_factor4                    
202008d8  directory_flag                        
202008e0  gyro_l_num                            
202008e4  gyro_r_num                            
202008ec  l_num                                 
202008f8  nextway                               
202008fc  now_speed                             
20200904  quanshu                               
20200908  r_num                                 
20200910  xspeed                                
20200915  mode_flag                             
20200917  stop_flag                             
2020091a  uart_data                             
20207e00  __stack                               
20208000  __STACK_END                           
ffffffff  __TI_pprof_out_hndl                   
ffffffff  __TI_prof_data_size                   
ffffffff  __TI_prof_data_start                  
ffffffff  __binit__                             
ffffffff  binit                                 
UNDEFED   __mpu_init                            
UNDEFED   _system_post_cinit                    

[399 symbols]
