<?xml version="1.0" encoding="ISO-8859-1" ?>
<link_info>
   <banner>TI ARM Clang Linker PC v4.0.3.LTS</banner>
   <copyright>Copyright (c) 1996-2018 Texas Instruments Incorporated</copyright>
   <command_line>C:\ti\ccs2020\ccs\tools\compiler\ti-cgt-armllvm_4.0.3.LTS\bin\tiarmlnk -IC:\ti\ccs2020\ccs\tools\compiler\ti-cgt-armllvm_4.0.3.LTS\lib -o car2025_11_16.out -mcar2025_11_16.map -iC:/ti/mspm0_sdk_2_04_00_06/source -iC:/Users/renyu/workspace_ccstheia/car2025_11_16 -iC:/Users/renyu/workspace_ccstheia/car2025_11_16/Debug/syscfg -iC:/ti/ccs2020/ccs/tools/compiler/ti-cgt-armllvm_4.0.3.LTS/lib --diag_wrap=off --display_error_number --warn_sections --xml_link_info=car2025_11_16_linkInfo.xml --rom_model ./ti_msp_dl_config.o ./startup_mspm0g350x_ticlang.o ./main.o ./MPU6050/inv_mpu.o ./MPU6050/inv_mpu_dmp_motion_driver.o ./MPU6050/mpu6050.o ./MPU6050/mspm0_i2c.o ./MSPM0/clock.o ./MSPM0/electrical_machinery.o ./MSPM0/interrupt.o ./MSPM0/mspm0_xj_i2c.o ./OLED/csrc/chinesetxt.o ./OLED/csrc/mui.o ./OLED/csrc/mui_u8g2.o ./OLED/csrc/u8g2_arc.o ./OLED/csrc/u8g2_bitmap.o ./OLED/csrc/u8g2_box.o ./OLED/csrc/u8g2_buffer.o ./OLED/csrc/u8g2_button.o ./OLED/csrc/u8g2_circle.o ./OLED/csrc/u8g2_cleardisplay.o ./OLED/csrc/u8g2_d_memory.o ./OLED/csrc/u8g2_d_setup.o ./OLED/csrc/u8g2_font.o ./OLED/csrc/u8g2_fonts.o ./OLED/csrc/u8g2_hvline.o ./OLED/csrc/u8g2_input_value.o ./OLED/csrc/u8g2_intersection.o ./OLED/csrc/u8g2_kerning.o ./OLED/csrc/u8g2_line.o ./OLED/csrc/u8g2_ll_hvline.o ./OLED/csrc/u8g2_message.o ./OLED/csrc/u8g2_polygon.o ./OLED/csrc/u8g2_selection_list.o ./OLED/csrc/u8g2_setup.o ./OLED/csrc/u8log.o ./OLED/csrc/u8log_u8g2.o ./OLED/csrc/u8log_u8x8.o ./OLED/csrc/u8x8_8x8.o ./OLED/csrc/u8x8_byte.o ./OLED/csrc/u8x8_cad.o ./OLED/csrc/u8x8_capture.o ./OLED/csrc/u8x8_d_ssd1306_128x64_noname.o ./OLED/csrc/u8x8_debounce.o ./OLED/csrc/u8x8_display.o ./OLED/csrc/u8x8_fonts.o ./OLED/csrc/u8x8_gpio.o ./OLED/csrc/u8x8_input_value.o ./OLED/csrc/u8x8_message.o ./OLED/csrc/u8x8_selection_list.o ./OLED/csrc/u8x8_setup.o ./OLED/csrc/u8x8_string.o ./OLED/csrc/u8x8_u16toa.o ./OLED/csrc/u8x8_u8toa.o ./OLED/draw.o ./OLED/oled.o ./Tracking/line_follower.o ./UART/uart.o -l./device_linker.cmd -ldevice.cmd.genlibs -llibc.a --start-group -llibc++.a -llibc++abi.a -llibc.a -llibsys.a -llibsysbm.a -llibclang_rt.builtins.a -llibclang_rt.profile.a --end-group --cg_opt_level=0</command_line>
   <link_time>0x691c7d71</link_time>
   <link_errors>0x0</link_errors>
   <output_file>C:\Users\renyu\workspace_ccstheia\car2025_11_16\Debug\car2025_11_16.out</output_file>
   <entry_point>
      <name>_c_int00_noargs</name>
      <address>0x88b9</address>
   </entry_point>
   <input_file_list>
      <input_file id="fl-1">
         <path>C:\Users\renyu\workspace_ccstheia\car2025_11_16\Debug\.\</path>
         <kind>object</kind>
         <file>ti_msp_dl_config.o</file>
         <name>ti_msp_dl_config.o</name>
      </input_file>
      <input_file id="fl-2">
         <path>C:\Users\renyu\workspace_ccstheia\car2025_11_16\Debug\.\</path>
         <kind>object</kind>
         <file>startup_mspm0g350x_ticlang.o</file>
         <name>startup_mspm0g350x_ticlang.o</name>
      </input_file>
      <input_file id="fl-3">
         <path>C:\Users\renyu\workspace_ccstheia\car2025_11_16\Debug\.\</path>
         <kind>object</kind>
         <file>main.o</file>
         <name>main.o</name>
      </input_file>
      <input_file id="fl-4">
         <path>C:\Users\renyu\workspace_ccstheia\car2025_11_16\Debug\.\MPU6050\</path>
         <kind>object</kind>
         <file>inv_mpu.o</file>
         <name>inv_mpu.o</name>
      </input_file>
      <input_file id="fl-5">
         <path>C:\Users\renyu\workspace_ccstheia\car2025_11_16\Debug\.\MPU6050\</path>
         <kind>object</kind>
         <file>inv_mpu_dmp_motion_driver.o</file>
         <name>inv_mpu_dmp_motion_driver.o</name>
      </input_file>
      <input_file id="fl-6">
         <path>C:\Users\renyu\workspace_ccstheia\car2025_11_16\Debug\.\MPU6050\</path>
         <kind>object</kind>
         <file>mpu6050.o</file>
         <name>mpu6050.o</name>
      </input_file>
      <input_file id="fl-7">
         <path>C:\Users\renyu\workspace_ccstheia\car2025_11_16\Debug\.\MPU6050\</path>
         <kind>object</kind>
         <file>mspm0_i2c.o</file>
         <name>mspm0_i2c.o</name>
      </input_file>
      <input_file id="fl-8">
         <path>C:\Users\renyu\workspace_ccstheia\car2025_11_16\Debug\.\MSPM0\</path>
         <kind>object</kind>
         <file>clock.o</file>
         <name>clock.o</name>
      </input_file>
      <input_file id="fl-9">
         <path>C:\Users\renyu\workspace_ccstheia\car2025_11_16\Debug\.\MSPM0\</path>
         <kind>object</kind>
         <file>electrical_machinery.o</file>
         <name>electrical_machinery.o</name>
      </input_file>
      <input_file id="fl-a">
         <path>C:\Users\renyu\workspace_ccstheia\car2025_11_16\Debug\.\MSPM0\</path>
         <kind>object</kind>
         <file>interrupt.o</file>
         <name>interrupt.o</name>
      </input_file>
      <input_file id="fl-b">
         <path>C:\Users\renyu\workspace_ccstheia\car2025_11_16\Debug\.\MSPM0\</path>
         <kind>object</kind>
         <file>mspm0_xj_i2c.o</file>
         <name>mspm0_xj_i2c.o</name>
      </input_file>
      <input_file id="fl-c">
         <path>C:\Users\renyu\workspace_ccstheia\car2025_11_16\Debug\.\OLED\csrc\</path>
         <kind>object</kind>
         <file>chinesetxt.o</file>
         <name>chinesetxt.o</name>
      </input_file>
      <input_file id="fl-d">
         <path>C:\Users\renyu\workspace_ccstheia\car2025_11_16\Debug\.\OLED\csrc\</path>
         <kind>object</kind>
         <file>mui.o</file>
         <name>mui.o</name>
      </input_file>
      <input_file id="fl-e">
         <path>C:\Users\renyu\workspace_ccstheia\car2025_11_16\Debug\.\OLED\csrc\</path>
         <kind>object</kind>
         <file>mui_u8g2.o</file>
         <name>mui_u8g2.o</name>
      </input_file>
      <input_file id="fl-f">
         <path>C:\Users\renyu\workspace_ccstheia\car2025_11_16\Debug\.\OLED\csrc\</path>
         <kind>object</kind>
         <file>u8g2_arc.o</file>
         <name>u8g2_arc.o</name>
      </input_file>
      <input_file id="fl-10">
         <path>C:\Users\renyu\workspace_ccstheia\car2025_11_16\Debug\.\OLED\csrc\</path>
         <kind>object</kind>
         <file>u8g2_bitmap.o</file>
         <name>u8g2_bitmap.o</name>
      </input_file>
      <input_file id="fl-11">
         <path>C:\Users\renyu\workspace_ccstheia\car2025_11_16\Debug\.\OLED\csrc\</path>
         <kind>object</kind>
         <file>u8g2_box.o</file>
         <name>u8g2_box.o</name>
      </input_file>
      <input_file id="fl-12">
         <path>C:\Users\renyu\workspace_ccstheia\car2025_11_16\Debug\.\OLED\csrc\</path>
         <kind>object</kind>
         <file>u8g2_buffer.o</file>
         <name>u8g2_buffer.o</name>
      </input_file>
      <input_file id="fl-13">
         <path>C:\Users\renyu\workspace_ccstheia\car2025_11_16\Debug\.\OLED\csrc\</path>
         <kind>object</kind>
         <file>u8g2_button.o</file>
         <name>u8g2_button.o</name>
      </input_file>
      <input_file id="fl-14">
         <path>C:\Users\renyu\workspace_ccstheia\car2025_11_16\Debug\.\OLED\csrc\</path>
         <kind>object</kind>
         <file>u8g2_circle.o</file>
         <name>u8g2_circle.o</name>
      </input_file>
      <input_file id="fl-15">
         <path>C:\Users\renyu\workspace_ccstheia\car2025_11_16\Debug\.\OLED\csrc\</path>
         <kind>object</kind>
         <file>u8g2_cleardisplay.o</file>
         <name>u8g2_cleardisplay.o</name>
      </input_file>
      <input_file id="fl-16">
         <path>C:\Users\renyu\workspace_ccstheia\car2025_11_16\Debug\.\OLED\csrc\</path>
         <kind>object</kind>
         <file>u8g2_d_memory.o</file>
         <name>u8g2_d_memory.o</name>
      </input_file>
      <input_file id="fl-17">
         <path>C:\Users\renyu\workspace_ccstheia\car2025_11_16\Debug\.\OLED\csrc\</path>
         <kind>object</kind>
         <file>u8g2_d_setup.o</file>
         <name>u8g2_d_setup.o</name>
      </input_file>
      <input_file id="fl-18">
         <path>C:\Users\renyu\workspace_ccstheia\car2025_11_16\Debug\.\OLED\csrc\</path>
         <kind>object</kind>
         <file>u8g2_font.o</file>
         <name>u8g2_font.o</name>
      </input_file>
      <input_file id="fl-19">
         <path>C:\Users\renyu\workspace_ccstheia\car2025_11_16\Debug\.\OLED\csrc\</path>
         <kind>object</kind>
         <file>u8g2_fonts.o</file>
         <name>u8g2_fonts.o</name>
      </input_file>
      <input_file id="fl-1a">
         <path>C:\Users\renyu\workspace_ccstheia\car2025_11_16\Debug\.\OLED\csrc\</path>
         <kind>object</kind>
         <file>u8g2_hvline.o</file>
         <name>u8g2_hvline.o</name>
      </input_file>
      <input_file id="fl-1b">
         <path>C:\Users\renyu\workspace_ccstheia\car2025_11_16\Debug\.\OLED\csrc\</path>
         <kind>object</kind>
         <file>u8g2_input_value.o</file>
         <name>u8g2_input_value.o</name>
      </input_file>
      <input_file id="fl-1c">
         <path>C:\Users\renyu\workspace_ccstheia\car2025_11_16\Debug\.\OLED\csrc\</path>
         <kind>object</kind>
         <file>u8g2_intersection.o</file>
         <name>u8g2_intersection.o</name>
      </input_file>
      <input_file id="fl-1d">
         <path>C:\Users\renyu\workspace_ccstheia\car2025_11_16\Debug\.\OLED\csrc\</path>
         <kind>object</kind>
         <file>u8g2_kerning.o</file>
         <name>u8g2_kerning.o</name>
      </input_file>
      <input_file id="fl-1e">
         <path>C:\Users\renyu\workspace_ccstheia\car2025_11_16\Debug\.\OLED\csrc\</path>
         <kind>object</kind>
         <file>u8g2_line.o</file>
         <name>u8g2_line.o</name>
      </input_file>
      <input_file id="fl-1f">
         <path>C:\Users\renyu\workspace_ccstheia\car2025_11_16\Debug\.\OLED\csrc\</path>
         <kind>object</kind>
         <file>u8g2_ll_hvline.o</file>
         <name>u8g2_ll_hvline.o</name>
      </input_file>
      <input_file id="fl-20">
         <path>C:\Users\renyu\workspace_ccstheia\car2025_11_16\Debug\.\OLED\csrc\</path>
         <kind>object</kind>
         <file>u8g2_message.o</file>
         <name>u8g2_message.o</name>
      </input_file>
      <input_file id="fl-21">
         <path>C:\Users\renyu\workspace_ccstheia\car2025_11_16\Debug\.\OLED\csrc\</path>
         <kind>object</kind>
         <file>u8g2_polygon.o</file>
         <name>u8g2_polygon.o</name>
      </input_file>
      <input_file id="fl-22">
         <path>C:\Users\renyu\workspace_ccstheia\car2025_11_16\Debug\.\OLED\csrc\</path>
         <kind>object</kind>
         <file>u8g2_selection_list.o</file>
         <name>u8g2_selection_list.o</name>
      </input_file>
      <input_file id="fl-23">
         <path>C:\Users\renyu\workspace_ccstheia\car2025_11_16\Debug\.\OLED\csrc\</path>
         <kind>object</kind>
         <file>u8g2_setup.o</file>
         <name>u8g2_setup.o</name>
      </input_file>
      <input_file id="fl-24">
         <path>C:\Users\renyu\workspace_ccstheia\car2025_11_16\Debug\.\OLED\csrc\</path>
         <kind>object</kind>
         <file>u8log.o</file>
         <name>u8log.o</name>
      </input_file>
      <input_file id="fl-25">
         <path>C:\Users\renyu\workspace_ccstheia\car2025_11_16\Debug\.\OLED\csrc\</path>
         <kind>object</kind>
         <file>u8log_u8g2.o</file>
         <name>u8log_u8g2.o</name>
      </input_file>
      <input_file id="fl-26">
         <path>C:\Users\renyu\workspace_ccstheia\car2025_11_16\Debug\.\OLED\csrc\</path>
         <kind>object</kind>
         <file>u8log_u8x8.o</file>
         <name>u8log_u8x8.o</name>
      </input_file>
      <input_file id="fl-27">
         <path>C:\Users\renyu\workspace_ccstheia\car2025_11_16\Debug\.\OLED\csrc\</path>
         <kind>object</kind>
         <file>u8x8_8x8.o</file>
         <name>u8x8_8x8.o</name>
      </input_file>
      <input_file id="fl-28">
         <path>C:\Users\renyu\workspace_ccstheia\car2025_11_16\Debug\.\OLED\csrc\</path>
         <kind>object</kind>
         <file>u8x8_byte.o</file>
         <name>u8x8_byte.o</name>
      </input_file>
      <input_file id="fl-29">
         <path>C:\Users\renyu\workspace_ccstheia\car2025_11_16\Debug\.\OLED\csrc\</path>
         <kind>object</kind>
         <file>u8x8_cad.o</file>
         <name>u8x8_cad.o</name>
      </input_file>
      <input_file id="fl-2a">
         <path>C:\Users\renyu\workspace_ccstheia\car2025_11_16\Debug\.\OLED\csrc\</path>
         <kind>object</kind>
         <file>u8x8_capture.o</file>
         <name>u8x8_capture.o</name>
      </input_file>
      <input_file id="fl-2b">
         <path>C:\Users\renyu\workspace_ccstheia\car2025_11_16\Debug\.\OLED\csrc\</path>
         <kind>object</kind>
         <file>u8x8_d_ssd1306_128x64_noname.o</file>
         <name>u8x8_d_ssd1306_128x64_noname.o</name>
      </input_file>
      <input_file id="fl-2c">
         <path>C:\Users\renyu\workspace_ccstheia\car2025_11_16\Debug\.\OLED\csrc\</path>
         <kind>object</kind>
         <file>u8x8_debounce.o</file>
         <name>u8x8_debounce.o</name>
      </input_file>
      <input_file id="fl-2d">
         <path>C:\Users\renyu\workspace_ccstheia\car2025_11_16\Debug\.\OLED\csrc\</path>
         <kind>object</kind>
         <file>u8x8_display.o</file>
         <name>u8x8_display.o</name>
      </input_file>
      <input_file id="fl-2e">
         <path>C:\Users\renyu\workspace_ccstheia\car2025_11_16\Debug\.\OLED\csrc\</path>
         <kind>object</kind>
         <file>u8x8_fonts.o</file>
         <name>u8x8_fonts.o</name>
      </input_file>
      <input_file id="fl-2f">
         <path>C:\Users\renyu\workspace_ccstheia\car2025_11_16\Debug\.\OLED\csrc\</path>
         <kind>object</kind>
         <file>u8x8_gpio.o</file>
         <name>u8x8_gpio.o</name>
      </input_file>
      <input_file id="fl-30">
         <path>C:\Users\renyu\workspace_ccstheia\car2025_11_16\Debug\.\OLED\csrc\</path>
         <kind>object</kind>
         <file>u8x8_input_value.o</file>
         <name>u8x8_input_value.o</name>
      </input_file>
      <input_file id="fl-31">
         <path>C:\Users\renyu\workspace_ccstheia\car2025_11_16\Debug\.\OLED\csrc\</path>
         <kind>object</kind>
         <file>u8x8_message.o</file>
         <name>u8x8_message.o</name>
      </input_file>
      <input_file id="fl-32">
         <path>C:\Users\renyu\workspace_ccstheia\car2025_11_16\Debug\.\OLED\csrc\</path>
         <kind>object</kind>
         <file>u8x8_selection_list.o</file>
         <name>u8x8_selection_list.o</name>
      </input_file>
      <input_file id="fl-33">
         <path>C:\Users\renyu\workspace_ccstheia\car2025_11_16\Debug\.\OLED\csrc\</path>
         <kind>object</kind>
         <file>u8x8_setup.o</file>
         <name>u8x8_setup.o</name>
      </input_file>
      <input_file id="fl-34">
         <path>C:\Users\renyu\workspace_ccstheia\car2025_11_16\Debug\.\OLED\csrc\</path>
         <kind>object</kind>
         <file>u8x8_string.o</file>
         <name>u8x8_string.o</name>
      </input_file>
      <input_file id="fl-35">
         <path>C:\Users\renyu\workspace_ccstheia\car2025_11_16\Debug\.\OLED\csrc\</path>
         <kind>object</kind>
         <file>u8x8_u16toa.o</file>
         <name>u8x8_u16toa.o</name>
      </input_file>
      <input_file id="fl-36">
         <path>C:\Users\renyu\workspace_ccstheia\car2025_11_16\Debug\.\OLED\csrc\</path>
         <kind>object</kind>
         <file>u8x8_u8toa.o</file>
         <name>u8x8_u8toa.o</name>
      </input_file>
      <input_file id="fl-37">
         <path>C:\Users\renyu\workspace_ccstheia\car2025_11_16\Debug\.\OLED\</path>
         <kind>object</kind>
         <file>draw.o</file>
         <name>draw.o</name>
      </input_file>
      <input_file id="fl-38">
         <path>C:\Users\renyu\workspace_ccstheia\car2025_11_16\Debug\.\OLED\</path>
         <kind>object</kind>
         <file>oled.o</file>
         <name>oled.o</name>
      </input_file>
      <input_file id="fl-39">
         <path>C:\Users\renyu\workspace_ccstheia\car2025_11_16\Debug\.\Tracking\</path>
         <kind>object</kind>
         <file>line_follower.o</file>
         <name>line_follower.o</name>
      </input_file>
      <input_file id="fl-3a">
         <path>C:\Users\renyu\workspace_ccstheia\car2025_11_16\Debug\.\UART\</path>
         <kind>object</kind>
         <file>uart.o</file>
         <name>uart.o</name>
      </input_file>
      <input_file id="fl-47">
         <path>C:\Users\renyu\workspace_ccstheia\car2025_11_16\Debug\</path>
         <kind>object</kind>
         <file>&lt;internal&gt;</file>
         <name>&lt;internal&gt;</name>
      </input_file>
      <input_file id="fl-48">
         <path>C:\ti\mspm0_sdk_2_04_00_06\source\ti\driverlib\lib\ticlang\m0p\mspm0g1x0x_g3x0x\</path>
         <kind>archive</kind>
         <file>driverlib.a</file>
         <name>dl_common.o</name>
      </input_file>
      <input_file id="fl-49">
         <path>C:\ti\mspm0_sdk_2_04_00_06\source\ti\driverlib\lib\ticlang\m0p\mspm0g1x0x_g3x0x\</path>
         <kind>archive</kind>
         <file>driverlib.a</file>
         <name>dl_i2c.o</name>
      </input_file>
      <input_file id="fl-4a">
         <path>C:\ti\mspm0_sdk_2_04_00_06\source\ti\driverlib\lib\ticlang\m0p\mspm0g1x0x_g3x0x\</path>
         <kind>archive</kind>
         <file>driverlib.a</file>
         <name>dl_timer.o</name>
      </input_file>
      <input_file id="fl-4b">
         <path>C:\ti\mspm0_sdk_2_04_00_06\source\ti\driverlib\lib\ticlang\m0p\mspm0g1x0x_g3x0x\</path>
         <kind>archive</kind>
         <file>driverlib.a</file>
         <name>dl_uart.o</name>
      </input_file>
      <input_file id="fl-4c">
         <path>C:\ti\mspm0_sdk_2_04_00_06\source\ti\driverlib\lib\ticlang\m0p\mspm0g1x0x_g3x0x\</path>
         <kind>archive</kind>
         <file>driverlib.a</file>
         <name>dl_sysctl_mspm0g1x0x_g3x0x.o</name>
      </input_file>
      <input_file id="fl-63">
         <path>C:\ti\ccs2020\ccs\tools\compiler\ti-cgt-armllvm_4.0.3.LTS\lib\armv6m-ti-none-eabi\c\</path>
         <kind>archive</kind>
         <file>libc.a</file>
         <name>printf.c.obj</name>
      </input_file>
      <input_file id="fl-64">
         <path>C:\ti\ccs2020\ccs\tools\compiler\ti-cgt-armllvm_4.0.3.LTS\lib\armv6m-ti-none-eabi\c\</path>
         <kind>archive</kind>
         <file>libc.a</file>
         <name>_printfi.c.obj</name>
      </input_file>
      <input_file id="fl-65">
         <path>C:\ti\ccs2020\ccs\tools\compiler\ti-cgt-armllvm_4.0.3.LTS\lib\armv6m-ti-none-eabi\c\</path>
         <kind>archive</kind>
         <file>libc.a</file>
         <name>sprintf.c.obj</name>
      </input_file>
      <input_file id="fl-66">
         <path>C:\ti\ccs2020\ccs\tools\compiler\ti-cgt-armllvm_4.0.3.LTS\lib\armv6m-ti-none-eabi\c\</path>
         <kind>archive</kind>
         <file>libc.a</file>
         <name>e_asin.c.obj</name>
      </input_file>
      <input_file id="fl-67">
         <path>C:\ti\ccs2020\ccs\tools\compiler\ti-cgt-armllvm_4.0.3.LTS\lib\armv6m-ti-none-eabi\c\</path>
         <kind>archive</kind>
         <file>libc.a</file>
         <name>e_atan2.c.obj</name>
      </input_file>
      <input_file id="fl-68">
         <path>C:\ti\ccs2020\ccs\tools\compiler\ti-cgt-armllvm_4.0.3.LTS\lib\armv6m-ti-none-eabi\c\</path>
         <kind>archive</kind>
         <file>libc.a</file>
         <name>e_sqrt.c.obj</name>
      </input_file>
      <input_file id="fl-69">
         <path>C:\ti\ccs2020\ccs\tools\compiler\ti-cgt-armllvm_4.0.3.LTS\lib\armv6m-ti-none-eabi\c\</path>
         <kind>archive</kind>
         <file>libc.a</file>
         <name>s_atan.c.obj</name>
      </input_file>
      <input_file id="fl-6a">
         <path>C:\ti\ccs2020\ccs\tools\compiler\ti-cgt-armllvm_4.0.3.LTS\lib\armv6m-ti-none-eabi\c\</path>
         <kind>archive</kind>
         <file>libc.a</file>
         <name>s_frexp.c.obj</name>
      </input_file>
      <input_file id="fl-6b">
         <path>C:\ti\ccs2020\ccs\tools\compiler\ti-cgt-armllvm_4.0.3.LTS\lib\armv6m-ti-none-eabi\c\</path>
         <kind>archive</kind>
         <file>libc.a</file>
         <name>s_scalbn.c.obj</name>
      </input_file>
      <input_file id="fl-6c">
         <path>C:\ti\ccs2020\ccs\tools\compiler\ti-cgt-armllvm_4.0.3.LTS\lib\armv6m-ti-none-eabi\c\</path>
         <kind>archive</kind>
         <file>libc.a</file>
         <name>wcslen.c.obj</name>
      </input_file>
      <input_file id="fl-6d">
         <path>C:\ti\ccs2020\ccs\tools\compiler\ti-cgt-armllvm_4.0.3.LTS\lib\armv6m-ti-none-eabi\c\</path>
         <kind>archive</kind>
         <file>libc.a</file>
         <name>aeabi_portable.c.obj</name>
      </input_file>
      <input_file id="fl-6e">
         <path>C:\ti\ccs2020\ccs\tools\compiler\ti-cgt-armllvm_4.0.3.LTS\lib\armv6m-ti-none-eabi\c\</path>
         <kind>archive</kind>
         <file>libc.a</file>
         <name>_lock.c.obj</name>
      </input_file>
      <input_file id="fl-6f">
         <path>C:\ti\ccs2020\ccs\tools\compiler\ti-cgt-armllvm_4.0.3.LTS\lib\armv6m-ti-none-eabi\c\</path>
         <kind>archive</kind>
         <file>libc.a</file>
         <name>_ltoa.c.obj</name>
      </input_file>
      <input_file id="fl-70">
         <path>C:\ti\ccs2020\ccs\tools\compiler\ti-cgt-armllvm_4.0.3.LTS\lib\armv6m-ti-none-eabi\c\</path>
         <kind>archive</kind>
         <file>libc.a</file>
         <name>assert.c.obj</name>
      </input_file>
      <input_file id="fl-71">
         <path>C:\ti\ccs2020\ccs\tools\compiler\ti-cgt-armllvm_4.0.3.LTS\lib\armv6m-ti-none-eabi\c\</path>
         <kind>archive</kind>
         <file>libc.a</file>
         <name>atoi.c.obj</name>
      </input_file>
      <input_file id="fl-72">
         <path>C:\ti\ccs2020\ccs\tools\compiler\ti-cgt-armllvm_4.0.3.LTS\lib\armv6m-ti-none-eabi\c\</path>
         <kind>archive</kind>
         <file>libc.a</file>
         <name>defs.c.obj</name>
      </input_file>
      <input_file id="fl-73">
         <path>C:\ti\ccs2020\ccs\tools\compiler\ti-cgt-armllvm_4.0.3.LTS\lib\armv6m-ti-none-eabi\c\</path>
         <kind>archive</kind>
         <file>libc.a</file>
         <name>memccpy.c.obj</name>
      </input_file>
      <input_file id="fl-74">
         <path>C:\ti\ccs2020\ccs\tools\compiler\ti-cgt-armllvm_4.0.3.LTS\lib\armv6m-ti-none-eabi\c\</path>
         <kind>archive</kind>
         <file>libc.a</file>
         <name>memcmp.c.obj</name>
      </input_file>
      <input_file id="fl-75">
         <path>C:\ti\ccs2020\ccs\tools\compiler\ti-cgt-armllvm_4.0.3.LTS\lib\armv6m-ti-none-eabi\c\</path>
         <kind>archive</kind>
         <file>libc.a</file>
         <name>memory.c.obj</name>
      </input_file>
      <input_file id="fl-76">
         <path>C:\ti\ccs2020\ccs\tools\compiler\ti-cgt-armllvm_4.0.3.LTS\lib\armv6m-ti-none-eabi\c\</path>
         <kind>archive</kind>
         <file>libc.a</file>
         <name>boot_cortex_m.c.obj</name>
      </input_file>
      <input_file id="fl-77">
         <path>C:\ti\ccs2020\ccs\tools\compiler\ti-cgt-armllvm_4.0.3.LTS\lib\armv6m-ti-none-eabi\c\</path>
         <kind>archive</kind>
         <file>libc.a</file>
         <name>mathacl_init.c.obj</name>
      </input_file>
      <input_file id="fl-78">
         <path>C:\ti\ccs2020\ccs\tools\compiler\ti-cgt-armllvm_4.0.3.LTS\lib\armv6m-ti-none-eabi\c\</path>
         <kind>archive</kind>
         <file>libc.a</file>
         <name>autoinit.c.obj</name>
      </input_file>
      <input_file id="fl-79">
         <path>C:\ti\ccs2020\ccs\tools\compiler\ti-cgt-armllvm_4.0.3.LTS\lib\armv6m-ti-none-eabi\c\</path>
         <kind>archive</kind>
         <file>libc.a</file>
         <name>pre_init.c.obj</name>
      </input_file>
      <input_file id="fl-7a">
         <path>C:\ti\ccs2020\ccs\tools\compiler\ti-cgt-armllvm_4.0.3.LTS\lib\armv6m-ti-none-eabi\c\</path>
         <kind>archive</kind>
         <file>libc.a</file>
         <name>cpy_tbl.c.obj</name>
      </input_file>
      <input_file id="fl-7b">
         <path>C:\ti\ccs2020\ccs\tools\compiler\ti-cgt-armllvm_4.0.3.LTS\lib\armv6m-ti-none-eabi\c\</path>
         <kind>archive</kind>
         <file>libc.a</file>
         <name>copy_zero_init.c.obj</name>
      </input_file>
      <input_file id="fl-7c">
         <path>C:\ti\ccs2020\ccs\tools\compiler\ti-cgt-armllvm_4.0.3.LTS\lib\armv6m-ti-none-eabi\c\</path>
         <kind>archive</kind>
         <file>libc.a</file>
         <name>copy_decompress_none.c.obj</name>
      </input_file>
      <input_file id="fl-7d">
         <path>C:\ti\ccs2020\ccs\tools\compiler\ti-cgt-armllvm_4.0.3.LTS\lib\armv6m-ti-none-eabi\c\</path>
         <kind>archive</kind>
         <file>libc.a</file>
         <name>copy_decompress_lzss.c.obj</name>
      </input_file>
      <input_file id="fl-7e">
         <path>C:\ti\ccs2020\ccs\tools\compiler\ti-cgt-armllvm_4.0.3.LTS\lib\armv6m-ti-none-eabi\c\</path>
         <kind>archive</kind>
         <file>libc.a</file>
         <name>fflush.c.obj</name>
      </input_file>
      <input_file id="fl-7f">
         <path>C:\ti\ccs2020\ccs\tools\compiler\ti-cgt-armllvm_4.0.3.LTS\lib\armv6m-ti-none-eabi\c\</path>
         <kind>archive</kind>
         <file>libc.a</file>
         <name>aeabi_ctype.S.obj</name>
      </input_file>
      <input_file id="fl-80">
         <path>C:\ti\ccs2020\ccs\tools\compiler\ti-cgt-armllvm_4.0.3.LTS\lib\armv6m-ti-none-eabi\c\</path>
         <kind>archive</kind>
         <file>libc.a</file>
         <name>exit.c.obj</name>
      </input_file>
      <input_file id="fl-81">
         <path>C:\ti\ccs2020\ccs\tools\compiler\ti-cgt-armllvm_4.0.3.LTS\lib\armv6m-ti-none-eabi\c\</path>
         <kind>archive</kind>
         <file>libc.a</file>
         <name>args_main.c.obj</name>
      </input_file>
      <input_file id="fl-121">
         <path>C:\ti\ccs2020\ccs\tools\compiler\ti-cgt-armllvm_4.0.3.LTS\lib\armv6m-ti-none-eabi\c\</path>
         <kind>archive</kind>
         <file>libsysbm.a</file>
         <name>hostexit.c.obj</name>
      </input_file>
      <input_file id="fl-122">
         <path>C:\ti\ccs2020\ccs\tools\compiler\ti-cgt-armllvm_4.0.3.LTS\lib\armv6m-ti-none-eabi\c\</path>
         <kind>archive</kind>
         <file>libsysbm.a</file>
         <name>write.c.obj</name>
      </input_file>
      <input_file id="fl-123">
         <path>C:\ti\ccs2020\ccs\tools\compiler\ti-cgt-armllvm_4.0.3.LTS\lib\armv6m-ti-none-eabi\c\</path>
         <kind>archive</kind>
         <file>libsysbm.a</file>
         <name>host_device.c.obj</name>
      </input_file>
      <input_file id="fl-124">
         <path>C:\ti\ccs2020\ccs\tools\compiler\ti-cgt-armllvm_4.0.3.LTS\lib\armv6m-ti-none-eabi\c\</path>
         <kind>archive</kind>
         <file>libsysbm.a</file>
         <name>hostclose.c.obj</name>
      </input_file>
      <input_file id="fl-125">
         <path>C:\ti\ccs2020\ccs\tools\compiler\ti-cgt-armllvm_4.0.3.LTS\lib\armv6m-ti-none-eabi\c\</path>
         <kind>archive</kind>
         <file>libsysbm.a</file>
         <name>hostlseek.c.obj</name>
      </input_file>
      <input_file id="fl-126">
         <path>C:\ti\ccs2020\ccs\tools\compiler\ti-cgt-armllvm_4.0.3.LTS\lib\armv6m-ti-none-eabi\c\</path>
         <kind>archive</kind>
         <file>libsysbm.a</file>
         <name>hostopen.c.obj</name>
      </input_file>
      <input_file id="fl-127">
         <path>C:\ti\ccs2020\ccs\tools\compiler\ti-cgt-armllvm_4.0.3.LTS\lib\armv6m-ti-none-eabi\c\</path>
         <kind>archive</kind>
         <file>libsysbm.a</file>
         <name>hostread.c.obj</name>
      </input_file>
      <input_file id="fl-128">
         <path>C:\ti\ccs2020\ccs\tools\compiler\ti-cgt-armllvm_4.0.3.LTS\lib\armv6m-ti-none-eabi\c\</path>
         <kind>archive</kind>
         <file>libsysbm.a</file>
         <name>hostrename.c.obj</name>
      </input_file>
      <input_file id="fl-129">
         <path>C:\ti\ccs2020\ccs\tools\compiler\ti-cgt-armllvm_4.0.3.LTS\lib\armv6m-ti-none-eabi\c\</path>
         <kind>archive</kind>
         <file>libsysbm.a</file>
         <name>hostunlink.c.obj</name>
      </input_file>
      <input_file id="fl-12a">
         <path>C:\ti\ccs2020\ccs\tools\compiler\ti-cgt-armllvm_4.0.3.LTS\lib\armv6m-ti-none-eabi\c\</path>
         <kind>archive</kind>
         <file>libsysbm.a</file>
         <name>hostwrite.c.obj</name>
      </input_file>
      <input_file id="fl-12b">
         <path>C:\ti\ccs2020\ccs\tools\compiler\ti-cgt-armllvm_4.0.3.LTS\lib\armv6m-ti-none-eabi\c\</path>
         <kind>archive</kind>
         <file>libsysbm.a</file>
         <name>trgmsg.c.obj</name>
      </input_file>
      <input_file id="fl-12c">
         <path>C:\ti\ccs2020\ccs\tools\compiler\ti-cgt-armllvm_4.0.3.LTS\lib\armv6m-ti-none-eabi\</path>
         <kind>archive</kind>
         <file>libclang_rt.builtins.a</file>
         <name>addsf3.S.obj</name>
      </input_file>
      <input_file id="fl-12d">
         <path>C:\ti\ccs2020\ccs\tools\compiler\ti-cgt-armllvm_4.0.3.LTS\lib\armv6m-ti-none-eabi\</path>
         <kind>archive</kind>
         <file>libclang_rt.builtins.a</file>
         <name>adddf3.S.obj</name>
      </input_file>
      <input_file id="fl-12e">
         <path>C:\ti\ccs2020\ccs\tools\compiler\ti-cgt-armllvm_4.0.3.LTS\lib\armv6m-ti-none-eabi\</path>
         <kind>archive</kind>
         <file>libclang_rt.builtins.a</file>
         <name>muldf3.S.obj</name>
      </input_file>
      <input_file id="fl-12f">
         <path>C:\ti\ccs2020\ccs\tools\compiler\ti-cgt-armllvm_4.0.3.LTS\lib\armv6m-ti-none-eabi\</path>
         <kind>archive</kind>
         <file>libclang_rt.builtins.a</file>
         <name>muldsi3.S.obj</name>
      </input_file>
      <input_file id="fl-130">
         <path>C:\ti\ccs2020\ccs\tools\compiler\ti-cgt-armllvm_4.0.3.LTS\lib\armv6m-ti-none-eabi\</path>
         <kind>archive</kind>
         <file>libclang_rt.builtins.a</file>
         <name>mulsf3.S.obj</name>
      </input_file>
      <input_file id="fl-131">
         <path>C:\ti\ccs2020\ccs\tools\compiler\ti-cgt-armllvm_4.0.3.LTS\lib\armv6m-ti-none-eabi\</path>
         <kind>archive</kind>
         <file>libclang_rt.builtins.a</file>
         <name>divsf3.S.obj</name>
      </input_file>
      <input_file id="fl-132">
         <path>C:\ti\ccs2020\ccs\tools\compiler\ti-cgt-armllvm_4.0.3.LTS\lib\armv6m-ti-none-eabi\</path>
         <kind>archive</kind>
         <file>libclang_rt.builtins.a</file>
         <name>divdf3.S.obj</name>
      </input_file>
      <input_file id="fl-133">
         <path>C:\ti\ccs2020\ccs\tools\compiler\ti-cgt-armllvm_4.0.3.LTS\lib\armv6m-ti-none-eabi\</path>
         <kind>archive</kind>
         <file>libclang_rt.builtins.a</file>
         <name>extendsfdf2.S.obj</name>
      </input_file>
      <input_file id="fl-134">
         <path>C:\ti\ccs2020\ccs\tools\compiler\ti-cgt-armllvm_4.0.3.LTS\lib\armv6m-ti-none-eabi\</path>
         <kind>archive</kind>
         <file>libclang_rt.builtins.a</file>
         <name>fixdfsi.S.obj</name>
      </input_file>
      <input_file id="fl-135">
         <path>C:\ti\ccs2020\ccs\tools\compiler\ti-cgt-armllvm_4.0.3.LTS\lib\armv6m-ti-none-eabi\</path>
         <kind>archive</kind>
         <file>libclang_rt.builtins.a</file>
         <name>fixsfsi.S.obj</name>
      </input_file>
      <input_file id="fl-136">
         <path>C:\ti\ccs2020\ccs\tools\compiler\ti-cgt-armllvm_4.0.3.LTS\lib\armv6m-ti-none-eabi\</path>
         <kind>archive</kind>
         <file>libclang_rt.builtins.a</file>
         <name>floatsidf.S.obj</name>
      </input_file>
      <input_file id="fl-137">
         <path>C:\ti\ccs2020\ccs\tools\compiler\ti-cgt-armllvm_4.0.3.LTS\lib\armv6m-ti-none-eabi\</path>
         <kind>archive</kind>
         <file>libclang_rt.builtins.a</file>
         <name>floatsisf.S.obj</name>
      </input_file>
      <input_file id="fl-138">
         <path>C:\ti\ccs2020\ccs\tools\compiler\ti-cgt-armllvm_4.0.3.LTS\lib\armv6m-ti-none-eabi\</path>
         <kind>archive</kind>
         <file>libclang_rt.builtins.a</file>
         <name>floatunsisf.S.obj</name>
      </input_file>
      <input_file id="fl-139">
         <path>C:\ti\ccs2020\ccs\tools\compiler\ti-cgt-armllvm_4.0.3.LTS\lib\armv6m-ti-none-eabi\</path>
         <kind>archive</kind>
         <file>libclang_rt.builtins.a</file>
         <name>muldi3.S.obj</name>
      </input_file>
      <input_file id="fl-13a">
         <path>C:\ti\ccs2020\ccs\tools\compiler\ti-cgt-armllvm_4.0.3.LTS\lib\armv6m-ti-none-eabi\</path>
         <kind>archive</kind>
         <file>libclang_rt.builtins.a</file>
         <name>truncdfsf2.S.obj</name>
      </input_file>
      <input_file id="fl-13b">
         <path>C:\ti\ccs2020\ccs\tools\compiler\ti-cgt-armllvm_4.0.3.LTS\lib\armv6m-ti-none-eabi\</path>
         <kind>archive</kind>
         <file>libclang_rt.builtins.a</file>
         <name>aeabi_dcmp.S.obj</name>
      </input_file>
      <input_file id="fl-13c">
         <path>C:\ti\ccs2020\ccs\tools\compiler\ti-cgt-armllvm_4.0.3.LTS\lib\armv6m-ti-none-eabi\</path>
         <kind>archive</kind>
         <file>libclang_rt.builtins.a</file>
         <name>aeabi_fcmp.S.obj</name>
      </input_file>
      <input_file id="fl-13d">
         <path>C:\ti\ccs2020\ccs\tools\compiler\ti-cgt-armllvm_4.0.3.LTS\lib\armv6m-ti-none-eabi\</path>
         <kind>archive</kind>
         <file>libclang_rt.builtins.a</file>
         <name>aeabi_idivmod.S.obj</name>
      </input_file>
      <input_file id="fl-13e">
         <path>C:\ti\ccs2020\ccs\tools\compiler\ti-cgt-armllvm_4.0.3.LTS\lib\armv6m-ti-none-eabi\</path>
         <kind>archive</kind>
         <file>libclang_rt.builtins.a</file>
         <name>aeabi_ldivmod.S.obj</name>
      </input_file>
      <input_file id="fl-13f">
         <path>C:\ti\ccs2020\ccs\tools\compiler\ti-cgt-armllvm_4.0.3.LTS\lib\armv6m-ti-none-eabi\</path>
         <kind>archive</kind>
         <file>libclang_rt.builtins.a</file>
         <name>aeabi_memcpy.S.obj</name>
      </input_file>
      <input_file id="fl-140">
         <path>C:\ti\ccs2020\ccs\tools\compiler\ti-cgt-armllvm_4.0.3.LTS\lib\armv6m-ti-none-eabi\</path>
         <kind>archive</kind>
         <file>libclang_rt.builtins.a</file>
         <name>aeabi_memset.S.obj</name>
      </input_file>
      <input_file id="fl-141">
         <path>C:\ti\ccs2020\ccs\tools\compiler\ti-cgt-armllvm_4.0.3.LTS\lib\armv6m-ti-none-eabi\</path>
         <kind>archive</kind>
         <file>libclang_rt.builtins.a</file>
         <name>aeabi_uidivmod.S.obj</name>
      </input_file>
      <input_file id="fl-142">
         <path>C:\ti\ccs2020\ccs\tools\compiler\ti-cgt-armllvm_4.0.3.LTS\lib\armv6m-ti-none-eabi\</path>
         <kind>archive</kind>
         <file>libclang_rt.builtins.a</file>
         <name>aeabi_uldivmod.S.obj</name>
      </input_file>
      <input_file id="fl-143">
         <path>C:\ti\ccs2020\ccs\tools\compiler\ti-cgt-armllvm_4.0.3.LTS\lib\armv6m-ti-none-eabi\</path>
         <kind>archive</kind>
         <file>libclang_rt.builtins.a</file>
         <name>comparesf2.S.obj</name>
      </input_file>
      <input_file id="fl-144">
         <path>C:\ti\ccs2020\ccs\tools\compiler\ti-cgt-armllvm_4.0.3.LTS\lib\armv6m-ti-none-eabi\</path>
         <kind>archive</kind>
         <file>libclang_rt.builtins.a</file>
         <name>udivmoddi4.S.obj</name>
      </input_file>
      <input_file id="fl-145">
         <path>C:\ti\ccs2020\ccs\tools\compiler\ti-cgt-armllvm_4.0.3.LTS\lib\armv6m-ti-none-eabi\</path>
         <kind>archive</kind>
         <file>libclang_rt.builtins.a</file>
         <name>ashldi3.S.obj</name>
      </input_file>
      <input_file id="fl-146">
         <path>C:\ti\ccs2020\ccs\tools\compiler\ti-cgt-armllvm_4.0.3.LTS\lib\armv6m-ti-none-eabi\</path>
         <kind>archive</kind>
         <file>libclang_rt.builtins.a</file>
         <name>comparedf2.c.obj</name>
      </input_file>
      <input_file id="fl-147">
         <path>C:\ti\ccs2020\ccs\tools\compiler\ti-cgt-armllvm_4.0.3.LTS\lib\armv6m-ti-none-eabi\</path>
         <kind>archive</kind>
         <file>libclang_rt.builtins.a</file>
         <name>divmoddi4.c.obj</name>
      </input_file>
      <input_file id="fl-148">
         <path>C:\ti\ccs2020\ccs\tools\compiler\ti-cgt-armllvm_4.0.3.LTS\lib\armv6m-ti-none-eabi\</path>
         <kind>archive</kind>
         <file>libclang_rt.builtins.a</file>
         <name>aeabi_div0.c.obj</name>
      </input_file>
      <input_file id="fl-149">
         <path>C:\ti\ccs2020\ccs\tools\compiler\ti-cgt-armllvm_4.0.3.LTS\lib\armv6m-ti-none-eabi\c\</path>
         <kind>archive</kind>
         <file>libc.a</file>
         <name>memcpy16.S.obj</name>
      </input_file>
      <input_file id="fl-14a">
         <path>C:\ti\ccs2020\ccs\tools\compiler\ti-cgt-armllvm_4.0.3.LTS\lib\armv6m-ti-none-eabi\c\</path>
         <kind>archive</kind>
         <file>libc.a</file>
         <name>memset16.S.obj</name>
      </input_file>
   </input_file_list>
   <object_component_list>
      <object_component id="oc-18">
         <name>.intvecs</name>
         <load_address>0x0</load_address>
         <readonly>true</readonly>
         <run_address>0x0</run_address>
         <size>0xc0</size>
         <alignment>0x4</alignment>
         <input_file_ref idref="fl-2"/>
      </object_component>
      <object_component id="oc-374">
         <name>.text:__TI_printfi</name>
         <load_address>0xc0</load_address>
         <readonly>true</readonly>
         <executable>true</executable>
         <run_address>0xc0</run_address>
         <size>0x9d0</size>
         <alignment>0x4</alignment>
         <input_file_ref idref="fl-64"/>
      </object_component>
      <object_component id="oc-16b">
         <name>.text.HOME_directory</name>
         <load_address>0xa90</load_address>
         <readonly>true</readonly>
         <executable>true</executable>
         <run_address>0xa90</run_address>
         <size>0x7f8</size>
         <alignment>0x4</alignment>
         <input_file_ref idref="fl-37"/>
      </object_component>
      <object_component id="oc-ac">
         <name>.text.asin</name>
         <load_address>0x1288</load_address>
         <readonly>true</readonly>
         <executable>true</executable>
         <run_address>0x1288</run_address>
         <size>0x364</size>
         <alignment>0x4</alignment>
         <input_file_ref idref="fl-66"/>
      </object_component>
      <object_component id="oc-131">
         <name>.text.atan</name>
         <load_address>0x15ec</load_address>
         <readonly>true</readonly>
         <executable>true</executable>
         <run_address>0x15ec</run_address>
         <size>0x2f8</size>
         <alignment>0x4</alignment>
         <input_file_ref idref="fl-69"/>
      </object_component>
      <object_component id="oc-1c5">
         <name>.text.dmp_enable_feature</name>
         <load_address>0x18e4</load_address>
         <readonly>true</readonly>
         <executable>true</executable>
         <run_address>0x18e4</run_address>
         <size>0x278</size>
         <alignment>0x4</alignment>
         <input_file_ref idref="fl-5"/>
      </object_component>
      <object_component id="oc-416">
         <name>.text.u8g2_font_decode_glyph</name>
         <load_address>0x1b5c</load_address>
         <readonly>true</readonly>
         <executable>true</executable>
         <run_address>0x1b5c</run_address>
         <size>0x23c</size>
         <alignment>0x4</alignment>
         <input_file_ref idref="fl-18"/>
      </object_component>
      <object_component id="oc-2d6">
         <name>.text.dmp_set_tap_thresh</name>
         <load_address>0x1d98</load_address>
         <readonly>true</readonly>
         <executable>true</executable>
         <run_address>0x1d98</run_address>
         <size>0x238</size>
         <alignment>0x4</alignment>
         <input_file_ref idref="fl-5"/>
      </object_component>
      <object_component id="oc-67">
         <name>.text.Read_Quad</name>
         <load_address>0x1fd0</load_address>
         <readonly>true</readonly>
         <executable>true</executable>
         <run_address>0x1fd0</run_address>
         <size>0x22c</size>
         <alignment>0x4</alignment>
         <input_file_ref idref="fl-6"/>
      </object_component>
      <object_component id="oc-103">
         <name>.text.mpu_reset_fifo</name>
         <load_address>0x21fc</load_address>
         <readonly>true</readonly>
         <executable>true</executable>
         <run_address>0x21fc</run_address>
         <size>0x22c</size>
         <alignment>0x4</alignment>
         <input_file_ref idref="fl-4"/>
      </object_component>
      <object_component id="oc-1a7">
         <name>.text.SYSCFG_DL_GPIO_init</name>
         <load_address>0x2428</load_address>
         <readonly>true</readonly>
         <executable>true</executable>
         <run_address>0x2428</run_address>
         <size>0x224</size>
         <alignment>0x4</alignment>
         <input_file_ref idref="fl-1"/>
      </object_component>
      <object_component id="oc-3ba">
         <name>.text._pconv_a</name>
         <load_address>0x264c</load_address>
         <readonly>true</readonly>
         <executable>true</executable>
         <run_address>0x264c</run_address>
         <size>0x220</size>
         <alignment>0x4</alignment>
         <input_file_ref idref="fl-64"/>
      </object_component>
      <object_component id="oc-93">
         <name>.text.dmp_read_fifo</name>
         <load_address>0x286c</load_address>
         <readonly>true</readonly>
         <executable>true</executable>
         <run_address>0x286c</run_address>
         <size>0x1f4</size>
         <alignment>0x4</alignment>
         <input_file_ref idref="fl-5"/>
      </object_component>
      <object_component id="oc-3bb">
         <name>.text._pconv_g</name>
         <load_address>0x2a60</load_address>
         <readonly>true</readonly>
         <executable>true</executable>
         <run_address>0x2a60</run_address>
         <size>0x1dc</size>
         <alignment>0x4</alignment>
         <input_file_ref idref="fl-64"/>
      </object_component>
      <object_component id="oc-167">
         <name>.text.u8x8_gpio_and_delay</name>
         <load_address>0x2c3c</load_address>
         <readonly>true</readonly>
         <executable>true</executable>
         <run_address>0x2c3c</run_address>
         <size>0x1cc</size>
         <alignment>0x4</alignment>
         <input_file_ref idref="fl-38"/>
      </object_component>
      <object_component id="oc-2cd">
         <name>.text.mpu_set_bypass</name>
         <load_address>0x2e08</load_address>
         <readonly>true</readonly>
         <executable>true</executable>
         <run_address>0x2e08</run_address>
         <size>0x1a0</size>
         <alignment>0x4</alignment>
         <input_file_ref idref="fl-4"/>
      </object_component>
      <object_component id="oc-118">
         <name>.text.adddf3_subdf3</name>
         <load_address>0x2fa8</load_address>
         <readonly>true</readonly>
         <executable>true</executable>
         <run_address>0x2fa8</run_address>
         <size>0x192</size>
         <alignment>0x4</alignment>
         <input_file_ref idref="fl-12d"/>
      </object_component>
      <object_component id="oc-262">
         <name>.text.__aeabi_idiv0</name>
         <load_address>0x313a</load_address>
         <readonly>true</readonly>
         <executable>true</executable>
         <run_address>0x313a</run_address>
         <size>0x2</size>
         <alignment>0x2</alignment>
         <input_file_ref idref="fl-148"/>
      </object_component>
      <object_component id="oc-ba">
         <name>.text.atan2</name>
         <load_address>0x313c</load_address>
         <readonly>true</readonly>
         <executable>true</executable>
         <run_address>0x313c</run_address>
         <size>0x188</size>
         <alignment>0x4</alignment>
         <input_file_ref idref="fl-67"/>
      </object_component>
      <object_component id="oc-1c2">
         <name>.text.dmp_set_orientation</name>
         <load_address>0x32c4</load_address>
         <readonly>true</readonly>
         <executable>true</executable>
         <run_address>0x32c4</run_address>
         <size>0x178</size>
         <alignment>0x4</alignment>
         <input_file_ref idref="fl-5"/>
      </object_component>
      <object_component id="oc-122">
         <name>.text.sqrt</name>
         <load_address>0x343c</load_address>
         <readonly>true</readonly>
         <executable>true</executable>
         <run_address>0x343c</run_address>
         <size>0x170</size>
         <alignment>0x4</alignment>
         <input_file_ref idref="fl-68"/>
      </object_component>
      <object_component id="oc-2f0">
         <name>.text.u8x8_d_ssd1306_sh1106_generic</name>
         <load_address>0x35ac</load_address>
         <readonly>true</readonly>
         <executable>true</executable>
         <run_address>0x35ac</run_address>
         <size>0x168</size>
         <alignment>0x4</alignment>
         <input_file_ref idref="fl-2b"/>
      </object_component>
      <object_component id="oc-1ed">
         <name>.text.u8g2_ll_hvline_vertical_top_lsb</name>
         <load_address>0x3714</load_address>
         <readonly>true</readonly>
         <executable>true</executable>
         <run_address>0x3714</run_address>
         <size>0x164</size>
         <alignment>0x2</alignment>
         <input_file_ref idref="fl-1f"/>
      </object_component>
      <object_component id="oc-20c">
         <name>.text.zb_control</name>
         <load_address>0x3878</load_address>
         <readonly>true</readonly>
         <executable>true</executable>
         <run_address>0x3878</run_address>
         <size>0x148</size>
         <alignment>0x4</alignment>
         <input_file_ref idref="fl-37"/>
      </object_component>
      <object_component id="oc-149">
         <name>.text.MPU6050_Init</name>
         <load_address>0x39c0</load_address>
         <readonly>true</readonly>
         <executable>true</executable>
         <run_address>0x39c0</run_address>
         <size>0x144</size>
         <alignment>0x4</alignment>
         <input_file_ref idref="fl-6"/>
      </object_component>
      <object_component id="oc-42d">
         <name>.text.u8g2_font_decode_len</name>
         <load_address>0x3b04</load_address>
         <readonly>true</readonly>
         <executable>true</executable>
         <run_address>0x3b04</run_address>
         <size>0x142</size>
         <alignment>0x2</alignment>
         <input_file_ref idref="fl-18"/>
      </object_component>
      <object_component id="oc-417">
         <name>.text.__aeabi_ldiv0</name>
         <load_address>0x3c46</load_address>
         <readonly>true</readonly>
         <executable>true</executable>
         <run_address>0x3c46</run_address>
         <size>0x2</size>
         <alignment>0x2</alignment>
         <input_file_ref idref="fl-148"/>
      </object_component>
      <object_component id="oc-413">
         <name>.text.fcvt</name>
         <load_address>0x3c48</load_address>
         <readonly>true</readonly>
         <executable>true</executable>
         <run_address>0x3c48</run_address>
         <size>0x13c</size>
         <alignment>0x4</alignment>
         <input_file_ref idref="fl-64"/>
      </object_component>
      <object_component id="oc-322">
         <name>.text.u8x8_utf8_next</name>
         <load_address>0x3d84</load_address>
         <readonly>true</readonly>
         <executable>true</executable>
         <run_address>0x3d84</run_address>
         <size>0x13c</size>
         <alignment>0x4</alignment>
         <input_file_ref idref="fl-27"/>
      </object_component>
      <object_component id="oc-17f">
         <name>.text.mspm0_i2c_read</name>
         <load_address>0x3ec0</load_address>
         <readonly>true</readonly>
         <executable>true</executable>
         <run_address>0x3ec0</run_address>
         <size>0x134</size>
         <alignment>0x4</alignment>
         <input_file_ref idref="fl-7"/>
      </object_component>
      <object_component id="oc-1e8">
         <name>.text.u8x8_cad_ssd13xx_fast_i2c</name>
         <load_address>0x3ff4</load_address>
         <readonly>true</readonly>
         <executable>true</executable>
         <run_address>0x3ff4</run_address>
         <size>0x134</size>
         <alignment>0x4</alignment>
         <input_file_ref idref="fl-29"/>
      </object_component>
      <object_component id="oc-1ba">
         <name>.text.mpu_set_sensors</name>
         <load_address>0x4128</load_address>
         <readonly>true</readonly>
         <executable>true</executable>
         <run_address>0x4128</run_address>
         <size>0x130</size>
         <alignment>0x4</alignment>
         <input_file_ref idref="fl-4"/>
      </object_component>
      <object_component id="oc-33f">
         <name>.text.u8g2_DrawHVLine</name>
         <load_address>0x4258</load_address>
         <readonly>true</readonly>
         <executable>true</executable>
         <run_address>0x4258</run_address>
         <size>0x12a</size>
         <alignment>0x2</alignment>
         <input_file_ref idref="fl-1a"/>
      </object_component>
      <object_component id="oc-24a">
         <name>.text._nop</name>
         <load_address>0x4382</load_address>
         <readonly>true</readonly>
         <executable>true</executable>
         <run_address>0x4382</run_address>
         <size>0x2</size>
         <alignment>0x2</alignment>
         <input_file_ref idref="fl-6e"/>
      </object_component>
      <object_component id="oc-1b8">
         <name>.text.mpu_init</name>
         <load_address>0x4384</load_address>
         <readonly>true</readonly>
         <executable>true</executable>
         <run_address>0x4384</run_address>
         <size>0x128</size>
         <alignment>0x4</alignment>
         <input_file_ref idref="fl-4"/>
      </object_component>
      <object_component id="oc-2d1">
         <name>.text.mpu_load_firmware</name>
         <load_address>0x44ac</load_address>
         <readonly>true</readonly>
         <executable>true</executable>
         <run_address>0x44ac</run_address>
         <size>0x124</size>
         <alignment>0x4</alignment>
         <input_file_ref idref="fl-4"/>
      </object_component>
      <object_component id="oc-3bd">
         <name>.text._pconv_e</name>
         <load_address>0x45d0</load_address>
         <readonly>true</readonly>
         <executable>true</executable>
         <run_address>0x45d0</run_address>
         <size>0x120</size>
         <alignment>0x4</alignment>
         <input_file_ref idref="fl-64"/>
      </object_component>
      <object_component id="oc-415">
         <name>.text.u8g2_font_get_glyph_data</name>
         <load_address>0x46f0</load_address>
         <readonly>true</readonly>
         <executable>true</executable>
         <run_address>0x46f0</run_address>
         <size>0x116</size>
         <alignment>0x2</alignment>
         <input_file_ref idref="fl-18"/>
      </object_component>
      <object_component id="oc-129">
         <name>.text.__divdf3</name>
         <load_address>0x4808</load_address>
         <readonly>true</readonly>
         <executable>true</executable>
         <run_address>0x4808</run_address>
         <size>0x10c</size>
         <alignment>0x4</alignment>
         <input_file_ref idref="fl-132"/>
      </object_component>
      <object_component id="oc-fe">
         <name>.text.mpu_read_fifo_stream</name>
         <load_address>0x4914</load_address>
         <readonly>true</readonly>
         <executable>true</executable>
         <run_address>0x4914</run_address>
         <size>0x108</size>
         <alignment>0x4</alignment>
         <input_file_ref idref="fl-4"/>
      </object_component>
      <object_component id="oc-29e">
         <name>.text.DL_Timer_initFourCCPWMMode</name>
         <load_address>0x4a1c</load_address>
         <readonly>true</readonly>
         <executable>true</executable>
         <run_address>0x4a1c</run_address>
         <size>0x104</size>
         <alignment>0x4</alignment>
         <input_file_ref idref="fl-4a"/>
      </object_component>
      <object_component id="oc-2d0">
         <name>.text.mpu_lp_accel_mode</name>
         <load_address>0x4b20</load_address>
         <readonly>true</readonly>
         <executable>true</executable>
         <run_address>0x4b20</run_address>
         <size>0x100</size>
         <alignment>0x4</alignment>
         <input_file_ref idref="fl-4"/>
      </object_component>
      <object_component id="oc-31f">
         <name>.text.u8g2_read_font_info</name>
         <load_address>0x4c20</load_address>
         <readonly>true</readonly>
         <executable>true</executable>
         <run_address>0x4c20</run_address>
         <size>0xfc</size>
         <alignment>0x2</alignment>
         <input_file_ref idref="fl-18"/>
      </object_component>
      <object_component id="oc-1bc">
         <name>.text.mpu_set_sample_rate</name>
         <load_address>0x4d1c</load_address>
         <readonly>true</readonly>
         <executable>true</executable>
         <run_address>0x4d1c</run_address>
         <size>0xec</size>
         <alignment>0x4</alignment>
         <input_file_ref idref="fl-4"/>
      </object_component>
      <object_component id="oc-b2">
         <name>.text.__muldf3</name>
         <load_address>0x4e08</load_address>
         <readonly>true</readonly>
         <executable>true</executable>
         <run_address>0x4e08</run_address>
         <size>0xe4</size>
         <alignment>0x4</alignment>
         <input_file_ref idref="fl-12e"/>
      </object_component>
      <object_component id="oc-2cb">
         <name>.text.mpu_set_accel_fsr</name>
         <load_address>0x4eec</load_address>
         <readonly>true</readonly>
         <executable>true</executable>
         <run_address>0x4eec</run_address>
         <size>0xe4</size>
         <alignment>0x4</alignment>
         <input_file_ref idref="fl-4"/>
      </object_component>
      <object_component id="oc-28d">
         <name>.text.DL_SYSCTL_configSYSPLL</name>
         <load_address>0x4fd0</load_address>
         <readonly>true</readonly>
         <executable>true</executable>
         <run_address>0x4fd0</run_address>
         <size>0xdc</size>
         <alignment>0x4</alignment>
         <input_file_ref idref="fl-4c"/>
      </object_component>
      <object_component id="oc-3fe">
         <name>.text.scalbn</name>
         <load_address>0x50ac</load_address>
         <readonly>true</readonly>
         <executable>true</executable>
         <run_address>0x50ac</run_address>
         <size>0xd8</size>
         <alignment>0x4</alignment>
         <input_file_ref idref="fl-6b"/>
      </object_component>
      <object_component id="oc-321">
         <name>.text.u8g2_draw_string</name>
         <load_address>0x5184</load_address>
         <readonly>true</readonly>
         <executable>true</executable>
         <run_address>0x5184</run_address>
         <size>0xd8</size>
         <alignment>0x4</alignment>
         <input_file_ref idref="fl-18"/>
      </object_component>
      <object_component id="oc-a4">
         <name>.text</name>
         <load_address>0x525c</load_address>
         <readonly>true</readonly>
         <executable>true</executable>
         <run_address>0x525c</run_address>
         <size>0xd8</size>
         <alignment>0x4</alignment>
         <input_file_ref idref="fl-12c"/>
      </object_component>
      <object_component id="oc-391">
         <name>.text.u8g2_clip_intersection2</name>
         <load_address>0x5334</load_address>
         <readonly>true</readonly>
         <executable>true</executable>
         <run_address>0x5334</run_address>
         <size>0xd6</size>
         <alignment>0x2</alignment>
         <input_file_ref idref="fl-1a"/>
      </object_component>
      <object_component id="oc-2cf">
         <name>.text.set_int_enable</name>
         <load_address>0x540c</load_address>
         <readonly>true</readonly>
         <executable>true</executable>
         <run_address>0x540c</run_address>
         <size>0xd4</size>
         <alignment>0x4</alignment>
         <input_file_ref idref="fl-4"/>
      </object_component>
      <object_component id="oc-208">
         <name>.text.CAR_control</name>
         <load_address>0x54e0</load_address>
         <readonly>true</readonly>
         <executable>true</executable>
         <run_address>0x54e0</run_address>
         <size>0xd0</size>
         <alignment>0x4</alignment>
         <input_file_ref idref="fl-37"/>
      </object_component>
      <object_component id="oc-2cc">
         <name>.text.mpu_set_lpf</name>
         <load_address>0x55b0</load_address>
         <readonly>true</readonly>
         <executable>true</executable>
         <run_address>0x55b0</run_address>
         <size>0xd0</size>
         <alignment>0x4</alignment>
         <input_file_ref idref="fl-4"/>
      </object_component>
      <object_component id="oc-320">
         <name>.text.u8g2_UpdateRefHeight</name>
         <load_address>0x5680</load_address>
         <readonly>true</readonly>
         <executable>true</executable>
         <run_address>0x5680</run_address>
         <size>0xc6</size>
         <alignment>0x2</alignment>
         <input_file_ref idref="fl-18"/>
      </object_component>
      <object_component id="oc-39">
         <name>.text.GROUP1_IRQHandler</name>
         <load_address>0x5748</load_address>
         <readonly>true</readonly>
         <executable>true</executable>
         <run_address>0x5748</run_address>
         <size>0xc4</size>
         <alignment>0x4</alignment>
         <input_file_ref idref="fl-a"/>
      </object_component>
      <object_component id="oc-2ca">
         <name>.text.mpu_set_gyro_fsr</name>
         <load_address>0x580c</load_address>
         <readonly>true</readonly>
         <executable>true</executable>
         <run_address>0x580c</run_address>
         <size>0xc4</size>
         <alignment>0x4</alignment>
         <input_file_ref idref="fl-4"/>
      </object_component>
      <object_component id="oc-18b">
         <name>.text.mspm0_i2c_write</name>
         <load_address>0x58d0</load_address>
         <readonly>true</readonly>
         <executable>true</executable>
         <run_address>0x58d0</run_address>
         <size>0xc4</size>
         <alignment>0x4</alignment>
         <input_file_ref idref="fl-7"/>
      </object_component>
      <object_component id="oc-20b">
         <name>.text.PID_control</name>
         <load_address>0x5994</load_address>
         <readonly>true</readonly>
         <executable>true</executable>
         <run_address>0x5994</run_address>
         <size>0xc0</size>
         <alignment>0x4</alignment>
         <input_file_ref idref="fl-37"/>
      </object_component>
      <object_component id="oc-162">
         <name>.text.u8x8_byte_sw_i2c</name>
         <load_address>0x5a54</load_address>
         <readonly>true</readonly>
         <executable>true</executable>
         <run_address>0x5a54</run_address>
         <size>0xc0</size>
         <alignment>0x4</alignment>
         <input_file_ref idref="fl-28"/>
      </object_component>
      <object_component id="oc-1bb">
         <name>.text.mpu_configure_fifo</name>
         <load_address>0x5b14</load_address>
         <readonly>true</readonly>
         <executable>true</executable>
         <run_address>0x5b14</run_address>
         <size>0xbc</size>
         <alignment>0x4</alignment>
         <input_file_ref idref="fl-4"/>
      </object_component>
      <object_component id="oc-1c7">
         <name>.text.mpu_set_dmp_state</name>
         <load_address>0x5bd0</load_address>
         <readonly>true</readonly>
         <executable>true</executable>
         <run_address>0x5bd0</run_address>
         <size>0xb8</size>
         <alignment>0x4</alignment>
         <input_file_ref idref="fl-4"/>
      </object_component>
      <object_component id="oc-1a6">
         <name>.text.SYSCFG_DL_initPower</name>
         <load_address>0x5c88</load_address>
         <readonly>true</readonly>
         <executable>true</executable>
         <run_address>0x5c88</run_address>
         <size>0xb0</size>
         <alignment>0x4</alignment>
         <input_file_ref idref="fl-1"/>
      </object_component>
      <object_component id="oc-301">
         <name>.text.u8g2_update_dimension_common</name>
         <load_address>0x5d38</load_address>
         <readonly>true</readonly>
         <executable>true</executable>
         <run_address>0x5d38</run_address>
         <size>0xae</size>
         <alignment>0x2</alignment>
         <input_file_ref idref="fl-23"/>
      </object_component>
      <object_component id="oc-35c">
         <name>.text.mpu_read_mem</name>
         <load_address>0x5de8</load_address>
         <readonly>true</readonly>
         <executable>true</executable>
         <run_address>0x5de8</run_address>
         <size>0xac</size>
         <alignment>0x4</alignment>
         <input_file_ref idref="fl-4"/>
      </object_component>
      <object_component id="oc-2d4">
         <name>.text.mpu_write_mem</name>
         <load_address>0x5e94</load_address>
         <readonly>true</readonly>
         <executable>true</executable>
         <run_address>0x5e94</run_address>
         <size>0xac</size>
         <alignment>0x4</alignment>
         <input_file_ref idref="fl-4"/>
      </object_component>
      <object_component id="oc-302">
         <name>.text.u8g2_apply_clip_window</name>
         <load_address>0x5f40</load_address>
         <readonly>true</readonly>
         <executable>true</executable>
         <run_address>0x5f40</run_address>
         <size>0xac</size>
         <alignment>0x2</alignment>
         <input_file_ref idref="fl-23"/>
      </object_component>
      <object_component id="oc-2f2">
         <name>.text.u8x8_cad_SendSequence</name>
         <load_address>0x5fec</load_address>
         <readonly>true</readonly>
         <executable>true</executable>
         <run_address>0x5fec</run_address>
         <size>0xa4</size>
         <alignment>0x2</alignment>
         <input_file_ref idref="fl-29"/>
      </object_component>
      <object_component id="oc-3f5">
         <name>.text</name>
         <load_address>0x6090</load_address>
         <readonly>true</readonly>
         <executable>true</executable>
         <run_address>0x6090</run_address>
         <size>0xa2</size>
         <alignment>0x4</alignment>
         <input_file_ref idref="fl-144"/>
      </object_component>
      <object_component id="oc-2ce">
         <name>.text.mpu_set_int_latched</name>
         <load_address>0x6134</load_address>
         <readonly>true</readonly>
         <executable>true</executable>
         <run_address>0x6134</run_address>
         <size>0x9c</size>
         <alignment>0x4</alignment>
         <input_file_ref idref="fl-4"/>
      </object_component>
      <object_component id="oc-20a">
         <name>.text.quanshukongzi</name>
         <load_address>0x61d0</load_address>
         <readonly>true</readonly>
         <executable>true</executable>
         <run_address>0x61d0</run_address>
         <size>0x9c</size>
         <alignment>0x4</alignment>
         <input_file_ref idref="fl-37"/>
      </object_component>
      <object_component id="oc-1c6">
         <name>.text.dmp_set_fifo_rate</name>
         <load_address>0x626c</load_address>
         <readonly>true</readonly>
         <executable>true</executable>
         <run_address>0x626c</run_address>
         <size>0x98</size>
         <alignment>0x4</alignment>
         <input_file_ref idref="fl-5"/>
      </object_component>
      <object_component id="oc-2d3">
         <name>.text.inv_row_2_scale</name>
         <load_address>0x6304</load_address>
         <readonly>true</readonly>
         <executable>true</executable>
         <run_address>0x6304</run_address>
         <size>0x96</size>
         <alignment>0x2</alignment>
         <input_file_ref idref="fl-6"/>
      </object_component>
      <object_component id="oc-38b">
         <name>.text.u8g2_DrawGlyph</name>
         <load_address>0x639c</load_address>
         <readonly>true</readonly>
         <executable>true</executable>
         <run_address>0x639c</run_address>
         <size>0x96</size>
         <alignment>0x4</alignment>
         <input_file_ref idref="fl-18"/>
      </object_component>
      <object_component id="oc-38e">
         <name>.text.u8g2_is_intersection_decision_tree</name>
         <load_address>0x6432</load_address>
         <readonly>true</readonly>
         <executable>true</executable>
         <run_address>0x6432</run_address>
         <size>0x94</size>
         <alignment>0x2</alignment>
         <input_file_ref idref="fl-1c"/>
      </object_component>
      <object_component id="oc-246">
         <name>.text.u8g2_send_buffer</name>
         <load_address>0x64c6</load_address>
         <readonly>true</readonly>
         <executable>true</executable>
         <run_address>0x64c6</run_address>
         <size>0x8e</size>
         <alignment>0x2</alignment>
         <input_file_ref idref="fl-12"/>
      </object_component>
      <object_component id="oc-a0">
         <name>.text.__mulsf3</name>
         <load_address>0x6554</load_address>
         <readonly>true</readonly>
         <executable>true</executable>
         <run_address>0x6554</run_address>
         <size>0x8c</size>
         <alignment>0x4</alignment>
         <input_file_ref idref="fl-130"/>
      </object_component>
      <object_component id="oc-104">
         <name>.text.decode_gesture</name>
         <load_address>0x65e0</load_address>
         <readonly>true</readonly>
         <executable>true</executable>
         <run_address>0x65e0</run_address>
         <size>0x8c</size>
         <alignment>0x4</alignment>
         <input_file_ref idref="fl-5"/>
      </object_component>
      <object_component id="oc-201">
         <name>.text.i2c_write_byte</name>
         <load_address>0x666c</load_address>
         <readonly>true</readonly>
         <executable>true</executable>
         <run_address>0x666c</run_address>
         <size>0x8a</size>
         <alignment>0x2</alignment>
         <input_file_ref idref="fl-28"/>
      </object_component>
      <object_component id="oc-20d">
         <name>.text.other_control</name>
         <load_address>0x66f8</load_address>
         <readonly>true</readonly>
         <executable>true</executable>
         <run_address>0x66f8</run_address>
         <size>0x88</size>
         <alignment>0x4</alignment>
         <input_file_ref idref="fl-37"/>
      </object_component>
      <object_component id="oc-42c">
         <name>.text.u8g2_font_decode_get_unsigned_bits</name>
         <load_address>0x6780</load_address>
         <readonly>true</readonly>
         <executable>true</executable>
         <run_address>0x6780</run_address>
         <size>0x88</size>
         <alignment>0x2</alignment>
         <input_file_ref idref="fl-18"/>
      </object_component>
      <object_component id="oc-1b5">
         <name>.text.__NVIC_SetPriority</name>
         <load_address>0x6808</load_address>
         <readonly>true</readonly>
         <executable>true</executable>
         <run_address>0x6808</run_address>
         <size>0x84</size>
         <alignment>0x4</alignment>
         <input_file_ref idref="fl-8"/>
      </object_component>
      <object_component id="oc-296">
         <name>.text.__NVIC_SetPriority</name>
         <load_address>0x688c</load_address>
         <readonly>true</readonly>
         <executable>true</executable>
         <run_address>0x688c</run_address>
         <size>0x84</size>
         <alignment>0x4</alignment>
         <input_file_ref idref="fl-1"/>
      </object_component>
      <object_component id="oc-9c">
         <name>.text.__divsf3</name>
         <load_address>0x6910</load_address>
         <readonly>true</readonly>
         <executable>true</executable>
         <run_address>0x6910</run_address>
         <size>0x82</size>
         <alignment>0x4</alignment>
         <input_file_ref idref="fl-131"/>
      </object_component>
      <object_component id="oc-1e3">
         <name>.text.u8x8_d_ssd1306_128x64_noname</name>
         <load_address>0x6994</load_address>
         <readonly>true</readonly>
         <executable>true</executable>
         <run_address>0x6994</run_address>
         <size>0x80</size>
         <alignment>0x4</alignment>
         <input_file_ref idref="fl-2b"/>
      </object_component>
      <object_component id="oc-1c">
         <name>.text:decompress:lzss</name>
         <load_address>0x6a14</load_address>
         <readonly>true</readonly>
         <executable>true</executable>
         <run_address>0x6a14</run_address>
         <size>0x7c</size>
         <alignment>0x4</alignment>
         <input_file_ref idref="fl-7d"/>
      </object_component>
      <object_component id="oc-23f">
         <name>.text.u8g2_DrawBox</name>
         <load_address>0x6a90</load_address>
         <readonly>true</readonly>
         <executable>true</executable>
         <run_address>0x6a90</run_address>
         <size>0x78</size>
         <alignment>0x2</alignment>
         <input_file_ref idref="fl-11"/>
      </object_component>
      <object_component id="oc-1df">
         <name>.text.u8g2_SetupBuffer</name>
         <load_address>0x6b08</load_address>
         <readonly>true</readonly>
         <executable>true</executable>
         <run_address>0x6b08</run_address>
         <size>0x78</size>
         <alignment>0x2</alignment>
         <input_file_ref idref="fl-23"/>
      </object_component>
      <object_component id="oc-42a">
         <name>.text.u8g2_add_vector_x</name>
         <load_address>0x6b80</load_address>
         <readonly>true</readonly>
         <executable>true</executable>
         <run_address>0x6b80</run_address>
         <size>0x76</size>
         <alignment>0x2</alignment>
         <input_file_ref idref="fl-18"/>
      </object_component>
      <object_component id="oc-42b">
         <name>.text.u8g2_add_vector_y</name>
         <load_address>0x6bf6</load_address>
         <readonly>true</readonly>
         <executable>true</executable>
         <run_address>0x6bf6</run_address>
         <size>0x76</size>
         <alignment>0x2</alignment>
         <input_file_ref idref="fl-18"/>
      </object_component>
      <object_component id="oc-199">
         <name>.text.__gedf2</name>
         <load_address>0x6c6c</load_address>
         <readonly>true</readonly>
         <executable>true</executable>
         <run_address>0x6c6c</run_address>
         <size>0x74</size>
         <alignment>0x4</alignment>
         <input_file_ref idref="fl-146"/>
      </object_component>
      <object_component id="oc-b6">
         <name>.text.__truncdfsf2</name>
         <load_address>0x6ce0</load_address>
         <readonly>true</readonly>
         <executable>true</executable>
         <run_address>0x6ce0</run_address>
         <size>0x74</size>
         <alignment>0x10</alignment>
         <input_file_ref idref="fl-13a"/>
      </object_component>
      <object_component id="oc-1bf">
         <name>.text.mpu_get_accel_fsr</name>
         <load_address>0x6d54</load_address>
         <readonly>true</readonly>
         <executable>true</executable>
         <run_address>0x6d54</run_address>
         <size>0x74</size>
         <alignment>0x4</alignment>
         <input_file_ref idref="fl-4"/>
      </object_component>
      <object_component id="oc-1aa">
         <name>.text.SYSCFG_DL_PWMB_init</name>
         <load_address>0x6dc8</load_address>
         <readonly>true</readonly>
         <executable>true</executable>
         <run_address>0x6dc8</run_address>
         <size>0x6c</size>
         <alignment>0x4</alignment>
         <input_file_ref idref="fl-1"/>
      </object_component>
      <object_component id="oc-1ab">
         <name>.text.SYSCFG_DL_PWMC_init</name>
         <load_address>0x6e34</load_address>
         <readonly>true</readonly>
         <executable>true</executable>
         <run_address>0x6e34</run_address>
         <size>0x6c</size>
         <alignment>0x4</alignment>
         <input_file_ref idref="fl-1"/>
      </object_component>
      <object_component id="oc-1ac">
         <name>.text.SYSCFG_DL_PWMD_init</name>
         <load_address>0x6ea0</load_address>
         <readonly>true</readonly>
         <executable>true</executable>
         <run_address>0x6ea0</run_address>
         <size>0x6c</size>
         <alignment>0x4</alignment>
         <input_file_ref idref="fl-1"/>
      </object_component>
      <object_component id="oc-16c">
         <name>.text.u8g2_NextPage</name>
         <load_address>0x6f0c</load_address>
         <readonly>true</readonly>
         <executable>true</executable>
         <run_address>0x6f0c</run_address>
         <size>0x6c</size>
         <alignment>0x2</alignment>
         <input_file_ref idref="fl-12"/>
      </object_component>
      <object_component id="oc-2f1">
         <name>.text.u8x8_d_helper_display_init</name>
         <load_address>0x6f78</load_address>
         <readonly>true</readonly>
         <executable>true</executable>
         <run_address>0x6f78</run_address>
         <size>0x6c</size>
         <alignment>0x2</alignment>
         <input_file_ref idref="fl-2d"/>
      </object_component>
      <object_component id="oc-1a9">
         <name>.text.SYSCFG_DL_PWMA_init</name>
         <load_address>0x6fe4</load_address>
         <readonly>true</readonly>
         <executable>true</executable>
         <run_address>0x6fe4</run_address>
         <size>0x68</size>
         <alignment>0x4</alignment>
         <input_file_ref idref="fl-1"/>
      </object_component>
      <object_component id="oc-193">
         <name>.text.__ledf2</name>
         <load_address>0x704c</load_address>
         <readonly>true</readonly>
         <executable>true</executable>
         <run_address>0x704c</run_address>
         <size>0x68</size>
         <alignment>0x4</alignment>
         <input_file_ref idref="fl-146"/>
      </object_component>
      <object_component id="oc-209">
         <name>.text.xianshuc</name>
         <load_address>0x70b4</load_address>
         <readonly>true</readonly>
         <executable>true</executable>
         <run_address>0x70b4</run_address>
         <size>0x68</size>
         <alignment>0x4</alignment>
         <input_file_ref idref="fl-37"/>
      </object_component>
      <object_component id="oc-412">
         <name>.text._mcpy</name>
         <load_address>0x711c</load_address>
         <readonly>true</readonly>
         <executable>true</executable>
         <run_address>0x711c</run_address>
         <size>0x66</size>
         <alignment>0x2</alignment>
         <input_file_ref idref="fl-64"/>
      </object_component>
      <object_component id="oc-2d7">
         <name>.text.dmp_set_tap_axes</name>
         <load_address>0x7182</load_address>
         <readonly>true</readonly>
         <executable>true</executable>
         <run_address>0x7182</run_address>
         <size>0x66</size>
         <alignment>0x2</alignment>
         <input_file_ref idref="fl-5"/>
      </object_component>
      <object_component id="oc-d5">
         <name>.text.MSPM0_Init</name>
         <load_address>0x71e8</load_address>
         <readonly>true</readonly>
         <executable>true</executable>
         <run_address>0x71e8</run_address>
         <size>0x64</size>
         <alignment>0x4</alignment>
         <input_file_ref idref="fl-3"/>
      </object_component>
      <object_component id="oc-1b7">
         <name>.text.mpu6050_i2c_sda_unlock</name>
         <load_address>0x724c</load_address>
         <readonly>true</readonly>
         <executable>true</executable>
         <run_address>0x724c</run_address>
         <size>0x64</size>
         <alignment>0x4</alignment>
         <input_file_ref idref="fl-7"/>
      </object_component>
      <object_component id="oc-33a">
         <name>.text.u8g2_IsIntersection</name>
         <load_address>0x72b0</load_address>
         <readonly>true</readonly>
         <executable>true</executable>
         <run_address>0x72b0</run_address>
         <size>0x64</size>
         <alignment>0x2</alignment>
         <input_file_ref idref="fl-1c"/>
      </object_component>
      <object_component id="oc-11c">
         <name>.text.__aeabi_dcmp</name>
         <load_address>0x7314</load_address>
         <readonly>true</readonly>
         <executable>true</executable>
         <run_address>0x7314</run_address>
         <size>0x62</size>
         <alignment>0x4</alignment>
         <input_file_ref idref="fl-13b"/>
      </object_component>
      <object_component id="oc-2d5">
         <name>.text.dmp_enable_gyro_cal</name>
         <load_address>0x7378</load_address>
         <readonly>true</readonly>
         <executable>true</executable>
         <run_address>0x7378</run_address>
         <size>0x60</size>
         <alignment>0x4</alignment>
         <input_file_ref idref="fl-5"/>
      </object_component>
      <object_component id="oc-1be">
         <name>.text.mpu_get_gyro_fsr</name>
         <load_address>0x73d8</load_address>
         <readonly>true</readonly>
         <executable>true</executable>
         <run_address>0x73d8</run_address>
         <size>0x60</size>
         <alignment>0x4</alignment>
         <input_file_ref idref="fl-4"/>
      </object_component>
      <object_component id="oc-26b">
         <name>.text.DL_I2C_fillControllerTXFIFO</name>
         <load_address>0x7438</load_address>
         <readonly>true</readonly>
         <executable>true</executable>
         <run_address>0x7438</run_address>
         <size>0x5e</size>
         <alignment>0x2</alignment>
         <input_file_ref idref="fl-49"/>
      </object_component>
      <object_component id="oc-3fa">
         <name>.text.frexp</name>
         <load_address>0x7498</load_address>
         <readonly>true</readonly>
         <executable>true</executable>
         <run_address>0x7498</run_address>
         <size>0x5c</size>
         <alignment>0x4</alignment>
         <input_file_ref idref="fl-6a"/>
      </object_component>
      <object_component id="oc-2c9">
         <name>.text.mspm0_i2c_enable</name>
         <load_address>0x74f4</load_address>
         <readonly>true</readonly>
         <executable>true</executable>
         <run_address>0x74f4</run_address>
         <size>0x5c</size>
         <alignment>0x4</alignment>
         <input_file_ref idref="fl-7"/>
      </object_component>
      <object_component id="oc-1ce">
         <name>.text.printf</name>
         <load_address>0x7550</load_address>
         <readonly>true</readonly>
         <executable>true</executable>
         <run_address>0x7550</run_address>
         <size>0x5c</size>
         <alignment>0x4</alignment>
         <input_file_ref idref="fl-63"/>
      </object_component>
      <object_component id="oc-1ad">
         <name>.text.SYSCFG_DL_I2C_BUS_init</name>
         <load_address>0x75ac</load_address>
         <readonly>true</readonly>
         <executable>true</executable>
         <run_address>0x75ac</run_address>
         <size>0x58</size>
         <alignment>0x4</alignment>
         <input_file_ref idref="fl-1"/>
      </object_component>
      <object_component id="oc-1ae">
         <name>.text.SYSCFG_DL_I2C_MPU6050_init</name>
         <load_address>0x7604</load_address>
         <readonly>true</readonly>
         <executable>true</executable>
         <run_address>0x7604</run_address>
         <size>0x58</size>
         <alignment>0x4</alignment>
         <input_file_ref idref="fl-1"/>
      </object_component>
[...]
         <value>0x0</value>
      </symbol>
      <symbol id="sm-57d">
         <name>__TI_ATRegion0_region_sz</name>
         <value>0x0</value>
      </symbol>
      <symbol id="sm-57e">
         <name>__TI_ATRegion1_src_addr</name>
         <value>0x0</value>
      </symbol>
      <symbol id="sm-57f">
         <name>__TI_ATRegion1_trg_addr</name>
         <value>0x0</value>
      </symbol>
      <symbol id="sm-580">
         <name>__TI_ATRegion1_region_sz</name>
         <value>0x0</value>
      </symbol>
      <symbol id="sm-581">
         <name>__TI_ATRegion2_src_addr</name>
         <value>0x0</value>
      </symbol>
      <symbol id="sm-582">
         <name>__TI_ATRegion2_trg_addr</name>
         <value>0x0</value>
      </symbol>
      <symbol id="sm-583">
         <name>__TI_ATRegion2_region_sz</name>
         <value>0x0</value>
      </symbol>
      <symbol id="sm-58c">
         <name>DL_Common_delayCycles</name>
         <value>0x94a5</value>
         <object_component_ref idref="oc-277"/>
      </symbol>
      <symbol id="sm-59b">
         <name>DL_I2C_setClockConfig</name>
         <value>0x8907</value>
         <object_component_ref idref="oc-2ad"/>
      </symbol>
      <symbol id="sm-59c">
         <name>DL_I2C_fillControllerTXFIFO</name>
         <value>0x7439</value>
         <object_component_ref idref="oc-26b"/>
      </symbol>
      <symbol id="sm-59d">
         <name>DL_I2C_flushControllerTXFIFO</name>
         <value>0x8045</value>
         <object_component_ref idref="oc-25a"/>
      </symbol>
      <symbol id="sm-5b4">
         <name>DL_Timer_setClockConfig</name>
         <value>0x8d65</value>
         <object_component_ref idref="oc-298"/>
      </symbol>
      <symbol id="sm-5b5">
         <name>DL_Timer_setCaptureCompareValue</name>
         <value>0x9401</value>
         <object_component_ref idref="oc-2a2"/>
      </symbol>
      <symbol id="sm-5b6">
         <name>DL_Timer_setCaptCompUpdateMethod</name>
         <value>0x8d49</value>
         <object_component_ref idref="oc-2a1"/>
      </symbol>
      <symbol id="sm-5b7">
         <name>DL_Timer_setCaptureCompareOutCtl</name>
         <value>0x9015</value>
         <object_component_ref idref="oc-2a0"/>
      </symbol>
      <symbol id="sm-5b8">
         <name>DL_Timer_initFourCCPWMMode</name>
         <value>0x4a1d</value>
         <object_component_ref idref="oc-29e"/>
      </symbol>
      <symbol id="sm-5c5">
         <name>DL_UART_init</name>
         <value>0x7ac9</value>
         <object_component_ref idref="oc-2be"/>
      </symbol>
      <symbol id="sm-5c6">
         <name>DL_UART_setClockConfig</name>
         <value>0x93bb</value>
         <object_component_ref idref="oc-2b8"/>
      </symbol>
      <symbol id="sm-5d4">
         <name>DL_SYSCTL_configSYSPLL</name>
         <value>0x4fd1</value>
         <object_component_ref idref="oc-28d"/>
      </symbol>
      <symbol id="sm-5d5">
         <name>DL_SYSCTL_switchMCLKfromSYSOSCtoHSCLK</name>
         <value>0x7cc1</value>
         <object_component_ref idref="oc-295"/>
      </symbol>
      <symbol id="sm-5e6">
         <name>printf</name>
         <value>0x7551</value>
         <object_component_ref idref="oc-1ce"/>
      </symbol>
      <symbol id="sm-62f">
         <name>__TI_printfi</name>
         <value>0xc1</value>
         <object_component_ref idref="oc-374"/>
      </symbol>
      <symbol id="sm-640">
         <name>sprintf</name>
         <value>0x81e1</value>
         <object_component_ref idref="oc-216"/>
      </symbol>
      <symbol id="sm-65a">
         <name>asin</name>
         <value>0x1289</value>
         <object_component_ref idref="oc-ac"/>
      </symbol>
      <symbol id="sm-65b">
         <name>asinl</name>
         <value>0x1289</value>
         <object_component_ref idref="oc-ac"/>
      </symbol>
      <symbol id="sm-669">
         <name>atan2</name>
         <value>0x313d</value>
         <object_component_ref idref="oc-ba"/>
      </symbol>
      <symbol id="sm-66a">
         <name>atan2l</name>
         <value>0x313d</value>
         <object_component_ref idref="oc-ba"/>
      </symbol>
      <symbol id="sm-674">
         <name>sqrt</name>
         <value>0x343d</value>
         <object_component_ref idref="oc-122"/>
      </symbol>
      <symbol id="sm-675">
         <name>sqrtl</name>
         <value>0x343d</value>
         <object_component_ref idref="oc-122"/>
      </symbol>
      <symbol id="sm-68c">
         <name>atan</name>
         <value>0x15ed</value>
         <object_component_ref idref="oc-131"/>
      </symbol>
      <symbol id="sm-68d">
         <name>atanl</name>
         <value>0x15ed</value>
         <object_component_ref idref="oc-131"/>
      </symbol>
      <symbol id="sm-697">
         <name>frexp</name>
         <value>0x7499</value>
         <object_component_ref idref="oc-3fa"/>
      </symbol>
      <symbol id="sm-698">
         <name>frexpl</name>
         <value>0x7499</value>
         <object_component_ref idref="oc-3fa"/>
      </symbol>
      <symbol id="sm-6a2">
         <name>scalbn</name>
         <value>0x50ad</value>
         <object_component_ref idref="oc-3fe"/>
      </symbol>
      <symbol id="sm-6a3">
         <name>ldexp</name>
         <value>0x50ad</value>
         <object_component_ref idref="oc-3fe"/>
      </symbol>
      <symbol id="sm-6a4">
         <name>scalbnl</name>
         <value>0x50ad</value>
         <object_component_ref idref="oc-3fe"/>
      </symbol>
      <symbol id="sm-6a5">
         <name>ldexpl</name>
         <value>0x50ad</value>
         <object_component_ref idref="oc-3fe"/>
      </symbol>
      <symbol id="sm-6ae">
         <name>wcslen</name>
         <value>0x9441</value>
         <object_component_ref idref="oc-3ad"/>
      </symbol>
      <symbol id="sm-6b9">
         <name>__aeabi_errno_addr</name>
         <value>0x9545</value>
         <object_component_ref idref="oc-113"/>
      </symbol>
      <symbol id="sm-6ba">
         <name>__aeabi_errno</name>
         <value>0x20200804</value>
         <object_component_ref idref="oc-18e"/>
      </symbol>
      <symbol id="sm-6c3">
         <name>_nop</name>
         <value>0x4383</value>
         <object_component_ref idref="oc-24a"/>
      </symbol>
      <symbol id="sm-6c4">
         <name>_lock</name>
         <value>0x20200808</value>
         <object_component_ref idref="oc-175"/>
      </symbol>
      <symbol id="sm-6c5">
         <name>_unlock</name>
         <value>0x2020080c</value>
         <object_component_ref idref="oc-178"/>
      </symbol>
      <symbol id="sm-6ce">
         <name>__TI_ltoa</name>
         <value>0x765d</value>
         <object_component_ref idref="oc-406"/>
      </symbol>
      <symbol id="sm-6d9">
         <name>atoi</name>
         <value>0x7e91</value>
         <object_component_ref idref="oc-3a9"/>
      </symbol>
      <symbol id="sm-6de">
         <name>_ftable</name>
         <value>0x2020059c</value>
         <object_component_ref idref="oc-2e1"/>
      </symbol>
      <symbol id="sm-6e7">
         <name>memccpy</name>
         <value>0x8a35</value>
         <object_component_ref idref="oc-3a2"/>
      </symbol>
      <symbol id="sm-6f0">
         <name>memcmp</name>
         <value>0x8b1d</value>
         <object_component_ref idref="oc-35d"/>
      </symbol>
      <symbol id="sm-6fc">
         <name>_c_int00_noargs</name>
         <value>0x88b9</value>
         <object_component_ref idref="oc-5a"/>
      </symbol>
      <symbol id="sm-6fd">
         <name>__stack</name>
         <value>0x20207e00</value>
         <object_component_ref idref="oc-1a"/>
      </symbol>
      <symbol id="sm-70c">
         <name>__TI_auto_init_nobinit_nopinit</name>
         <value>0x80f9</value>
         <object_component_ref idref="oc-ec"/>
      </symbol>
      <symbol id="sm-714">
         <name>_system_pre_init</name>
         <value>0x95a9</value>
         <object_component_ref idref="oc-7c"/>
      </symbol>
      <symbol id="sm-71f">
         <name>__TI_zero_init</name>
         <value>0x9451</value>
         <object_component_ref idref="oc-57"/>
      </symbol>
      <symbol id="sm-728">
         <name>__TI_decompress_none</name>
         <value>0x93df</value>
         <object_component_ref idref="oc-20"/>
      </symbol>
      <symbol id="sm-733">
         <name>__TI_decompress_lzss</name>
         <value>0x6a15</value>
         <object_component_ref idref="oc-1c"/>
      </symbol>
      <symbol id="sm-735">
         <name>__aeabi_ctype_table_</name>
         <value>0xa850</value>
         <object_component_ref idref="oc-3ed"/>
      </symbol>
      <symbol id="sm-736">
         <name>__aeabi_ctype_table_C</name>
         <value>0xa850</value>
         <object_component_ref idref="oc-3ed"/>
      </symbol>
      <symbol id="sm-740">
         <name>abort</name>
         <value>0x9583</value>
         <object_component_ref idref="oc-e5"/>
      </symbol>
      <symbol id="sm-749">
         <name>HOSTexit</name>
         <value>0x958d</value>
         <object_component_ref idref="oc-16f"/>
      </symbol>
      <symbol id="sm-74a">
         <name>C$$EXIT</name>
         <value>0x958c</value>
         <object_component_ref idref="oc-16f"/>
      </symbol>
      <symbol id="sm-75a">
         <name>__aeabi_fadd</name>
         <value>0x5267</value>
         <object_component_ref idref="oc-a4"/>
      </symbol>
      <symbol id="sm-75b">
         <name>__addsf3</name>
         <value>0x5267</value>
         <object_component_ref idref="oc-a4"/>
      </symbol>
      <symbol id="sm-75c">
         <name>__aeabi_fsub</name>
         <value>0x525d</value>
         <object_component_ref idref="oc-a4"/>
      </symbol>
      <symbol id="sm-75d">
         <name>__subsf3</name>
         <value>0x525d</value>
         <object_component_ref idref="oc-a4"/>
      </symbol>
      <symbol id="sm-763">
         <name>__aeabi_dadd</name>
         <value>0x2fb3</value>
         <object_component_ref idref="oc-118"/>
      </symbol>
      <symbol id="sm-764">
         <name>__adddf3</name>
         <value>0x2fb3</value>
         <object_component_ref idref="oc-118"/>
      </symbol>
      <symbol id="sm-765">
         <name>__aeabi_dsub</name>
         <value>0x2fa9</value>
         <object_component_ref idref="oc-118"/>
      </symbol>
      <symbol id="sm-766">
         <name>__subdf3</name>
         <value>0x2fa9</value>
         <object_component_ref idref="oc-118"/>
      </symbol>
      <symbol id="sm-772">
         <name>__aeabi_dmul</name>
         <value>0x4e09</value>
         <object_component_ref idref="oc-b2"/>
      </symbol>
      <symbol id="sm-773">
         <name>__muldf3</name>
         <value>0x4e09</value>
         <object_component_ref idref="oc-b2"/>
      </symbol>
      <symbol id="sm-77c">
         <name>__muldsi3</name>
         <value>0x8135</value>
         <object_component_ref idref="oc-10c"/>
      </symbol>
      <symbol id="sm-782">
         <name>__aeabi_fmul</name>
         <value>0x6555</value>
         <object_component_ref idref="oc-a0"/>
      </symbol>
      <symbol id="sm-783">
         <name>__mulsf3</name>
         <value>0x6555</value>
         <object_component_ref idref="oc-a0"/>
      </symbol>
      <symbol id="sm-789">
         <name>__aeabi_fdiv</name>
         <value>0x6911</value>
         <object_component_ref idref="oc-9c"/>
      </symbol>
      <symbol id="sm-78a">
         <name>__divsf3</name>
         <value>0x6911</value>
         <object_component_ref idref="oc-9c"/>
      </symbol>
      <symbol id="sm-790">
         <name>__aeabi_ddiv</name>
         <value>0x4809</value>
         <object_component_ref idref="oc-129"/>
      </symbol>
      <symbol id="sm-791">
         <name>__divdf3</name>
         <value>0x4809</value>
         <object_component_ref idref="oc-129"/>
      </symbol>
      <symbol id="sm-79a">
         <name>__aeabi_f2d</name>
         <value>0x7e51</value>
         <object_component_ref idref="oc-a8"/>
      </symbol>
      <symbol id="sm-79b">
         <name>__extendsfdf2</name>
         <value>0x7e51</value>
         <object_component_ref idref="oc-a8"/>
      </symbol>
      <symbol id="sm-7a1">
         <name>__aeabi_d2iz</name>
         <value>0x7a35</value>
         <object_component_ref idref="oc-402"/>
      </symbol>
      <symbol id="sm-7a2">
         <name>__fixdfsi</name>
         <value>0x7a35</value>
         <object_component_ref idref="oc-402"/>
      </symbol>
      <symbol id="sm-7a8">
         <name>__aeabi_f2iz</name>
         <value>0x8171</value>
         <object_component_ref idref="oc-365"/>
      </symbol>
      <symbol id="sm-7a9">
         <name>__fixsfsi</name>
         <value>0x8171</value>
         <object_component_ref idref="oc-365"/>
      </symbol>
      <symbol id="sm-7af">
         <name>__aeabi_i2d</name>
         <value>0x8719</value>
         <object_component_ref idref="oc-40a"/>
      </symbol>
      <symbol id="sm-7b0">
         <name>__floatsidf</name>
         <value>0x8719</value>
         <object_component_ref idref="oc-40a"/>
      </symbol>
      <symbol id="sm-7b6">
         <name>__aeabi_i2f</name>
         <value>0x80bd</value>
         <object_component_ref idref="oc-98"/>
      </symbol>
      <symbol id="sm-7b7">
         <name>__floatsisf</name>
         <value>0x80bd</value>
         <object_component_ref idref="oc-98"/>
      </symbol>
      <symbol id="sm-7bd">
         <name>__aeabi_ui2f</name>
         <value>0x8869</value>
         <object_component_ref idref="oc-361"/>
      </symbol>
      <symbol id="sm-7be">
         <name>__floatunsisf</name>
         <value>0x8869</value>
         <object_component_ref idref="oc-361"/>
      </symbol>
      <symbol id="sm-7c4">
         <name>__aeabi_lmul</name>
         <value>0x8a11</value>
         <object_component_ref idref="oc-3b1"/>
      </symbol>
      <symbol id="sm-7c5">
         <name>__muldi3</name>
         <value>0x8a11</value>
         <object_component_ref idref="oc-3b1"/>
      </symbol>
      <symbol id="sm-7cc">
         <name>__aeabi_d2f</name>
         <value>0x6ce1</value>
         <object_component_ref idref="oc-b6"/>
      </symbol>
      <symbol id="sm-7cd">
         <name>__truncdfsf2</name>
         <value>0x6ce1</value>
         <object_component_ref idref="oc-b6"/>
      </symbol>
      <symbol id="sm-7d3">
         <name>__aeabi_dcmpeq</name>
         <value>0x7315</value>
         <object_component_ref idref="oc-11c"/>
      </symbol>
      <symbol id="sm-7d4">
         <name>__aeabi_dcmplt</name>
         <value>0x7329</value>
         <object_component_ref idref="oc-11c"/>
      </symbol>
      <symbol id="sm-7d5">
         <name>__aeabi_dcmple</name>
         <value>0x733d</value>
         <object_component_ref idref="oc-11c"/>
      </symbol>
      <symbol id="sm-7d6">
         <name>__aeabi_dcmpge</name>
         <value>0x7351</value>
         <object_component_ref idref="oc-11c"/>
      </symbol>
      <symbol id="sm-7d7">
         <name>__aeabi_dcmpgt</name>
         <value>0x7365</value>
         <object_component_ref idref="oc-11c"/>
      </symbol>
      <symbol id="sm-7dd">
         <name>__aeabi_idiv</name>
         <value>0x770d</value>
         <object_component_ref idref="oc-369"/>
      </symbol>
      <symbol id="sm-7de">
         <name>__aeabi_idivmod</name>
         <value>0x770d</value>
         <object_component_ref idref="oc-369"/>
      </symbol>
      <symbol id="sm-7e4">
         <name>__aeabi_memcpy</name>
         <value>0x954d</value>
         <object_component_ref idref="oc-4a"/>
      </symbol>
      <symbol id="sm-7e5">
         <name>__aeabi_memcpy4</name>
         <value>0x954d</value>
         <object_component_ref idref="oc-4a"/>
      </symbol>
      <symbol id="sm-7e6">
         <name>__aeabi_memcpy8</name>
         <value>0x954d</value>
         <object_component_ref idref="oc-4a"/>
      </symbol>
      <symbol id="sm-7ef">
         <name>__aeabi_memset</name>
         <value>0x9461</value>
         <object_component_ref idref="oc-3a1"/>
      </symbol>
      <symbol id="sm-7f0">
         <name>__aeabi_memset4</name>
         <value>0x9461</value>
         <object_component_ref idref="oc-3a1"/>
      </symbol>
      <symbol id="sm-7f1">
         <name>__aeabi_memset8</name>
         <value>0x9461</value>
         <object_component_ref idref="oc-3a1"/>
      </symbol>
      <symbol id="sm-7f2">
         <name>__aeabi_memclr</name>
         <value>0x9499</value>
         <object_component_ref idref="oc-77"/>
      </symbol>
      <symbol id="sm-7f3">
         <name>__aeabi_memclr4</name>
         <value>0x9499</value>
         <object_component_ref idref="oc-77"/>
      </symbol>
      <symbol id="sm-7f4">
         <name>__aeabi_memclr8</name>
         <value>0x9499</value>
         <object_component_ref idref="oc-77"/>
      </symbol>
      <symbol id="sm-7fa">
         <name>__aeabi_uidiv</name>
         <value>0x7e11</value>
         <object_component_ref idref="oc-184"/>
      </symbol>
      <symbol id="sm-7fb">
         <name>__aeabi_uidivmod</name>
         <value>0x7e11</value>
         <object_component_ref idref="oc-184"/>
      </symbol>
      <symbol id="sm-801">
         <name>__aeabi_uldivmod</name>
         <value>0x92cd</value>
         <object_component_ref idref="oc-3b6"/>
      </symbol>
      <symbol id="sm-807">
         <name>__udivmoddi4</name>
         <value>0x6091</value>
         <object_component_ref idref="oc-3f5"/>
      </symbol>
      <symbol id="sm-80d">
         <name>__aeabi_llsl</name>
         <value>0x8bbd</value>
         <object_component_ref idref="oc-418"/>
      </symbol>
      <symbol id="sm-80e">
         <name>__ashldi3</name>
         <value>0x8bbd</value>
         <object_component_ref idref="oc-418"/>
      </symbol>
      <symbol id="sm-81c">
         <name>__ledf2</name>
         <value>0x704d</value>
         <object_component_ref idref="oc-193"/>
      </symbol>
      <symbol id="sm-81d">
         <name>__gedf2</name>
         <value>0x6c6d</value>
         <object_component_ref idref="oc-199"/>
      </symbol>
      <symbol id="sm-81e">
         <name>__cmpdf2</name>
         <value>0x704d</value>
         <object_component_ref idref="oc-193"/>
      </symbol>
      <symbol id="sm-81f">
         <name>__eqdf2</name>
         <value>0x704d</value>
         <object_component_ref idref="oc-193"/>
      </symbol>
      <symbol id="sm-820">
         <name>__ltdf2</name>
         <value>0x704d</value>
         <object_component_ref idref="oc-193"/>
      </symbol>
      <symbol id="sm-821">
         <name>__nedf2</name>
         <value>0x704d</value>
         <object_component_ref idref="oc-193"/>
      </symbol>
      <symbol id="sm-822">
         <name>__gtdf2</name>
         <value>0x6c6d</value>
         <object_component_ref idref="oc-199"/>
      </symbol>
      <symbol id="sm-82f">
         <name>__aeabi_idiv0</name>
         <value>0x313b</value>
         <object_component_ref idref="oc-262"/>
      </symbol>
      <symbol id="sm-830">
         <name>__aeabi_ldiv0</name>
         <value>0x3c47</value>
         <object_component_ref idref="oc-417"/>
      </symbol>
      <symbol id="sm-839">
         <name>TI_memcpy_small</name>
         <value>0x93cd</value>
         <object_component_ref idref="oc-cb"/>
      </symbol>
      <symbol id="sm-842">
         <name>TI_memset_small</name>
         <value>0x948b</value>
         <object_component_ref idref="oc-13b"/>
      </symbol>
      <symbol id="sm-843">
         <name>__TI_static_base__</name>
         <value>0x0</value>
      </symbol>
      <symbol id="sm-847">
         <name>__mpu_init</name>
         <value>0x0</value>
      </symbol>
      <symbol id="sm-848">
         <name>_system_post_cinit</name>
         <value>0x0</value>
      </symbol>
   </symbol_table>
   <title>Link successful</title>
</link_info>
