<?xml version="1.0" encoding="ISO-8859-1" ?>
<link_info>
   <banner>TI ARM Clang Linker PC v4.0.3.LTS</banner>
   <copyright>Copyright (c) 1996-2018 Texas Instruments Incorporated</copyright>
   <command_line>C:\ti\ccs2020\ccs\tools\compiler\ti-cgt-armllvm_4.0.3.LTS\bin\tiarmlnk -IC:\ti\ccs2020\ccs\tools\compiler\ti-cgt-armllvm_4.0.3.LTS\lib -o car2025_11_16.out -mcar2025_11_16.map -iC:/ti/mspm0_sdk_2_04_00_06/source -iC:/Users/renyu/workspace_ccstheia/car2025_11_16 -iC:/Users/renyu/workspace_ccstheia/car2025_11_16/Debug/syscfg -iC:/ti/ccs2020/ccs/tools/compiler/ti-cgt-armllvm_4.0.3.LTS/lib --diag_wrap=off --display_error_number --warn_sections --xml_link_info=car2025_11_16_linkInfo.xml --rom_model ./ti_msp_dl_config.o ./startup_mspm0g350x_ticlang.o ./main.o ./MPU6050/inv_mpu.o ./MPU6050/inv_mpu_dmp_motion_driver.o ./MPU6050/mpu6050.o ./MPU6050/mspm0_i2c.o ./MSPM0/clock.o ./MSPM0/electrical_machinery.o ./MSPM0/interrupt.o ./MSPM0/mspm0_xj_i2c.o ./OLED/csrc/chinesetxt.o ./OLED/csrc/mui.o ./OLED/csrc/mui_u8g2.o ./OLED/csrc/u8g2_arc.o ./OLED/csrc/u8g2_bitmap.o ./OLED/csrc/u8g2_box.o ./OLED/csrc/u8g2_buffer.o ./OLED/csrc/u8g2_button.o ./OLED/csrc/u8g2_circle.o ./OLED/csrc/u8g2_cleardisplay.o ./OLED/csrc/u8g2_d_memory.o ./OLED/csrc/u8g2_d_setup.o ./OLED/csrc/u8g2_font.o ./OLED/csrc/u8g2_fonts.o ./OLED/csrc/u8g2_hvline.o ./OLED/csrc/u8g2_input_value.o ./OLED/csrc/u8g2_intersection.o ./OLED/csrc/u8g2_kerning.o ./OLED/csrc/u8g2_line.o ./OLED/csrc/u8g2_ll_hvline.o ./OLED/csrc/u8g2_message.o ./OLED/csrc/u8g2_polygon.o ./OLED/csrc/u8g2_selection_list.o ./OLED/csrc/u8g2_setup.o ./OLED/csrc/u8log.o ./OLED/csrc/u8log_u8g2.o ./OLED/csrc/u8log_u8x8.o ./OLED/csrc/u8x8_8x8.o ./OLED/csrc/u8x8_byte.o ./OLED/csrc/u8x8_cad.o ./OLED/csrc/u8x8_capture.o ./OLED/csrc/u8x8_d_ssd1306_128x64_noname.o ./OLED/csrc/u8x8_debounce.o ./OLED/csrc/u8x8_display.o ./OLED/csrc/u8x8_fonts.o ./OLED/csrc/u8x8_gpio.o ./OLED/csrc/u8x8_input_value.o ./OLED/csrc/u8x8_message.o ./OLED/csrc/u8x8_selection_list.o ./OLED/csrc/u8x8_setup.o ./OLED/csrc/u8x8_string.o ./OLED/csrc/u8x8_u16toa.o ./OLED/csrc/u8x8_u8toa.o ./OLED/draw.o ./OLED/oled.o ./Tracking/line_follower.o ./UART/uart.o -l./device_linker.cmd -ldevice.cmd.genlibs -llibc.a --start-group -llibc++.a -llibc++abi.a -llibc.a -llibsys.a -llibsysbm.a -llibclang_rt.builtins.a -llibclang_rt.profile.a --end-group --cg_opt_level=0</command_line>
   <link_time>0x691c8bd6</link_time>
   <link_errors>0x0</link_errors>
   <output_file>C:\Users\renyu\workspace_ccstheia\car2025_11_16\Debug\car2025_11_16.out</output_file>
   <entry_point>
      <name>_c_int00_noargs</name>
      <address>0x8b95</address>
   </entry_point>
   <input_file_list>
      <input_file id="fl-1">
         <path>C:\Users\renyu\workspace_ccstheia\car2025_11_16\Debug\.\</path>
         <kind>object</kind>
         <file>ti_msp_dl_config.o</file>
         <name>ti_msp_dl_config.o</name>
      </input_file>
      <input_file id="fl-2">
         <path>C:\Users\renyu\workspace_ccstheia\car2025_11_16\Debug\.\</path>
         <kind>object</kind>
         <file>startup_mspm0g350x_ticlang.o</file>
         <name>startup_mspm0g350x_ticlang.o</name>
      </input_file>
      <input_file id="fl-3">
         <path>C:\Users\renyu\workspace_ccstheia\car2025_11_16\Debug\.\</path>
         <kind>object</kind>
         <file>main.o</file>
         <name>main.o</name>
      </input_file>
      <input_file id="fl-4">
         <path>C:\Users\renyu\workspace_ccstheia\car2025_11_16\Debug\.\MPU6050\</path>
         <kind>object</kind>
         <file>inv_mpu.o</file>
         <name>inv_mpu.o</name>
      </input_file>
      <input_file id="fl-5">
         <path>C:\Users\renyu\workspace_ccstheia\car2025_11_16\Debug\.\MPU6050\</path>
         <kind>object</kind>
         <file>inv_mpu_dmp_motion_driver.o</file>
         <name>inv_mpu_dmp_motion_driver.o</name>
      </input_file>
      <input_file id="fl-6">
         <path>C:\Users\renyu\workspace_ccstheia\car2025_11_16\Debug\.\MPU6050\</path>
         <kind>object</kind>
         <file>mpu6050.o</file>
         <name>mpu6050.o</name>
      </input_file>
      <input_file id="fl-7">
         <path>C:\Users\renyu\workspace_ccstheia\car2025_11_16\Debug\.\MPU6050\</path>
         <kind>object</kind>
         <file>mspm0_i2c.o</file>
         <name>mspm0_i2c.o</name>
      </input_file>
      <input_file id="fl-8">
         <path>C:\Users\renyu\workspace_ccstheia\car2025_11_16\Debug\.\MSPM0\</path>
         <kind>object</kind>
         <file>clock.o</file>
         <name>clock.o</name>
      </input_file>
      <input_file id="fl-9">
         <path>C:\Users\renyu\workspace_ccstheia\car2025_11_16\Debug\.\MSPM0\</path>
         <kind>object</kind>
         <file>electrical_machinery.o</file>
         <name>electrical_machinery.o</name>
      </input_file>
      <input_file id="fl-a">
         <path>C:\Users\renyu\workspace_ccstheia\car2025_11_16\Debug\.\MSPM0\</path>
         <kind>object</kind>
         <file>interrupt.o</file>
         <name>interrupt.o</name>
      </input_file>
      <input_file id="fl-b">
         <path>C:\Users\renyu\workspace_ccstheia\car2025_11_16\Debug\.\MSPM0\</path>
         <kind>object</kind>
         <file>mspm0_xj_i2c.o</file>
         <name>mspm0_xj_i2c.o</name>
      </input_file>
      <input_file id="fl-c">
         <path>C:\Users\renyu\workspace_ccstheia\car2025_11_16\Debug\.\OLED\csrc\</path>
         <kind>object</kind>
         <file>chinesetxt.o</file>
         <name>chinesetxt.o</name>
      </input_file>
      <input_file id="fl-d">
         <path>C:\Users\renyu\workspace_ccstheia\car2025_11_16\Debug\.\OLED\csrc\</path>
         <kind>object</kind>
         <file>mui.o</file>
         <name>mui.o</name>
      </input_file>
      <input_file id="fl-e">
         <path>C:\Users\renyu\workspace_ccstheia\car2025_11_16\Debug\.\OLED\csrc\</path>
         <kind>object</kind>
         <file>mui_u8g2.o</file>
         <name>mui_u8g2.o</name>
      </input_file>
      <input_file id="fl-f">
         <path>C:\Users\renyu\workspace_ccstheia\car2025_11_16\Debug\.\OLED\csrc\</path>
         <kind>object</kind>
         <file>u8g2_arc.o</file>
         <name>u8g2_arc.o</name>
      </input_file>
      <input_file id="fl-10">
         <path>C:\Users\renyu\workspace_ccstheia\car2025_11_16\Debug\.\OLED\csrc\</path>
         <kind>object</kind>
         <file>u8g2_bitmap.o</file>
         <name>u8g2_bitmap.o</name>
      </input_file>
      <input_file id="fl-11">
         <path>C:\Users\renyu\workspace_ccstheia\car2025_11_16\Debug\.\OLED\csrc\</path>
         <kind>object</kind>
         <file>u8g2_box.o</file>
         <name>u8g2_box.o</name>
      </input_file>
      <input_file id="fl-12">
         <path>C:\Users\renyu\workspace_ccstheia\car2025_11_16\Debug\.\OLED\csrc\</path>
         <kind>object</kind>
         <file>u8g2_buffer.o</file>
         <name>u8g2_buffer.o</name>
      </input_file>
      <input_file id="fl-13">
         <path>C:\Users\renyu\workspace_ccstheia\car2025_11_16\Debug\.\OLED\csrc\</path>
         <kind>object</kind>
         <file>u8g2_button.o</file>
         <name>u8g2_button.o</name>
      </input_file>
      <input_file id="fl-14">
         <path>C:\Users\renyu\workspace_ccstheia\car2025_11_16\Debug\.\OLED\csrc\</path>
         <kind>object</kind>
         <file>u8g2_circle.o</file>
         <name>u8g2_circle.o</name>
      </input_file>
      <input_file id="fl-15">
         <path>C:\Users\renyu\workspace_ccstheia\car2025_11_16\Debug\.\OLED\csrc\</path>
         <kind>object</kind>
         <file>u8g2_cleardisplay.o</file>
         <name>u8g2_cleardisplay.o</name>
      </input_file>
      <input_file id="fl-16">
         <path>C:\Users\renyu\workspace_ccstheia\car2025_11_16\Debug\.\OLED\csrc\</path>
         <kind>object</kind>
         <file>u8g2_d_memory.o</file>
         <name>u8g2_d_memory.o</name>
      </input_file>
      <input_file id="fl-17">
         <path>C:\Users\renyu\workspace_ccstheia\car2025_11_16\Debug\.\OLED\csrc\</path>
         <kind>object</kind>
         <file>u8g2_d_setup.o</file>
         <name>u8g2_d_setup.o</name>
      </input_file>
      <input_file id="fl-18">
         <path>C:\Users\renyu\workspace_ccstheia\car2025_11_16\Debug\.\OLED\csrc\</path>
         <kind>object</kind>
         <file>u8g2_font.o</file>
         <name>u8g2_font.o</name>
      </input_file>
      <input_file id="fl-19">
         <path>C:\Users\renyu\workspace_ccstheia\car2025_11_16\Debug\.\OLED\csrc\</path>
         <kind>object</kind>
         <file>u8g2_fonts.o</file>
         <name>u8g2_fonts.o</name>
      </input_file>
      <input_file id="fl-1a">
         <path>C:\Users\renyu\workspace_ccstheia\car2025_11_16\Debug\.\OLED\csrc\</path>
         <kind>object</kind>
         <file>u8g2_hvline.o</file>
         <name>u8g2_hvline.o</name>
      </input_file>
      <input_file id="fl-1b">
         <path>C:\Users\renyu\workspace_ccstheia\car2025_11_16\Debug\.\OLED\csrc\</path>
         <kind>object</kind>
         <file>u8g2_input_value.o</file>
         <name>u8g2_input_value.o</name>
      </input_file>
      <input_file id="fl-1c">
         <path>C:\Users\renyu\workspace_ccstheia\car2025_11_16\Debug\.\OLED\csrc\</path>
         <kind>object</kind>
         <file>u8g2_intersection.o</file>
         <name>u8g2_intersection.o</name>
      </input_file>
      <input_file id="fl-1d">
         <path>C:\Users\renyu\workspace_ccstheia\car2025_11_16\Debug\.\OLED\csrc\</path>
         <kind>object</kind>
         <file>u8g2_kerning.o</file>
         <name>u8g2_kerning.o</name>
      </input_file>
      <input_file id="fl-1e">
         <path>C:\Users\renyu\workspace_ccstheia\car2025_11_16\Debug\.\OLED\csrc\</path>
         <kind>object</kind>
         <file>u8g2_line.o</file>
         <name>u8g2_line.o</name>
      </input_file>
      <input_file id="fl-1f">
         <path>C:\Users\renyu\workspace_ccstheia\car2025_11_16\Debug\.\OLED\csrc\</path>
         <kind>object</kind>
         <file>u8g2_ll_hvline.o</file>
         <name>u8g2_ll_hvline.o</name>
      </input_file>
      <input_file id="fl-20">
         <path>C:\Users\renyu\workspace_ccstheia\car2025_11_16\Debug\.\OLED\csrc\</path>
         <kind>object</kind>
         <file>u8g2_message.o</file>
         <name>u8g2_message.o</name>
      </input_file>
      <input_file id="fl-21">
         <path>C:\Users\renyu\workspace_ccstheia\car2025_11_16\Debug\.\OLED\csrc\</path>
         <kind>object</kind>
         <file>u8g2_polygon.o</file>
         <name>u8g2_polygon.o</name>
      </input_file>
      <input_file id="fl-22">
         <path>C:\Users\renyu\workspace_ccstheia\car2025_11_16\Debug\.\OLED\csrc\</path>
         <kind>object</kind>
         <file>u8g2_selection_list.o</file>
         <name>u8g2_selection_list.o</name>
      </input_file>
      <input_file id="fl-23">
         <path>C:\Users\renyu\workspace_ccstheia\car2025_11_16\Debug\.\OLED\csrc\</path>
         <kind>object</kind>
         <file>u8g2_setup.o</file>
         <name>u8g2_setup.o</name>
      </input_file>
      <input_file id="fl-24">
         <path>C:\Users\renyu\workspace_ccstheia\car2025_11_16\Debug\.\OLED\csrc\</path>
         <kind>object</kind>
         <file>u8log.o</file>
         <name>u8log.o</name>
      </input_file>
      <input_file id="fl-25">
         <path>C:\Users\renyu\workspace_ccstheia\car2025_11_16\Debug\.\OLED\csrc\</path>
         <kind>object</kind>
         <file>u8log_u8g2.o</file>
         <name>u8log_u8g2.o</name>
      </input_file>
      <input_file id="fl-26">
         <path>C:\Users\renyu\workspace_ccstheia\car2025_11_16\Debug\.\OLED\csrc\</path>
         <kind>object</kind>
         <file>u8log_u8x8.o</file>
         <name>u8log_u8x8.o</name>
      </input_file>
      <input_file id="fl-27">
         <path>C:\Users\renyu\workspace_ccstheia\car2025_11_16\Debug\.\OLED\csrc\</path>
         <kind>object</kind>
         <file>u8x8_8x8.o</file>
         <name>u8x8_8x8.o</name>
      </input_file>
      <input_file id="fl-28">
         <path>C:\Users\renyu\workspace_ccstheia\car2025_11_16\Debug\.\OLED\csrc\</path>
         <kind>object</kind>
         <file>u8x8_byte.o</file>
         <name>u8x8_byte.o</name>
      </input_file>
      <input_file id="fl-29">
         <path>C:\Users\renyu\workspace_ccstheia\car2025_11_16\Debug\.\OLED\csrc\</path>
         <kind>object</kind>
         <file>u8x8_cad.o</file>
         <name>u8x8_cad.o</name>
      </input_file>
      <input_file id="fl-2a">
         <path>C:\Users\renyu\workspace_ccstheia\car2025_11_16\Debug\.\OLED\csrc\</path>
         <kind>object</kind>
         <file>u8x8_capture.o</file>
         <name>u8x8_capture.o</name>
      </input_file>
      <input_file id="fl-2b">
         <path>C:\Users\renyu\workspace_ccstheia\car2025_11_16\Debug\.\OLED\csrc\</path>
         <kind>object</kind>
         <file>u8x8_d_ssd1306_128x64_noname.o</file>
         <name>u8x8_d_ssd1306_128x64_noname.o</name>
      </input_file>
      <input_file id="fl-2c">
         <path>C:\Users\renyu\workspace_ccstheia\car2025_11_16\Debug\.\OLED\csrc\</path>
         <kind>object</kind>
         <file>u8x8_debounce.o</file>
         <name>u8x8_debounce.o</name>
      </input_file>
      <input_file id="fl-2d">
         <path>C:\Users\renyu\workspace_ccstheia\car2025_11_16\Debug\.\OLED\csrc\</path>
         <kind>object</kind>
         <file>u8x8_display.o</file>
         <name>u8x8_display.o</name>
      </input_file>
      <input_file id="fl-2e">
         <path>C:\Users\renyu\workspace_ccstheia\car2025_11_16\Debug\.\OLED\csrc\</path>
         <kind>object</kind>
         <file>u8x8_fonts.o</file>
         <name>u8x8_fonts.o</name>
      </input_file>
      <input_file id="fl-2f">
         <path>C:\Users\renyu\workspace_ccstheia\car2025_11_16\Debug\.\OLED\csrc\</path>
         <kind>object</kind>
         <file>u8x8_gpio.o</file>
         <name>u8x8_gpio.o</name>
      </input_file>
      <input_file id="fl-30">
         <path>C:\Users\renyu\workspace_ccstheia\car2025_11_16\Debug\.\OLED\csrc\</path>
         <kind>object</kind>
         <file>u8x8_input_value.o</file>
         <name>u8x8_input_value.o</name>
      </input_file>
      <input_file id="fl-31">
         <path>C:\Users\renyu\workspace_ccstheia\car2025_11_16\Debug\.\OLED\csrc\</path>
         <kind>object</kind>
         <file>u8x8_message.o</file>
         <name>u8x8_message.o</name>
      </input_file>
      <input_file id="fl-32">
         <path>C:\Users\renyu\workspace_ccstheia\car2025_11_16\Debug\.\OLED\csrc\</path>
         <kind>object</kind>
         <file>u8x8_selection_list.o</file>
         <name>u8x8_selection_list.o</name>
      </input_file>
      <input_file id="fl-33">
         <path>C:\Users\renyu\workspace_ccstheia\car2025_11_16\Debug\.\OLED\csrc\</path>
         <kind>object</kind>
         <file>u8x8_setup.o</file>
         <name>u8x8_setup.o</name>
      </input_file>
      <input_file id="fl-34">
         <path>C:\Users\renyu\workspace_ccstheia\car2025_11_16\Debug\.\OLED\csrc\</path>
         <kind>object</kind>
         <file>u8x8_string.o</file>
         <name>u8x8_string.o</name>
      </input_file>
      <input_file id="fl-35">
         <path>C:\Users\renyu\workspace_ccstheia\car2025_11_16\Debug\.\OLED\csrc\</path>
         <kind>object</kind>
         <file>u8x8_u16toa.o</file>
         <name>u8x8_u16toa.o</name>
      </input_file>
      <input_file id="fl-36">
         <path>C:\Users\renyu\workspace_ccstheia\car2025_11_16\Debug\.\OLED\csrc\</path>
         <kind>object</kind>
         <file>u8x8_u8toa.o</file>
         <name>u8x8_u8toa.o</name>
      </input_file>
      <input_file id="fl-37">
         <path>C:\Users\renyu\workspace_ccstheia\car2025_11_16\Debug\.\OLED\</path>
         <kind>object</kind>
         <file>draw.o</file>
         <name>draw.o</name>
      </input_file>
      <input_file id="fl-38">
         <path>C:\Users\renyu\workspace_ccstheia\car2025_11_16\Debug\.\OLED\</path>
         <kind>object</kind>
         <file>oled.o</file>
         <name>oled.o</name>
      </input_file>
      <input_file id="fl-39">
         <path>C:\Users\renyu\workspace_ccstheia\car2025_11_16\Debug\.\Tracking\</path>
         <kind>object</kind>
         <file>line_follower.o</file>
         <name>line_follower.o</name>
      </input_file>
      <input_file id="fl-3a">
         <path>C:\Users\renyu\workspace_ccstheia\car2025_11_16\Debug\.\UART\</path>
         <kind>object</kind>
         <file>uart.o</file>
         <name>uart.o</name>
      </input_file>
      <input_file id="fl-47">
         <path>C:\Users\renyu\workspace_ccstheia\car2025_11_16\Debug\</path>
         <kind>object</kind>
         <file>&lt;internal&gt;</file>
         <name>&lt;internal&gt;</name>
      </input_file>
      <input_file id="fl-48">
         <path>C:\ti\mspm0_sdk_2_04_00_06\source\ti\driverlib\lib\ticlang\m0p\mspm0g1x0x_g3x0x\</path>
         <kind>archive</kind>
         <file>driverlib.a</file>
         <name>dl_common.o</name>
      </input_file>
      <input_file id="fl-49">
         <path>C:\ti\mspm0_sdk_2_04_00_06\source\ti\driverlib\lib\ticlang\m0p\mspm0g1x0x_g3x0x\</path>
         <kind>archive</kind>
         <file>driverlib.a</file>
         <name>dl_i2c.o</name>
      </input_file>
      <input_file id="fl-4a">
         <path>C:\ti\mspm0_sdk_2_04_00_06\source\ti\driverlib\lib\ticlang\m0p\mspm0g1x0x_g3x0x\</path>
         <kind>archive</kind>
         <file>driverlib.a</file>
         <name>dl_timer.o</name>
      </input_file>
      <input_file id="fl-4b">
         <path>C:\ti\mspm0_sdk_2_04_00_06\source\ti\driverlib\lib\ticlang\m0p\mspm0g1x0x_g3x0x\</path>
         <kind>archive</kind>
         <file>driverlib.a</file>
         <name>dl_uart.o</name>
      </input_file>
      <input_file id="fl-4c">
         <path>C:\ti\mspm0_sdk_2_04_00_06\source\ti\driverlib\lib\ticlang\m0p\mspm0g1x0x_g3x0x\</path>
         <kind>archive</kind>
         <file>driverlib.a</file>
         <name>dl_sysctl_mspm0g1x0x_g3x0x.o</name>
      </input_file>
      <input_file id="fl-63">
         <path>C:\ti\ccs2020\ccs\tools\compiler\ti-cgt-armllvm_4.0.3.LTS\lib\armv6m-ti-none-eabi\c\</path>
         <kind>archive</kind>
         <file>libc.a</file>
         <name>printf.c.obj</name>
      </input_file>
      <input_file id="fl-64">
         <path>C:\ti\ccs2020\ccs\tools\compiler\ti-cgt-armllvm_4.0.3.LTS\lib\armv6m-ti-none-eabi\c\</path>
         <kind>archive</kind>
         <file>libc.a</file>
         <name>_printfi.c.obj</name>
      </input_file>
      <input_file id="fl-65">
         <path>C:\ti\ccs2020\ccs\tools\compiler\ti-cgt-armllvm_4.0.3.LTS\lib\armv6m-ti-none-eabi\c\</path>
         <kind>archive</kind>
         <file>libc.a</file>
         <name>sprintf.c.obj</name>
      </input_file>
      <input_file id="fl-66">
         <path>C:\ti\ccs2020\ccs\tools\compiler\ti-cgt-armllvm_4.0.3.LTS\lib\armv6m-ti-none-eabi\c\</path>
         <kind>archive</kind>
         <file>libc.a</file>
         <name>e_asin.c.obj</name>
      </input_file>
      <input_file id="fl-67">
         <path>C:\ti\ccs2020\ccs\tools\compiler\ti-cgt-armllvm_4.0.3.LTS\lib\armv6m-ti-none-eabi\c\</path>
         <kind>archive</kind>
         <file>libc.a</file>
         <name>e_atan2.c.obj</name>
      </input_file>
      <input_file id="fl-68">
         <path>C:\ti\ccs2020\ccs\tools\compiler\ti-cgt-armllvm_4.0.3.LTS\lib\armv6m-ti-none-eabi\c\</path>
         <kind>archive</kind>
         <file>libc.a</file>
         <name>e_sqrt.c.obj</name>
      </input_file>
      <input_file id="fl-69">
         <path>C:\ti\ccs2020\ccs\tools\compiler\ti-cgt-armllvm_4.0.3.LTS\lib\armv6m-ti-none-eabi\c\</path>
         <kind>archive</kind>
         <file>libc.a</file>
         <name>s_atan.c.obj</name>
      </input_file>
      <input_file id="fl-6a">
         <path>C:\ti\ccs2020\ccs\tools\compiler\ti-cgt-armllvm_4.0.3.LTS\lib\armv6m-ti-none-eabi\c\</path>
         <kind>archive</kind>
         <file>libc.a</file>
         <name>s_frexp.c.obj</name>
      </input_file>
      <input_file id="fl-6b">
         <path>C:\ti\ccs2020\ccs\tools\compiler\ti-cgt-armllvm_4.0.3.LTS\lib\armv6m-ti-none-eabi\c\</path>
         <kind>archive</kind>
         <file>libc.a</file>
         <name>s_scalbn.c.obj</name>
      </input_file>
      <input_file id="fl-6c">
         <path>C:\ti\ccs2020\ccs\tools\compiler\ti-cgt-armllvm_4.0.3.LTS\lib\armv6m-ti-none-eabi\c\</path>
         <kind>archive</kind>
         <file>libc.a</file>
         <name>wcslen.c.obj</name>
      </input_file>
      <input_file id="fl-6d">
         <path>C:\ti\ccs2020\ccs\tools\compiler\ti-cgt-armllvm_4.0.3.LTS\lib\armv6m-ti-none-eabi\c\</path>
         <kind>archive</kind>
         <file>libc.a</file>
         <name>aeabi_portable.c.obj</name>
      </input_file>
      <input_file id="fl-6e">
         <path>C:\ti\ccs2020\ccs\tools\compiler\ti-cgt-armllvm_4.0.3.LTS\lib\armv6m-ti-none-eabi\c\</path>
         <kind>archive</kind>
         <file>libc.a</file>
         <name>_lock.c.obj</name>
      </input_file>
      <input_file id="fl-6f">
         <path>C:\ti\ccs2020\ccs\tools\compiler\ti-cgt-armllvm_4.0.3.LTS\lib\armv6m-ti-none-eabi\c\</path>
         <kind>archive</kind>
         <file>libc.a</file>
         <name>_ltoa.c.obj</name>
      </input_file>
      <input_file id="fl-70">
         <path>C:\ti\ccs2020\ccs\tools\compiler\ti-cgt-armllvm_4.0.3.LTS\lib\armv6m-ti-none-eabi\c\</path>
         <kind>archive</kind>
         <file>libc.a</file>
         <name>assert.c.obj</name>
      </input_file>
      <input_file id="fl-71">
         <path>C:\ti\ccs2020\ccs\tools\compiler\ti-cgt-armllvm_4.0.3.LTS\lib\armv6m-ti-none-eabi\c\</path>
         <kind>archive</kind>
         <file>libc.a</file>
         <name>atoi.c.obj</name>
      </input_file>
      <input_file id="fl-72">
         <path>C:\ti\ccs2020\ccs\tools\compiler\ti-cgt-armllvm_4.0.3.LTS\lib\armv6m-ti-none-eabi\c\</path>
         <kind>archive</kind>
         <file>libc.a</file>
         <name>defs.c.obj</name>
      </input_file>
      <input_file id="fl-73">
         <path>C:\ti\ccs2020\ccs\tools\compiler\ti-cgt-armllvm_4.0.3.LTS\lib\armv6m-ti-none-eabi\c\</path>
         <kind>archive</kind>
         <file>libc.a</file>
         <name>memccpy.c.obj</name>
      </input_file>
      <input_file id="fl-74">
         <path>C:\ti\ccs2020\ccs\tools\compiler\ti-cgt-armllvm_4.0.3.LTS\lib\armv6m-ti-none-eabi\c\</path>
         <kind>archive</kind>
         <file>libc.a</file>
         <name>memcmp.c.obj</name>
      </input_file>
      <input_file id="fl-75">
         <path>C:\ti\ccs2020\ccs\tools\compiler\ti-cgt-armllvm_4.0.3.LTS\lib\armv6m-ti-none-eabi\c\</path>
         <kind>archive</kind>
         <file>libc.a</file>
         <name>memory.c.obj</name>
      </input_file>
      <input_file id="fl-76">
         <path>C:\ti\ccs2020\ccs\tools\compiler\ti-cgt-armllvm_4.0.3.LTS\lib\armv6m-ti-none-eabi\c\</path>
         <kind>archive</kind>
         <file>libc.a</file>
         <name>boot_cortex_m.c.obj</name>
      </input_file>
      <input_file id="fl-77">
         <path>C:\ti\ccs2020\ccs\tools\compiler\ti-cgt-armllvm_4.0.3.LTS\lib\armv6m-ti-none-eabi\c\</path>
         <kind>archive</kind>
         <file>libc.a</file>
         <name>mathacl_init.c.obj</name>
      </input_file>
      <input_file id="fl-78">
         <path>C:\ti\ccs2020\ccs\tools\compiler\ti-cgt-armllvm_4.0.3.LTS\lib\armv6m-ti-none-eabi\c\</path>
         <kind>archive</kind>
         <file>libc.a</file>
         <name>autoinit.c.obj</name>
      </input_file>
      <input_file id="fl-79">
         <path>C:\ti\ccs2020\ccs\tools\compiler\ti-cgt-armllvm_4.0.3.LTS\lib\armv6m-ti-none-eabi\c\</path>
         <kind>archive</kind>
         <file>libc.a</file>
         <name>pre_init.c.obj</name>
      </input_file>
      <input_file id="fl-7a">
         <path>C:\ti\ccs2020\ccs\tools\compiler\ti-cgt-armllvm_4.0.3.LTS\lib\armv6m-ti-none-eabi\c\</path>
         <kind>archive</kind>
         <file>libc.a</file>
         <name>cpy_tbl.c.obj</name>
      </input_file>
      <input_file id="fl-7b">
         <path>C:\ti\ccs2020\ccs\tools\compiler\ti-cgt-armllvm_4.0.3.LTS\lib\armv6m-ti-none-eabi\c\</path>
         <kind>archive</kind>
         <file>libc.a</file>
         <name>copy_zero_init.c.obj</name>
      </input_file>
      <input_file id="fl-7c">
         <path>C:\ti\ccs2020\ccs\tools\compiler\ti-cgt-armllvm_4.0.3.LTS\lib\armv6m-ti-none-eabi\c\</path>
         <kind>archive</kind>
         <file>libc.a</file>
         <name>copy_decompress_none.c.obj</name>
      </input_file>
      <input_file id="fl-7d">
         <path>C:\ti\ccs2020\ccs\tools\compiler\ti-cgt-armllvm_4.0.3.LTS\lib\armv6m-ti-none-eabi\c\</path>
         <kind>archive</kind>
         <file>libc.a</file>
         <name>copy_decompress_lzss.c.obj</name>
      </input_file>
      <input_file id="fl-7e">
         <path>C:\ti\ccs2020\ccs\tools\compiler\ti-cgt-armllvm_4.0.3.LTS\lib\armv6m-ti-none-eabi\c\</path>
         <kind>archive</kind>
         <file>libc.a</file>
         <name>fflush.c.obj</name>
      </input_file>
      <input_file id="fl-7f">
         <path>C:\ti\ccs2020\ccs\tools\compiler\ti-cgt-armllvm_4.0.3.LTS\lib\armv6m-ti-none-eabi\c\</path>
         <kind>archive</kind>
         <file>libc.a</file>
         <name>aeabi_ctype.S.obj</name>
      </input_file>
      <input_file id="fl-80">
         <path>C:\ti\ccs2020\ccs\tools\compiler\ti-cgt-armllvm_4.0.3.LTS\lib\armv6m-ti-none-eabi\c\</path>
         <kind>archive</kind>
         <file>libc.a</file>
         <name>exit.c.obj</name>
      </input_file>
      <input_file id="fl-81">
         <path>C:\ti\ccs2020\ccs\tools\compiler\ti-cgt-armllvm_4.0.3.LTS\lib\armv6m-ti-none-eabi\c\</path>
         <kind>archive</kind>
         <file>libc.a</file>
         <name>args_main.c.obj</name>
      </input_file>
      <input_file id="fl-121">
         <path>C:\ti\ccs2020\ccs\tools\compiler\ti-cgt-armllvm_4.0.3.LTS\lib\armv6m-ti-none-eabi\c\</path>
         <kind>archive</kind>
         <file>libsysbm.a</file>
         <name>hostexit.c.obj</name>
      </input_file>
      <input_file id="fl-122">
         <path>C:\ti\ccs2020\ccs\tools\compiler\ti-cgt-armllvm_4.0.3.LTS\lib\armv6m-ti-none-eabi\c\</path>
         <kind>archive</kind>
         <file>libsysbm.a</file>
         <name>write.c.obj</name>
      </input_file>
      <input_file id="fl-123">
         <path>C:\ti\ccs2020\ccs\tools\compiler\ti-cgt-armllvm_4.0.3.LTS\lib\armv6m-ti-none-eabi\c\</path>
         <kind>archive</kind>
         <file>libsysbm.a</file>
         <name>host_device.c.obj</name>
      </input_file>
      <input_file id="fl-124">
         <path>C:\ti\ccs2020\ccs\tools\compiler\ti-cgt-armllvm_4.0.3.LTS\lib\armv6m-ti-none-eabi\c\</path>
         <kind>archive</kind>
         <file>libsysbm.a</file>
         <name>hostclose.c.obj</name>
      </input_file>
      <input_file id="fl-125">
         <path>C:\ti\ccs2020\ccs\tools\compiler\ti-cgt-armllvm_4.0.3.LTS\lib\armv6m-ti-none-eabi\c\</path>
         <kind>archive</kind>
         <file>libsysbm.a</file>
         <name>hostlseek.c.obj</name>
      </input_file>
      <input_file id="fl-126">
         <path>C:\ti\ccs2020\ccs\tools\compiler\ti-cgt-armllvm_4.0.3.LTS\lib\armv6m-ti-none-eabi\c\</path>
         <kind>archive</kind>
         <file>libsysbm.a</file>
         <name>hostopen.c.obj</name>
      </input_file>
      <input_file id="fl-127">
         <path>C:\ti\ccs2020\ccs\tools\compiler\ti-cgt-armllvm_4.0.3.LTS\lib\armv6m-ti-none-eabi\c\</path>
         <kind>archive</kind>
         <file>libsysbm.a</file>
         <name>hostread.c.obj</name>
      </input_file>
      <input_file id="fl-128">
         <path>C:\ti\ccs2020\ccs\tools\compiler\ti-cgt-armllvm_4.0.3.LTS\lib\armv6m-ti-none-eabi\c\</path>
         <kind>archive</kind>
         <file>libsysbm.a</file>
         <name>hostrename.c.obj</name>
      </input_file>
      <input_file id="fl-129">
         <path>C:\ti\ccs2020\ccs\tools\compiler\ti-cgt-armllvm_4.0.3.LTS\lib\armv6m-ti-none-eabi\c\</path>
         <kind>archive</kind>
         <file>libsysbm.a</file>
         <name>hostunlink.c.obj</name>
      </input_file>
      <input_file id="fl-12a">
         <path>C:\ti\ccs2020\ccs\tools\compiler\ti-cgt-armllvm_4.0.3.LTS\lib\armv6m-ti-none-eabi\c\</path>
         <kind>archive</kind>
         <file>libsysbm.a</file>
         <name>hostwrite.c.obj</name>
      </input_file>
      <input_file id="fl-12b">
         <path>C:\ti\ccs2020\ccs\tools\compiler\ti-cgt-armllvm_4.0.3.LTS\lib\armv6m-ti-none-eabi\c\</path>
         <kind>archive</kind>
         <file>libsysbm.a</file>
         <name>trgmsg.c.obj</name>
      </input_file>
      <input_file id="fl-12c">
         <path>C:\ti\ccs2020\ccs\tools\compiler\ti-cgt-armllvm_4.0.3.LTS\lib\armv6m-ti-none-eabi\</path>
         <kind>archive</kind>
         <file>libclang_rt.builtins.a</file>
         <name>addsf3.S.obj</name>
      </input_file>
      <input_file id="fl-12d">
         <path>C:\ti\ccs2020\ccs\tools\compiler\ti-cgt-armllvm_4.0.3.LTS\lib\armv6m-ti-none-eabi\</path>
         <kind>archive</kind>
         <file>libclang_rt.builtins.a</file>
         <name>adddf3.S.obj</name>
      </input_file>
      <input_file id="fl-12e">
         <path>C:\ti\ccs2020\ccs\tools\compiler\ti-cgt-armllvm_4.0.3.LTS\lib\armv6m-ti-none-eabi\</path>
         <kind>archive</kind>
         <file>libclang_rt.builtins.a</file>
         <name>muldf3.S.obj</name>
      </input_file>
      <input_file id="fl-12f">
         <path>C:\ti\ccs2020\ccs\tools\compiler\ti-cgt-armllvm_4.0.3.LTS\lib\armv6m-ti-none-eabi\</path>
         <kind>archive</kind>
         <file>libclang_rt.builtins.a</file>
         <name>muldsi3.S.obj</name>
      </input_file>
      <input_file id="fl-130">
         <path>C:\ti\ccs2020\ccs\tools\compiler\ti-cgt-armllvm_4.0.3.LTS\lib\armv6m-ti-none-eabi\</path>
         <kind>archive</kind>
         <file>libclang_rt.builtins.a</file>
         <name>mulsf3.S.obj</name>
      </input_file>
      <input_file id="fl-131">
         <path>C:\ti\ccs2020\ccs\tools\compiler\ti-cgt-armllvm_4.0.3.LTS\lib\armv6m-ti-none-eabi\</path>
         <kind>archive</kind>
         <file>libclang_rt.builtins.a</file>
         <name>divsf3.S.obj</name>
      </input_file>
      <input_file id="fl-132">
         <path>C:\ti\ccs2020\ccs\tools\compiler\ti-cgt-armllvm_4.0.3.LTS\lib\armv6m-ti-none-eabi\</path>
         <kind>archive</kind>
         <file>libclang_rt.builtins.a</file>
         <name>divdf3.S.obj</name>
      </input_file>
      <input_file id="fl-133">
         <path>C:\ti\ccs2020\ccs\tools\compiler\ti-cgt-armllvm_4.0.3.LTS\lib\armv6m-ti-none-eabi\</path>
         <kind>archive</kind>
         <file>libclang_rt.builtins.a</file>
         <name>extendsfdf2.S.obj</name>
      </input_file>
      <input_file id="fl-134">
         <path>C:\ti\ccs2020\ccs\tools\compiler\ti-cgt-armllvm_4.0.3.LTS\lib\armv6m-ti-none-eabi\</path>
         <kind>archive</kind>
         <file>libclang_rt.builtins.a</file>
         <name>fixdfsi.S.obj</name>
      </input_file>
      <input_file id="fl-135">
         <path>C:\ti\ccs2020\ccs\tools\compiler\ti-cgt-armllvm_4.0.3.LTS\lib\armv6m-ti-none-eabi\</path>
         <kind>archive</kind>
         <file>libclang_rt.builtins.a</file>
         <name>fixsfsi.S.obj</name>
      </input_file>
      <input_file id="fl-136">
         <path>C:\ti\ccs2020\ccs\tools\compiler\ti-cgt-armllvm_4.0.3.LTS\lib\armv6m-ti-none-eabi\</path>
         <kind>archive</kind>
         <file>libclang_rt.builtins.a</file>
         <name>floatsidf.S.obj</name>
      </input_file>
      <input_file id="fl-137">
         <path>C:\ti\ccs2020\ccs\tools\compiler\ti-cgt-armllvm_4.0.3.LTS\lib\armv6m-ti-none-eabi\</path>
         <kind>archive</kind>
         <file>libclang_rt.builtins.a</file>
         <name>floatsisf.S.obj</name>
      </input_file>
      <input_file id="fl-138">
         <path>C:\ti\ccs2020\ccs\tools\compiler\ti-cgt-armllvm_4.0.3.LTS\lib\armv6m-ti-none-eabi\</path>
         <kind>archive</kind>
         <file>libclang_rt.builtins.a</file>
         <name>floatunsisf.S.obj</name>
      </input_file>
      <input_file id="fl-139">
         <path>C:\ti\ccs2020\ccs\tools\compiler\ti-cgt-armllvm_4.0.3.LTS\lib\armv6m-ti-none-eabi\</path>
         <kind>archive</kind>
         <file>libclang_rt.builtins.a</file>
         <name>muldi3.S.obj</name>
      </input_file>
      <input_file id="fl-13a">
         <path>C:\ti\ccs2020\ccs\tools\compiler\ti-cgt-armllvm_4.0.3.LTS\lib\armv6m-ti-none-eabi\</path>
         <kind>archive</kind>
         <file>libclang_rt.builtins.a</file>
         <name>truncdfsf2.S.obj</name>
      </input_file>
      <input_file id="fl-13b">
         <path>C:\ti\ccs2020\ccs\tools\compiler\ti-cgt-armllvm_4.0.3.LTS\lib\armv6m-ti-none-eabi\</path>
         <kind>archive</kind>
         <file>libclang_rt.builtins.a</file>
         <name>aeabi_dcmp.S.obj</name>
      </input_file>
      <input_file id="fl-13c">
         <path>C:\ti\ccs2020\ccs\tools\compiler\ti-cgt-armllvm_4.0.3.LTS\lib\armv6m-ti-none-eabi\</path>
         <kind>archive</kind>
         <file>libclang_rt.builtins.a</file>
         <name>aeabi_fcmp.S.obj</name>
      </input_file>
      <input_file id="fl-13d">
         <path>C:\ti\ccs2020\ccs\tools\compiler\ti-cgt-armllvm_4.0.3.LTS\lib\armv6m-ti-none-eabi\</path>
         <kind>archive</kind>
         <file>libclang_rt.builtins.a</file>
         <name>aeabi_idivmod.S.obj</name>
      </input_file>
      <input_file id="fl-13e">
         <path>C:\ti\ccs2020\ccs\tools\compiler\ti-cgt-armllvm_4.0.3.LTS\lib\armv6m-ti-none-eabi\</path>
         <kind>archive</kind>
         <file>libclang_rt.builtins.a</file>
         <name>aeabi_ldivmod.S.obj</name>
      </input_file>
      <input_file id="fl-13f">
         <path>C:\ti\ccs2020\ccs\tools\compiler\ti-cgt-armllvm_4.0.3.LTS\lib\armv6m-ti-none-eabi\</path>
         <kind>archive</kind>
         <file>libclang_rt.builtins.a</file>
         <name>aeabi_memcpy.S.obj</name>
      </input_file>
      <input_file id="fl-140">
         <path>C:\ti\ccs2020\ccs\tools\compiler\ti-cgt-armllvm_4.0.3.LTS\lib\armv6m-ti-none-eabi\</path>
         <kind>archive</kind>
         <file>libclang_rt.builtins.a</file>
         <name>aeabi_memset.S.obj</name>
      </input_file>
      <input_file id="fl-141">
         <path>C:\ti\ccs2020\ccs\tools\compiler\ti-cgt-armllvm_4.0.3.LTS\lib\armv6m-ti-none-eabi\</path>
         <kind>archive</kind>
         <file>libclang_rt.builtins.a</file>
         <name>aeabi_uidivmod.S.obj</name>
      </input_file>
      <input_file id="fl-142">
         <path>C:\ti\ccs2020\ccs\tools\compiler\ti-cgt-armllvm_4.0.3.LTS\lib\armv6m-ti-none-eabi\</path>
         <kind>archive</kind>
         <file>libclang_rt.builtins.a</file>
         <name>aeabi_uldivmod.S.obj</name>
      </input_file>
      <input_file id="fl-143">
         <path>C:\ti\ccs2020\ccs\tools\compiler\ti-cgt-armllvm_4.0.3.LTS\lib\armv6m-ti-none-eabi\</path>
         <kind>archive</kind>
         <file>libclang_rt.builtins.a</file>
         <name>comparesf2.S.obj</name>
      </input_file>
      <input_file id="fl-144">
         <path>C:\ti\ccs2020\ccs\tools\compiler\ti-cgt-armllvm_4.0.3.LTS\lib\armv6m-ti-none-eabi\</path>
         <kind>archive</kind>
         <file>libclang_rt.builtins.a</file>
         <name>udivmoddi4.S.obj</name>
      </input_file>
      <input_file id="fl-145">
         <path>C:\ti\ccs2020\ccs\tools\compiler\ti-cgt-armllvm_4.0.3.LTS\lib\armv6m-ti-none-eabi\</path>
         <kind>archive</kind>
         <file>libclang_rt.builtins.a</file>
         <name>ashldi3.S.obj</name>
      </input_file>
      <input_file id="fl-146">
         <path>C:\ti\ccs2020\ccs\tools\compiler\ti-cgt-armllvm_4.0.3.LTS\lib\armv6m-ti-none-eabi\</path>
         <kind>archive</kind>
         <file>libclang_rt.builtins.a</file>
         <name>comparedf2.c.obj</name>
      </input_file>
      <input_file id="fl-147">
         <path>C:\ti\ccs2020\ccs\tools\compiler\ti-cgt-armllvm_4.0.3.LTS\lib\armv6m-ti-none-eabi\</path>
         <kind>archive</kind>
         <file>libclang_rt.builtins.a</file>
         <name>divmoddi4.c.obj</name>
      </input_file>
      <input_file id="fl-148">
         <path>C:\ti\ccs2020\ccs\tools\compiler\ti-cgt-armllvm_4.0.3.LTS\lib\armv6m-ti-none-eabi\</path>
         <kind>archive</kind>
         <file>libclang_rt.builtins.a</file>
         <name>aeabi_div0.c.obj</name>
      </input_file>
      <input_file id="fl-149">
         <path>C:\ti\ccs2020\ccs\tools\compiler\ti-cgt-armllvm_4.0.3.LTS\lib\armv6m-ti-none-eabi\c\</path>
         <kind>archive</kind>
         <file>libc.a</file>
         <name>memcpy16.S.obj</name>
      </input_file>
      <input_file id="fl-14a">
         <path>C:\ti\ccs2020\ccs\tools\compiler\ti-cgt-armllvm_4.0.3.LTS\lib\armv6m-ti-none-eabi\c\</path>
         <kind>archive</kind>
         <file>libc.a</file>
         <name>memset16.S.obj</name>
      </input_file>
   </input_file_list>
   <object_component_list>
      <object_component id="oc-18">
         <name>.intvecs</name>
         <load_address>0x0</load_address>
         <readonly>true</readonly>
         <run_address>0x0</run_address>
         <size>0xc0</size>
         <alignment>0x4</alignment>
         <input_file_ref idref="fl-2"/>
      </object_component>
      <object_component id="oc-265">
         <name>.text:__TI_printfi</name>
         <load_address>0xc0</load_address>
         <readonly>true</readonly>
         <executable>true</executable>
         <run_address>0xc0</run_address>
         <size>0x9d0</size>
         <alignment>0x4</alignment>
         <input_file_ref idref="fl-64"/>
      </object_component>
      <object_component id="oc-17d">
         <name>.text.HOME_directory</name>
         <load_address>0xa90</load_address>
         <readonly>true</readonly>
         <executable>true</executable>
         <run_address>0xa90</run_address>
         <size>0x7f8</size>
         <alignment>0x4</alignment>
         <input_file_ref idref="fl-37"/>
      </object_component>
      <object_component id="oc-b0">
         <name>.text.asin</name>
         <load_address>0x1288</load_address>
         <readonly>true</readonly>
         <executable>true</executable>
         <run_address>0x1288</run_address>
         <size>0x364</size>
         <alignment>0x4</alignment>
         <input_file_ref idref="fl-66"/>
      </object_component>
      <object_component id="oc-142">
         <name>.text.atan</name>
         <load_address>0x15ec</load_address>
         <readonly>true</readonly>
         <executable>true</executable>
         <run_address>0x15ec</run_address>
         <size>0x2f8</size>
         <alignment>0x4</alignment>
         <input_file_ref idref="fl-69"/>
      </object_component>
      <object_component id="oc-1e1">
         <name>.text.dmp_enable_feature</name>
         <load_address>0x18e4</load_address>
         <readonly>true</readonly>
         <executable>true</executable>
         <run_address>0x18e4</run_address>
         <size>0x278</size>
         <alignment>0x4</alignment>
         <input_file_ref idref="fl-5"/>
      </object_component>
      <object_component id="oc-439">
         <name>.text.u8g2_font_decode_glyph</name>
         <load_address>0x1b5c</load_address>
         <readonly>true</readonly>
         <executable>true</executable>
         <run_address>0x1b5c</run_address>
         <size>0x23c</size>
         <alignment>0x4</alignment>
         <input_file_ref idref="fl-18"/>
      </object_component>
      <object_component id="oc-2fc">
         <name>.text.dmp_set_tap_thresh</name>
         <load_address>0x1d98</load_address>
         <readonly>true</readonly>
         <executable>true</executable>
         <run_address>0x1d98</run_address>
         <size>0x238</size>
         <alignment>0x4</alignment>
         <input_file_ref idref="fl-5"/>
      </object_component>
      <object_component id="oc-68">
         <name>.text.Read_Quad</name>
         <load_address>0x1fd0</load_address>
         <readonly>true</readonly>
         <executable>true</executable>
         <run_address>0x1fd0</run_address>
         <size>0x22c</size>
         <alignment>0x4</alignment>
         <input_file_ref idref="fl-6"/>
      </object_component>
      <object_component id="oc-115">
         <name>.text.mpu_reset_fifo</name>
         <load_address>0x21fc</load_address>
         <readonly>true</readonly>
         <executable>true</executable>
         <run_address>0x21fc</run_address>
         <size>0x22c</size>
         <alignment>0x4</alignment>
         <input_file_ref idref="fl-4"/>
      </object_component>
      <object_component id="oc-1bf">
         <name>.text.SYSCFG_DL_GPIO_init</name>
         <load_address>0x2428</load_address>
         <readonly>true</readonly>
         <executable>true</executable>
         <run_address>0x2428</run_address>
         <size>0x228</size>
         <alignment>0x4</alignment>
         <input_file_ref idref="fl-1"/>
      </object_component>
      <object_component id="oc-37e">
         <name>.text._pconv_a</name>
         <load_address>0x2650</load_address>
         <readonly>true</readonly>
         <executable>true</executable>
         <run_address>0x2650</run_address>
         <size>0x220</size>
         <alignment>0x4</alignment>
         <input_file_ref idref="fl-64"/>
      </object_component>
      <object_component id="oc-97">
         <name>.text.dmp_read_fifo</name>
         <load_address>0x2870</load_address>
         <readonly>true</readonly>
         <executable>true</executable>
         <run_address>0x2870</run_address>
         <size>0x1f4</size>
         <alignment>0x4</alignment>
         <input_file_ref idref="fl-5"/>
      </object_component>
      <object_component id="oc-37f">
         <name>.text._pconv_g</name>
         <load_address>0x2a64</load_address>
         <readonly>true</readonly>
         <executable>true</executable>
         <run_address>0x2a64</run_address>
         <size>0x1dc</size>
         <alignment>0x4</alignment>
         <input_file_ref idref="fl-64"/>
      </object_component>
      <object_component id="oc-178">
         <name>.text.u8x8_gpio_and_delay</name>
         <load_address>0x2c40</load_address>
         <readonly>true</readonly>
         <executable>true</executable>
         <run_address>0x2c40</run_address>
         <size>0x1cc</size>
         <alignment>0x4</alignment>
         <input_file_ref idref="fl-38"/>
      </object_component>
      <object_component id="oc-2f3">
         <name>.text.mpu_set_bypass</name>
         <load_address>0x2e0c</load_address>
         <readonly>true</readonly>
         <executable>true</executable>
         <run_address>0x2e0c</run_address>
         <size>0x1a0</size>
         <alignment>0x4</alignment>
         <input_file_ref idref="fl-4"/>
      </object_component>
      <object_component id="oc-129">
         <name>.text.adddf3_subdf3</name>
         <load_address>0x2fac</load_address>
         <readonly>true</readonly>
         <executable>true</executable>
         <run_address>0x2fac</run_address>
         <size>0x192</size>
         <alignment>0x4</alignment>
         <input_file_ref idref="fl-12d"/>
      </object_component>
      <object_component id="oc-285">
         <name>.text.__aeabi_idiv0</name>
         <load_address>0x313e</load_address>
         <readonly>true</readonly>
         <executable>true</executable>
         <run_address>0x313e</run_address>
         <size>0x2</size>
         <alignment>0x2</alignment>
         <input_file_ref idref="fl-148"/>
      </object_component>
      <object_component id="oc-be">
         <name>.text.atan2</name>
         <load_address>0x3140</load_address>
         <readonly>true</readonly>
         <executable>true</executable>
         <run_address>0x3140</run_address>
         <size>0x188</size>
         <alignment>0x4</alignment>
         <input_file_ref idref="fl-67"/>
      </object_component>
      <object_component id="oc-1de">
         <name>.text.dmp_set_orientation</name>
         <load_address>0x32c8</load_address>
         <readonly>true</readonly>
         <executable>true</executable>
         <run_address>0x32c8</run_address>
         <size>0x178</size>
         <alignment>0x4</alignment>
         <input_file_ref idref="fl-5"/>
      </object_component>
      <object_component id="oc-133">
         <name>.text.sqrt</name>
         <load_address>0x3440</load_address>
         <readonly>true</readonly>
         <executable>true</executable>
         <run_address>0x3440</run_address>
         <size>0x170</size>
         <alignment>0x4</alignment>
         <input_file_ref idref="fl-68"/>
      </object_component>
      <object_component id="oc-30f">
         <name>.text.u8x8_d_ssd1306_sh1106_generic</name>
         <load_address>0x35b0</load_address>
         <readonly>true</readonly>
         <executable>true</executable>
         <run_address>0x35b0</run_address>
         <size>0x168</size>
         <alignment>0x4</alignment>
         <input_file_ref idref="fl-2b"/>
      </object_component>
      <object_component id="oc-203">
         <name>.text.u8g2_ll_hvline_vertical_top_lsb</name>
         <load_address>0x3718</load_address>
         <readonly>true</readonly>
         <executable>true</executable>
         <run_address>0x3718</run_address>
         <size>0x164</size>
         <alignment>0x2</alignment>
         <input_file_ref idref="fl-1f"/>
      </object_component>
      <object_component id="oc-39">
         <name>.text.GROUP1_IRQHandler</name>
         <load_address>0x387c</load_address>
         <readonly>true</readonly>
         <executable>true</executable>
         <run_address>0x387c</run_address>
         <size>0x158</size>
         <alignment>0x4</alignment>
         <input_file_ref idref="fl-a"/>
      </object_component>
      <object_component id="oc-222">
         <name>.text.zb_control</name>
         <load_address>0x39d4</load_address>
         <readonly>true</readonly>
         <executable>true</executable>
         <run_address>0x39d4</run_address>
         <size>0x148</size>
         <alignment>0x4</alignment>
         <input_file_ref idref="fl-37"/>
      </object_component>
      <object_component id="oc-15a">
         <name>.text.MPU6050_Init</name>
         <load_address>0x3b1c</load_address>
         <readonly>true</readonly>
         <executable>true</executable>
         <run_address>0x3b1c</run_address>
         <size>0x144</size>
         <alignment>0x4</alignment>
         <input_file_ref idref="fl-6"/>
      </object_component>
      <object_component id="oc-440">
         <name>.text.u8g2_font_decode_len</name>
         <load_address>0x3c60</load_address>
         <readonly>true</readonly>
         <executable>true</executable>
         <run_address>0x3c60</run_address>
         <size>0x142</size>
         <alignment>0x2</alignment>
         <input_file_ref idref="fl-18"/>
      </object_component>
      <object_component id="oc-427">
         <name>.text.__aeabi_ldiv0</name>
         <load_address>0x3da2</load_address>
         <readonly>true</readonly>
         <executable>true</executable>
         <run_address>0x3da2</run_address>
         <size>0x2</size>
         <alignment>0x2</alignment>
         <input_file_ref idref="fl-148"/>
      </object_component>
      <object_component id="oc-3f3">
         <name>.text.fcvt</name>
         <load_address>0x3da4</load_address>
         <readonly>true</readonly>
         <executable>true</executable>
         <run_address>0x3da4</run_address>
         <size>0x13c</size>
         <alignment>0x4</alignment>
         <input_file_ref idref="fl-64"/>
      </object_component>
      <object_component id="oc-341">
         <name>.text.u8x8_utf8_next</name>
         <load_address>0x3ee0</load_address>
         <readonly>true</readonly>
         <executable>true</executable>
         <run_address>0x3ee0</run_address>
         <size>0x13c</size>
         <alignment>0x4</alignment>
         <input_file_ref idref="fl-27"/>
      </object_component>
      <object_component id="oc-198">
         <name>.text.mspm0_i2c_read</name>
         <load_address>0x401c</load_address>
         <readonly>true</readonly>
         <executable>true</executable>
         <run_address>0x401c</run_address>
         <size>0x134</size>
         <alignment>0x4</alignment>
         <input_file_ref idref="fl-7"/>
      </object_component>
      <object_component id="oc-1fe">
         <name>.text.u8x8_cad_ssd13xx_fast_i2c</name>
         <load_address>0x4150</load_address>
         <readonly>true</readonly>
         <executable>true</executable>
         <run_address>0x4150</run_address>
         <size>0x134</size>
         <alignment>0x4</alignment>
         <input_file_ref idref="fl-29"/>
      </object_component>
      <object_component id="oc-1d6">
         <name>.text.mpu_set_sensors</name>
         <load_address>0x4284</load_address>
         <readonly>true</readonly>
         <executable>true</executable>
         <run_address>0x4284</run_address>
         <size>0x130</size>
         <alignment>0x4</alignment>
         <input_file_ref idref="fl-4"/>
      </object_component>
      <object_component id="oc-35e">
         <name>.text.u8g2_DrawHVLine</name>
         <load_address>0x43b4</load_address>
         <readonly>true</readonly>
         <executable>true</executable>
         <run_address>0x43b4</run_address>
         <size>0x12a</size>
         <alignment>0x2</alignment>
         <input_file_ref idref="fl-1a"/>
      </object_component>
      <object_component id="oc-266">
         <name>.text._nop</name>
         <load_address>0x44de</load_address>
         <readonly>true</readonly>
         <executable>true</executable>
         <run_address>0x44de</run_address>
         <size>0x2</size>
         <alignment>0x2</alignment>
         <input_file_ref idref="fl-6e"/>
      </object_component>
      <object_component id="oc-1d4">
         <name>.text.mpu_init</name>
         <load_address>0x44e0</load_address>
         <readonly>true</readonly>
         <executable>true</executable>
         <run_address>0x44e0</run_address>
         <size>0x128</size>
         <alignment>0x4</alignment>
         <input_file_ref idref="fl-4"/>
      </object_component>
      <object_component id="oc-2f7">
         <name>.text.mpu_load_firmware</name>
         <load_address>0x4608</load_address>
         <readonly>true</readonly>
         <executable>true</executable>
         <run_address>0x4608</run_address>
         <size>0x124</size>
         <alignment>0x4</alignment>
         <input_file_ref idref="fl-4"/>
      </object_component>
      <object_component id="oc-381">
         <name>.text._pconv_e</name>
         <load_address>0x472c</load_address>
         <readonly>true</readonly>
         <executable>true</executable>
         <run_address>0x472c</run_address>
         <size>0x120</size>
         <alignment>0x4</alignment>
         <input_file_ref idref="fl-64"/>
      </object_component>
      <object_component id="oc-438">
         <name>.text.u8g2_font_get_glyph_data</name>
         <load_address>0x484c</load_address>
         <readonly>true</readonly>
         <executable>true</executable>
         <run_address>0x484c</run_address>
         <size>0x116</size>
         <alignment>0x2</alignment>
         <input_file_ref idref="fl-18"/>
      </object_component>
      <object_component id="oc-13a">
         <name>.text.__divdf3</name>
         <load_address>0x4964</load_address>
         <readonly>true</readonly>
         <executable>true</executable>
         <run_address>0x4964</run_address>
         <size>0x10c</size>
         <alignment>0x4</alignment>
         <input_file_ref idref="fl-132"/>
      </object_component>
      <object_component id="oc-110">
         <name>.text.mpu_read_fifo_stream</name>
         <load_address>0x4a70</load_address>
         <readonly>true</readonly>
         <executable>true</executable>
         <run_address>0x4a70</run_address>
         <size>0x108</size>
         <alignment>0x4</alignment>
         <input_file_ref idref="fl-4"/>
      </object_component>
      <object_component id="oc-2c0">
         <name>.text.DL_Timer_initFourCCPWMMode</name>
         <load_address>0x4b78</load_address>
         <readonly>true</readonly>
         <executable>true</executable>
         <run_address>0x4b78</run_address>
         <size>0x104</size>
         <alignment>0x4</alignment>
         <input_file_ref idref="fl-4a"/>
      </object_component>
      <object_component id="oc-2f6">
         <name>.text.mpu_lp_accel_mode</name>
         <load_address>0x4c7c</load_address>
         <readonly>true</readonly>
         <executable>true</executable>
         <run_address>0x4c7c</run_address>
         <size>0x100</size>
         <alignment>0x4</alignment>
         <input_file_ref idref="fl-4"/>
      </object_component>
      <object_component id="oc-33e">
         <name>.text.u8g2_read_font_info</name>
         <load_address>0x4d7c</load_address>
         <readonly>true</readonly>
         <executable>true</executable>
         <run_address>0x4d7c</run_address>
         <size>0xfc</size>
         <alignment>0x2</alignment>
         <input_file_ref idref="fl-18"/>
      </object_component>
      <object_component id="oc-1d8">
         <name>.text.mpu_set_sample_rate</name>
         <load_address>0x4e78</load_address>
         <readonly>true</readonly>
         <executable>true</executable>
         <run_address>0x4e78</run_address>
         <size>0xec</size>
         <alignment>0x4</alignment>
         <input_file_ref idref="fl-4"/>
      </object_component>
      <object_component id="oc-2cf">
         <name>.text.DL_Timer_initTimerMode</name>
         <load_address>0x4f64</load_address>
         <readonly>true</readonly>
         <executable>true</executable>
         <run_address>0x4f64</run_address>
         <size>0xe8</size>
         <alignment>0x4</alignment>
         <input_file_ref idref="fl-4a"/>
      </object_component>
      <object_component id="oc-b6">
         <name>.text.__muldf3</name>
         <load_address>0x504c</load_address>
         <readonly>true</readonly>
         <executable>true</executable>
         <run_address>0x504c</run_address>
         <size>0xe4</size>
         <alignment>0x4</alignment>
         <input_file_ref idref="fl-12e"/>
      </object_component>
      <object_component id="oc-2f1">
         <name>.text.mpu_set_accel_fsr</name>
         <load_address>0x5130</load_address>
         <readonly>true</readonly>
         <executable>true</executable>
         <run_address>0x5130</run_address>
         <size>0xe4</size>
         <alignment>0x4</alignment>
         <input_file_ref idref="fl-4"/>
      </object_component>
      <object_component id="oc-2af">
         <name>.text.DL_SYSCTL_configSYSPLL</name>
         <load_address>0x5214</load_address>
         <readonly>true</readonly>
         <executable>true</executable>
         <run_address>0x5214</run_address>
         <size>0xdc</size>
         <alignment>0x4</alignment>
         <input_file_ref idref="fl-4c"/>
      </object_component>
      <object_component id="oc-3de">
         <name>.text.scalbn</name>
         <load_address>0x52f0</load_address>
         <readonly>true</readonly>
         <executable>true</executable>
         <run_address>0x52f0</run_address>
         <size>0xd8</size>
         <alignment>0x4</alignment>
         <input_file_ref idref="fl-6b"/>
      </object_component>
      <object_component id="oc-340">
         <name>.text.u8g2_draw_string</name>
         <load_address>0x53c8</load_address>
         <readonly>true</readonly>
         <executable>true</executable>
         <run_address>0x53c8</run_address>
         <size>0xd8</size>
         <alignment>0x4</alignment>
         <input_file_ref idref="fl-18"/>
      </object_component>
      <object_component id="oc-a8">
         <name>.text</name>
         <load_address>0x54a0</load_address>
         <readonly>true</readonly>
         <executable>true</executable>
         <run_address>0x54a0</run_address>
         <size>0xd8</size>
         <alignment>0x4</alignment>
         <input_file_ref idref="fl-12c"/>
      </object_component>
      <object_component id="oc-3c1">
         <name>.text.u8g2_clip_intersection2</name>
         <load_address>0x5578</load_address>
         <readonly>true</readonly>
         <executable>true</executable>
         <run_address>0x5578</run_address>
         <size>0xd6</size>
         <alignment>0x2</alignment>
         <input_file_ref idref="fl-1a"/>
      </object_component>
      <object_component id="oc-2f5">
         <name>.text.set_int_enable</name>
         <load_address>0x5650</load_address>
         <readonly>true</readonly>
         <executable>true</executable>
         <run_address>0x5650</run_address>
         <size>0xd4</size>
         <alignment>0x4</alignment>
         <input_file_ref idref="fl-4"/>
      </object_component>
      <object_component id="oc-21e">
         <name>.text.CAR_control</name>
         <load_address>0x5724</load_address>
         <readonly>true</readonly>
         <executable>true</executable>
         <run_address>0x5724</run_address>
         <size>0xd0</size>
         <alignment>0x4</alignment>
         <input_file_ref idref="fl-37"/>
      </object_component>
      <object_component id="oc-2f2">
         <name>.text.mpu_set_lpf</name>
         <load_address>0x57f4</load_address>
         <readonly>true</readonly>
         <executable>true</executable>
         <run_address>0x57f4</run_address>
         <size>0xd0</size>
         <alignment>0x4</alignment>
         <input_file_ref idref="fl-4"/>
      </object_component>
      <object_component id="oc-33f">
         <name>.text.u8g2_UpdateRefHeight</name>
         <load_address>0x58c4</load_address>
         <readonly>true</readonly>
         <executable>true</executable>
         <run_address>0x58c4</run_address>
         <size>0xc6</size>
         <alignment>0x2</alignment>
         <input_file_ref idref="fl-18"/>
      </object_component>
      <object_component id="oc-1be">
         <name>.text.SYSCFG_DL_initPower</name>
         <load_address>0x598c</load_address>
         <readonly>true</readonly>
         <executable>true</executable>
         <run_address>0x598c</run_address>
         <size>0xc4</size>
         <alignment>0x4</alignment>
         <input_file_ref idref="fl-1"/>
      </object_component>
      <object_component id="oc-2f0">
         <name>.text.mpu_set_gyro_fsr</name>
         <load_address>0x5a50</load_address>
         <readonly>true</readonly>
         <executable>true</executable>
         <run_address>0x5a50</run_address>
         <size>0xc4</size>
         <alignment>0x4</alignment>
         <input_file_ref idref="fl-4"/>
      </object_component>
      <object_component id="oc-1a4">
         <name>.text.mspm0_i2c_write</name>
         <load_address>0x5b14</load_address>
         <readonly>true</readonly>
         <executable>true</executable>
         <run_address>0x5b14</run_address>
         <size>0xc4</size>
         <alignment>0x4</alignment>
         <input_file_ref idref="fl-7"/>
      </object_component>
      <object_component id="oc-221">
         <name>.text.PID_control</name>
         <load_address>0x5bd8</load_address>
         <readonly>true</readonly>
         <executable>true</executable>
         <run_address>0x5bd8</run_address>
         <size>0xc0</size>
         <alignment>0x4</alignment>
         <input_file_ref idref="fl-37"/>
      </object_component>
      <object_component id="oc-173">
         <name>.text.u8x8_byte_sw_i2c</name>
         <load_address>0x5c98</load_address>
         <readonly>true</readonly>
         <executable>true</executable>
         <run_address>0x5c98</run_address>
         <size>0xc0</size>
         <alignment>0x4</alignment>
         <input_file_ref idref="fl-28"/>
      </object_component>
      <object_component id="oc-1d7">
         <name>.text.mpu_configure_fifo</name>
         <load_address>0x5d58</load_address>
         <readonly>true</readonly>
         <executable>true</executable>
         <run_address>0x5d58</run_address>
         <size>0xbc</size>
         <alignment>0x4</alignment>
         <input_file_ref idref="fl-4"/>
      </object_component>
      <object_component id="oc-1e3">
         <name>.text.mpu_set_dmp_state</name>
         <load_address>0x5e14</load_address>
         <readonly>true</readonly>
         <executable>true</executable>
         <run_address>0x5e14</run_address>
         <size>0xb8</size>
         <alignment>0x4</alignment>
         <input_file_ref idref="fl-4"/>
      </object_component>
      <object_component id="oc-320">
         <name>.text.u8g2_update_dimension_common</name>
         <load_address>0x5ecc</load_address>
         <readonly>true</readonly>
         <executable>true</executable>
         <run_address>0x5ecc</run_address>
         <size>0xae</size>
         <alignment>0x2</alignment>
         <input_file_ref idref="fl-23"/>
      </object_component>
      <object_component id="oc-399">
         <name>.text.mpu_read_mem</name>
         <load_address>0x5f7c</load_address>
         <readonly>true</readonly>
         <executable>true</executable>
         <run_address>0x5f7c</run_address>
         <size>0xac</size>
         <alignment>0x4</alignment>
         <input_file_ref idref="fl-4"/>
      </object_component>
      <object_component id="oc-2fa">
         <name>.text.mpu_write_mem</name>
         <load_address>0x6028</load_address>
         <readonly>true</readonly>
         <executable>true</executable>
         <run_address>0x6028</run_address>
         <size>0xac</size>
         <alignment>0x4</alignment>
         <input_file_ref idref="fl-4"/>
      </object_component>
      <object_component id="oc-321">
         <name>.text.u8g2_apply_clip_window</name>
         <load_address>0x60d4</load_address>
         <readonly>true</readonly>
         <executable>true</executable>
         <run_address>0x60d4</run_address>
         <size>0xac</size>
         <alignment>0x2</alignment>
         <input_file_ref idref="fl-23"/>
      </object_component>
      <object_component id="oc-311">
         <name>.text.u8x8_cad_SendSequence</name>
         <load_address>0x6180</load_address>
         <readonly>true</readonly>
         <executable>true</executable>
         <run_address>0x6180</run_address>
         <size>0xa4</size>
         <alignment>0x2</alignment>
         <input_file_ref idref="fl-29"/>
      </object_component>
      <object_component id="oc-3d5">
         <name>.text</name>
         <load_address>0x6224</load_address>
         <readonly>true</readonly>
         <executable>true</executable>
         <run_address>0x6224</run_address>
         <size>0xa2</size>
         <alignment>0x4</alignment>
         <input_file_ref idref="fl-144"/>
      </object_component>
      <object_component id="oc-2f4">
         <name>.text.mpu_set_int_latched</name>
         <load_address>0x62c8</load_address>
         <readonly>true</readonly>
         <executable>true</executable>
         <run_address>0x62c8</run_address>
         <size>0x9c</size>
         <alignment>0x4</alignment>
         <input_file_ref idref="fl-4"/>
      </object_component>
      <object_component id="oc-220">
         <name>.text.quanshukongzi</name>
         <load_address>0x6364</load_address>
         <readonly>true</readonly>
         <executable>true</executable>
         <run_address>0x6364</run_address>
         <size>0x9c</size>
         <alignment>0x4</alignment>
         <input_file_ref idref="fl-37"/>
      </object_component>
      <object_component id="oc-1e2">
         <name>.text.dmp_set_fifo_rate</name>
         <load_address>0x6400</load_address>
         <readonly>true</readonly>
         <executable>true</executable>
         <run_address>0x6400</run_address>
         <size>0x98</size>
         <alignment>0x4</alignment>
         <input_file_ref idref="fl-5"/>
      </object_component>
      <object_component id="oc-2f9">
         <name>.text.inv_row_2_scale</name>
         <load_address>0x6498</load_address>
         <readonly>true</readonly>
         <executable>true</executable>
         <run_address>0x6498</run_address>
         <size>0x96</size>
         <alignment>0x2</alignment>
         <input_file_ref idref="fl-6"/>
      </object_component>
      <object_component id="oc-3bb">
         <name>.text.u8g2_DrawGlyph</name>
         <load_address>0x6530</load_address>
         <readonly>true</readonly>
         <executable>true</executable>
         <run_address>0x6530</run_address>
         <size>0x96</size>
         <alignment>0x4</alignment>
         <input_file_ref idref="fl-18"/>
      </object_component>
      <object_component id="oc-3be">
         <name>.text.u8g2_is_intersection_decision_tree</name>
         <load_address>0x65c6</load_address>
         <readonly>true</readonly>
         <executable>true</executable>
         <run_address>0x65c6</run_address>
         <size>0x94</size>
         <alignment>0x2</alignment>
         <input_file_ref idref="fl-1c"/>
      </object_component>
      <object_component id="oc-25c">
         <name>.text.u8g2_send_buffer</name>
         <load_address>0x665a</load_address>
         <readonly>true</readonly>
         <executable>true</executable>
         <run_address>0x665a</run_address>
         <size>0x8e</size>
         <alignment>0x2</alignment>
         <input_file_ref idref="fl-12"/>
      </object_component>
      <object_component id="oc-a4">
         <name>.text.__mulsf3</name>
         <load_address>0x66e8</load_address>
         <readonly>true</readonly>
         <executable>true</executable>
         <run_address>0x66e8</run_address>
         <size>0x8c</size>
         <alignment>0x4</alignment>
         <input_file_ref idref="fl-130"/>
      </object_component>
      <object_component id="oc-116">
         <name>.text.decode_gesture</name>
         <load_address>0x6774</load_address>
         <readonly>true</readonly>
         <executable>true</executable>
         <run_address>0x6774</run_address>
         <size>0x8c</size>
         <alignment>0x4</alignment>
         <input_file_ref idref="fl-5"/>
      </object_component>
      <object_component id="oc-217">
         <name>.text.i2c_write_byte</name>
         <load_address>0x6800</load_address>
         <readonly>true</readonly>
         <executable>true</executable>
         <run_address>0x6800</run_address>
         <size>0x8a</size>
         <alignment>0x2</alignment>
         <input_file_ref idref="fl-28"/>
      </object_component>
      <object_component id="oc-223">
         <name>.text.other_control</name>
         <load_address>0x688c</load_address>
         <readonly>true</readonly>
         <executable>true</executable>
         <run_address>0x688c</run_address>
         <size>0x88</size>
         <alignment>0x4</alignment>
         <input_file_ref idref="fl-37"/>
      </object_component>
      <object_component id="oc-43f">
         <name>.text.u8g2_font_decode_get_unsigned_bits</name>
         <load_address>0x6914</load_address>
         <readonly>true</readonly>
         <executable>true</executable>
         <run_address>0x6914</run_address>
         <size>0x88</size>
         <alignment>0x2</alignment>
         <input_file_ref idref="fl-18"/>
      </object_component>
      <object_component id="oc-1ce">
         <name>.text.__NVIC_SetPriority</name>
         <load_address>0x699c</load_address>
         <readonly>true</readonly>
         <executable>true</executable>
         <run_address>0x699c</run_address>
         <size>0x84</size>
         <alignment>0x4</alignment>
         <input_file_ref idref="fl-8"/>
      </object_component>
      <object_component id="oc-2b8">
         <name>.text.__NVIC_SetPriority</name>
         <load_address>0x6a20</load_address>
         <readonly>true</readonly>
         <executable>true</executable>
         <run_address>0x6a20</run_address>
         <size>0x84</size>
         <alignment>0x4</alignment>
         <input_file_ref idref="fl-1"/>
      </object_component>
      <object_component id="oc-84">
         <name>.text.main</name>
         <load_address>0x6aa4</load_address>
         <readonly>true</readonly>
         <executable>true</executable>
         <run_address>0x6aa4</run_address>
         <size>0x84</size>
         <alignment>0x4</alignment>
         <input_file_ref idref="fl-3"/>
      </object_component>
      <object_component id="oc-a0">
         <name>.text.__divsf3</name>
         <load_address>0x6b28</load_address>
         <readonly>true</readonly>
         <executable>true</executable>
         <run_address>0x6b28</run_address>
         <size>0x82</size>
         <alignment>0x4</alignment>
         <input_file_ref idref="fl-131"/>
      </object_component>
      <object_component id="oc-1f9">
         <name>.text.u8x8_d_ssd1306_128x64_noname</name>
         <load_address>0x6bac</load_address>
         <readonly>true</readonly>
         <executable>true</executable>
         <run_address>0x6bac</run_address>
         <size>0x80</size>
         <alignment>0x4</alignment>
         <input_file_ref idref="fl-2b"/>
      </object_component>
      <object_component id="oc-1c">
         <name>.text:decompress:lzss</name>
         <load_address>0x6c2c</load_address>
         <readonly>true</readonly>
         <executable>true</executable>
         <run_address>0x6c2c</run_address>
         <size>0x7c</size>
         <alignment>0x4</alignment>
         <input_file_ref idref="fl-7d"/>
      </object_component>
      <object_component id="oc-255">
         <name>.text.u8g2_DrawBox</name>
         <load_address>0x6ca8</load_address>
         <readonly>true</readonly>
         <executable>true</executable>
         <run_address>0x6ca8</run_address>
         <size>0x78</size>
         <alignment>0x2</alignment>
         <input_file_ref idref="fl-11"/>
      </object_component>
      <object_component id="oc-1f5">
         <name>.text.u8g2_SetupBuffer</name>
         <load_address>0x6d20</load_address>
         <readonly>true</readonly>
         <executable>true</executable>
         <run_address>0x6d20</run_address>
         <size>0x78</size>
         <alignment>0x2</alignment>
         <input_file_ref idref="fl-23"/>
      </object_component>
      <object_component id="oc-43d">
         <name>.text.u8g2_add_vector_x</name>
         <load_address>0x6d98</load_address>
         <readonly>true</readonly>
         <executable>true</executable>
         <run_address>0x6d98</run_address>
         <size>0x76</size>
         <alignment>0x2</alignment>
         <input_file_ref idref="fl-18"/>
      </object_component>
      <object_component id="oc-43e">
         <name>.text.u8g2_add_vector_y</name>
         <load_address>0x6e0e</load_address>
         <readonly>true</readonly>
         <executable>true</executable>
         <run_address>0x6e0e</run_address>
         <size>0x76</size>
         <alignment>0x2</alignment>
         <input_file_ref idref="fl-18"/>
      </object_component>
      <object_component id="oc-1b1">
         <name>.text.__gedf2</name>
         <load_address>0x6e84</load_address>
         <readonly>true</readonly>
         <executable>true</executable>
         <run_address>0x6e84</run_address>
         <size>0x74</size>
         <alignment>0x4</alignment>
         <input_file_ref idref="fl-146"/>
      </object_component>
      <object_component id="oc-124">
         <name>.text.__aeabi_errno_addr</name>
         <load_address>0x6ef8</load_address>
         <readonly>true</readonly>
         <executable>true</executable>
         <run_address>0x6ef8</run_address>
         <size>0x8</size>
         <alignment>0x4</alignment>
         <input_file_ref idref="fl-6d"/>
      </object_component>
      <object_component id="oc-ba">
         <name>.text.__truncdfsf2</name>
         <load_address>0x6f00</load_address>
         <readonly>true</readonly>
         <executable>true</executable>
         <run_address>0x6f00</run_address>
         <size>0x74</size>
         <alignment>0x10</alignment>
         <input_file_ref idref="fl-13a"/>
      </object_component>
      <object_component id="oc-1db">
         <name>.text.mpu_get_accel_fsr</name>
         <load_address>0x6f74</load_address>
         <readonly>true</readonly>
         <executable>true</executable>
         <run_address>0x6f74</run_address>
         <size>0x74</size>
         <alignment>0x4</alignment>
         <input_file_ref idref="fl-4"/>
      </object_component>
      <object_component id="oc-1c2">
         <name>.text.SYSCFG_DL_PWMB_init</name>
         <load_address>0x6fe8</load_address>
         <readonly>true</readonly>
         <executable>true</executable>
         <run_address>0x6fe8</run_address>
         <size>0x6c</size>
         <alignment>0x4</alignment>
         <input_file_ref idref="fl-1"/>
      </object_component>
      <object_component id="oc-1c3">
         <name>.text.SYSCFG_DL_PWMC_init</name>
         <load_address>0x7054</load_address>
         <readonly>true</readonly>
         <executable>true</executable>
         <run_address>0x7054</run_address>
         <size>0x6c</size>
         <alignment>0x4</alignment>
         <input_file_ref idref="fl-1"/>
      </object_component>
      <object_component id="oc-1c4">
         <name>.text.SYSCFG_DL_PWMD_init</name>
         <load_address>0x70c0</load_address>
         <readonly>true</readonly>
         <executable>true</executable>
         <run_address>0x70c0</run_address>
         <size>0x6c</size>
         <alignment>0x4</alignment>
         <input_file_ref idref="fl-1"/>
      </object_component>
      <object_component id="oc-17e">
         <name>.text.u8g2_NextPage</name>
         <load_address>0x712c</load_address>
         <readonly>true</readonly>
         <executable>true</executable>
         <run_address>0x712c</run_address>
         <size>0x6c</size>
         <alignment>0x2</alignment>
         <input_file_ref idref="fl-12"/>
      </object_component>
      <object_component id="oc-310">
         <name>.text.u8x8_d_helper_display_init</name>
         <load_address>0x7198</load_address>
         <readonly>true</readonly>
         <executable>true</executable>
         <run_address>0x7198</run_address>
         <size>0x6c</size>
         <alignment>0x2</alignment>
         <input_file_ref idref="fl-2d"/>
      </object_component>
      <object_component id="oc-1c1">
         <name>.text.SYSCFG_DL_PWMA_init</name>
         <load_address>0x7204</load_address>
         <readonly>true</readonly>
         <executable>true</executable>
         <run_address>0x7204</run_address>
         <size>0x68</size>
         <alignment>0x4</alignment>
         <input_file_ref idref="fl-1"/>
      </object_component>
      <object_component id="oc-1ab">
         <name>.text.__ledf2</name>
         <load_address>0x726c</load_address>
         <readonly>true</readonly>
         <executable>true</executable>
         <run_address>0x726c</run_address>
         <size>0x68</size>
         <alignment>0x4</alignment>
         <input_file_ref idref="fl-146"/>
      </object_component>
      <object_component id="oc-21f">
         <name>.text.xianshuc</name>
         <load_address>0x72d4</load_address>
         <readonly>true</readonly>
         <executable>true</executable>
         <run_address>0x72d4</run_address>
         <size>0x68</size>
         <alignment>0x4</alignment>
         <input_file_ref idref="fl-37"/>
      </object_component>
      <object_component id="oc-3f2">
         <name>.text._mcpy</name>
         <load_address>0x733c</load_address>
         <readonly>true</readonly>
         <executable>true</executable>
         <run_address>0x733c</run_address>
         <size>0x66</size>
         <alignment>0x2</alignment>
         <input_file_ref idref="fl-64"/>
      </object_component>
      <object_component id="oc-2fd">
         <name>.text.dmp_set_tap_axes</name>
         <load_address>0x73a2</load_address>
         <readonly>true</readonly>
         <executable>true</executable>
         <run_address>0x73a2</run_address>
         <size>0x66</size>
         <alignment>0x2</alignment>
         <input_file_ref idref="fl-5"/>
      </object_component>
      <object_component id="oc-d9">
         <name>.text.MSPM0_Init</name>
         <load_address>0x7408</load_address>
         <readonly>true</readonly>
         <executable>true</executable>
         <run_address>0x7408</run_address>
         <size>0x64</size>
         <alignment>0x4</alignment>
         <input_file_ref idref="fl-3"/>
      </object_component>
      <object_component id="oc-1d3">
         <name>.text.mpu6050_i2c_sda_unlock</name>
         <load_address>0x746c</load_address>
         <readonly>true</readonly>
         <executable>true</executable>
         <run_address>0x746c</run_address>
         <size>0x64</size>
         <alignment>0x4</alignment>
         <input_file_ref idref="fl-7"/>
      </object_component>
      <object_component id="oc-359">
         <name>.text.u8g2_IsIntersection</name>
         <load_address>0x74d0</load_address>
         <readonly>true</readonly>
         <executable>true</executable>
         <run_address>0x74d0</run_address>
         <size>0x64</size>
         <alignment>0x2</alignment>
         <input_file_ref idref="fl-1c"/>
      </object_component>
      <object_component id="oc-12d">
         <name>.text.__aeabi_dcmp</name>
         <load_address>0x7534</load_address>
         <readonly>true</readonly>
         <executable>true</executable>
         <run_address>0x7534</run_address>
         <size>0x62</size>
         <alignment>0x4</alignment>
         <input_file_ref idref="fl-13b"/>
      </object_component>
      <object_component id="oc-2fb">
         <name>.text.dmp_enable_gyro_cal</name>
         <load_address>0x7598</load_address>
         <readonly>true</readonly>
         <executable>true</executable>
         <run_address>0x7598</run_address>
         <size>0x60</size>
         <alignment>0x4</alignment>
         <input_file_ref idref="fl-5"/>
      </object_component>
      <object_component id="oc-1da">
         <name>.text.mpu_get_gyro_fsr</name>
         <load_address>0x75f8</load_address>
         <readonly>true</readonly>
         <executable>true</executable>
         <run_address>0x75f8</run_address>
         <size>0x60</size>
         <alignment>0x4</alignment>
         <input_file_ref idref="fl-4"/>
      </object_component>
      <object_component id="oc-28e">
         <name>.text.DL_I2C_fillControllerTXFIFO</name>
         <load_address>0x7658</load_address>
         <readonly>true</readonly>
         <executable>true</executable>
         <run_address>0x7658</run_address>
         <size>0x5e</size>
         <alignment>0x2</alignment>
         <input_file_ref idref="fl-49"/>
      </object_component>
      <object_component id="oc-3da">
         <name>.text.frexp</name>
         <load_address>0x76b8</load_address>
         <readonly>true</readonly>
         <executable>true</executable>
         <run_address>0x76b8</run_address>
         <size>0x5c</size>
         <alignment>0x4</alignment>
         <input_file_ref idref="fl-6a"/>
      </object_component>
      <object_component id="oc-2ef">
         <name>.text.mspm0_i2c_enable</name>
         <load_address>0x7714</load_address>
         <readonly>true</readonly>
         <executable>true</executable>
         <run_address>0x7714</run_address>
         <size>0x5c</size>
         <alignment>0x4</alignment>
         <input_file_ref idref="fl-7"/>
      </object_component>
      <object_component id="oc-eb">
[...]
      </symbol>
      <symbol id="sm-5b5">
         <name>__TI_ATRegion1_src_addr</name>
         <value>0x0</value>
      </symbol>
      <symbol id="sm-5b6">
         <name>__TI_ATRegion1_trg_addr</name>
         <value>0x0</value>
      </symbol>
      <symbol id="sm-5b7">
         <name>__TI_ATRegion1_region_sz</name>
         <value>0x0</value>
      </symbol>
      <symbol id="sm-5b8">
         <name>__TI_ATRegion2_src_addr</name>
         <value>0x0</value>
      </symbol>
      <symbol id="sm-5b9">
         <name>__TI_ATRegion2_trg_addr</name>
         <value>0x0</value>
      </symbol>
      <symbol id="sm-5ba">
         <name>__TI_ATRegion2_region_sz</name>
         <value>0x0</value>
      </symbol>
      <symbol id="sm-5c3">
         <name>DL_Common_delayCycles</name>
         <value>0x9819</value>
         <object_component_ref idref="oc-299"/>
      </symbol>
      <symbol id="sm-5d2">
         <name>DL_I2C_setClockConfig</name>
         <value>0x8be3</value>
         <object_component_ref idref="oc-2d3"/>
      </symbol>
      <symbol id="sm-5d3">
         <name>DL_I2C_fillControllerTXFIFO</name>
         <value>0x7659</value>
         <object_component_ref idref="oc-28e"/>
      </symbol>
      <symbol id="sm-5d4">
         <name>DL_I2C_flushControllerTXFIFO</name>
         <value>0x8229</value>
         <object_component_ref idref="oc-27d"/>
      </symbol>
      <symbol id="sm-5f0">
         <name>DL_Timer_setClockConfig</name>
         <value>0x905d</value>
         <object_component_ref idref="oc-2ba"/>
      </symbol>
      <symbol id="sm-5f1">
         <name>DL_Timer_initTimerMode</name>
         <value>0x4f65</value>
         <object_component_ref idref="oc-2cf"/>
      </symbol>
      <symbol id="sm-5f2">
         <name>DL_Timer_setCaptureCompareValue</name>
         <value>0x9751</value>
         <object_component_ref idref="oc-2c4"/>
      </symbol>
      <symbol id="sm-5f3">
         <name>DL_Timer_setCaptCompUpdateMethod</name>
         <value>0x9041</value>
         <object_component_ref idref="oc-2c3"/>
      </symbol>
      <symbol id="sm-5f4">
         <name>DL_Timer_setCaptureCompareOutCtl</name>
         <value>0x9325</value>
         <object_component_ref idref="oc-2c2"/>
      </symbol>
      <symbol id="sm-5f5">
         <name>DL_Timer_initFourCCPWMMode</name>
         <value>0x4b79</value>
         <object_component_ref idref="oc-2c0"/>
      </symbol>
      <symbol id="sm-602">
         <name>DL_UART_init</name>
         <value>0x7ce9</value>
         <object_component_ref idref="oc-2e4"/>
      </symbol>
      <symbol id="sm-603">
         <name>DL_UART_setClockConfig</name>
         <value>0x9709</value>
         <object_component_ref idref="oc-2de"/>
      </symbol>
      <symbol id="sm-611">
         <name>DL_SYSCTL_configSYSPLL</name>
         <value>0x5215</value>
         <object_component_ref idref="oc-2af"/>
      </symbol>
      <symbol id="sm-612">
         <name>DL_SYSCTL_switchMCLKfromSYSOSCtoHSCLK</name>
         <value>0x7ee1</value>
         <object_component_ref idref="oc-2b7"/>
      </symbol>
      <symbol id="sm-623">
         <name>printf</name>
         <value>0x7771</value>
         <object_component_ref idref="oc-eb"/>
      </symbol>
      <symbol id="sm-66c">
         <name>__TI_printfi</name>
         <value>0xc1</value>
         <object_component_ref idref="oc-265"/>
      </symbol>
      <symbol id="sm-67d">
         <name>sprintf</name>
         <value>0x8401</value>
         <object_component_ref idref="oc-22c"/>
      </symbol>
      <symbol id="sm-697">
         <name>asin</name>
         <value>0x1289</value>
         <object_component_ref idref="oc-b0"/>
      </symbol>
      <symbol id="sm-698">
         <name>asinl</name>
         <value>0x1289</value>
         <object_component_ref idref="oc-b0"/>
      </symbol>
      <symbol id="sm-6a6">
         <name>atan2</name>
         <value>0x3141</value>
         <object_component_ref idref="oc-be"/>
      </symbol>
      <symbol id="sm-6a7">
         <name>atan2l</name>
         <value>0x3141</value>
         <object_component_ref idref="oc-be"/>
      </symbol>
      <symbol id="sm-6b1">
         <name>sqrt</name>
         <value>0x3441</value>
         <object_component_ref idref="oc-133"/>
      </symbol>
      <symbol id="sm-6b2">
         <name>sqrtl</name>
         <value>0x3441</value>
         <object_component_ref idref="oc-133"/>
      </symbol>
      <symbol id="sm-6c9">
         <name>atan</name>
         <value>0x15ed</value>
         <object_component_ref idref="oc-142"/>
      </symbol>
      <symbol id="sm-6ca">
         <name>atanl</name>
         <value>0x15ed</value>
         <object_component_ref idref="oc-142"/>
      </symbol>
      <symbol id="sm-6d4">
         <name>frexp</name>
         <value>0x76b9</value>
         <object_component_ref idref="oc-3da"/>
      </symbol>
      <symbol id="sm-6d5">
         <name>frexpl</name>
         <value>0x76b9</value>
         <object_component_ref idref="oc-3da"/>
      </symbol>
      <symbol id="sm-6df">
         <name>scalbn</name>
         <value>0x52f1</value>
         <object_component_ref idref="oc-3de"/>
      </symbol>
      <symbol id="sm-6e0">
         <name>ldexp</name>
         <value>0x52f1</value>
         <object_component_ref idref="oc-3de"/>
      </symbol>
      <symbol id="sm-6e1">
         <name>scalbnl</name>
         <value>0x52f1</value>
         <object_component_ref idref="oc-3de"/>
      </symbol>
      <symbol id="sm-6e2">
         <name>ldexpl</name>
         <value>0x52f1</value>
         <object_component_ref idref="oc-3de"/>
      </symbol>
      <symbol id="sm-6eb">
         <name>wcslen</name>
         <value>0x9791</value>
         <object_component_ref idref="oc-371"/>
      </symbol>
      <symbol id="sm-6f6">
         <name>__aeabi_errno_addr</name>
         <value>0x6ef9</value>
         <object_component_ref idref="oc-124"/>
      </symbol>
      <symbol id="sm-6f7">
         <name>__aeabi_errno</name>
         <value>0x20200814</value>
         <object_component_ref idref="oc-1a6"/>
      </symbol>
      <symbol id="sm-700">
         <name>_nop</name>
         <value>0x44df</value>
         <object_component_ref idref="oc-266"/>
      </symbol>
      <symbol id="sm-701">
         <name>_lock</name>
         <value>0x20200818</value>
         <object_component_ref idref="oc-182"/>
      </symbol>
      <symbol id="sm-702">
         <name>_unlock</name>
         <value>0x2020081c</value>
         <object_component_ref idref="oc-188"/>
      </symbol>
      <symbol id="sm-70b">
         <name>__TI_ltoa</name>
         <value>0x787d</value>
         <object_component_ref idref="oc-3e6"/>
      </symbol>
      <symbol id="sm-716">
         <name>atoi</name>
         <value>0x80b5</value>
         <object_component_ref idref="oc-36d"/>
      </symbol>
      <symbol id="sm-71b">
         <name>_ftable</name>
         <value>0x202005ac</value>
         <object_component_ref idref="oc-184"/>
      </symbol>
      <symbol id="sm-724">
         <name>memccpy</name>
         <value>0x8d11</value>
         <object_component_ref idref="oc-366"/>
      </symbol>
      <symbol id="sm-72d">
         <name>memcmp</name>
         <value>0x8df9</value>
         <object_component_ref idref="oc-39a"/>
      </symbol>
      <symbol id="sm-739">
         <name>_c_int00_noargs</name>
         <value>0x8b95</value>
         <object_component_ref idref="oc-5b"/>
      </symbol>
      <symbol id="sm-73a">
         <name>__stack</name>
         <value>0x20207e00</value>
         <object_component_ref idref="oc-1a"/>
      </symbol>
      <symbol id="sm-749">
         <name>__TI_auto_init_nobinit_nopinit</name>
         <value>0x8319</value>
         <object_component_ref idref="oc-fe"/>
      </symbol>
      <symbol id="sm-751">
         <name>_system_pre_init</name>
         <value>0x9915</value>
         <object_component_ref idref="oc-80"/>
      </symbol>
      <symbol id="sm-75c">
         <name>__TI_zero_init</name>
         <value>0x97a1</value>
         <object_component_ref idref="oc-58"/>
      </symbol>
      <symbol id="sm-765">
         <name>__TI_decompress_none</name>
         <value>0x972d</value>
         <object_component_ref idref="oc-20"/>
      </symbol>
      <symbol id="sm-770">
         <name>__TI_decompress_lzss</name>
         <value>0x6c2d</value>
         <object_component_ref idref="oc-1c"/>
      </symbol>
      <symbol id="sm-772">
         <name>__aeabi_ctype_table_</name>
         <value>0xabc0</value>
         <object_component_ref idref="oc-3cd"/>
      </symbol>
      <symbol id="sm-773">
         <name>__aeabi_ctype_table_C</name>
         <value>0xabc0</value>
         <object_component_ref idref="oc-3cd"/>
      </symbol>
      <symbol id="sm-77d">
         <name>abort</name>
         <value>0x98ef</value>
         <object_component_ref idref="oc-f7"/>
      </symbol>
      <symbol id="sm-786">
         <name>HOSTexit</name>
         <value>0x98f9</value>
         <object_component_ref idref="oc-18b"/>
      </symbol>
      <symbol id="sm-787">
         <name>C$$EXIT</name>
         <value>0x98f8</value>
         <object_component_ref idref="oc-18b"/>
      </symbol>
      <symbol id="sm-797">
         <name>__aeabi_fadd</name>
         <value>0x54ab</value>
         <object_component_ref idref="oc-a8"/>
      </symbol>
      <symbol id="sm-798">
         <name>__addsf3</name>
         <value>0x54ab</value>
         <object_component_ref idref="oc-a8"/>
      </symbol>
      <symbol id="sm-799">
         <name>__aeabi_fsub</name>
         <value>0x54a1</value>
         <object_component_ref idref="oc-a8"/>
      </symbol>
      <symbol id="sm-79a">
         <name>__subsf3</name>
         <value>0x54a1</value>
         <object_component_ref idref="oc-a8"/>
      </symbol>
      <symbol id="sm-7a0">
         <name>__aeabi_dadd</name>
         <value>0x2fb7</value>
         <object_component_ref idref="oc-129"/>
      </symbol>
      <symbol id="sm-7a1">
         <name>__adddf3</name>
         <value>0x2fb7</value>
         <object_component_ref idref="oc-129"/>
      </symbol>
      <symbol id="sm-7a2">
         <name>__aeabi_dsub</name>
         <value>0x2fad</value>
         <object_component_ref idref="oc-129"/>
      </symbol>
      <symbol id="sm-7a3">
         <name>__subdf3</name>
         <value>0x2fad</value>
         <object_component_ref idref="oc-129"/>
      </symbol>
      <symbol id="sm-7af">
         <name>__aeabi_dmul</name>
         <value>0x504d</value>
         <object_component_ref idref="oc-b6"/>
      </symbol>
      <symbol id="sm-7b0">
         <name>__muldf3</name>
         <value>0x504d</value>
         <object_component_ref idref="oc-b6"/>
      </symbol>
      <symbol id="sm-7b9">
         <name>__muldsi3</name>
         <value>0x8355</value>
         <object_component_ref idref="oc-11d"/>
      </symbol>
      <symbol id="sm-7bf">
         <name>__aeabi_fmul</name>
         <value>0x66e9</value>
         <object_component_ref idref="oc-a4"/>
      </symbol>
      <symbol id="sm-7c0">
         <name>__mulsf3</name>
         <value>0x66e9</value>
         <object_component_ref idref="oc-a4"/>
      </symbol>
      <symbol id="sm-7c6">
         <name>__aeabi_fdiv</name>
         <value>0x6b29</value>
         <object_component_ref idref="oc-a0"/>
      </symbol>
      <symbol id="sm-7c7">
         <name>__divsf3</name>
         <value>0x6b29</value>
         <object_component_ref idref="oc-a0"/>
      </symbol>
      <symbol id="sm-7cd">
         <name>__aeabi_ddiv</name>
         <value>0x4965</value>
         <object_component_ref idref="oc-13a"/>
      </symbol>
      <symbol id="sm-7ce">
         <name>__divdf3</name>
         <value>0x4965</value>
         <object_component_ref idref="oc-13a"/>
      </symbol>
      <symbol id="sm-7d7">
         <name>__aeabi_f2d</name>
         <value>0x8075</value>
         <object_component_ref idref="oc-ac"/>
      </symbol>
      <symbol id="sm-7d8">
         <name>__extendsfdf2</name>
         <value>0x8075</value>
         <object_component_ref idref="oc-ac"/>
      </symbol>
      <symbol id="sm-7de">
         <name>__aeabi_d2iz</name>
         <value>0x7c55</value>
         <object_component_ref idref="oc-3e2"/>
      </symbol>
      <symbol id="sm-7df">
         <name>__fixdfsi</name>
         <value>0x7c55</value>
         <object_component_ref idref="oc-3e2"/>
      </symbol>
      <symbol id="sm-7e5">
         <name>__aeabi_f2iz</name>
         <value>0x8391</value>
         <object_component_ref idref="oc-3a2"/>
      </symbol>
      <symbol id="sm-7e6">
         <name>__fixsfsi</name>
         <value>0x8391</value>
         <object_component_ref idref="oc-3a2"/>
      </symbol>
      <symbol id="sm-7ec">
         <name>__aeabi_i2d</name>
         <value>0x89f5</value>
         <object_component_ref idref="oc-3ea"/>
      </symbol>
      <symbol id="sm-7ed">
         <name>__floatsidf</name>
         <value>0x89f5</value>
         <object_component_ref idref="oc-3ea"/>
      </symbol>
      <symbol id="sm-7f3">
         <name>__aeabi_i2f</name>
         <value>0x82dd</value>
         <object_component_ref idref="oc-9c"/>
      </symbol>
      <symbol id="sm-7f4">
         <name>__floatsisf</name>
         <value>0x82dd</value>
         <object_component_ref idref="oc-9c"/>
      </symbol>
      <symbol id="sm-7fa">
         <name>__aeabi_ui2f</name>
         <value>0x8b45</value>
         <object_component_ref idref="oc-39e"/>
      </symbol>
      <symbol id="sm-7fb">
         <name>__floatunsisf</name>
         <value>0x8b45</value>
         <object_component_ref idref="oc-39e"/>
      </symbol>
      <symbol id="sm-801">
         <name>__aeabi_lmul</name>
         <value>0x8ced</value>
         <object_component_ref idref="oc-375"/>
      </symbol>
      <symbol id="sm-802">
         <name>__muldi3</name>
         <value>0x8ced</value>
         <object_component_ref idref="oc-375"/>
      </symbol>
      <symbol id="sm-809">
         <name>__aeabi_d2f</name>
         <value>0x6f01</value>
         <object_component_ref idref="oc-ba"/>
      </symbol>
      <symbol id="sm-80a">
         <name>__truncdfsf2</name>
         <value>0x6f01</value>
         <object_component_ref idref="oc-ba"/>
      </symbol>
      <symbol id="sm-810">
         <name>__aeabi_dcmpeq</name>
         <value>0x7535</value>
         <object_component_ref idref="oc-12d"/>
      </symbol>
      <symbol id="sm-811">
         <name>__aeabi_dcmplt</name>
         <value>0x7549</value>
         <object_component_ref idref="oc-12d"/>
      </symbol>
      <symbol id="sm-812">
         <name>__aeabi_dcmple</name>
         <value>0x755d</value>
         <object_component_ref idref="oc-12d"/>
      </symbol>
      <symbol id="sm-813">
         <name>__aeabi_dcmpge</name>
         <value>0x7571</value>
         <object_component_ref idref="oc-12d"/>
      </symbol>
      <symbol id="sm-814">
         <name>__aeabi_dcmpgt</name>
         <value>0x7585</value>
         <object_component_ref idref="oc-12d"/>
      </symbol>
      <symbol id="sm-81a">
         <name>__aeabi_idiv</name>
         <value>0x792d</value>
         <object_component_ref idref="oc-3a6"/>
      </symbol>
      <symbol id="sm-81b">
         <name>__aeabi_idivmod</name>
         <value>0x792d</value>
         <object_component_ref idref="oc-3a6"/>
      </symbol>
      <symbol id="sm-821">
         <name>__aeabi_memcpy</name>
         <value>0x98b9</value>
         <object_component_ref idref="oc-4b"/>
      </symbol>
      <symbol id="sm-822">
         <name>__aeabi_memcpy4</name>
         <value>0x98b9</value>
         <object_component_ref idref="oc-4b"/>
      </symbol>
      <symbol id="sm-823">
         <name>__aeabi_memcpy8</name>
         <value>0x98b9</value>
         <object_component_ref idref="oc-4b"/>
      </symbol>
      <symbol id="sm-82c">
         <name>__aeabi_memset</name>
         <value>0x97b1</value>
         <object_component_ref idref="oc-365"/>
      </symbol>
      <symbol id="sm-82d">
         <name>__aeabi_memset4</name>
         <value>0x97b1</value>
         <object_component_ref idref="oc-365"/>
      </symbol>
      <symbol id="sm-82e">
         <name>__aeabi_memset8</name>
         <value>0x97b1</value>
         <object_component_ref idref="oc-365"/>
      </symbol>
      <symbol id="sm-82f">
         <name>__aeabi_memclr</name>
         <value>0x97e9</value>
         <object_component_ref idref="oc-7b"/>
      </symbol>
      <symbol id="sm-830">
         <name>__aeabi_memclr4</name>
         <value>0x97e9</value>
         <object_component_ref idref="oc-7b"/>
      </symbol>
      <symbol id="sm-831">
         <name>__aeabi_memclr8</name>
         <value>0x97e9</value>
         <object_component_ref idref="oc-7b"/>
      </symbol>
      <symbol id="sm-837">
         <name>__aeabi_uidiv</name>
         <value>0x8035</value>
         <object_component_ref idref="oc-19d"/>
      </symbol>
      <symbol id="sm-838">
         <name>__aeabi_uidivmod</name>
         <value>0x8035</value>
         <object_component_ref idref="oc-19d"/>
      </symbol>
      <symbol id="sm-83e">
         <name>__aeabi_uldivmod</name>
         <value>0x9609</value>
         <object_component_ref idref="oc-37a"/>
      </symbol>
      <symbol id="sm-844">
         <name>__udivmoddi4</name>
         <value>0x6225</value>
         <object_component_ref idref="oc-3d5"/>
      </symbol>
      <symbol id="sm-84a">
         <name>__aeabi_llsl</name>
         <value>0x8e99</value>
         <object_component_ref idref="oc-428"/>
      </symbol>
      <symbol id="sm-84b">
         <name>__ashldi3</name>
         <value>0x8e99</value>
         <object_component_ref idref="oc-428"/>
      </symbol>
      <symbol id="sm-859">
         <name>__ledf2</name>
         <value>0x726d</value>
         <object_component_ref idref="oc-1ab"/>
      </symbol>
      <symbol id="sm-85a">
         <name>__gedf2</name>
         <value>0x6e85</value>
         <object_component_ref idref="oc-1b1"/>
      </symbol>
      <symbol id="sm-85b">
         <name>__cmpdf2</name>
         <value>0x726d</value>
         <object_component_ref idref="oc-1ab"/>
      </symbol>
      <symbol id="sm-85c">
         <name>__eqdf2</name>
         <value>0x726d</value>
         <object_component_ref idref="oc-1ab"/>
      </symbol>
      <symbol id="sm-85d">
         <name>__ltdf2</name>
         <value>0x726d</value>
         <object_component_ref idref="oc-1ab"/>
      </symbol>
      <symbol id="sm-85e">
         <name>__nedf2</name>
         <value>0x726d</value>
         <object_component_ref idref="oc-1ab"/>
      </symbol>
      <symbol id="sm-85f">
         <name>__gtdf2</name>
         <value>0x6e85</value>
         <object_component_ref idref="oc-1b1"/>
      </symbol>
      <symbol id="sm-86c">
         <name>__aeabi_idiv0</name>
         <value>0x313f</value>
         <object_component_ref idref="oc-285"/>
      </symbol>
      <symbol id="sm-86d">
         <name>__aeabi_ldiv0</name>
         <value>0x3da3</value>
         <object_component_ref idref="oc-427"/>
      </symbol>
      <symbol id="sm-876">
         <name>TI_memcpy_small</name>
         <value>0x971b</value>
         <object_component_ref idref="oc-cf"/>
      </symbol>
      <symbol id="sm-87f">
         <name>TI_memset_small</name>
         <value>0x97db</value>
         <object_component_ref idref="oc-14c"/>
      </symbol>
      <symbol id="sm-880">
         <name>__TI_static_base__</name>
         <value>0x0</value>
      </symbol>
      <symbol id="sm-884">
         <name>__mpu_init</name>
         <value>0x0</value>
      </symbol>
      <symbol id="sm-885">
         <name>_system_post_cinit</name>
         <value>0x0</value>
      </symbol>
   </symbol_table>
   <title>Link successful</title>
</link_info>
