******************************************************************************
            TI ARM Clang Linker PC v4.0.3                      
******************************************************************************
>> Linked Wed Nov 19 23:47:32 2025

OUTPUT FILE NAME:   <car2025_11_16.out>
ENTRY POINT SYMBOL: "_c_int00_noargs"  address: 00008e99


MEMORY CONFIGURATION

         name            origin    length      used     unused   attr    fill
----------------------  --------  ---------  --------  --------  ----  --------
  FLASH                 00000000   00020000  0000b460  00014ba0  R  X
  SRAM                  20200000   00008000  00000a92  0000756e  RW X
  BCR_CONFIG            41c00000   000000ff  00000000  000000ff  R   
  BSL_CONFIG            41c00100   00000080  00000000  00000080  R   


SEGMENT ALLOCATION MAP

run origin  load origin   length   init length attrs members
----------  ----------- ---------- ----------- ----- -------
00000000    00000000    0000b460   0000b460    r-x
  00000000    00000000    000000c0   000000c0    r-- .intvecs
  000000c0    000000c0    00009b40   00009b40    r-x .text
  00009c00    00009c00    00001710   00001710    r-- .rodata
  0000b310    0000b310    00000150   00000150    r-- .cinit
20200000    20200000    00000893   00000000    rw-
  20200000    20200000    000005e3   00000000    rw- .bss
  202005e4    202005e4    000002af   00000000    rw- .data
20207e00    20207e00    00000200   00000000    rw-
  20207e00    20207e00    00000200   00000000    rw- .stack


SECTION ALLOCATION MAP

 output                                  attributes/
section   page    origin      length       input sections
--------  ----  ----------  ----------   ----------------
.intvecs   0    00000000    000000c0     
                  00000000    000000c0     startup_mspm0g350x_ticlang.o (.intvecs)

.text      0    000000c0    00009b40     
                  000000c0    000009d0     libc.a : _printfi.c.obj (.text:__TI_printfi)
                  00000a90    000007f8     draw.o (.text.HOME_directory)
                  00001288    00000364     libc.a : e_asin.c.obj (.text.asin)
                  000015ec    000002f8            : s_atan.c.obj (.text.atan)
                  000018e4    00000288     ti_msp_dl_config.o (.text.SYSCFG_DL_GPIO_init)
                  00001b6c    00000278     inv_mpu_dmp_motion_driver.o (.text.dmp_enable_feature)
                  00001de4    0000023c     u8g2_font.o (.text.u8g2_font_decode_glyph)
                  00002020    00000238     inv_mpu_dmp_motion_driver.o (.text.dmp_set_tap_thresh)
                  00002258    0000022c     mpu6050.o (.text.Read_Quad)
                  00002484    0000022c     inv_mpu.o (.text.mpu_reset_fifo)
                  000026b0    00000220     libc.a : _printfi.c.obj (.text._pconv_a)
                  000028d0    000001f4     inv_mpu_dmp_motion_driver.o (.text.dmp_read_fifo)
                  00002ac4    000001dc     libc.a : _printfi.c.obj (.text._pconv_g)
                  00002ca0    000001cc     oled.o (.text.u8x8_gpio_and_delay)
                  00002e6c    000001a0     inv_mpu.o (.text.mpu_set_bypass)
                  0000300c    00000192     libclang_rt.builtins.a : adddf3.S.obj (.text.adddf3_subdf3)
                  0000319e    00000002                            : aeabi_div0.c.obj (.text.__aeabi_idiv0)
                  000031a0    00000188     libc.a : e_atan2.c.obj (.text.atan2)
                  00003328    00000178     interrupt.o (.text.GROUP1_IRQHandler)
                  000034a0    00000178     inv_mpu_dmp_motion_driver.o (.text.dmp_set_orientation)
                  00003618    00000170     libc.a : e_sqrt.c.obj (.text.sqrt)
                  00003788    00000168     u8x8_d_ssd1306_128x64_noname.o (.text.u8x8_d_ssd1306_sh1106_generic)
                  000038f0    00000164     u8g2_ll_hvline.o (.text.u8g2_ll_hvline_vertical_top_lsb)
                  00003a54    00000148     draw.o (.text.zb_control)
                  00003b9c    00000144     mpu6050.o (.text.MPU6050_Init)
                  00003ce0    00000142     u8g2_font.o (.text.u8g2_font_decode_len)
                  00003e22    00000002     libclang_rt.builtins.a : aeabi_div0.c.obj (.text.__aeabi_ldiv0)
                  00003e24    0000013c     libc.a : _printfi.c.obj (.text.fcvt)
                  00003f60    0000013c     u8x8_8x8.o (.text.u8x8_utf8_next)
                  0000409c    00000134     mspm0_i2c.o (.text.mspm0_i2c_read)
                  000041d0    00000134     u8x8_cad.o (.text.u8x8_cad_ssd13xx_fast_i2c)
                  00004304    00000130     inv_mpu.o (.text.mpu_set_sensors)
                  00004434    0000012a     u8g2_hvline.o (.text.u8g2_DrawHVLine)
                  0000455e    00000002     libc.a : _lock.c.obj (.text._nop)
                  00004560    00000128     inv_mpu.o (.text.mpu_init)
                  00004688    00000124     inv_mpu.o (.text.mpu_load_firmware)
                  000047ac    00000120     libc.a : _printfi.c.obj (.text._pconv_e)
                  000048cc    00000116     u8g2_font.o (.text.u8g2_font_get_glyph_data)
                  000049e2    00000002     --HOLE-- [fill = 0]
                  000049e4    0000010c     libclang_rt.builtins.a : divdf3.S.obj (.text.__divdf3)
                  00004af0    00000108     inv_mpu.o (.text.mpu_read_fifo_stream)
                  00004bf8    00000104     driverlib.a : dl_timer.o (.text.DL_Timer_initFourCCPWMMode)
                  00004cfc    00000100     inv_mpu.o (.text.mpu_lp_accel_mode)
                  00004dfc    000000fc     u8g2_font.o (.text.u8g2_read_font_info)
                  00004ef8    000000ec     inv_mpu.o (.text.mpu_set_sample_rate)
                  00004fe4    000000e8     driverlib.a : dl_timer.o (.text.DL_Timer_initTimerMode)
                  000050cc    000000e4     libclang_rt.builtins.a : muldf3.S.obj (.text.__muldf3)
                  000051b0    000000e4     inv_mpu.o (.text.mpu_set_accel_fsr)
                  00005294    000000e0     electrical_machinery.o (.text.Velocity_A)
                  00005374    000000dc     driverlib.a : dl_sysctl_mspm0g1x0x_g3x0x.o (.text.DL_SYSCTL_configSYSPLL)
                  00005450    000000d8     libc.a : s_scalbn.c.obj (.text.scalbn)
                  00005528    000000d8     u8g2_font.o (.text.u8g2_draw_string)
                  00005600    000000d8     libclang_rt.builtins.a : addsf3.S.obj (.text)
                  000056d8    000000d6     u8g2_hvline.o (.text.u8g2_clip_intersection2)
                  000057ae    00000002     --HOLE-- [fill = 0]
                  000057b0    000000d4     ti_msp_dl_config.o (.text.SYSCFG_DL_initPower)
                  00005884    000000d4     inv_mpu.o (.text.set_int_enable)
                  00005958    000000d0     draw.o (.text.CAR_control)
                  00005a28    000000d0     inv_mpu.o (.text.mpu_set_lpf)
                  00005af8    000000c6     u8g2_font.o (.text.u8g2_UpdateRefHeight)
                  00005bbe    00000002     --HOLE-- [fill = 0]
                  00005bc0    000000c4     inv_mpu.o (.text.mpu_set_gyro_fsr)
                  00005c84    000000c4     mspm0_i2c.o (.text.mspm0_i2c_write)
                  00005d48    000000c0     draw.o (.text.PID_control)
                  00005e08    000000c0     u8x8_byte.o (.text.u8x8_byte_sw_i2c)
                  00005ec8    000000bc     inv_mpu.o (.text.mpu_configure_fifo)
                  00005f84    000000b8     inv_mpu.o (.text.mpu_set_dmp_state)
                  0000603c    000000ae     u8g2_setup.o (.text.u8g2_update_dimension_common)
                  000060ea    00000002     --HOLE-- [fill = 0]
                  000060ec    000000ac     electrical_machinery.o (.text.MOTOR_CONTROL)
                  00006198    000000ac     inv_mpu.o (.text.mpu_read_mem)
                  00006244    000000ac     inv_mpu.o (.text.mpu_write_mem)
                  000062f0    000000ac     u8g2_setup.o (.text.u8g2_apply_clip_window)
                  0000639c    000000a4     u8x8_cad.o (.text.u8x8_cad_SendSequence)
                  00006440    000000a2     libclang_rt.builtins.a : udivmoddi4.S.obj (.text)
                  000064e2    00000002     --HOLE-- [fill = 0]
                  000064e4    0000009c     inv_mpu.o (.text.mpu_set_int_latched)
                  00006580    0000009c     draw.o (.text.quanshukongzi)
                  0000661c    00000098     inv_mpu_dmp_motion_driver.o (.text.dmp_set_fifo_rate)
                  000066b4    00000096     mpu6050.o (.text.inv_row_2_scale)
                  0000674a    00000002     --HOLE-- [fill = 0]
                  0000674c    00000096     u8g2_font.o (.text.u8g2_DrawGlyph)
                  000067e2    00000094     u8g2_intersection.o (.text.u8g2_is_intersection_decision_tree)
                  00006876    0000008e     u8g2_buffer.o (.text.u8g2_send_buffer)
                  00006904    0000008c     libclang_rt.builtins.a : mulsf3.S.obj (.text.__mulsf3)
                  00006990    0000008c     inv_mpu_dmp_motion_driver.o (.text.decode_gesture)
                  00006a1c    0000008a     u8x8_byte.o (.text.i2c_write_byte)
                  00006aa6    00000002     --HOLE-- [fill = 0]
                  00006aa8    00000088     draw.o (.text.other_control)
                  00006b30    00000088     u8g2_font.o (.text.u8g2_font_decode_get_unsigned_bits)
                  00006bb8    00000084     clock.o (.text.__NVIC_SetPriority)
                  00006c3c    00000084     ti_msp_dl_config.o (.text.__NVIC_SetPriority)
                  00006cc0    00000082     libclang_rt.builtins.a : divsf3.S.obj (.text.__divsf3)
                  00006d42    00000002     --HOLE-- [fill = 0]
                  00006d44    00000080     u8x8_d_ssd1306_128x64_noname.o (.text.u8x8_d_ssd1306_128x64_noname)
                  00006dc4    0000007c     libc.a : copy_decompress_lzss.c.obj (.text:decompress:lzss)
                  00006e40    00000078     u8g2_box.o (.text.u8g2_DrawBox)
                  00006eb8    00000078     u8g2_setup.o (.text.u8g2_SetupBuffer)
                  00006f30    00000076     u8g2_font.o (.text.u8g2_add_vector_x)
                  00006fa6    00000076     u8g2_font.o (.text.u8g2_add_vector_y)
                  0000701c    00000074     libclang_rt.builtins.a : comparedf2.c.obj (.text.__gedf2)
                  00007090    00000074                            : truncdfsf2.S.obj (.text.__truncdfsf2)
                  00007104    00000074     inv_mpu.o (.text.mpu_get_accel_fsr)
                  00007178    0000006c     ti_msp_dl_config.o (.text.SYSCFG_DL_PWMB_init)
                  000071e4    0000006c     ti_msp_dl_config.o (.text.SYSCFG_DL_PWMC_init)
                  00007250    0000006c     ti_msp_dl_config.o (.text.SYSCFG_DL_PWMD_init)
                  000072bc    0000006c     u8g2_buffer.o (.text.u8g2_NextPage)
                  00007328    0000006c     u8x8_display.o (.text.u8x8_d_helper_display_init)
                  00007394    00000068     ti_msp_dl_config.o (.text.SYSCFG_DL_PWMA_init)
                  000073fc    00000068     libclang_rt.builtins.a : comparedf2.c.obj (.text.__ledf2)
                  00007464    00000068     draw.o (.text.xianshuc)
                  000074cc    00000066     libc.a : _printfi.c.obj (.text._mcpy)
                  00007532    00000066     inv_mpu_dmp_motion_driver.o (.text.dmp_set_tap_axes)
                  00007598    00000064     mspm0_i2c.o (.text.mpu6050_i2c_sda_unlock)
                  000075fc    00000064     u8g2_intersection.o (.text.u8g2_IsIntersection)
                  00007660    00000062     libclang_rt.builtins.a : aeabi_dcmp.S.obj (.text.__aeabi_dcmp)
                  000076c2    00000002     --HOLE-- [fill = 0]
                  000076c4    00000060     inv_mpu_dmp_motion_driver.o (.text.dmp_enable_gyro_cal)
                  00007724    00000060     inv_mpu.o (.text.mpu_get_gyro_fsr)
                  00007784    0000005e     driverlib.a : dl_i2c.o (.text.DL_I2C_fillControllerTXFIFO)
                  000077e2    00000002     --HOLE-- [fill = 0]
                  000077e4    0000005c     libc.a : s_frexp.c.obj (.text.frexp)
                  00007840    0000005c     mspm0_i2c.o (.text.mspm0_i2c_enable)
                  0000789c    0000005c     libc.a : printf.c.obj (.text.printf)
                  000078f8    00000058     ti_msp_dl_config.o (.text.SYSCFG_DL_I2C_BUS_init)
                  00007950    00000058     ti_msp_dl_config.o (.text.SYSCFG_DL_I2C_MPU6050_init)
                  000079a8    00000058     libc.a : _ltoa.c.obj (.text.__TI_ltoa)
                  00007a00    00000058            : _printfi.c.obj (.text._pconv_f)
                  00007a58    00000058     main.o (.text.main)
                  00007ab0    00000056     libclang_rt.builtins.a : aeabi_idivmod.S.obj (.text.__aeabi_idivmod)
                  00007b06    00000002     --HOLE-- [fill = 0]
                  00007b08    00000054     ti_msp_dl_config.o (.text.SYSCFG_DL_init)
                  00007b5c    00000054     u8g2_buffer.o (.text.u8g2_send_tile_row)
                  00007bb0    00000052     libc.a : _printfi.c.obj (.text._ecpy)
                  00007c02    00000052     u8g2_font.o (.text.u8g2_font_setup_decode)
                  00007c54    00000050     mspm0_i2c.o (.text.DL_I2C_startControllerTransfer)
                  00007ca4    00000050     clock.o (.text.SysTick_Config)
                  00007cf4    00000050     uart.o (.text.fputs)
                  00007d44    00000050     u8g2_font.o (.text.u8g2_font_draw_glyph)
                  00007d94    0000004c     ti_msp_dl_config.o (.text.DL_UART_setBaudRateDivisor)
                  00007de0    0000004c     ti_msp_dl_config.o (.text.SYSCFG_DL_SYSCTL_init)
                  00007e2c    0000004c     ti_msp_dl_config.o (.text.SYSCFG_DL_UART_1_init)
                  00007e78    0000004a     libclang_rt.builtins.a : fixdfsi.S.obj (.text.__fixdfsi)
                  00007ec2    0000004a     u8x8_byte.o (.text.i2c_start)
                  00007f0c    00000048     driverlib.a : dl_uart.o (.text.DL_UART_init)
                  00007f54    00000048     ti_msp_dl_config.o (.text.SYSCFG_DL_UART_0_init)
                  00007f9c    00000048     inv_mpu_dmp_motion_driver.o (.text.dmp_enable_6x_lp_quat)
                  00007fe4    00000048     inv_mpu_dmp_motion_driver.o (.text.dmp_enable_lp_quat)
                  0000802c    00000048     mspm0_i2c.o (.text.mspm0_i2c_disable)
                  00008074    00000048     u8g2_d_setup.o (.text.u8g2_Setup_ssd1306_i2c_128x64_noname_f)
                  000080bc    00000046     u8g2_font.o (.text.u8g2_font_decode_get_signed_bits)
                  00008102    00000002     --HOLE-- [fill = 0]
                  00008104    00000044     driverlib.a : dl_sysctl_mspm0g1x0x_g3x0x.o (.text.DL_SYSCTL_switchMCLKfromSYSOSCtoHSCLK)
                  00008148    00000044     inv_mpu_dmp_motion_driver.o (.text.dmp_set_shake_reject_thresh)
                  0000818c    00000044     inv_mpu_dmp_motion_driver.o (.text.dmp_set_tap_count)
                  000081d0    00000044     u8x8_setup.o (.text.u8x8_SetupDefaults)
                  00008214    00000040     libclang_rt.builtins.a : aeabi_uidivmod.S.obj (.text.__aeabi_uidivmod)
                  00008254    00000040                            : extendsfdf2.S.obj (.text.__extendsfdf2)
                  00008294    00000040     libc.a : atoi.c.obj (.text.atoi)
                  000082d4    00000040     oled.o (.text.u8g2Init)
                  00008314    0000003e     mpu6050.o (.text.inv_orientation_matrix_to_scalar)
                  00008352    0000003e     u8g2_hvline.o (.text.u8g2_draw_hv_line_2dir)
                  00008390    0000003c     mspm0_i2c.o (.text.DL_GPIO_initPeripheralInputFunctionFeatures)
                  000083cc    0000003c     ti_msp_dl_config.o (.text.DL_GPIO_initPeripheralInputFunctionFeatures)
                  00008408    0000003c     driverlib.a : dl_i2c.o (.text.DL_I2C_flushControllerTXFIFO)
                  00008444    0000003c     ti_msp_dl_config.o (.text.DL_Timer_setCounterControl)
                  00008480    0000003c     ti_msp_dl_config.o (.text.SYSCFG_DL_TIMER_TICK_init)
                  000084bc    0000003c     libclang_rt.builtins.a : floatsisf.S.obj (.text.__floatsisf)
                  000084f8    0000003c     libc.a : autoinit.c.obj (.text:__TI_auto_init_nobinit_nopinit)
                  00008534    0000003a     libclang_rt.builtins.a : muldsi3.S.obj (.text.__muldsi3)
                  0000856e    00000002     --HOLE-- [fill = 0]
                  00008570    00000038     ti_msp_dl_config.o (.text.DL_GPIO_initPeripheralOutputFunctionFeatures)
                  000085a8    00000038     libclang_rt.builtins.a : fixsfsi.S.obj (.text.__fixsfsi)
                  000085e0    00000038     u8x8_byte.o (.text.i2c_write_bit)
                  00008618    00000038     libc.a : sprintf.c.obj (.text.sprintf)
                  00008650    00000036     u8g2_setup.o (.text.u8g2_update_page_win_r0)
                  00008686    00000036     u8x8_setup.o (.text.u8x8_Setup)
                  000086bc    00000034     mspm0_i2c.o (.text.DL_GPIO_initDigitalInputFeatures)
                  000086f0    00000034     ti_msp_dl_config.o (.text.DL_GPIO_initDigitalInputFeatures)
                  00008724    00000034     clock.o (.text.SysTick_Init)
                  00008758    00000034     inv_mpu.o (.text.mpu_get_sample_rate)
                  0000878c    00000034     u8g2_font.o (.text.u8g2_DrawUTF8)
                  000087c0    00000034     u8g2_setup.o (.text.u8g2_SetMaxClipWindow)
                  000087f4    00000034     u8g2_setup.o (.text.u8g2_draw_l90_r0)
                  00008828    00000034     u8g2_font.o (.text.u8g2_font_get_word)
                  0000885c    00000034     u8x8_display.o (.text.u8x8_DrawTile)
                  00008890    00000034     u8x8_cad.o (.text.u8x8_i2c_data_transfer)
                  000088c4    00000032     main.o (.text.MSPM0_Init)
                  000088f6    00000032     inv_mpu_dmp_motion_driver.o (.text.dmp_set_shake_reject_time)
                  00008928    00000032     inv_mpu_dmp_motion_driver.o (.text.dmp_set_shake_reject_timeout)
                  0000895a    00000002     --HOLE-- [fill = 0]
                  0000895c    00000030     interrupt.o (.text.TIMG0_IRQHandler)
                  0000898c    00000030     uart.o (.text.UART0_IRQHandler)
                  000089bc    00000030     uart.o (.text.UART3_IRQHandler)
                  000089ec    00000030     uart.o (.text.UART_Init)
                  00008a1c    00000030     libc.a : _printfi.c.obj (.text._fcpy)
                  00008a4c    00000030     inv_mpu_dmp_motion_driver.o (.text.dmp_set_tap_time)
                  00008a7c    00000030     inv_mpu_dmp_motion_driver.o (.text.dmp_set_tap_time_multi)
                  00008aac    00000030     u8x8_byte.o (.text.i2c_stop)
                  00008adc    00000030     clock.o (.text.mspm0_delay_ms)
                  00008b0c    00000030     u8g2_font.o (.text.u8g2_SetFont)
                  00008b3c    0000002e     u8x8_byte.o (.text.i2c_read_bit)
                  00008b6a    0000002e     u8g2_buffer.o (.text.u8g2_ClearBuffer)
                  00008b98    0000002c     draw.o (.text.DIRECTORY_control)
                  00008bc4    0000002c     clock.o (.text.__NVIC_ClearPendingIRQ)
                  00008bf0    0000002c     main.o (.text.__NVIC_ClearPendingIRQ)
                  00008c1c    0000002c     uart.o (.text.__NVIC_ClearPendingIRQ)
                  00008c48    0000002c     clock.o (.text.__NVIC_EnableIRQ)
                  00008c74    0000002c     main.o (.text.__NVIC_EnableIRQ)
                  00008ca0    0000002c     uart.o (.text.__NVIC_EnableIRQ)
                  00008ccc    0000002c     libclang_rt.builtins.a : floatsidf.S.obj (.text.__floatsidf)
                  00008cf8    0000002c     uart.o (.text.fputc)
                  00008d24    0000002c     clock.o (.text.mspm0_get_clock_ms)
                  00008d50    0000002c     uart.o (.text.uart0_send_char)
                  00008d7c    0000002c     uart.o (.text.uart1_send_char)
                  00008da8    00000028     mspm0_i2c.o (.text.DL_Common_updateReg)
                  00008dd0    00000028     ti_msp_dl_config.o (.text.DL_Common_updateReg)
                  00008df8    00000028     ti_msp_dl_config.o (.text.DL_I2C_setControllerRXFIFOThreshold)
                  00008e20    00000028     ti_msp_dl_config.o (.text.DL_I2C_setControllerTXFIFOThreshold)
                  00008e48    00000028     libclang_rt.builtins.a : floatunsisf.S.obj (.text.__floatunsisf)
                  00008e70    00000028     u8g2_cleardisplay.o (.text.u8g2_ClearDisplay)
                  00008e98    00000028     libc.a : boot_cortex_m.c.obj (.text:_c_int00_noargs)
                  00008ec0    00000026     ti_msp_dl_config.o (.text.DL_I2C_setAnalogGlitchFilterPulseWidth)
                  00008ee6    00000026     driverlib.a : dl_i2c.o (.text.DL_I2C_setClockConfig)
                  00008f0c    00000026     u8x8_byte.o (.text.i2c_init)
                  00008f32    00000026     u8g2_buffer.o (.text.u8g2_FirstPage)
                  00008f58    00000026     u8g2_buffer.o (.text.u8g2_SetBufferCurrTileRow)
                  00008f7e    00000026     u8g2_hvline.o (.text.u8g2_SetDrawColor)
                  00008fa4    00000026     u8x8_gpio.o (.text.u8x8_gpio_call)
                  00008fca    00000002     --HOLE-- [fill = 0]
                  00008fcc    00000024     oled.o (.text.GPIO_Init)
                  00008ff0    00000024     libclang_rt.builtins.a : muldi3.S.obj (.text.__muldi3)
                  00009014    00000022     libc.a : memccpy.c.obj (.text.memccpy)
                  00009036    00000022     u8x8_byte.o (.text.u8x8_byte_SendBytes)
                  00009058    00000022     u8x8_cad.o (.text.u8x8_cad_SendData)
                  0000907a    00000002     --HOLE-- [fill = 0]
                  0000907c    00000020     ti_msp_dl_config.o (.text.DL_GPIO_initPeripheralInputFunction)
                  0000909c    00000020     mpu6050.o (.text.DL_SYSCTL_resetDevice)
                  000090bc    00000020     ti_msp_dl_config.o (.text.DL_SYSCTL_setFlashWaitState)
                  000090dc    00000020     libc.a : memcmp.c.obj (.text.memcmp)
                  000090fc    00000020     u8x8_display.o (.text.u8x8_SetPowerSave)
                  0000911c    00000020     u8x8_cad.o (.text.u8x8_cad_SendArg)
                  0000913c    00000020     u8x8_cad.o (.text.u8x8_cad_SendCmd)
                  0000915c    0000001e     ti_msp_dl_config.o (.text.DL_UART_setOversampling)
                  0000917a    00000002     --HOLE-- [fill = 0]
                  0000917c    0000001e     libclang_rt.builtins.a : ashldi3.S.obj (.text.__ashldi3)
                  0000919a    00000002     --HOLE-- [fill = 0]
                  0000919c    0000001c     ti_msp_dl_config.o (.text.DL_GPIO_clearInterruptStatus)
                  000091b8    0000001c     mspm0_i2c.o (.text.DL_GPIO_enableHiZ)
                  000091d4    0000001c     ti_msp_dl_config.o (.text.DL_GPIO_enableHiZ)
                  000091f0    0000001c     ti_msp_dl_config.o (.text.DL_GPIO_enableInterrupt)
                  0000920c    0000001c     ti_msp_dl_config.o (.text.DL_GPIO_initDigitalInput)
                  00009228    0000001c     ti_msp_dl_config.o (.text.DL_GPIO_initPeripheralOutputFunction)
                  00009244    0000001c     ti_msp_dl_config.o (.text.DL_GPIO_setLowerPinsPolarity)
                  00009260    0000001c     mpu6050.o (.text.DL_I2C_getSDAStatus)
                  0000927c    0000001c     mspm0_i2c.o (.text.DL_I2C_isControllerRXFIFOEmpty)
                  00009298    0000001c     interrupt.o (.text.DL_Interrupt_getPendingGroup)
                  000092b4    0000001c     ti_msp_dl_config.o (.text.DL_SYSCTL_setSYSOSCFreq)
                  000092d0    0000001c     ti_msp_dl_config.o (.text.DL_SYSCTL_setULPCLKDivider)
                  000092ec    0000001c     ti_msp_dl_config.o (.text.DL_Timer_enableInterrupt)
                  00009308    0000001c     driverlib.a : dl_timer.o (.text.DL_Timer_setCaptCompUpdateMethod)
                  00009324    0000001c                 : dl_timer.o (.text.DL_Timer_setClockConfig)
                  00009340    0000001c     ti_msp_dl_config.o (.text.DL_UART_enableInterrupt)
                  0000935c    0000001c     inv_mpu_dmp_motion_driver.o (.text.dmp_load_motion_driver_firmware)
                  00009378    0000001a     u8x8_byte.o (.text.i2c_read_scl_and_delay)
                  00009392    0000001a     u8x8_display.o (.text.u8x8_d_helper_display_setup_memory)
                  000093ac    00000018     mspm0_i2c.o (.text.DL_GPIO_enableOutput)
                  000093c4    00000018     ti_msp_dl_config.o (.text.DL_GPIO_enableOutput)
                  000093dc    00000018     ti_msp_dl_config.o (.text.DL_GPIO_enablePower)
                  000093f4    00000018     mspm0_i2c.o (.text.DL_GPIO_initDigitalOutput)
                  0000940c    00000018     ti_msp_dl_config.o (.text.DL_GPIO_initDigitalOutput)
                  00009424    00000018     ti_msp_dl_config.o (.text.DL_GPIO_reset)
                  0000943c    00000018     electrical_machinery.o (.text.DL_GPIO_setPins)
                  00009454    00000018     main.o (.text.DL_GPIO_setPins)
                  0000946c    00000018     mspm0_i2c.o (.text.DL_GPIO_setPins)
                  00009484    00000018     oled.o (.text.DL_GPIO_setPins)
                  0000949c    00000018     ti_msp_dl_config.o (.text.DL_GPIO_setUpperPinsPolarity)
                  000094b4    00000018     mspm0_i2c.o (.text.DL_I2C_clearInterruptStatus)
                  000094cc    00000018     ti_msp_dl_config.o (.text.DL_I2C_enableAnalogGlitchFilter)
                  000094e4    00000018     ti_msp_dl_config.o (.text.DL_I2C_enableController)
                  000094fc    00000018     ti_msp_dl_config.o (.text.DL_I2C_enableControllerClockStretching)
                  00009514    00000018     mspm0_i2c.o (.text.DL_I2C_enablePower)
                  0000952c    00000018     ti_msp_dl_config.o (.text.DL_I2C_enablePower)
                  00009544    00000018     mspm0_i2c.o (.text.DL_I2C_getRawInterruptStatus)
                  0000955c    00000018     mspm0_i2c.o (.text.DL_I2C_reset)
                  00009574    00000018     ti_msp_dl_config.o (.text.DL_I2C_reset)
                  0000958c    00000018     ti_msp_dl_config.o (.text.DL_I2C_setTimerPeriod)
                  000095a4    00000018     ti_msp_dl_config.o (.text.DL_SYSCTL_setBORThreshold)
                  000095bc    00000018     ti_msp_dl_config.o (.text.DL_Timer_enablePower)
                  000095d4    00000018     ti_msp_dl_config.o (.text.DL_Timer_reset)
                  000095ec    00000018     driverlib.a : dl_timer.o (.text.DL_Timer_setCaptureCompareOutCtl)
                  00009604    00000018     clock.o (.text.DL_Timer_startCounter)
                  0000961c    00000018     ti_msp_dl_config.o (.text.DL_UART_enablePower)
                  00009634    00000018     uart.o (.text.DL_UART_isBusy)
                  0000964c    00000018     ti_msp_dl_config.o (.text.DL_UART_reset)
                  00009664    00000018     libc.a : sprintf.c.obj (.text._outs)
                  0000967c    00000018     u8g2_font.o (.text.u8g2_font_get_byte)
                  00009694    00000016     interrupt.o (.text.DL_GPIO_readPins)
                  000096aa    00000016     mspm0_i2c.o (.text.DL_GPIO_readPins)
                  000096c0    00000016     mspm0_i2c.o (.text.DL_I2C_transmitControllerData)
                  000096d6    00000016     ti_msp_dl_config.o (.text.DL_UART_enable)
                  000096ec    00000016     uart.o (.text.DL_UART_transmitData)
                  00009702    00000016     u8x8_byte.o (.text.i2c_delay)
                  00009718    00000016     u8x8_display.o (.text.u8x8_InitDisplay)
                  0000972e    00000016     u8x8_display.o (.text.u8x8_RefreshDisplay)
                  00009744    00000016     u8x8_display.o (.text.u8x8_SetupMemory)
                  0000975a    00000016     u8x8_byte.o (.text.u8x8_byte_EndTransfer)
                  00009770    00000016     u8x8_byte.o (.text.u8x8_byte_SendByte)
                  00009786    00000016     u8x8_byte.o (.text.u8x8_byte_StartTransfer)
                  0000979c    00000016     u8x8_cad.o (.text.u8x8_cad_EndTransfer)
                  000097b2    00000016     u8x8_cad.o (.text.u8x8_cad_StartTransfer)
                  000097c8    00000016     u8x8_setup.o (.text.u8x8_dummy_cb)
                  000097de    00000014     electrical_machinery.o (.text.DL_GPIO_clearPins)
                  000097f2    00000014     mspm0_i2c.o (.text.DL_GPIO_clearPins)
                  00009806    00000014     oled.o (.text.DL_GPIO_clearPins)
                  0000981a    00000014     ti_msp_dl_config.o (.text.DL_GPIO_clearPins)
                  0000982e    00000002     --HOLE-- [fill = 0]
                  00009830    00000014     mspm0_i2c.o (.text.DL_I2C_getControllerStatus)
                  00009844    00000014     mspm0_i2c.o (.text.DL_I2C_receiveControllerData)
                  00009858    00000014     ti_msp_dl_config.o (.text.DL_I2C_resetControllerTransfer)
                  0000986c    00000014     ti_msp_dl_config.o (.text.DL_SYSCTL_disableSYSPLL)
                  00009880    00000014     ti_msp_dl_config.o (.text.DL_SYSCTL_enableMFCLK)
                  00009894    00000014     ti_msp_dl_config.o (.text.DL_Timer_enableClock)
                  000098a8    00000014     ti_msp_dl_config.o (.text.DL_Timer_setCCPDirection)
                  000098bc    00000014     uart.o (.text.DL_UART_receiveData)
                  000098d0    00000014     libclang_rt.builtins.a : aeabi_uldivmod.S.obj (.text.__aeabi_uldivmod)
                  000098e4    00000014     inv_mpu_dmp_motion_driver.o (.text.dmp_register_android_orient_cb)
                  000098f8    00000014     inv_mpu_dmp_motion_driver.o (.text.dmp_register_tap_cb)
                  0000990c    00000014     u8x8_byte.o (.text.i2c_clear_scl)
                  00009920    00000014     u8x8_byte.o (.text.i2c_clear_sda)
                  00009934    00000014     u8x8_byte.o (.text.i2c_read_sda)
                  00009948    00000014     libc.a : _printfi.c.obj (.text.strchr)
                  0000995c    00000014     u8g2_font.o (.text.u8g2_SetFontDirection)
                  00009970    00000014     u8g2_font.o (.text.u8g2_SetFontMode)
                  00009984    00000014     u8g2_font.o (.text.u8g2_SetFontPosBaseline)
                  00009998    00000014     u8g2_d_memory.o (.text.u8g2_m_16_8_f)
                  000099ac    00000012     interrupt.o (.text.DL_GPIO_getPendingInterrupt)
                  000099be    00000012     interrupt.o (.text.DL_Timer_getPendingInterrupt)
                  000099d0    00000012     uart.o (.text.DL_UART_getPendingInterrupt)
                  000099e2    00000012     driverlib.a : dl_uart.o (.text.DL_UART_setClockConfig)
                  000099f4    00000012     libc.a : memcpy16.S.obj (.text:TI_memcpy_small)
                  00009a06    00000012            : copy_decompress_none.c.obj (.text:decompress:none)
                  00009a18    00000010     ti_msp_dl_config.o (.text.DL_SYSCTL_disableHFXT)
                  00009a28    00000010     driverlib.a : dl_timer.o (.text.DL_Timer_setCaptureCompareValue)
                  00009a38    00000010     interrupt.o (.text.SysTick_Handler)
                  00009a48    00000010     u8g2_setup.o (.text.u8g2_update_dimension_r0)
                  00009a58    00000010     u8x8_8x8.o (.text.u8x8_utf8_init)
                  00009a68    00000010     libc.a : wcslen.c.obj (.text.wcslen)
                  00009a78    00000010            : copy_zero_init.c.obj (.text:decompress:ZI)
                  00009a88    0000000e     libclang_rt.builtins.a : aeabi_memset.S.obj (.text.__aeabi_memset)
                  00009a96    0000000e     libc.a : _printfi.c.obj (.text.strlen)
                  00009aa4    0000000e     mpu6050.o (.text.tap_cb)
                  00009ab2    0000000e     libc.a : memset16.S.obj (.text:TI_memset_small)
                  00009ac0    0000000c     libclang_rt.builtins.a : aeabi_memset.S.obj (.text.__aeabi_memclr)
                  00009acc    0000000c     interrupt.o (.text.get_encoder_count)
                  00009ad8    0000000c     interrupt.o (.text.get_encoder_dir)
                  00009ae4    0000000c     interrupt.o (.text.get_encoder_temp_count)
                  00009af0    0000000a     driverlib.a : dl_common.o (.text.DL_Common_delayCycles)
                  00009afa    0000000a     libc.a : _printfi.c.obj (.text.OUTLINED_FUNCTION_0)
                  00009b04    00000010     libclang_rt.builtins.a : adddf3.S.obj (.tramp.__aeabi_dsub.1)
                  00009b14    0000000a     libc.a : e_asin.c.obj (.text.OUTLINED_FUNCTION_0)
                  00009b1e    00000002     --HOLE-- [fill = 0]
                  00009b20    00000010     libclang_rt.builtins.a : muldf3.S.obj (.tramp.__aeabi_dmul.1)
                  00009b30    0000000a     libc.a : s_atan.c.obj (.text.OUTLINED_FUNCTION_0)
                  00009b3a    0000000a            : _printfi.c.obj (.text.OUTLINED_FUNCTION_1)
                  00009b44    0000000a            : e_asin.c.obj (.text.OUTLINED_FUNCTION_1)
                  00009b4e    0000000a            : e_asin.c.obj (.text.OUTLINED_FUNCTION_3)
                  00009b58    00000010     libclang_rt.builtins.a : divdf3.S.obj (.tramp.__aeabi_ddiv.1)
                  00009b68    0000000a     libc.a : sprintf.c.obj (.text._outc)
                  00009b72    0000000a     mpu6050.o (.text.android_orient_cb)
                  00009b7c    0000000a     u8g2_font.o (.text.u8g2_font_calc_vref_font)
                  00009b86    00000008     libc.a : s_atan.c.obj (.text.OUTLINED_FUNCTION_2)
                  00009b8e    00000002     --HOLE-- [fill = 0]
                  00009b90    00000008            : aeabi_portable.c.obj (.text.__aeabi_errno_addr)
                  00009b98    00000008     libclang_rt.builtins.a : aeabi_memcpy.S.obj (.text.__aeabi_memcpy)
                  00009ba0    00000008     libc.a : printf.c.obj (.text._outc)
                  00009ba8    00000008            : printf.c.obj (.text._outs)
                  00009bb0    00000006            : s_atan.c.obj (.text.OUTLINED_FUNCTION_1)
                  00009bb6    00000002     --HOLE-- [fill = 0]
                  00009bb8    00000010     libclang_rt.builtins.a : adddf3.S.obj (.tramp.__aeabi_dadd.1)
                  00009bc8    00000006     libc.a : e_asin.c.obj (.text.OUTLINED_FUNCTION_2)
                  00009bce    00000006            : exit.c.obj (.text:abort)
                  00009bd4    00000004     startup_mspm0g350x_ticlang.o (.text.Default_Handler)
                  00009bd8    00000004     libsysbm.a : hostexit.c.obj (.text.HOSTexit)
                  00009bdc    00000004     libc.a : e_asin.c.obj (.text.OUTLINED_FUNCTION_4)
                  00009be0    00000004     startup_mspm0g350x_ticlang.o (.text.Reset_Handler)
                  00009be4    00000010     libc.a : boot_cortex_m.c.obj (.tramp._c_int00_noargs.1)
                  00009bf4    00000004            : pre_init.c.obj (.text._system_pre_init)
                  00009bf8    00000008     --HOLE-- [fill = 0]

.cinit     0    0000b310    00000150     
                  0000b310    00000125     (.cinit..data.load) [load image, compression = lzss]
                  0000b435    00000003     --HOLE-- [fill = 0]
                  0000b438    0000000c     (__TI_handler_table)
                  0000b444    00000008     (.cinit..bss.load) [load image, compression = zero_init]
                  0000b44c    00000010     (__TI_cinit_table)
                  0000b45c    00000004     --HOLE-- [fill = 0]

.rodata    0    00009c00    00001710     
                  00009c00    00000bf6     inv_mpu_dmp_motion_driver.o (.rodata.dmp_memory)
                  0000a7f6    0000069f     chinesetxt.o (.rodata.u8g2_font_unifont_st16)
                  0000ae95    0000000b     draw.o (.rodata.str1.11114186964174836109.1)
                  0000aea0    00000101     libc.a : aeabi_ctype.S.obj (.rodata:__aeabi_ctype_table_)
                  0000afa1    00000007     draw.o (.rodata.str1.1222851238220204105.1)
                  0000afa8    00000040     libc.a : s_atan.c.obj (.rodata.cst32)
                  0000afe8    00000035     u8x8_d_ssd1306_128x64_noname.o (.rodata.u8x8_d_ssd1306_128x64_noname_init_seq)
                  0000b01d    00000003     ti_msp_dl_config.o (.rodata.gPWMAClockConfig)
                  0000b020    00000028     ti_msp_dl_config.o (.rodata.gSYSPLLConfig)
                  0000b048    00000028     inv_mpu.o (.rodata.test)
                  0000b070    00000024     electrical_machinery.o (.rodata.str1.5409116092785357929.1)
                  0000b094    0000001e     inv_mpu.o (.rodata.reg)
                  0000b0b2    00000002     ti_msp_dl_config.o (.rodata.gI2C_BUSClockConfig)
                  0000b0b4    00000018     u8x8_d_ssd1306_128x64_noname.o (.rodata.u8x8_ssd1306_128x64_noname_display_info)
                  0000b0cc    00000014     ti_msp_dl_config.o (.rodata.gTIMER_TICKTimerConfig)
                  0000b0e0    00000013     uart.o (.rodata.str1.14464947116831474962.1)
                  0000b0f3    00000011     libc.a : _printfi.c.obj (.rodata.str1.10348868589481759720.1)
                  0000b104    00000011            : _printfi.c.obj (.rodata.str1.15363888844622738466.1)
                  0000b115    0000000f     draw.o (.rodata.str1.10860614167785051322.1)
                  0000b124    0000000f     draw.o (.rodata.str1.8450940598119648634.1)
                  0000b133    0000000f     draw.o (.rodata.str1.9387805006866944833.1)
                  0000b142    0000000d     draw.o (.rodata.str1.11299763840726973552.1)
                  0000b14f    0000000d     draw.o (.rodata.str1.15371446012953876463.1)
                  0000b15c    0000000d     draw.o (.rodata.str1.16798678518866173547.1)
                  0000b169    0000000d     draw.o (.rodata.str1.3293259928865538337.1)
                  0000b176    0000000d     draw.o (.rodata.str1.3977530377744300196.1)
                  0000b183    0000000d     draw.o (.rodata.str1.5092474850242601035.1)
                  0000b190    0000000d     draw.o (.rodata.str1.8511851625829648913.1)
                  0000b19d    00000001     --HOLE-- [fill = 0]
                  0000b19e    0000000c     inv_mpu.o (.rodata.hw)
                  0000b1aa    00000002     ti_msp_dl_config.o (.rodata.gI2C_MPU6050ClockConfig)
                  0000b1ac    0000000c     u8g2_setup.o (.rodata.u8g2_cb_r0)
                  0000b1b8    0000000b     draw.o (.rodata.str1.17985918111400082174.1)
                  0000b1c3    0000000b     draw.o (.rodata.str1.9461052618368317133.1)
                  0000b1ce    0000000a     ti_msp_dl_config.o (.rodata.gUART_0Config)
                  0000b1d8    0000000a     ti_msp_dl_config.o (.rodata.gUART_1Config)
                  0000b1e2    00000009     draw.o (.rodata.str1.5047273646867282875.1)
                  0000b1eb    00000001     --HOLE-- [fill = 0]
                  0000b1ec    00000008     ti_msp_dl_config.o (.rodata.gPWMAConfig)
                  0000b1f4    00000008     ti_msp_dl_config.o (.rodata.gPWMBConfig)
                  0000b1fc    00000008     ti_msp_dl_config.o (.rodata.gPWMCConfig)
                  0000b204    00000008     ti_msp_dl_config.o (.rodata.gPWMDConfig)
                  0000b20c    00000007     draw.o (.rodata.str1.12837285066833756062.1)
                  0000b213    00000007     draw.o (.rodata.str1.12927128395581683091.1)
                  0000b21a    00000007     draw.o (.rodata.str1.15032166160981136206.1)
                  0000b221    00000007     draw.o (.rodata.str1.4063744131834711033.1)
                  0000b228    00000007     draw.o (.rodata.str1.4769186932343429571.1)
                  0000b22f    00000007     draw.o (.rodata.str1.6628805185763255565.1)
                  0000b236    00000007     draw.o (.rodata.str1.7599327456358374941.1)
                  0000b23d    00000007     u8x8_d_ssd1306_128x64_noname.o (.rodata.u8x8_d_ssd1306_128x64_noname_flip0_seq)
                  0000b244    00000007     u8x8_d_ssd1306_128x64_noname.o (.rodata.u8x8_d_ssd1306_128x64_noname_flip1_seq)
                  0000b24b    00000006     draw.o (.rodata.str1.11662179543728856056.1)
                  0000b251    00000006     draw.o (.rodata.str1.12379070312978826538.1)
                  0000b257    00000006     draw.o (.rodata.str1.3087611109763544748.1)
                  0000b25d    00000006     draw.o (.rodata.str1.3993406505997153926.1)
                  0000b263    00000005     draw.o (.rodata.str1.10335834370773872660.1)
                  0000b268    00000005     draw.o (.rodata.str1.13295882753961647737.1)
                  0000b26d    00000005     draw.o (.rodata.str1.13338964051441701904.1)
                  0000b272    00000005     draw.o (.rodata.str1.15046184968404042663.1)
                  0000b277    00000005     draw.o (.rodata.str1.197789920646994554.1)
                  0000b27c    00000005     draw.o (.rodata.str1.3856563774887557434.1)
                  0000b281    00000005     u8x8_d_ssd1306_128x64_noname.o (.rodata.u8x8_d_ssd1306_128x64_noname_powersave0_seq)
                  0000b286    00000005     u8x8_d_ssd1306_128x64_noname.o (.rodata.u8x8_d_ssd1306_128x64_noname_powersave1_seq)
                  0000b28b    00000004     draw.o (.rodata.str1.12753359286343333358.1)
                  0000b28f    00000004     draw.o (.rodata.str1.13124213828302697422.1)
                  0000b293    00000004     draw.o (.rodata.str1.16853789779182153528.1)
                  0000b297    00000004     draw.o (.rodata.str1.17104632844336190317.1)
                  0000b29b    00000004     draw.o (.rodata.str1.17167547962068192002.1)
                  0000b29f    00000004     draw.o (.rodata.str1.17323698585101302928.1)
                  0000b2a3    00000004     draw.o (.rodata.str1.2536505494550489181.1)
                  0000b2a7    00000004     draw.o (.rodata.str1.2680053455445061944.1)
                  0000b2ab    00000004     draw.o (.rodata.str1.3602204908956033498.1)
                  0000b2af    00000004     draw.o (.rodata.str1.4176646092053031004.1)
                  0000b2b3    00000004     draw.o (.rodata.str1.4799947621604406399.1)
                  0000b2b7    00000004     draw.o (.rodata.str1.573547316600497309.1)
                  0000b2bb    00000004     draw.o (.rodata.str1.9408500714352350149.1)
                  0000b2bf    00000004     draw.o (.rodata.str1.9590535064981708106.1)
                  0000b2c3    00000004     draw.o (.rodata.str1.9976906776139131669.1)
                  0000b2c7    00000003     ti_msp_dl_config.o (.rodata.gPWMBClockConfig)
                  0000b2ca    00000003     ti_msp_dl_config.o (.rodata.gPWMCClockConfig)
                  0000b2cd    00000003     ti_msp_dl_config.o (.rodata.gPWMDClockConfig)
                  0000b2d0    00000003     ti_msp_dl_config.o (.rodata.gTIMER_TICKClockConfig)
                  0000b2d3    00000003     draw.o (.rodata.str1.11165926561598327348.1)
                  0000b2d6    00000003     draw.o (.rodata.str1.13567208923197132193.1)
                  0000b2d9    00000003     draw.o (.rodata.str1.13766420662825426875.1)
                  0000b2dc    00000003     draw.o (.rodata.str1.14915676214180293299.1)
                  0000b2df    00000003     draw.o (.rodata.str1.15074342113409833842.1)
                  0000b2e2    00000003     draw.o (.rodata.str1.16988408085108356744.1)
                  0000b2e5    00000003     draw.o (.rodata.str1.17402708256360119916.1)
                  0000b2e8    00000003     draw.o (.rodata.str1.17877410042743655113.1)
                  0000b2eb    00000003     draw.o (.rodata.str1.3436235078410369563.1)
                  0000b2ee    00000003     draw.o (.rodata.str1.439440656638192846.1)
                  0000b2f1    00000003     draw.o (.rodata.str1.8931661920520104013.1)
                  0000b2f4    00000002     ti_msp_dl_config.o (.rodata.gUART_0ClockConfig)
                  0000b2f6    00000002     ti_msp_dl_config.o (.rodata.gUART_1ClockConfig)
                  0000b2f8    00000002     draw.o (.rodata.str1.13621094816472248119.1)
                  0000b2fa    00000002     draw.o (.rodata.str1.13901186772788639667.1)
                  0000b2fc    00000002     draw.o (.rodata.str1.15981432797632722681.1)
                  0000b2fe    00000002     draw.o (.rodata.str1.16224708837686808630.1)
                  0000b300    00000002     draw.o (.rodata.str1.6764898206403387013.1)
                  0000b302    00000002     draw.o (.rodata.str1.7901478166373039286.1)
                  0000b304    0000000c     --HOLE-- [fill = 0]

.init_array 
*          0    00000000    00000000     UNINITIALIZED

.binit     0    00000000    00000000     

.bss       0    20200000    000005e3     UNINITIALIZED
                  20200000    00000400     u8g2_d_memory.o (.bss.u8g2_m_16_8_f.buf)
                  20200400    000000a0     (.common:gPWMBBackup)
                  202004a0    000000a0     (.common:gPWMDBackup)
                  20200540    00000030     (.common:gUART_1Backup)
                  20200570    00000010     interrupt.o (.bss.motor_encoder)
                  20200580    00000010     (.common:id)
                  20200590    00000010     (.common:quat)
                  202005a0    00000006     (.common:accel)
                  202005a6    00000006     (.common:gyro)
                  202005ac    00000004     electrical_machinery.o (.bss.Velocity_A.ControlVelocity)
                  202005b0    00000004     electrical_machinery.o (.bss.Velocity_A.Last_bias)
                  202005b4    00000004     (.common:D)
                  202005b8    00000004     (.common:I)
                  202005bc    00000004     (.common:P)
                  202005c0    00000004     (.common:car_begin_yaw)
                  202005c4    00000004     (.common:car_straight_yaw)
                  202005c8    00000004     (.common:pitch)
                  202005cc    00000004     (.common:roll)
                  202005d0    00000004     (.common:sensor_timestamp)
                  202005d4    00000004     (.common:start_time)
                  202005d8    00000004     (.common:tick_ms)
                  202005dc    00000004     (.common:yaw)
                  202005e0    00000002     (.common:sensors)
                  202005e2    00000001     (.common:more)

.data      0    202005e4    000002af     UNINITIALIZED
                  202005e4    000000f0     libc.a : defs.c.obj (.data._ftable)
                  202006d4    0000002c     inv_mpu.o (.data.st)
                  20200700    00000024     draw.o (.data..compoundliteral.42)
                  20200724    00000020     draw.o (.data..compoundliteral.26)
                  20200744    0000001c     draw.o (.data..compoundliteral.13)
                  20200760    0000001c     draw.o (.data..compoundliteral.33)
                  2020077c    0000001c     draw.o (.data..compoundliteral.49)
                  20200798    0000001c     draw.o (.data..compoundliteral.52)
                  202007b4    0000001c     draw.o (.data..compoundliteral)
                  202007d0    00000018     draw.o (.data..compoundliteral.50)
                  202007e8    00000014     draw.o (.data..compoundliteral.18)
                  202007fc    00000010     inv_mpu_dmp_motion_driver.o (.data.dmp)
                  2020080c    0000000e     mpu6050.o (.data.hal)
                  2020081a    00000009     mpu6050.o (.data.gyro_orientation)
                  20200823    00000001     line_follower.o (.data.mode_flag)
                  20200824    00000008     draw.o (.data..compoundliteral.51)
                  2020082c    00000008     draw.o (.data.directory)
                  20200834    00000008     draw.o (.data.directory_num)
                  2020083c    00000004     draw.o (.data..compoundliteral.6)
                  20200840    00000004     electrical_machinery.o (.data.MAX)
                  20200844    00000004     line_follower.o (.data.MAX_CORRECTION)
                  20200848    00000004     electrical_machinery.o (.data.MIN)
                  2020084c    00000004     electrical_machinery.o (.data.Velcity_Ki)
                  20200850    00000004     electrical_machinery.o (.data.Velcity_Kp)
                  20200854    00000004     libc.a : aeabi_portable.c.obj (.data.__aeabi_errno)
                  20200858    00000004            : _lock.c.obj (.data._lock)
                  2020085c    00000004            : _lock.c.obj (.data._unlock)
                  20200860    00000004     draw.o (.data.car_speed)
                  20200864    00000004     line_follower.o (.data.correction_factor1)
                  20200868    00000004     line_follower.o (.data.correction_factor2)
                  2020086c    00000004     line_follower.o (.data.correction_factor3)
                  20200870    00000004     line_follower.o (.data.correction_factor4)
                  20200874    00000004     draw.o (.data.directory_flag)
                  20200878    00000004     line_follower.o (.data.l_num)
                  2020087c    00000004     interrupt.o (.data.nextway)
                  20200880    00000004     draw.o (.data.now_speed)
                  20200884    00000004     draw.o (.data.quanshu)
                  20200888    00000004     line_follower.o (.data.r_num)
                  2020088c    00000004     draw.o (.data.xspeed)
                  20200890    00000001     draw.o (.data.stop_flag)
                  20200891    00000001     u8x8_cad.o (.data.u8x8_cad_ssd13xx_fast_i2c.in_transfer)
                  20200892    00000001     uart.o (.data.uart_data)

.stack     0    20207e00    00000200     UNINITIALIZED
                  20207e00    00000004     libc.a : boot_cortex_m.c.obj (.stack)
                  20207e04    000001fc     --HOLE--

__llvm_prf_cnts 
*          0    20200000    00000000     UNINITIALIZED

__llvm_prf_bits 
*          0    20200000    00000000     UNINITIALIZED

MODULE SUMMARY

       Module                           code    ro data   rw data
       ------                           ----    -------   -------
    .\
       ti_msp_dl_config.o               3342    135       368    
       main.o                           250     0         0      
       startup_mspm0g350x_ticlang.o     8       192       0      
    +--+--------------------------------+-------+---------+---------+
       Total:                           3600    327       368    
                                                                 
    .\MPU6050\
       inv_mpu_dmp_motion_driver.o      3110    3062      16     
       inv_mpu.o                        4600    82        44     
       mspm0_i2c.o                      1328    0         0      
       mpu6050.o                        1176    0         70     
    +--+--------------------------------+-------+---------+---------+
       Total:                           10214   3144      130    
                                                                 
    .\MSPM0\
       interrupt.o                      562     0         20     
       electrical_machinery.o           440     36        24     
       clock.o                          468     0         8      
    +--+--------------------------------+-------+---------+---------+
       Total:                           1470    36        52     
                                                                 
    .\OLED\
       draw.o                           3208    393       317    
       oled.o                           604     0         0      
    +--+--------------------------------+-------+---------+---------+
       Total:                           3812    393       317    
                                                                 
    .\OLED\csrc\
       u8g2_font.o                      2838    0         0      
       chinesetxt.o                     0       1695      0      
       u8g2_d_memory.o                  20      0         1024   
       u8x8_byte.o                      800     0         0      
       u8x8_cad.o                       666     0         1      
       u8g2_setup.o                     640     12        0      
       u8g2_hvline.o                    612     0         0      
       u8x8_d_ssd1306_128x64_noname.o   488     101       0      
       u8g2_buffer.o                    456     0         0      
       u8g2_ll_hvline.o                 356     0         0      
       u8x8_8x8.o                       332     0         0      
       u8x8_display.o                   284     0         0      
       u8g2_intersection.o              248     0         0      
       u8x8_setup.o                     144     0         0      
       u8g2_box.o                       120     0         0      
       u8g2_d_setup.o                   72      0         0      
       u8g2_cleardisplay.o              40      0         0      
       u8x8_gpio.o                      38      0         0      
    +--+--------------------------------+-------+---------+---------+
       Total:                           8154    1808      1025   
                                                                 
    .\Tracking\
       line_follower.o                  0       0         37     
    +--+--------------------------------+-------+---------+---------+
       Total:                           0       0         37     
                                                                 
    .\UART\
       uart.o                           528     19        13     
    +--+--------------------------------+-------+---------+---------+
       Total:                           528     19        13     
                                                                 
    C:/ti/mspm0_sdk_2_04_00_06/source/ti/driverlib/lib/ticlang/m0p/mspm0g1x0x_g3x0x/driverlib.a
       dl_timer.o                       588     0         0      
       dl_sysctl_mspm0g1x0x_g3x0x.o     288     0         0      
       dl_i2c.o                         192     0         0      
       dl_uart.o                        90      0         0      
       dl_common.o                      10      0         0      
    +--+--------------------------------+-------+---------+---------+
       Total:                           1168    0         0      
                                                                 
    C:\ti\ccs2020\ccs\tools\compiler\ti-cgt-armllvm_4.0.3.LTS\lib\armv6m-ti-none-eabi/c/libc.a
       _printfi.c.obj                   4510    34        0      
       e_asin.c.obj                     908     0         0      
       s_atan.c.obj                     784     64        0      
       e_atan2.c.obj                    392     0         0      
       e_sqrt.c.obj                     368     0         0      
       aeabi_ctype.S.obj                0       257       0      
       defs.c.obj                       0       0         240    
       s_scalbn.c.obj                   216     0         0      
       copy_decompress_lzss.c.obj       124     0         0      
       printf.c.obj                     108     0         0      
       s_frexp.c.obj                    92      0         0      
       sprintf.c.obj                    90      0         0      
       _ltoa.c.obj                      88      0         0      
       atoi.c.obj                       64      0         0      
       autoinit.c.obj                   60      0         0      
       boot_cortex_m.c.obj              56      0         0      
       memccpy.c.obj                    34      0         0      
       memcmp.c.obj                     32      0         0      
       copy_decompress_none.c.obj       18      0         0      
       memcpy16.S.obj                   18      0         0      
       copy_zero_init.c.obj             16      0         0      
       wcslen.c.obj                     16      0         0      
       memset16.S.obj                   14      0         0      
       aeabi_portable.c.obj             8       0         4      
       _lock.c.obj                      2       0         8      
       exit.c.obj                       6       0         0      
       pre_init.c.obj                   4       0         0      
    +--+--------------------------------+-------+---------+---------+
       Total:                           8028    355       252    
                                                                 
    C:\ti\ccs2020\ccs\tools\compiler\ti-cgt-armllvm_4.0.3.LTS\lib\armv6m-ti-none-eabi/c/libsysbm.a
       hostexit.c.obj                   4       0         0      
    +--+--------------------------------+-------+---------+---------+
       Total:                           4       0         0      
                                                                 
    C:\ti\ccs2020\ccs\tools\compiler\ti-cgt-armllvm_4.0.3.LTS\lib\armv6m-ti-none-eabi/libclang_rt.builtins.a
       adddf3.S.obj                     434     0         0      
       divdf3.S.obj                     284     0         0      
       muldf3.S.obj                     244     0         0      
       comparedf2.c.obj                 220     0         0      
       addsf3.S.obj                     216     0         0      
       udivmoddi4.S.obj                 162     0         0      
       mulsf3.S.obj                     140     0         0      
       divsf3.S.obj                     130     0         0      
       truncdfsf2.S.obj                 116     0         0      
       aeabi_dcmp.S.obj                 98      0         0      
       aeabi_idivmod.S.obj              86      0         0      
       fixdfsi.S.obj                    74      0         0      
       aeabi_uidivmod.S.obj             64      0         0      
       extendsfdf2.S.obj                64      0         0      
       floatsisf.S.obj                  60      0         0      
       muldsi3.S.obj                    58      0         0      
       fixsfsi.S.obj                    56      0         0      
       floatsidf.S.obj                  44      0         0      
       floatunsisf.S.obj                40      0         0      
       muldi3.S.obj                     36      0         0      
       ashldi3.S.obj                    30      0         0      
       aeabi_memset.S.obj               26      0         0      
       aeabi_uldivmod.S.obj             20      0         0      
       aeabi_memcpy.S.obj               8       0         0      
       aeabi_div0.c.obj                 4       0         0      
    +--+--------------------------------+-------+---------+---------+
       Total:                           2714    0         0      
                                                                 
       Stack:                           0       0         512    
       Linker Generated:                0       329       0      
    +--+--------------------------------+-------+---------+---------+
       Grand Total:                     39692   6411      2706   


LINKER GENERATED COPY TABLES

__TI_cinit_table @ 0000b44c records: 2, size/record: 8, table size: 16
	.data: load addr=0000b310, load size=00000125 bytes, run addr=202005e4, run size=000002af bytes, compression=lzss
	.bss: load addr=0000b444, load size=00000008 bytes, run addr=20200000, run size=000005e3 bytes, compression=zero_init


LINKER GENERATED HANDLER TABLE

__TI_handler_table @ 0000b438 records: 3, size/record: 4, table size: 12
	index: 0, handler: __TI_decompress_lzss
	index: 1, handler: __TI_decompress_none
	index: 2, handler: __TI_zero_init


FAR CALL TRAMPOLINES

callee name               trampoline name
   callee addr  tramp addr   call addr  call info
--------------  -----------  ---------  ----------------
__aeabi_dsub              $Tramp$TT$L$PI$$__aeabi_dsub
   0000300d     00009b04     00009b02   libc.a : _printfi.c.obj (.text.OUTLINED_FUNCTION_0)
__aeabi_dmul              $Tramp$TT$L$PI$$__aeabi_dmul
   000050cd     00009b20     00009b1c   libc.a : e_asin.c.obj (.text.OUTLINED_FUNCTION_0)
                             00009b38          : s_atan.c.obj (.text.OUTLINED_FUNCTION_0)
                             00009b4c          : e_asin.c.obj (.text.OUTLINED_FUNCTION_1)
                             00009b8c          : s_atan.c.obj (.text.OUTLINED_FUNCTION_2)
                             00009bcc          : e_asin.c.obj (.text.OUTLINED_FUNCTION_2)
__aeabi_ddiv              $Tramp$TT$L$PI$$__aeabi_ddiv
   000049e5     00009b58     00009b56   libc.a : e_asin.c.obj (.text.OUTLINED_FUNCTION_3)
__aeabi_dadd              $Tramp$TT$L$PI$$__aeabi_dadd
   00003017     00009bb8     00009bb4   libc.a : s_atan.c.obj (.text.OUTLINED_FUNCTION_1)
                             00009bde          : e_asin.c.obj (.text.OUTLINED_FUNCTION_4)
_c_int00_noargs           $Tramp$TT$L$PI$$_c_int00_noargs
   00008e99     00009be4     00009be0   startup_mspm0g350x_ticlang.o (.text.Reset_Handler)

[5 trampolines]
[10 trampoline calls]


GLOBAL SYMBOLS: SORTED ALPHABETICALLY BY Name 

address   name                                  
-------   ----                                  
00009bd5  ADC0_IRQHandler                       
00009bd5  ADC1_IRQHandler                       
00009bd5  AES_IRQHandler                        
00009bd8  C$$EXIT                               
00009bd5  CANFD0_IRQHandler                     
00005959  CAR_control                           
202005b4  D                                     
00009bd5  DAC0_IRQHandler                       
00008b99  DIRECTORY_control                     
00009af1  DL_Common_delayCycles                 
00007785  DL_I2C_fillControllerTXFIFO           
00008409  DL_I2C_flushControllerTXFIFO          
00008ee7  DL_I2C_setClockConfig                 
00005375  DL_SYSCTL_configSYSPLL                
00008105  DL_SYSCTL_switchMCLKfromSYSOSCtoHSCLK 
00004bf9  DL_Timer_initFourCCPWMMode            
00004fe5  DL_Timer_initTimerMode                
00009309  DL_Timer_setCaptCompUpdateMethod      
000095ed  DL_Timer_setCaptureCompareOutCtl      
00009a29  DL_Timer_setCaptureCompareValue       
00009325  DL_Timer_setClockConfig               
00007f0d  DL_UART_init                          
000099e3  DL_UART_setClockConfig                
00009bd5  DMA_IRQHandler                        
00009bd5  Default_Handler                       
00008fcd  GPIO_Init                             
00009bd5  GROUP0_IRQHandler                     
00003329  GROUP1_IRQHandler                     
00000a91  HOME_directory                        
00009bd9  HOSTexit                              
00009bd5  HardFault_Handler                     
202005b8  I                                     
00009bd5  I2C0_IRQHandler                       
00009bd5  I2C1_IRQHandler                       
20200840  MAX                                   
20200844  MAX_CORRECTION                        
20200848  MIN                                   
000060ed  MOTOR_CONTROL                         
00003b9d  MPU6050_Init                          
000088c5  MSPM0_Init                            
00009bd5  NMI_Handler                           
202005bc  P                                     
00005d49  PID_control                           
00009bd5  PendSV_Handler                        
00009bd5  RTC_IRQHandler                        
00002259  Read_Quad                             
00009be1  Reset_Handler                         
00009bd5  SPI0_IRQHandler                       
00009bd5  SPI1_IRQHandler                       
00009bd5  SVC_Handler                           
000018e5  SYSCFG_DL_GPIO_init                   
000078f9  SYSCFG_DL_I2C_BUS_init                
00007951  SYSCFG_DL_I2C_MPU6050_init            
00007395  SYSCFG_DL_PWMA_init                   
00007179  SYSCFG_DL_PWMB_init                   
000071e5  SYSCFG_DL_PWMC_init                   
00007251  SYSCFG_DL_PWMD_init                   
00007de1  SYSCFG_DL_SYSCTL_init                 
00008481  SYSCFG_DL_TIMER_TICK_init             
00007f55  SYSCFG_DL_UART_0_init                 
00007e2d  SYSCFG_DL_UART_1_init                 
00007b09  SYSCFG_DL_init                        
000057b1  SYSCFG_DL_initPower                   
00009a39  SysTick_Handler                       
00008725  SysTick_Init                          
00009bd5  TIMA0_IRQHandler                      
00009bd5  TIMA1_IRQHandler                      
0000895d  TIMG0_IRQHandler                      
00009bd5  TIMG12_IRQHandler                     
00009bd5  TIMG6_IRQHandler                      
00009bd5  TIMG7_IRQHandler                      
00009bd5  TIMG8_IRQHandler                      
000099f5  TI_memcpy_small                       
00009ab3  TI_memset_small                       
0000898d  UART0_IRQHandler                      
00009bd5  UART1_IRQHandler                      
00009bd5  UART2_IRQHandler                      
000089bd  UART3_IRQHandler                      
000089ed  UART_Init                             
2020084c  Velcity_Ki                            
20200850  Velcity_Kp                            
00005295  Velocity_A                            
20208000  __STACK_END                           
00000200  __STACK_SIZE                          
00000000  __TI_ATRegion0_region_sz              
00000000  __TI_ATRegion0_src_addr               
00000000  __TI_ATRegion0_trg_addr               
00000000  __TI_ATRegion1_region_sz              
00000000  __TI_ATRegion1_src_addr               
00000000  __TI_ATRegion1_trg_addr               
00000000  __TI_ATRegion2_region_sz              
00000000  __TI_ATRegion2_src_addr               
00000000  __TI_ATRegion2_trg_addr               
0000b44c  __TI_CINIT_Base                       
0000b45c  __TI_CINIT_Limit                      
0000b45c  __TI_CINIT_Warm                       
0000b438  __TI_Handler_Table_Base               
0000b444  __TI_Handler_Table_Limit              
000084f9  __TI_auto_init_nobinit_nopinit        
00006dc5  __TI_decompress_lzss                  
00009a07  __TI_decompress_none                  
000079a9  __TI_ltoa                             
ffffffff  __TI_pprof_out_hndl                   
000000c1  __TI_printfi                          
ffffffff  __TI_prof_data_size                   
ffffffff  __TI_prof_data_start                  
00000000  __TI_static_base__                    
00009a79  __TI_zero_init                        
00003017  __adddf3                              
0000560b  __addsf3                              
0000aea0  __aeabi_ctype_table_                  
0000aea0  __aeabi_ctype_table_C                 
00007091  __aeabi_d2f                           
00007e79  __aeabi_d2iz                          
00003017  __aeabi_dadd                          
00007661  __aeabi_dcmpeq                        
0000769d  __aeabi_dcmpge                        
000076b1  __aeabi_dcmpgt                        
00007689  __aeabi_dcmple                        
00007675  __aeabi_dcmplt                        
000049e5  __aeabi_ddiv                          
000050cd  __aeabi_dmul                          
0000300d  __aeabi_dsub                          
20200854  __aeabi_errno                         
00009b91  __aeabi_errno_addr                    
00008255  __aeabi_f2d                           
000085a9  __aeabi_f2iz                          
0000560b  __aeabi_fadd                          
00006cc1  __aeabi_fdiv                          
00006905  __aeabi_fmul                          
00005601  __aeabi_fsub                          
00008ccd  __aeabi_i2d                           
000084bd  __aeabi_i2f                           
00007ab1  __aeabi_idiv                          
0000319f  __aeabi_idiv0                         
00007ab1  __aeabi_idivmod                       
00003e23  __aeabi_ldiv0                         
0000917d  __aeabi_llsl                          
00008ff1  __aeabi_lmul                          
00009ac1  __aeabi_memclr                        
00009ac1  __aeabi_memclr4                       
00009ac1  __aeabi_memclr8                       
00009b99  __aeabi_memcpy                        
00009b99  __aeabi_memcpy4                       
00009b99  __aeabi_memcpy8                       
00009a89  __aeabi_memset                        
00009a89  __aeabi_memset4                       
00009a89  __aeabi_memset8                       
00008e49  __aeabi_ui2f                          
00008215  __aeabi_uidiv                         
00008215  __aeabi_uidivmod                      
000098d1  __aeabi_uldivmod                      
0000917d  __ashldi3                             
ffffffff  __binit__                             
000073fd  __cmpdf2                              
000049e5  __divdf3                              
00006cc1  __divsf3                              
000073fd  __eqdf2                               
00008255  __extendsfdf2                         
00007e79  __fixdfsi                             
000085a9  __fixsfsi                             
00008ccd  __floatsidf                           
000084bd  __floatsisf                           
00008e49  __floatunsisf                         
0000701d  __gedf2                               
0000701d  __gtdf2                               
000073fd  __ledf2                               
000073fd  __ltdf2                               
UNDEFED   __mpu_init                            
000050cd  __muldf3                              
00008ff1  __muldi3                              
00008535  __muldsi3                             
00006905  __mulsf3                              
000073fd  __nedf2                               
20207e00  __stack                               
20200000  __start___llvm_prf_bits               
20200000  __start___llvm_prf_cnts               
20200000  __stop___llvm_prf_bits                
20200000  __stop___llvm_prf_cnts                
0000300d  __subdf3                              
00005601  __subsf3                              
00007091  __truncdfsf2                          
00006441  __udivmoddi4                          
00008e99  _c_int00_noargs                       
202005e4  _ftable                               
20200858  _lock                                 
0000455f  _nop                                  
UNDEFED   _system_post_cinit                    
00009bf5  _system_pre_init                      
2020085c  _unlock                               
00009bcf  abort                                 
202005a0  accel                                 
00001289  asin                                  
00001289  asinl                                 
000015ed  atan                                  
000031a1  atan2                                 
000031a1  atan2l                                
000015ed  atanl                                 
00008295  atoi                                  
ffffffff  binit                                 
202005c0  car_begin_yaw                         
20200860  car_speed                             
202005c4  car_straight_yaw                      
20200864  correction_factor1                    
20200868  correction_factor2                    
2020086c  correction_factor3                    
20200870  correction_factor4                    
2020082c  directory                             
20200874  directory_flag                        
20200834  directory_num                         
00007f9d  dmp_enable_6x_lp_quat                 
00001b6d  dmp_enable_feature                    
000076c5  dmp_enable_gyro_cal                   
00007fe5  dmp_enable_lp_quat                    
0000935d  dmp_load_motion_driver_firmware       
000028d1  dmp_read_fifo                         
000098e5  dmp_register_android_orient_cb        
000098f9  dmp_register_tap_cb                   
0000661d  dmp_set_fifo_rate                     
000034a1  dmp_set_orientation                   
00008149  dmp_set_shake_reject_thresh           
000088f7  dmp_set_shake_reject_time             
00008929  dmp_set_shake_reject_timeout          
00007533  dmp_set_tap_axes                      
0000818d  dmp_set_tap_count                     
00002021  dmp_set_tap_thresh                    
00008a4d  dmp_set_tap_time                      
00008a7d  dmp_set_tap_time_multi                
00008cf9  fputc                                 
00007cf5  fputs                                 
000077e5  frexp                                 
000077e5  frexpl                                
20200400  gPWMBBackup                           
202004a0  gPWMDBackup                           
20200540  gUART_1Backup                         
00009acd  get_encoder_count                     
00009ad9  get_encoder_dir                       
00009ae5  get_encoder_temp_count                
202005a6  gyro                                  
0000b19e  hw                                    
20200580  id                                    
00000000  interruptVectors                      
20200878  l_num                                 
00005451  ldexp                                 
00005451  ldexpl                                
00007a59  main                                  
00009015  memccpy                               
000090dd  memcmp                                
20200823  mode_flag                             
202005e2  more                                  
00007599  mpu6050_i2c_sda_unlock                
00005ec9  mpu_configure_fifo                    
00007105  mpu_get_accel_fsr                     
00007725  mpu_get_gyro_fsr                      
00008759  mpu_get_sample_rate                   
00004561  mpu_init                              
00004689  mpu_load_firmware                     
00004cfd  mpu_lp_accel_mode                     
00004af1  mpu_read_fifo_stream                  
00006199  mpu_read_mem                          
00002485  mpu_reset_fifo                        
000051b1  mpu_set_accel_fsr                     
00002e6d  mpu_set_bypass                        
00005f85  mpu_set_dmp_state                     
00005bc1  mpu_set_gyro_fsr                      
000064e5  mpu_set_int_latched                   
00005a29  mpu_set_lpf                           
00004ef9  mpu_set_sample_rate                   
00004305  mpu_set_sensors                       
00006245  mpu_write_mem                         
00008add  mspm0_delay_ms                        
00008d25  mspm0_get_clock_ms                    
0000409d  mspm0_i2c_read                        
00005c85  mspm0_i2c_write                       
2020087c  nextway                               
20200880  now_speed                             
00006aa9  other_control                         
202005c8  pitch                                 
0000789d  printf                                
20200884  quanshu                               
00006581  quanshukongzi                         
20200590  quat                                  
20200888  r_num                                 
0000b094  reg                                   
202005cc  roll                                  
00005451  scalbn                                
00005451  scalbnl                               
202005d0  sensor_timestamp                      
202005e0  sensors                               
00008619  sprintf                               
00003619  sqrt                                  
00003619  sqrtl                                 
202005d4  start_time                            
20200890  stop_flag                             
0000b048  test                                  
202005d8  tick_ms                               
000082d5  u8g2Init                              
00008b6b  u8g2_ClearBuffer                      
00008e71  u8g2_ClearDisplay                     
00006e41  u8g2_DrawBox                          
0000674d  u8g2_DrawGlyph                        
00004435  u8g2_DrawHVLine                       
0000878d  u8g2_DrawUTF8                         
00008f33  u8g2_FirstPage                        
000075fd  u8g2_IsIntersection                   
000072bd  u8g2_NextPage                         
00008f59  u8g2_SetBufferCurrTileRow             
00008f7f  u8g2_SetDrawColor                     
00008b0d  u8g2_SetFont                          
0000995d  u8g2_SetFontDirection                 
00009971  u8g2_SetFontMode                      
00009985  u8g2_SetFontPosBaseline               
000087c1  u8g2_SetMaxClipWindow                 
00006eb9  u8g2_SetupBuffer                      
00008075  u8g2_Setup_ssd1306_i2c_128x64_noname_f
00005af9  u8g2_UpdateRefHeight                  
00006f31  u8g2_add_vector_x                     
00006fa7  u8g2_add_vector_y                     
0000b1ac  u8g2_cb_r0                            
00008353  u8g2_draw_hv_line_2dir                
000087f5  u8g2_draw_l90_r0                      
00009b7d  u8g2_font_calc_vref_font              
000080bd  u8g2_font_decode_get_signed_bits      
00006b31  u8g2_font_decode_get_unsigned_bits    
00001de5  u8g2_font_decode_glyph                
00003ce1  u8g2_font_decode_len                  
000048cd  u8g2_font_get_glyph_data              
0000a7f6  u8g2_font_unifont_st16                
000067e3  u8g2_is_intersection_decision_tree    
000038f1  u8g2_ll_hvline_vertical_top_lsb       
00009999  u8g2_m_16_8_f                         
00004dfd  u8g2_read_font_info                   
00009a49  u8g2_update_dimension_r0              
00008651  u8g2_update_page_win_r0               
0000885d  u8x8_DrawTile                         
00009719  u8x8_InitDisplay                      
0000972f  u8x8_RefreshDisplay                   
000090fd  u8x8_SetPowerSave                     
00008687  u8x8_Setup                            
000081d1  u8x8_SetupDefaults                    
00009745  u8x8_SetupMemory                      
0000975b  u8x8_byte_EndTransfer                 
00009771  u8x8_byte_SendByte                    
00009037  u8x8_byte_SendBytes                   
00009787  u8x8_byte_StartTransfer               
00005e09  u8x8_byte_sw_i2c                      
0000979d  u8x8_cad_EndTransfer                  
0000911d  u8x8_cad_SendArg                      
0000913d  u8x8_cad_SendCmd                      
00009059  u8x8_cad_SendData                     
0000639d  u8x8_cad_SendSequence                 
000097b3  u8x8_cad_StartTransfer                
000041d1  u8x8_cad_ssd13xx_fast_i2c             
00007329  u8x8_d_helper_display_init            
00009393  u8x8_d_helper_display_setup_memory    
00006d45  u8x8_d_ssd1306_128x64_noname          
000097c9  u8x8_dummy_cb                         
00002ca1  u8x8_gpio_and_delay                   
00008fa5  u8x8_gpio_call                        
00009a59  u8x8_utf8_init                        
00003f61  u8x8_utf8_next                        
00008d51  uart0_send_char                       
00008d7d  uart1_send_char                       
20200892  uart_data                             
00009a69  wcslen                                
00007465  xianshuc                              
2020088c  xspeed                                
202005dc  yaw                                   
00003a55  zb_control                            


GLOBAL SYMBOLS: SORTED BY Symbol Address 

address   name                                  
-------   ----                                  
00000000  __TI_ATRegion0_region_sz              
00000000  __TI_ATRegion0_src_addr               
00000000  __TI_ATRegion0_trg_addr               
00000000  __TI_ATRegion1_region_sz              
00000000  __TI_ATRegion1_src_addr               
00000000  __TI_ATRegion1_trg_addr               
00000000  __TI_ATRegion2_region_sz              
00000000  __TI_ATRegion2_src_addr               
00000000  __TI_ATRegion2_trg_addr               
00000000  __TI_static_base__                    
00000000  interruptVectors                      
000000c1  __TI_printfi                          
00000200  __STACK_SIZE                          
00000a91  HOME_directory                        
00001289  asin                                  
00001289  asinl                                 
000015ed  atan                                  
000015ed  atanl                                 
000018e5  SYSCFG_DL_GPIO_init                   
00001b6d  dmp_enable_feature                    
00001de5  u8g2_font_decode_glyph                
00002021  dmp_set_tap_thresh                    
00002259  Read_Quad                             
00002485  mpu_reset_fifo                        
000028d1  dmp_read_fifo                         
00002ca1  u8x8_gpio_and_delay                   
00002e6d  mpu_set_bypass                        
0000300d  __aeabi_dsub                          
0000300d  __subdf3                              
00003017  __adddf3                              
00003017  __aeabi_dadd                          
0000319f  __aeabi_idiv0                         
000031a1  atan2                                 
000031a1  atan2l                                
00003329  GROUP1_IRQHandler                     
000034a1  dmp_set_orientation                   
00003619  sqrt                                  
00003619  sqrtl                                 
000038f1  u8g2_ll_hvline_vertical_top_lsb       
00003a55  zb_control                            
00003b9d  MPU6050_Init                          
00003ce1  u8g2_font_decode_len                  
00003e23  __aeabi_ldiv0                         
00003f61  u8x8_utf8_next                        
0000409d  mspm0_i2c_read                        
000041d1  u8x8_cad_ssd13xx_fast_i2c             
00004305  mpu_set_sensors                       
00004435  u8g2_DrawHVLine                       
0000455f  _nop                                  
00004561  mpu_init                              
00004689  mpu_load_firmware                     
000048cd  u8g2_font_get_glyph_data              
000049e5  __aeabi_ddiv                          
000049e5  __divdf3                              
00004af1  mpu_read_fifo_stream                  
00004bf9  DL_Timer_initFourCCPWMMode            
00004cfd  mpu_lp_accel_mode                     
00004dfd  u8g2_read_font_info                   
00004ef9  mpu_set_sample_rate                   
00004fe5  DL_Timer_initTimerMode                
000050cd  __aeabi_dmul                          
000050cd  __muldf3                              
000051b1  mpu_set_accel_fsr                     
00005295  Velocity_A                            
00005375  DL_SYSCTL_configSYSPLL                
00005451  ldexp                                 
00005451  ldexpl                                
00005451  scalbn                                
00005451  scalbnl                               
00005601  __aeabi_fsub                          
00005601  __subsf3                              
0000560b  __addsf3                              
0000560b  __aeabi_fadd                          
000057b1  SYSCFG_DL_initPower                   
00005959  CAR_control                           
00005a29  mpu_set_lpf                           
00005af9  u8g2_UpdateRefHeight                  
00005bc1  mpu_set_gyro_fsr                      
00005c85  mspm0_i2c_write                       
00005d49  PID_control                           
00005e09  u8x8_byte_sw_i2c                      
00005ec9  mpu_configure_fifo                    
00005f85  mpu_set_dmp_state                     
000060ed  MOTOR_CONTROL                         
00006199  mpu_read_mem                          
00006245  mpu_write_mem                         
0000639d  u8x8_cad_SendSequence                 
00006441  __udivmoddi4                          
000064e5  mpu_set_int_latched                   
00006581  quanshukongzi                         
0000661d  dmp_set_fifo_rate                     
0000674d  u8g2_DrawGlyph                        
000067e3  u8g2_is_intersection_decision_tree    
00006905  __aeabi_fmul                          
00006905  __mulsf3                              
00006aa9  other_control                         
00006b31  u8g2_font_decode_get_unsigned_bits    
00006cc1  __aeabi_fdiv                          
00006cc1  __divsf3                              
00006d45  u8x8_d_ssd1306_128x64_noname          
00006dc5  __TI_decompress_lzss                  
00006e41  u8g2_DrawBox                          
00006eb9  u8g2_SetupBuffer                      
00006f31  u8g2_add_vector_x                     
00006fa7  u8g2_add_vector_y                     
0000701d  __gedf2                               
0000701d  __gtdf2                               
00007091  __aeabi_d2f                           
00007091  __truncdfsf2                          
00007105  mpu_get_accel_fsr                     
00007179  SYSCFG_DL_PWMB_init                   
000071e5  SYSCFG_DL_PWMC_init                   
00007251  SYSCFG_DL_PWMD_init                   
000072bd  u8g2_NextPage                         
00007329  u8x8_d_helper_display_init            
00007395  SYSCFG_DL_PWMA_init                   
000073fd  __cmpdf2                              
000073fd  __eqdf2                               
000073fd  __ledf2                               
000073fd  __ltdf2                               
000073fd  __nedf2                               
00007465  xianshuc                              
00007533  dmp_set_tap_axes                      
00007599  mpu6050_i2c_sda_unlock                
000075fd  u8g2_IsIntersection                   
00007661  __aeabi_dcmpeq                        
00007675  __aeabi_dcmplt                        
00007689  __aeabi_dcmple                        
0000769d  __aeabi_dcmpge                        
000076b1  __aeabi_dcmpgt                        
000076c5  dmp_enable_gyro_cal                   
00007725  mpu_get_gyro_fsr                      
00007785  DL_I2C_fillControllerTXFIFO           
000077e5  frexp                                 
000077e5  frexpl                                
0000789d  printf                                
000078f9  SYSCFG_DL_I2C_BUS_init                
00007951  SYSCFG_DL_I2C_MPU6050_init            
000079a9  __TI_ltoa                             
00007a59  main                                  
00007ab1  __aeabi_idiv                          
00007ab1  __aeabi_idivmod                       
00007b09  SYSCFG_DL_init                        
00007cf5  fputs                                 
00007de1  SYSCFG_DL_SYSCTL_init                 
00007e2d  SYSCFG_DL_UART_1_init                 
00007e79  __aeabi_d2iz                          
00007e79  __fixdfsi                             
00007f0d  DL_UART_init                          
00007f55  SYSCFG_DL_UART_0_init                 
00007f9d  dmp_enable_6x_lp_quat                 
00007fe5  dmp_enable_lp_quat                    
00008075  u8g2_Setup_ssd1306_i2c_128x64_noname_f
000080bd  u8g2_font_decode_get_signed_bits      
00008105  DL_SYSCTL_switchMCLKfromSYSOSCtoHSCLK 
00008149  dmp_set_shake_reject_thresh           
0000818d  dmp_set_tap_count                     
000081d1  u8x8_SetupDefaults                    
00008215  __aeabi_uidiv                         
00008215  __aeabi_uidivmod                      
00008255  __aeabi_f2d                           
00008255  __extendsfdf2                         
00008295  atoi                                  
000082d5  u8g2Init                              
00008353  u8g2_draw_hv_line_2dir                
00008409  DL_I2C_flushControllerTXFIFO          
00008481  SYSCFG_DL_TIMER_TICK_init             
000084bd  __aeabi_i2f                           
000084bd  __floatsisf                           
000084f9  __TI_auto_init_nobinit_nopinit        
00008535  __muldsi3                             
000085a9  __aeabi_f2iz                          
000085a9  __fixsfsi                             
00008619  sprintf                               
00008651  u8g2_update_page_win_r0               
00008687  u8x8_Setup                            
00008725  SysTick_Init                          
00008759  mpu_get_sample_rate                   
0000878d  u8g2_DrawUTF8                         
000087c1  u8g2_SetMaxClipWindow                 
000087f5  u8g2_draw_l90_r0                      
0000885d  u8x8_DrawTile                         
000088c5  MSPM0_Init                            
000088f7  dmp_set_shake_reject_time             
00008929  dmp_set_shake_reject_timeout          
0000895d  TIMG0_IRQHandler                      
0000898d  UART0_IRQHandler                      
000089bd  UART3_IRQHandler                      
000089ed  UART_Init                             
00008a4d  dmp_set_tap_time                      
00008a7d  dmp_set_tap_time_multi                
00008add  mspm0_delay_ms                        
00008b0d  u8g2_SetFont                          
00008b6b  u8g2_ClearBuffer                      
00008b99  DIRECTORY_control                     
00008ccd  __aeabi_i2d                           
00008ccd  __floatsidf                           
00008cf9  fputc                                 
00008d25  mspm0_get_clock_ms                    
00008d51  uart0_send_char                       
00008d7d  uart1_send_char                       
00008e49  __aeabi_ui2f                          
00008e49  __floatunsisf                         
00008e71  u8g2_ClearDisplay                     
00008e99  _c_int00_noargs                       
00008ee7  DL_I2C_setClockConfig                 
00008f33  u8g2_FirstPage                        
00008f59  u8g2_SetBufferCurrTileRow             
00008f7f  u8g2_SetDrawColor                     
00008fa5  u8x8_gpio_call                        
00008fcd  GPIO_Init                             
00008ff1  __aeabi_lmul                          
00008ff1  __muldi3                              
00009015  memccpy                               
00009037  u8x8_byte_SendBytes                   
00009059  u8x8_cad_SendData                     
000090dd  memcmp                                
000090fd  u8x8_SetPowerSave                     
0000911d  u8x8_cad_SendArg                      
0000913d  u8x8_cad_SendCmd                      
0000917d  __aeabi_llsl                          
0000917d  __ashldi3                             
00009309  DL_Timer_setCaptCompUpdateMethod      
00009325  DL_Timer_setClockConfig               
0000935d  dmp_load_motion_driver_firmware       
00009393  u8x8_d_helper_display_setup_memory    
000095ed  DL_Timer_setCaptureCompareOutCtl      
00009719  u8x8_InitDisplay                      
0000972f  u8x8_RefreshDisplay                   
00009745  u8x8_SetupMemory                      
0000975b  u8x8_byte_EndTransfer                 
00009771  u8x8_byte_SendByte                    
00009787  u8x8_byte_StartTransfer               
0000979d  u8x8_cad_EndTransfer                  
000097b3  u8x8_cad_StartTransfer                
000097c9  u8x8_dummy_cb                         
000098d1  __aeabi_uldivmod                      
000098e5  dmp_register_android_orient_cb        
000098f9  dmp_register_tap_cb                   
0000995d  u8g2_SetFontDirection                 
00009971  u8g2_SetFontMode                      
00009985  u8g2_SetFontPosBaseline               
00009999  u8g2_m_16_8_f                         
000099e3  DL_UART_setClockConfig                
000099f5  TI_memcpy_small                       
00009a07  __TI_decompress_none                  
00009a29  DL_Timer_setCaptureCompareValue       
00009a39  SysTick_Handler                       
00009a49  u8g2_update_dimension_r0              
00009a59  u8x8_utf8_init                        
00009a69  wcslen                                
00009a79  __TI_zero_init                        
00009a89  __aeabi_memset                        
00009a89  __aeabi_memset4                       
00009a89  __aeabi_memset8                       
00009ab3  TI_memset_small                       
00009ac1  __aeabi_memclr                        
00009ac1  __aeabi_memclr4                       
00009ac1  __aeabi_memclr8                       
00009acd  get_encoder_count                     
00009ad9  get_encoder_dir                       
00009ae5  get_encoder_temp_count                
00009af1  DL_Common_delayCycles                 
00009b7d  u8g2_font_calc_vref_font              
00009b91  __aeabi_errno_addr                    
00009b99  __aeabi_memcpy                        
00009b99  __aeabi_memcpy4                       
00009b99  __aeabi_memcpy8                       
00009bcf  abort                                 
00009bd5  ADC0_IRQHandler                       
00009bd5  ADC1_IRQHandler                       
00009bd5  AES_IRQHandler                        
00009bd5  CANFD0_IRQHandler                     
00009bd5  DAC0_IRQHandler                       
00009bd5  DMA_IRQHandler                        
00009bd5  Default_Handler                       
00009bd5  GROUP0_IRQHandler                     
00009bd5  HardFault_Handler                     
00009bd5  I2C0_IRQHandler                       
00009bd5  I2C1_IRQHandler                       
00009bd5  NMI_Handler                           
00009bd5  PendSV_Handler                        
00009bd5  RTC_IRQHandler                        
00009bd5  SPI0_IRQHandler                       
00009bd5  SPI1_IRQHandler                       
00009bd5  SVC_Handler                           
00009bd5  TIMA0_IRQHandler                      
00009bd5  TIMA1_IRQHandler                      
00009bd5  TIMG12_IRQHandler                     
00009bd5  TIMG6_IRQHandler                      
00009bd5  TIMG7_IRQHandler                      
00009bd5  TIMG8_IRQHandler                      
00009bd5  UART1_IRQHandler                      
00009bd5  UART2_IRQHandler                      
00009bd8  C$$EXIT                               
00009bd9  HOSTexit                              
00009be1  Reset_Handler                         
00009bf5  _system_pre_init                      
0000a7f6  u8g2_font_unifont_st16                
0000aea0  __aeabi_ctype_table_                  
0000aea0  __aeabi_ctype_table_C                 
0000b048  test                                  
0000b094  reg                                   
0000b19e  hw                                    
0000b1ac  u8g2_cb_r0                            
0000b438  __TI_Handler_Table_Base               
0000b444  __TI_Handler_Table_Limit              
0000b44c  __TI_CINIT_Base                       
0000b45c  __TI_CINIT_Limit                      
0000b45c  __TI_CINIT_Warm                       
20200000  __start___llvm_prf_bits               
20200000  __start___llvm_prf_cnts               
20200000  __stop___llvm_prf_bits                
20200000  __stop___llvm_prf_cnts                
20200400  gPWMBBackup                           
202004a0  gPWMDBackup                           
20200540  gUART_1Backup                         
20200580  id                                    
20200590  quat                                  
202005a0  accel                                 
202005a6  gyro                                  
202005b4  D                                     
202005b8  I                                     
202005bc  P                                     
202005c0  car_begin_yaw                         
202005c4  car_straight_yaw                      
202005c8  pitch                                 
202005cc  roll                                  
202005d0  sensor_timestamp                      
202005d4  start_time                            
202005d8  tick_ms                               
202005dc  yaw                                   
202005e0  sensors                               
202005e2  more                                  
202005e4  _ftable                               
20200823  mode_flag                             
2020082c  directory                             
20200834  directory_num                         
20200840  MAX                                   
20200844  MAX_CORRECTION                        
20200848  MIN                                   
2020084c  Velcity_Ki                            
20200850  Velcity_Kp                            
20200854  __aeabi_errno                         
20200858  _lock                                 
2020085c  _unlock                               
20200860  car_speed                             
20200864  correction_factor1                    
20200868  correction_factor2                    
2020086c  correction_factor3                    
20200870  correction_factor4                    
20200874  directory_flag                        
20200878  l_num                                 
2020087c  nextway                               
20200880  now_speed                             
20200884  quanshu                               
20200888  r_num                                 
2020088c  xspeed                                
20200890  stop_flag                             
20200892  uart_data                             
20207e00  __stack                               
20208000  __STACK_END                           
ffffffff  __TI_pprof_out_hndl                   
ffffffff  __TI_prof_data_size                   
ffffffff  __TI_prof_data_start                  
ffffffff  __binit__                             
ffffffff  binit                                 
UNDEFED   __mpu_init                            
UNDEFED   _system_post_cinit                    

[369 symbols]
