******************************************************************************
            TI ARM Clang Linker PC v4.0.3                      
******************************************************************************
>> Linked Sat Nov  1 16:45:54 2025

OUTPUT FILE NAME:   <car2025_10_29.out>
ENTRY POINT SYMBOL: "_c_int00_noargs"  address: 00007715


MEMORY CONFIGURATION

         name            origin    length      used     unused   attr    fill
----------------------  --------  ---------  --------  --------  ----  --------
  FLASH                 00000000   00020000  000094e8  00016b18  R  X
  SRAM                  20200000   00008000  00000996  0000766a  RW X
  BCR_CONFIG            41c00000   000000ff  00000000  000000ff  R   
  BSL_CONFIG            41c00100   00000080  00000000  00000080  R   


SEGMENT ALLOCATION MAP

run origin  load origin   length   init length attrs members
----------  ----------- ---------- ----------- ----- -------
00000000    00000000    000094e8   000094e8    r-x
  00000000    00000000    000000c0   000000c0    r-- .intvecs
  000000c0    000000c0    00008430   00008430    r-x .text
  000084f0    000084f0    00000f90   00000f90    r-- .rodata
  00009480    00009480    00000068   00000068    r-- .cinit
20200000    20200000    00000799   00000000    rw-
  20200000    20200000    000005bd   00000000    rw- .bss
  202005c0    202005c0    000001d9   00000000    rw- .data
20207e00    20207e00    00000200   00000000    rw-
  20207e00    20207e00    00000200   00000000    rw- .stack


SECTION ALLOCATION MAP

 output                                  attributes/
section   page    origin      length       input sections
--------  ----  ----------  ----------   ----------------
.intvecs   0    00000000    000000c0     
                  00000000    000000c0     startup_mspm0g350x_ticlang.o (.intvecs)

.text      0    000000c0    00008430     
                  000000c0    000009d0     libc.a : _printfi.c.obj (.text:__TI_printfi)
                  00000a90    000003b8            : strtod.c.obj (.text.strtod)
                  00000e48    00000364            : e_asin.c.obj (.text.asin)
                  000011ac    000002f8            : s_atan.c.obj (.text.atan)
                  000014a4    00000278     inv_mpu_dmp_motion_driver.o (.text.dmp_enable_feature)
                  0000171c    00000238     inv_mpu_dmp_motion_driver.o (.text.dmp_set_tap_thresh)
                  00001954    0000022c     mpu6050.o (.text.Read_Quad)
                  00001b80    0000022c     inv_mpu.o (.text.mpu_reset_fifo)
                  00001dac    00000220     libc.a : _printfi.c.obj (.text._pconv_a)
                  00001fcc    000001f4     inv_mpu_dmp_motion_driver.o (.text.dmp_read_fifo)
                  000021c0    000001e4     ti_msp_dl_config.o (.text.SYSCFG_DL_GPIO_init)
                  000023a4    000001dc     libc.a : _printfi.c.obj (.text._pconv_g)
                  00002580    000001d0     oled.o (.text.u8x8_gpio_and_delay)
                  00002750    000001a0     inv_mpu.o (.text.mpu_set_bypass)
                  000028f0    00000192     libclang_rt.builtins.a : adddf3.S.obj (.text.adddf3_subdf3)
                  00002a82    00000002                            : aeabi_div0.c.obj (.text.__aeabi_idiv0)
                  00002a84    00000188     libc.a : e_atan2.c.obj (.text.atan2)
                  00002c0c    00000178     inv_mpu_dmp_motion_driver.o (.text.dmp_set_orientation)
                  00002d84    00000170     libc.a : e_sqrt.c.obj (.text.sqrt)
                  00002ef4    00000168     u8x8_d_ssd1306_128x64_noname.o (.text.u8x8_d_ssd1306_sh1106_generic)
                  0000305c    00000164     u8g2_ll_hvline.o (.text.u8g2_ll_hvline_vertical_top_lsb)
                  000031c0    00000148     mpu6050.o (.text.MPU6050_Init)
                  00003308    0000013c     libc.a : _printfi.c.obj (.text.fcvt)
                  00003444    00000134     mspm0_i2c.o (.text.mspm0_i2c_read)
                  00003578    00000134     mspm0_xj_i2c.o (.text.mspm0_xj_i2c_read)
                  000036ac    00000134     u8x8_cad.o (.text.u8x8_cad_ssd13xx_fast_i2c)
                  000037e0    00000130     inv_mpu.o (.text.mpu_set_sensors)
                  00003910    00000128     inv_mpu.o (.text.mpu_init)
                  00003a38    00000124     inv_mpu.o (.text.mpu_load_firmware)
                  00003b5c    00000120     libc.a : _printfi.c.obj (.text._pconv_e)
                  00003c7c    0000011c     uart.o (.text.parse_uart_command)
                  00003d98    0000010c     libclang_rt.builtins.a : divdf3.S.obj (.text.__divdf3)
                  00003ea4    00000108     inv_mpu.o (.text.mpu_read_fifo_stream)
                  00003fac    00000104     driverlib.a : dl_timer.o (.text.DL_Timer_initFourCCPWMMode)
                  000040b0    00000100     inv_mpu.o (.text.mpu_lp_accel_mode)
                  000041b0    000000ec     interrupt.o (.text.GROUP1_IRQHandler)
                  0000429c    000000ec     inv_mpu.o (.text.mpu_set_sample_rate)
                  00004388    000000e4     libclang_rt.builtins.a : muldf3.S.obj (.text.__muldf3)
                  0000446c    000000e4     inv_mpu.o (.text.mpu_set_accel_fsr)
                  00004550    000000dc     driverlib.a : dl_sysctl_mspm0g1x0x_g3x0x.o (.text.DL_SYSCTL_configSYSPLL)
                  0000462c    000000d8     libc.a : s_scalbn.c.obj (.text.scalbn)
                  00004704    000000d8     libclang_rt.builtins.a : addsf3.S.obj (.text)
                  000047dc    000000d4     inv_mpu.o (.text.set_int_enable)
                  000048b0    000000d0     inv_mpu.o (.text.mpu_set_lpf)
                  00004980    000000c4     ti_msp_dl_config.o (.text.SYSCFG_DL_initPower)
                  00004a44    000000c4     inv_mpu.o (.text.mpu_set_gyro_fsr)
                  00004b08    000000c4     mspm0_i2c.o (.text.mspm0_i2c_write)
                  00004bcc    000000c0     u8x8_byte.o (.text.u8x8_byte_sw_i2c)
                  00004c8c    000000bc     inv_mpu.o (.text.mpu_configure_fifo)
                  00004d48    000000b8     inv_mpu.o (.text.mpu_set_dmp_state)
                  00004e00    000000ae     u8g2_setup.o (.text.u8g2_update_dimension_common)
                  00004eae    00000002     libclang_rt.builtins.a : aeabi_div0.c.obj (.text.__aeabi_ldiv0)
                  00004eb0    000000ac     inv_mpu.o (.text.mpu_read_mem)
                  00004f5c    000000ac     inv_mpu.o (.text.mpu_write_mem)
                  00005008    000000ac     u8g2_setup.o (.text.u8g2_apply_clip_window)
                  000050b4    000000a4     u8x8_cad.o (.text.u8x8_cad_SendSequence)
                  00005158    000000a2     libclang_rt.builtins.a : udivmoddi4.S.obj (.text)
                  000051fa    00000002     libc.a : _lock.c.obj (.text._nop)
                  000051fc    0000009c     inv_mpu.o (.text.mpu_set_int_latched)
                  00005298    00000098     inv_mpu_dmp_motion_driver.o (.text.dmp_set_fifo_rate)
                  00005330    00000096     mpu6050.o (.text.inv_row_2_scale)
                  000053c6    00000094     u8g2_intersection.o (.text.u8g2_is_intersection_decision_tree)
                  0000545a    0000008e     u8g2_buffer.o (.text.u8g2_send_buffer)
                  000054e8    0000008c     libclang_rt.builtins.a : mulsf3.S.obj (.text.__mulsf3)
                  00005574    0000008c     inv_mpu_dmp_motion_driver.o (.text.decode_gesture)
                  00005600    0000008a     u8x8_byte.o (.text.i2c_write_byte)
                  0000568a    00000002     --HOLE-- [fill = 0]
                  0000568c    00000088     uart.o (.text.UART0_IRQHandler)
                  00005714    00000088     uart.o (.text.UART1_IRQHandler)
                  0000579c    00000084     clock.o (.text.__NVIC_SetPriority)
                  00005820    00000084     ti_msp_dl_config.o (.text.__NVIC_SetPriority)
                  000058a4    00000082     libclang_rt.builtins.a : divsf3.S.obj (.text.__divsf3)
                  00005926    00000002     --HOLE-- [fill = 0]
                  00005928    00000080     u8x8_d_ssd1306_128x64_noname.o (.text.u8x8_d_ssd1306_128x64_noname)
                  000059a8    0000007c     libc.a : copy_decompress_lzss.c.obj (.text:decompress:lzss)
                  00005a24    00000078     u8g2_setup.o (.text.u8g2_SetupBuffer)
                  00005a9c    00000074     libclang_rt.builtins.a : comparedf2.c.obj (.text.__gedf2)
                  00005b10    00000074                            : truncdfsf2.S.obj (.text.__truncdfsf2)
                  00005b84    00000074     inv_mpu.o (.text.mpu_get_accel_fsr)
                  00005bf8    0000006c     ti_msp_dl_config.o (.text.SYSCFG_DL_PWM_L1_init)
                  00005c64    0000006c     ti_msp_dl_config.o (.text.SYSCFG_DL_PWM_L2_init)
                  00005cd0    0000006c     ti_msp_dl_config.o (.text.SYSCFG_DL_PWM_R1_init)
                  00005d3c    0000006c     ti_msp_dl_config.o (.text.SYSCFG_DL_PWM_R2_init)
                  00005da8    0000006c     u8g2_buffer.o (.text.u8g2_NextPage)
                  00005e14    0000006c     u8x8_display.o (.text.u8x8_d_helper_display_init)
                  00005e80    00000068     libclang_rt.builtins.a : comparedf2.c.obj (.text.__ledf2)
                  00005ee8    00000066     libc.a : _printfi.c.obj (.text._mcpy)
                  00005f4e    00000066     inv_mpu_dmp_motion_driver.o (.text.dmp_set_tap_axes)
                  00005fb4    00000064     u8g2_intersection.o (.text.u8g2_IsIntersection)
                  00006018    00000062     libclang_rt.builtins.a : aeabi_dcmp.S.obj (.text.__aeabi_dcmp)
                  0000607a    00000002     --HOLE-- [fill = 0]
                  0000607c    00000060     inv_mpu_dmp_motion_driver.o (.text.dmp_enable_gyro_cal)
                  000060dc    00000060     mspm0_xj_i2c.o (.text.motor_xj_i2c_sda_unlock)
                  0000613c    00000060     mspm0_i2c.o (.text.mpu6050_i2c_sda_unlock)
                  0000619c    00000060     inv_mpu.o (.text.mpu_get_gyro_fsr)
                  000061fc    0000005e     driverlib.a : dl_i2c.o (.text.DL_I2C_fillControllerTXFIFO)
                  0000625a    00000002     --HOLE-- [fill = 0]
                  0000625c    0000005c     libc.a : s_frexp.c.obj (.text.frexp)
                  000062b8    0000005c     mspm0_i2c.o (.text.mspm0_i2c_enable)
                  00006314    0000005c     mspm0_xj_i2c.o (.text.mspm0_i2c_enable)
                  00006370    0000005c     libc.a : printf.c.obj (.text.printf)
                  000063cc    00000058     ti_msp_dl_config.o (.text.SYSCFG_DL_I2C_BUS_init)
                  00006424    00000058     ti_msp_dl_config.o (.text.SYSCFG_DL_I2C_MPU6050_init)
                  0000647c    00000058     libc.a : _ltoa.c.obj (.text.__TI_ltoa)
                  000064d4    00000058            : _printfi.c.obj (.text._pconv_f)
                  0000652c    00000056     libclang_rt.builtins.a : aeabi_idivmod.S.obj (.text.__aeabi_idivmod)
                  00006582    00000002     --HOLE-- [fill = 0]
                  00006584    00000054     main.o (.text.main)
                  000065d8    00000054     u8g2_buffer.o (.text.u8g2_send_tile_row)
                  0000662c    00000052     libc.a : _printfi.c.obj (.text._ecpy)
                  0000667e    00000002     --HOLE-- [fill = 0]
                  00006680    00000050     mspm0_i2c.o (.text.DL_I2C_startControllerTransfer)
                  000066d0    00000050     mspm0_xj_i2c.o (.text.DL_I2C_startControllerTransfer)
                  00006720    00000050     clock.o (.text.SysTick_Config)
                  00006770    00000050     uart.o (.text.fputs)
                  000067c0    0000004c     ti_msp_dl_config.o (.text.DL_UART_setBaudRateDivisor)
                  0000680c    0000004c     ti_msp_dl_config.o (.text.SYSCFG_DL_SYSCTL_init)
                  00006858    0000004a     libclang_rt.builtins.a : fixdfsi.S.obj (.text.__fixdfsi)
                  000068a2    0000004a     u8x8_byte.o (.text.i2c_start)
                  000068ec    00000048     driverlib.a : dl_uart.o (.text.DL_UART_init)
                  00006934    00000048     ti_msp_dl_config.o (.text.SYSCFG_DL_UART_0_init)
                  0000697c    00000048     ti_msp_dl_config.o (.text.SYSCFG_DL_UART_1_init)
                  000069c4    00000048     inv_mpu_dmp_motion_driver.o (.text.dmp_enable_6x_lp_quat)
                  00006a0c    00000048     inv_mpu_dmp_motion_driver.o (.text.dmp_enable_lp_quat)
                  00006a54    00000048     mspm0_i2c.o (.text.mspm0_i2c_disable)
                  00006a9c    00000048     u8g2_d_setup.o (.text.u8g2_Setup_ssd1306_i2c_128x64_noname_f)
                  00006ae4    00000044     driverlib.a : dl_sysctl_mspm0g1x0x_g3x0x.o (.text.DL_SYSCTL_switchMCLKfromSYSOSCtoHSCLK)
                  00006b28    00000044     ti_msp_dl_config.o (.text.SYSCFG_DL_init)
                  00006b6c    00000044     inv_mpu_dmp_motion_driver.o (.text.dmp_set_shake_reject_thresh)
                  00006bb0    00000044     inv_mpu_dmp_motion_driver.o (.text.dmp_set_tap_count)
                  00006bf4    00000044     mspm0_xj_i2c.o (.text.mspm0_i2c_disable)
                  00006c38    00000044     u8x8_setup.o (.text.u8x8_SetupDefaults)
                  00006c7c    00000040     libclang_rt.builtins.a : aeabi_uidivmod.S.obj (.text.__aeabi_uidivmod)
                  00006cbc    00000040                            : extendsfdf2.S.obj (.text.__extendsfdf2)
                  00006cfc    00000040     libc.a : atoi.c.obj (.text.atoi)
                  00006d3c    00000040     oled.o (.text.u8g2Init)
                  00006d7c    0000003e     mpu6050.o (.text.inv_orientation_matrix_to_scalar)
                  00006dba    0000003e     u8g2_hvline.o (.text.u8g2_draw_hv_line_2dir)
                  00006df8    0000003c     mspm0_i2c.o (.text.DL_GPIO_initPeripheralInputFunctionFeatures)
                  00006e34    0000003c     mspm0_xj_i2c.o (.text.DL_GPIO_initPeripheralInputFunctionFeatures)
                  00006e70    0000003c     ti_msp_dl_config.o (.text.DL_GPIO_initPeripheralInputFunctionFeatures)
                  00006eac    0000003c     driverlib.a : dl_i2c.o (.text.DL_I2C_flushControllerTXFIFO)
                  00006ee8    0000003c     ti_msp_dl_config.o (.text.DL_Timer_setCounterControl)
                  00006f24    0000003c     libclang_rt.builtins.a : floatsisf.S.obj (.text.__floatsisf)
                  00006f60    0000003c     libc.a : autoinit.c.obj (.text:__TI_auto_init_nobinit_nopinit)
                  00006f9c    0000003a     libclang_rt.builtins.a : muldsi3.S.obj (.text.__muldsi3)
                  00006fd6    00000002     --HOLE-- [fill = 0]
                  00006fd8    00000038                            : fixsfsi.S.obj (.text.__fixsfsi)
                  00007010    00000038     u8x8_byte.o (.text.i2c_write_bit)
                  00007048    00000036     u8g2_setup.o (.text.u8g2_update_page_win_r0)
                  0000707e    00000036     u8x8_setup.o (.text.u8x8_Setup)
                  000070b4    00000034     mspm0_i2c.o (.text.DL_GPIO_initDigitalInputFeatures)
                  000070e8    00000034     mspm0_xj_i2c.o (.text.DL_GPIO_initDigitalInputFeatures)
                  0000711c    00000034     ti_msp_dl_config.o (.text.DL_GPIO_initDigitalInputFeatures)
                  00007150    00000034     main.o (.text.MSPM0_Init)
                  00007184    00000034     inv_mpu.o (.text.mpu_get_sample_rate)
                  000071b8    00000034     u8g2_setup.o (.text.u8g2_SetMaxClipWindow)
                  000071ec    00000034     u8g2_setup.o (.text.u8g2_draw_l90_r0)
                  00007220    00000034     u8x8_display.o (.text.u8x8_DrawTile)
                  00007254    00000034     u8x8_cad.o (.text.u8x8_i2c_data_transfer)
                  00007288    00000032     inv_mpu_dmp_motion_driver.o (.text.dmp_set_shake_reject_time)
                  000072ba    00000032     inv_mpu_dmp_motion_driver.o (.text.dmp_set_shake_reject_timeout)
                  000072ec    00000032     libc.a : strstr.c.obj (.text.strstr)
                  0000731e    00000002     --HOLE-- [fill = 0]
                  00007320    00000030     uart.o (.text.UART_Init)
                  00007350    00000030     libc.a : _printfi.c.obj (.text._fcpy)
                  00007380    00000030     inv_mpu_dmp_motion_driver.o (.text.dmp_set_tap_time)
                  000073b0    00000030     inv_mpu_dmp_motion_driver.o (.text.dmp_set_tap_time_multi)
                  000073e0    00000030     u8x8_byte.o (.text.i2c_stop)
                  00007410    00000030     clock.o (.text.mspm0_delay_ms)
                  00007440    0000002e     u8x8_byte.o (.text.i2c_read_bit)
                  0000746e    0000002e     u8g2_buffer.o (.text.u8g2_ClearBuffer)
                  0000749c    0000002c     uart.o (.text.__NVIC_ClearPendingIRQ)
                  000074c8    0000002c     mpu6050.o (.text.__NVIC_EnableIRQ)
                  000074f4    0000002c     uart.o (.text.__NVIC_EnableIRQ)
                  00007520    0000002c     libclang_rt.builtins.a : floatsidf.S.obj (.text.__floatsidf)
                  0000754c    0000002c     uart.o (.text.fputc)
                  00007578    0000002c     clock.o (.text.mspm0_get_clock_ms)
                  000075a4    0000002c     uart.o (.text.uart0_send_char)
                  000075d0    0000002c     uart.o (.text.uart1_send_char)
                  000075fc    00000028     mspm0_i2c.o (.text.DL_Common_updateReg)
                  00007624    00000028     mspm0_xj_i2c.o (.text.DL_Common_updateReg)
                  0000764c    00000028     ti_msp_dl_config.o (.text.DL_Common_updateReg)
                  00007674    00000028     ti_msp_dl_config.o (.text.DL_I2C_setControllerRXFIFOThreshold)
                  0000769c    00000028     ti_msp_dl_config.o (.text.DL_I2C_setControllerTXFIFOThreshold)
                  000076c4    00000028     libclang_rt.builtins.a : floatunsisf.S.obj (.text.__floatunsisf)
                  000076ec    00000028     u8g2_cleardisplay.o (.text.u8g2_ClearDisplay)
                  00007714    00000028     libc.a : boot_cortex_m.c.obj (.text:_c_int00_noargs)
                  0000773c    00000026     ti_msp_dl_config.o (.text.DL_I2C_setAnalogGlitchFilterPulseWidth)
                  00007762    00000026     driverlib.a : dl_i2c.o (.text.DL_I2C_setClockConfig)
                  00007788    00000026     u8x8_byte.o (.text.i2c_init)
                  000077ae    00000026     u8g2_buffer.o (.text.u8g2_FirstPage)
                  000077d4    00000026     u8g2_buffer.o (.text.u8g2_SetBufferCurrTileRow)
                  000077fa    00000026     u8x8_gpio.o (.text.u8x8_gpio_call)
                  00007820    00000024     oled.o (.text.GPIO_Init)
                  00007844    00000024     libclang_rt.builtins.a : muldi3.S.obj (.text.__muldi3)
                  00007868    00000022     libc.a : memccpy.c.obj (.text.memccpy)
                  0000788a    00000022            : strncmp.c.obj (.text.strncmp)
                  000078ac    00000022     u8x8_byte.o (.text.u8x8_byte_SendBytes)
                  000078ce    00000022     u8x8_cad.o (.text.u8x8_cad_SendData)
                  000078f0    00000020     ti_msp_dl_config.o (.text.DL_GPIO_initPeripheralInputFunction)
                  00007910    00000020     mpu6050.o (.text.DL_SYSCTL_resetDevice)
                  00007930    00000020     ti_msp_dl_config.o (.text.DL_SYSCTL_setFlashWaitState)
                  00007950    00000020     libc.a : memcmp.c.obj (.text.memcmp)
                  00007970    00000020     u8x8_display.o (.text.u8x8_SetPowerSave)
                  00007990    00000020     u8x8_cad.o (.text.u8x8_cad_SendArg)
                  000079b0    00000020     u8x8_cad.o (.text.u8x8_cad_SendCmd)
                  000079d0    0000001e     ti_msp_dl_config.o (.text.DL_UART_setOversampling)
                  000079ee    00000002     --HOLE-- [fill = 0]
                  000079f0    0000001e     libclang_rt.builtins.a : ashldi3.S.obj (.text.__ashldi3)
                  00007a0e    00000002     --HOLE-- [fill = 0]
                  00007a10    0000001c     ti_msp_dl_config.o (.text.DL_GPIO_clearInterruptStatus)
                  00007a2c    0000001c     mspm0_i2c.o (.text.DL_GPIO_enableHiZ)
                  00007a48    0000001c     mspm0_xj_i2c.o (.text.DL_GPIO_enableHiZ)
                  00007a64    0000001c     ti_msp_dl_config.o (.text.DL_GPIO_enableHiZ)
                  00007a80    0000001c     ti_msp_dl_config.o (.text.DL_GPIO_enableInterrupt)
                  00007a9c    0000001c     ti_msp_dl_config.o (.text.DL_GPIO_initPeripheralOutputFunction)
                  00007ab8    0000001c     mpu6050.o (.text.DL_I2C_getSDAStatus)
                  00007ad4    0000001c     mspm0_i2c.o (.text.DL_I2C_isControllerRXFIFOEmpty)
                  00007af0    0000001c     mspm0_xj_i2c.o (.text.DL_I2C_isControllerRXFIFOEmpty)
                  00007b0c    0000001c     interrupt.o (.text.DL_Interrupt_getPendingGroup)
                  00007b28    0000001c     ti_msp_dl_config.o (.text.DL_SYSCTL_setSYSOSCFreq)
                  00007b44    0000001c     ti_msp_dl_config.o (.text.DL_SYSCTL_setULPCLKDivider)
                  00007b60    0000001c     driverlib.a : dl_timer.o (.text.DL_Timer_setCaptCompUpdateMethod)
                  00007b7c    0000001c                 : dl_timer.o (.text.DL_Timer_setClockConfig)
                  00007b98    0000001c     ti_msp_dl_config.o (.text.DL_UART_enableInterrupt)
                  00007bb4    0000001c     inv_mpu_dmp_motion_driver.o (.text.dmp_load_motion_driver_firmware)
                  00007bd0    0000001a     u8x8_byte.o (.text.i2c_read_scl_and_delay)
                  00007bea    0000001a     u8x8_display.o (.text.u8x8_d_helper_display_setup_memory)
                  00007c04    00000018     mspm0_i2c.o (.text.DL_GPIO_enableOutput)
                  00007c1c    00000018     mspm0_xj_i2c.o (.text.DL_GPIO_enableOutput)
                  00007c34    00000018     ti_msp_dl_config.o (.text.DL_GPIO_enableOutput)
                  00007c4c    00000018     ti_msp_dl_config.o (.text.DL_GPIO_enablePower)
                  00007c64    00000018     interrupt.o (.text.DL_GPIO_getEnabledInterruptStatus)
                  00007c7c    00000018     mspm0_i2c.o (.text.DL_GPIO_initDigitalOutput)
                  00007c94    00000018     mspm0_xj_i2c.o (.text.DL_GPIO_initDigitalOutput)
                  00007cac    00000018     ti_msp_dl_config.o (.text.DL_GPIO_initDigitalOutput)
                  00007cc4    00000018     ti_msp_dl_config.o (.text.DL_GPIO_reset)
                  00007cdc    00000018     main.o (.text.DL_GPIO_setPins)
                  00007cf4    00000018     mspm0_i2c.o (.text.DL_GPIO_setPins)
                  00007d0c    00000018     mspm0_xj_i2c.o (.text.DL_GPIO_setPins)
                  00007d24    00000018     oled.o (.text.DL_GPIO_setPins)
                  00007d3c    00000018     ti_msp_dl_config.o (.text.DL_GPIO_setUpperPinsPolarity)
                  00007d54    00000018     mspm0_i2c.o (.text.DL_I2C_clearInterruptStatus)
                  00007d6c    00000018     mspm0_xj_i2c.o (.text.DL_I2C_clearInterruptStatus)
                  00007d84    00000018     ti_msp_dl_config.o (.text.DL_I2C_enableAnalogGlitchFilter)
                  00007d9c    00000018     ti_msp_dl_config.o (.text.DL_I2C_enableController)
                  00007db4    00000018     ti_msp_dl_config.o (.text.DL_I2C_enableControllerClockStretching)
                  00007dcc    00000018     mspm0_i2c.o (.text.DL_I2C_enablePower)
                  00007de4    00000018     mspm0_xj_i2c.o (.text.DL_I2C_enablePower)
                  00007dfc    00000018     ti_msp_dl_config.o (.text.DL_I2C_enablePower)
                  00007e14    00000018     mspm0_i2c.o (.text.DL_I2C_getRawInterruptStatus)
                  00007e2c    00000018     mspm0_xj_i2c.o (.text.DL_I2C_getRawInterruptStatus)
                  00007e44    00000018     mspm0_i2c.o (.text.DL_I2C_reset)
                  00007e5c    00000018     mspm0_xj_i2c.o (.text.DL_I2C_reset)
                  00007e74    00000018     ti_msp_dl_config.o (.text.DL_I2C_reset)
                  00007e8c    00000018     ti_msp_dl_config.o (.text.DL_I2C_setTimerPeriod)
                  00007ea4    00000018     ti_msp_dl_config.o (.text.DL_SYSCTL_setBORThreshold)
                  00007ebc    00000018     ti_msp_dl_config.o (.text.DL_Timer_enablePower)
                  00007ed4    00000018     ti_msp_dl_config.o (.text.DL_Timer_reset)
                  00007eec    00000018     driverlib.a : dl_timer.o (.text.DL_Timer_setCaptureCompareOutCtl)
                  00007f04    00000018     ti_msp_dl_config.o (.text.DL_UART_enablePower)
                  00007f1c    00000018     uart.o (.text.DL_UART_isBusy)
                  00007f34    00000018     ti_msp_dl_config.o (.text.DL_UART_reset)
                  00007f4c    00000018     clock.o (.text.SysTick_Init)
                  00007f64    00000016     interrupt.o (.text.DL_GPIO_readPins)
                  00007f7a    00000016     mspm0_i2c.o (.text.DL_GPIO_readPins)
                  00007f90    00000016     mspm0_xj_i2c.o (.text.DL_GPIO_readPins)
                  00007fa6    00000016     mspm0_i2c.o (.text.DL_I2C_transmitControllerData)
                  00007fbc    00000016     mspm0_xj_i2c.o (.text.DL_I2C_transmitControllerData)
                  00007fd2    00000016     ti_msp_dl_config.o (.text.DL_UART_enable)
                  00007fe8    00000016     uart.o (.text.DL_UART_transmitData)
                  00007ffe    00000016     u8x8_byte.o (.text.i2c_delay)
                  00008014    00000016     u8x8_display.o (.text.u8x8_InitDisplay)
                  0000802a    00000016     u8x8_display.o (.text.u8x8_RefreshDisplay)
                  00008040    00000016     u8x8_display.o (.text.u8x8_SetupMemory)
                  00008056    00000016     u8x8_byte.o (.text.u8x8_byte_EndTransfer)
                  0000806c    00000016     u8x8_byte.o (.text.u8x8_byte_SendByte)
                  00008082    00000016     u8x8_byte.o (.text.u8x8_byte_StartTransfer)
                  00008098    00000016     u8x8_cad.o (.text.u8x8_cad_EndTransfer)
                  000080ae    00000016     u8x8_cad.o (.text.u8x8_cad_StartTransfer)
                  000080c4    00000016     u8x8_setup.o (.text.u8x8_dummy_cb)
                  000080da    00000014     main.o (.text.DL_GPIO_clearPins)
                  000080ee    00000014     mspm0_i2c.o (.text.DL_GPIO_clearPins)
                  00008102    00000014     mspm0_xj_i2c.o (.text.DL_GPIO_clearPins)
                  00008116    00000014     oled.o (.text.DL_GPIO_clearPins)
                  0000812a    00000014     ti_msp_dl_config.o (.text.DL_GPIO_clearPins)
                  0000813e    00000002     --HOLE-- [fill = 0]
                  00008140    00000014     mspm0_i2c.o (.text.DL_I2C_getControllerStatus)
                  00008154    00000014     mspm0_xj_i2c.o (.text.DL_I2C_getControllerStatus)
                  00008168    00000014     mspm0_i2c.o (.text.DL_I2C_receiveControllerData)
                  0000817c    00000014     mspm0_xj_i2c.o (.text.DL_I2C_receiveControllerData)
                  00008190    00000014     ti_msp_dl_config.o (.text.DL_I2C_resetControllerTransfer)
                  000081a4    00000014     ti_msp_dl_config.o (.text.DL_SYSCTL_disableSYSPLL)
                  000081b8    00000014     ti_msp_dl_config.o (.text.DL_SYSCTL_enableMFCLK)
                  000081cc    00000014     ti_msp_dl_config.o (.text.DL_Timer_enableClock)
                  000081e0    00000014     ti_msp_dl_config.o (.text.DL_Timer_setCCPDirection)
                  000081f4    00000014     uart.o (.text.DL_UART_receiveData)
                  00008208    00000014     libclang_rt.builtins.a : aeabi_uldivmod.S.obj (.text.__aeabi_uldivmod)
                  0000821c    00000014     inv_mpu_dmp_motion_driver.o (.text.dmp_register_android_orient_cb)
                  00008230    00000014     inv_mpu_dmp_motion_driver.o (.text.dmp_register_tap_cb)
                  00008244    00000014     u8x8_byte.o (.text.i2c_clear_scl)
                  00008258    00000014     u8x8_byte.o (.text.i2c_clear_sda)
                  0000826c    00000014     u8x8_byte.o (.text.i2c_read_sda)
                  00008280    00000014     libc.a : _printfi.c.obj (.text.strchr)
                  00008294    00000014            : strchr.c.obj (.text.strchr)
                  000082a8    00000014     u8g2_font.o (.text.u8g2_SetFontPosBaseline)
                  000082bc    00000014     u8g2_d_memory.o (.text.u8g2_m_16_8_f)
                  000082d0    00000012     uart.o (.text.DL_UART_getPendingInterrupt)
                  000082e2    00000012     driverlib.a : dl_uart.o (.text.DL_UART_setClockConfig)
                  000082f4    00000012     libc.a : memcpy16.S.obj (.text:TI_memcpy_small)
                  00008306    00000012            : copy_decompress_none.c.obj (.text:decompress:none)
                  00008318    00000010     ti_msp_dl_config.o (.text.DL_SYSCTL_disableHFXT)
                  00008328    00000010     driverlib.a : dl_timer.o (.text.DL_Timer_setCaptureCompareValue)
                  00008338    00000010     interrupt.o (.text.SysTick_Handler)
                  00008348    00000010     u8g2_setup.o (.text.u8g2_update_dimension_r0)
                  00008358    00000010     libc.a : wcslen.c.obj (.text.wcslen)
                  00008368    00000010            : copy_zero_init.c.obj (.text:decompress:ZI)
                  00008378    0000000e     libclang_rt.builtins.a : aeabi_memset.S.obj (.text.__aeabi_memset)
                  00008386    0000000e     libc.a : _printfi.c.obj (.text.strlen)
                  00008394    0000000e     mpu6050.o (.text.tap_cb)
                  000083a2    0000000e     libc.a : memset16.S.obj (.text:TI_memset_small)
                  000083b0    0000000c     libclang_rt.builtins.a : aeabi_memset.S.obj (.text.__aeabi_memclr)
                  000083bc    0000000a     driverlib.a : dl_common.o (.text.DL_Common_delayCycles)
                  000083c6    0000000a     libc.a : _printfi.c.obj (.text.OUTLINED_FUNCTION_0)
                  000083d0    00000010     libclang_rt.builtins.a : adddf3.S.obj (.tramp.__aeabi_dsub.1)
                  000083e0    0000000a     libc.a : e_asin.c.obj (.text.OUTLINED_FUNCTION_0)
                  000083ea    00000002     --HOLE-- [fill = 0]
                  000083ec    00000010     libclang_rt.builtins.a : muldf3.S.obj (.tramp.__aeabi_dmul.1)
                  000083fc    0000000a     libc.a : s_atan.c.obj (.text.OUTLINED_FUNCTION_0)
                  00008406    0000000a            : _printfi.c.obj (.text.OUTLINED_FUNCTION_1)
                  00008410    0000000a            : e_asin.c.obj (.text.OUTLINED_FUNCTION_1)
                  0000841a    0000000a            : e_asin.c.obj (.text.OUTLINED_FUNCTION_3)
                  00008424    00000010     libclang_rt.builtins.a : divdf3.S.obj (.tramp.__aeabi_ddiv.1)
                  00008434    0000000a     mpu6050.o (.text.android_orient_cb)
                  0000843e    0000000a     libc.a : atof.c.obj (.text.atof)
                  00008448    0000000a     u8g2_font.o (.text.u8g2_font_calc_vref_font)
                  00008452    00000008     libc.a : strtod.c.obj (.text.OUTLINED_FUNCTION_0)
                  0000845a    00000008            : strtod.c.obj (.text.OUTLINED_FUNCTION_1)
                  00008462    00000002     --HOLE-- [fill = 0]
                  00008464    00000010     libclang_rt.builtins.a : aeabi_dcmp.S.obj (.tramp.__aeabi_dcmpeq.1)
                  00008474    00000008     libc.a : s_atan.c.obj (.text.OUTLINED_FUNCTION_2)
                  0000847c    00000008            : aeabi_portable.c.obj (.text.__aeabi_errno_addr)
                  00008484    00000008     libclang_rt.builtins.a : aeabi_memcpy.S.obj (.text.__aeabi_memcpy)
                  0000848c    00000008     libc.a : printf.c.obj (.text._outc)
                  00008494    00000008            : printf.c.obj (.text._outs)
                  0000849c    00000006            : s_atan.c.obj (.text.OUTLINED_FUNCTION_1)
                  000084a2    00000002     --HOLE-- [fill = 0]
                  000084a4    00000010     libclang_rt.builtins.a : adddf3.S.obj (.tramp.__aeabi_dadd.1)
                  000084b4    00000006     libc.a : e_asin.c.obj (.text.OUTLINED_FUNCTION_2)
                  000084ba    00000006            : exit.c.obj (.text:abort)
                  000084c0    00000004     startup_mspm0g350x_ticlang.o (.text.Default_Handler)
                  000084c4    00000004     libsysbm.a : hostexit.c.obj (.text.HOSTexit)
                  000084c8    00000004     libc.a : e_asin.c.obj (.text.OUTLINED_FUNCTION_4)
                  000084cc    00000004     startup_mspm0g350x_ticlang.o (.text.Reset_Handler)
                  000084d0    00000010     libc.a : boot_cortex_m.c.obj (.tramp._c_int00_noargs.1)
                  000084e0    00000004            : pre_init.c.obj (.text._system_pre_init)
                  000084e4    0000000c     --HOLE-- [fill = 0]

.cinit     0    00009480    00000068     
                  00009480    00000043     (.cinit..data.load) [load image, compression = lzss]
                  000094c3    00000001     --HOLE-- [fill = 0]
                  000094c4    0000000c     (__TI_handler_table)
                  000094d0    00000008     (.cinit..bss.load) [load image, compression = zero_init]
                  000094d8    00000010     (__TI_cinit_table)

.rodata    0    000084f0    00000f90     
                  000084f0    00000bf6     inv_mpu_dmp_motion_driver.o (.rodata.dmp_memory)
                  000090e6    0000000a     ti_msp_dl_config.o (.rodata.gUART_0Config)
                  000090f0    00000101     libc.a : aeabi_ctype.S.obj (.rodata:__aeabi_ctype_table_)
                  000091f1    00000007     uart.o (.rodata.str1.15503172443992438641.1)
                  000091f8    00000080     libc.a : strtod.c.obj (.rodata.digits)
                  00009278    00000048            : strtod.c.obj (.rodata.powerof10)
                  000092c0    00000040            : s_atan.c.obj (.rodata.cst32)
                  00009300    00000035     u8x8_d_ssd1306_128x64_noname.o (.rodata.u8x8_d_ssd1306_128x64_noname_init_seq)
                  00009335    00000003     ti_msp_dl_config.o (.rodata.gPWM_L1ClockConfig)
                  00009338    00000028     ti_msp_dl_config.o (.rodata.gSYSPLLConfig)
                  00009360    00000028     inv_mpu.o (.rodata.test)
                  00009388    0000001e     inv_mpu.o (.rodata.reg)
                  000093a6    00000002     ti_msp_dl_config.o (.rodata.gI2C_BUSClockConfig)
                  000093a8    00000018     u8x8_d_ssd1306_128x64_noname.o (.rodata.u8x8_ssd1306_128x64_noname_display_info)
                  000093c0    00000013     uart.o (.rodata.str1.14464947116831474962.1)
                  000093d3    00000011     libc.a : _printfi.c.obj (.rodata.str1.10348868589481759720.1)
                  000093e4    00000011            : _printfi.c.obj (.rodata.str1.15363888844622738466.1)
                  000093f5    00000001     --HOLE-- [fill = 0]
                  000093f6    0000000c     inv_mpu.o (.rodata.hw)
                  00009402    00000002     ti_msp_dl_config.o (.rodata.gI2C_MPU6050ClockConfig)
                  00009404    0000000c     u8g2_setup.o (.rodata.u8g2_cb_r0)
                  00009410    0000000a     ti_msp_dl_config.o (.rodata.gUART_1Config)
                  0000941a    00000002     ti_msp_dl_config.o (.rodata.gUART_0ClockConfig)
                  0000941c    00000008     ti_msp_dl_config.o (.rodata.gPWM_L1Config)
                  00009424    00000008     ti_msp_dl_config.o (.rodata.gPWM_L2Config)
                  0000942c    00000008     ti_msp_dl_config.o (.rodata.gPWM_R1Config)
                  00009434    00000008     ti_msp_dl_config.o (.rodata.gPWM_R2Config)
                  0000943c    00000007     uart.o (.rodata.str1.2747995240747259486.1)
                  00009443    00000007     uart.o (.rodata.str1.8171864734171609186.1)
                  0000944a    00000007     u8x8_d_ssd1306_128x64_noname.o (.rodata.u8x8_d_ssd1306_128x64_noname_flip0_seq)
                  00009451    00000007     u8x8_d_ssd1306_128x64_noname.o (.rodata.u8x8_d_ssd1306_128x64_noname_flip1_seq)
                  00009458    00000006     uart.o (.rodata.str1.3510367808670815947.1)
                  0000945e    00000005     uart.o (.rodata.str1.12819099410943012003.1)
                  00009463    00000005     u8x8_d_ssd1306_128x64_noname.o (.rodata.u8x8_d_ssd1306_128x64_noname_powersave0_seq)
                  00009468    00000005     u8x8_d_ssd1306_128x64_noname.o (.rodata.u8x8_d_ssd1306_128x64_noname_powersave1_seq)
                  0000946d    00000003     ti_msp_dl_config.o (.rodata.gPWM_L2ClockConfig)
                  00009470    00000003     ti_msp_dl_config.o (.rodata.gPWM_R1ClockConfig)
                  00009473    00000003     ti_msp_dl_config.o (.rodata.gPWM_R2ClockConfig)
                  00009476    00000002     ti_msp_dl_config.o (.rodata.gUART_1ClockConfig)
                  00009478    00000008     --HOLE-- [fill = 0]

.init_array 
*          0    00000000    00000000     UNINITIALIZED

.binit     0    00000000    00000000     

.bss       0    20200000    000005bd     UNINITIALIZED
                  20200000    00000400     u8g2_d_memory.o (.bss.u8g2_m_16_8_f.buf)
                  20200400    000000bc     (.common:gPWM_L2Backup)
                  202004bc    000000bc     (.common:gPWM_R2Backup)
                  20200578    00000010     (.common:quat)
                  20200588    00000006     (.common:accel)
                  2020058e    00000006     (.common:gyro)
                  20200594    00000004     (.common:D)
                  20200598    00000004     (.common:I)
                  2020059c    00000004     (.common:P)
                  202005a0    00000004     (.common:pitch)
                  202005a4    00000004     (.common:roll)
                  202005a8    00000004     (.common:sensor_timestamp)
                  202005ac    00000004     (.common:start_time)
                  202005b0    00000004     (.common:tick_ms)
                  202005b4    00000004     (.common:yaw)
                  202005b8    00000002     (.common:get)
                  202005ba    00000002     (.common:sensors)
                  202005bc    00000001     (.common:more)

.data      0    202005c0    000001d9     UNINITIALIZED
                  202005c0    000000f0     libc.a : defs.c.obj (.data._ftable)
                  202006b0    00000080     uart.o (.data.uart_buffer)
                  20200730    0000002c     inv_mpu.o (.data.st)
                  2020075c    00000010     inv_mpu_dmp_motion_driver.o (.data.dmp)
                  2020076c    0000000e     mpu6050.o (.data.hal)
                  2020077a    00000009     mpu6050.o (.data.gyro_orientation)
                  20200783    00000001     u8x8_cad.o (.data.u8x8_cad_ssd13xx_fast_i2c.in_transfer)
                  20200784    00000004     libc.a : aeabi_portable.c.obj (.data.__aeabi_errno)
                  20200788    00000004            : _lock.c.obj (.data._lock)
                  2020078c    00000004            : _lock.c.obj (.data._unlock)
                  20200790    00000004     uart.o (.data.buffer_index)
                  20200794    00000004     interrupt.o (.data.nextway)
                  20200798    00000001     uart.o (.data.uart_data)

.stack     0    20207e00    00000200     UNINITIALIZED
                  20207e00    00000004     libc.a : boot_cortex_m.c.obj (.stack)
                  20207e04    000001fc     --HOLE--

__llvm_prf_cnts 
*          0    20200000    00000000     UNINITIALIZED

__llvm_prf_bits 
*          0    20200000    00000000     UNINITIALIZED

MODULE SUMMARY

       Module                           code    ro data   rw data
       ------                           ----    -------   -------
    .\
       ti_msp_dl_config.o               2946    112       376    
       startup_mspm0g350x_ticlang.o     8       192       0      
       main.o                           180     0         2      
    +--+--------------------------------+-------+---------+---------+
       Total:                           3134    304       378    
                                                                 
    .\MPU6050\
       inv_mpu_dmp_motion_driver.o      3110    3062      16     
       inv_mpu.o                        4600    82        44     
       mspm0_i2c.o                      1324    0         0      
       mpu6050.o                        1224    0         70     
    +--+--------------------------------+-------+---------+---------+
       Total:                           10258   3144      130    
                                                                 
    .\MSPM0\
       mspm0_xj_i2c.o                   1124    0         0      
       clock.o                          328     0         8      
       interrupt.o                      326     0         4      
    +--+--------------------------------+-------+---------+---------+
       Total:                           1778    0         12     
                                                                 
    .\OLED\
       oled.o                           608     0         0      
    +--+--------------------------------+-------+---------+---------+
       Total:                           608     0         0      
                                                                 
    .\OLED\csrc\
       u8g2_d_memory.o                  20      0         1024   
       u8x8_byte.o                      800     0         0      
       u8x8_cad.o                       666     0         1      
       u8g2_setup.o                     640     12        0      
       u8x8_d_ssd1306_128x64_noname.o   488     101       0      
       u8g2_buffer.o                    456     0         0      
       u8g2_ll_hvline.o                 356     0         0      
       u8x8_display.o                   284     0         0      
       u8g2_intersection.o              248     0         0      
       u8x8_setup.o                     144     0         0      
       u8g2_d_setup.o                   72      0         0      
       u8g2_hvline.o                    62      0         0      
       u8g2_cleardisplay.o              40      0         0      
       u8x8_gpio.o                      38      0         0      
       u8g2_font.o                      30      0         0      
    +--+--------------------------------+-------+---------+---------+
       Total:                           4344    113       1025   
                                                                 
    .\UART\
       uart.o                           988     51        145    
    +--+--------------------------------+-------+---------+---------+
       Total:                           988     51        145    
                                                                 
    C:/ti/mspm0_sdk_2_04_00_06/source/ti/driverlib/lib/ticlang/m0p/mspm0g1x0x_g3x0x/driverlib.a
       dl_timer.o                       356     0         0      
       dl_sysctl_mspm0g1x0x_g3x0x.o     288     0         0      
       dl_i2c.o                         192     0         0      
       dl_uart.o                        90      0         0      
       dl_common.o                      10      0         0      
    +--+--------------------------------+-------+---------+---------+
       Total:                           936     0         0      
                                                                 
    C:\ti\ccs2020\ccs\tools\compiler\ti-cgt-armllvm_4.0.3.LTS\lib\armv6m-ti-none-eabi/c/libc.a
       _printfi.c.obj                   4510    34        0      
       strtod.c.obj                     968     200       0      
       e_asin.c.obj                     908     0         0      
       s_atan.c.obj                     784     64        0      
       e_atan2.c.obj                    392     0         0      
       e_sqrt.c.obj                     368     0         0      
       aeabi_ctype.S.obj                0       257       0      
       defs.c.obj                       0       0         240    
       s_scalbn.c.obj                   216     0         0      
       copy_decompress_lzss.c.obj       124     0         0      
       printf.c.obj                     108     0         0      
       s_frexp.c.obj                    92      0         0      
       _ltoa.c.obj                      88      0         0      
       atoi.c.obj                       64      0         0      
       autoinit.c.obj                   60      0         0      
       boot_cortex_m.c.obj              56      0         0      
       strstr.c.obj                     50      0         0      
       memccpy.c.obj                    34      0         0      
       strncmp.c.obj                    34      0         0      
       memcmp.c.obj                     32      0         0      
       strchr.c.obj                     20      0         0      
       copy_decompress_none.c.obj       18      0         0      
       memcpy16.S.obj                   18      0         0      
       copy_zero_init.c.obj             16      0         0      
       wcslen.c.obj                     16      0         0      
       memset16.S.obj                   14      0         0      
       aeabi_portable.c.obj             8       0         4      
       _lock.c.obj                      2       0         8      
       atof.c.obj                       10      0         0      
       exit.c.obj                       6       0         0      
       pre_init.c.obj                   4       0         0      
    +--+--------------------------------+-------+---------+---------+
       Total:                           9020    555       252    
                                                                 
    C:\ti\ccs2020\ccs\tools\compiler\ti-cgt-armllvm_4.0.3.LTS\lib\armv6m-ti-none-eabi/c/libsysbm.a
       hostexit.c.obj                   4       0         0      
    +--+--------------------------------+-------+---------+---------+
       Total:                           4       0         0      
                                                                 
    C:\ti\ccs2020\ccs\tools\compiler\ti-cgt-armllvm_4.0.3.LTS\lib\armv6m-ti-none-eabi/libclang_rt.builtins.a
       adddf3.S.obj                     434     0         0      
       divdf3.S.obj                     284     0         0      
       muldf3.S.obj                     244     0         0      
       comparedf2.c.obj                 220     0         0      
       addsf3.S.obj                     216     0         0      
       udivmoddi4.S.obj                 162     0         0      
       mulsf3.S.obj                     140     0         0      
       divsf3.S.obj                     130     0         0      
       truncdfsf2.S.obj                 116     0         0      
       aeabi_dcmp.S.obj                 114     0         0      
       aeabi_idivmod.S.obj              86      0         0      
       fixdfsi.S.obj                    74      0         0      
       aeabi_uidivmod.S.obj             64      0         0      
       extendsfdf2.S.obj                64      0         0      
       floatsisf.S.obj                  60      0         0      
       muldsi3.S.obj                    58      0         0      
       fixsfsi.S.obj                    56      0         0      
       floatsidf.S.obj                  44      0         0      
       floatunsisf.S.obj                40      0         0      
       muldi3.S.obj                     36      0         0      
       ashldi3.S.obj                    30      0         0      
       aeabi_memset.S.obj               26      0         0      
       aeabi_uldivmod.S.obj             20      0         0      
       aeabi_memcpy.S.obj               8       0         0      
       aeabi_div0.c.obj                 4       0         0      
    +--+--------------------------------+-------+---------+---------+
       Total:                           2730    0         0      
                                                                 
       Stack:                           0       0         512    
       Linker Generated:                0       103       0      
    +--+--------------------------------+-------+---------+---------+
       Grand Total:                     33800   4270      2454   


LINKER GENERATED COPY TABLES

__TI_cinit_table @ 000094d8 records: 2, size/record: 8, table size: 16
	.data: load addr=00009480, load size=00000043 bytes, run addr=202005c0, run size=000001d9 bytes, compression=lzss
	.bss: load addr=000094d0, load size=00000008 bytes, run addr=20200000, run size=000005bd bytes, compression=zero_init


LINKER GENERATED HANDLER TABLE

__TI_handler_table @ 000094c4 records: 3, size/record: 4, table size: 12
	index: 0, handler: __TI_decompress_lzss
	index: 1, handler: __TI_decompress_none
	index: 2, handler: __TI_zero_init


FAR CALL TRAMPOLINES

callee name               trampoline name
   callee addr  tramp addr   call addr  call info
--------------  -----------  ---------  ----------------
__aeabi_dsub              $Tramp$TT$L$PI$$__aeabi_dsub
   000028f1     000083d0     000083ce   libc.a : _printfi.c.obj (.text.OUTLINED_FUNCTION_0)
__aeabi_dmul              $Tramp$TT$L$PI$$__aeabi_dmul
   00004389     000083ec     000083e8   libc.a : e_asin.c.obj (.text.OUTLINED_FUNCTION_0)
                             00008404          : s_atan.c.obj (.text.OUTLINED_FUNCTION_0)
                             00008418          : e_asin.c.obj (.text.OUTLINED_FUNCTION_1)
                             0000847a          : s_atan.c.obj (.text.OUTLINED_FUNCTION_2)
                             000084b8          : e_asin.c.obj (.text.OUTLINED_FUNCTION_2)
__aeabi_ddiv              $Tramp$TT$L$PI$$__aeabi_ddiv
   00003d99     00008424     00008422   libc.a : e_asin.c.obj (.text.OUTLINED_FUNCTION_3)
__aeabi_dcmpeq            $Tramp$TT$L$PI$$__aeabi_dcmpeq
   00006019     00008464     00008460   libc.a : strtod.c.obj (.text.OUTLINED_FUNCTION_1)
__aeabi_dadd              $Tramp$TT$L$PI$$__aeabi_dadd
   000028fb     000084a4     000084a0   libc.a : s_atan.c.obj (.text.OUTLINED_FUNCTION_1)
                             000084ca          : e_asin.c.obj (.text.OUTLINED_FUNCTION_4)
_c_int00_noargs           $Tramp$TT$L$PI$$_c_int00_noargs
   00007715     000084d0     000084cc   startup_mspm0g350x_ticlang.o (.text.Reset_Handler)

[6 trampolines]
[11 trampoline calls]


GLOBAL SYMBOLS: SORTED ALPHABETICALLY BY Name 

address   name                                  
-------   ----                                  
000084c1  ADC0_IRQHandler                       
000084c1  ADC1_IRQHandler                       
000084c1  AES_IRQHandler                        
000084c4  C$$EXIT                               
000084c1  CANFD0_IRQHandler                     
20200594  D                                     
000084c1  DAC0_IRQHandler                       
000083bd  DL_Common_delayCycles                 
000061fd  DL_I2C_fillControllerTXFIFO           
00006ead  DL_I2C_flushControllerTXFIFO          
00007763  DL_I2C_setClockConfig                 
00004551  DL_SYSCTL_configSYSPLL                
00006ae5  DL_SYSCTL_switchMCLKfromSYSOSCtoHSCLK 
00003fad  DL_Timer_initFourCCPWMMode            
00007b61  DL_Timer_setCaptCompUpdateMethod      
00007eed  DL_Timer_setCaptureCompareOutCtl      
00008329  DL_Timer_setCaptureCompareValue       
00007b7d  DL_Timer_setClockConfig               
000068ed  DL_UART_init                          
000082e3  DL_UART_setClockConfig                
000084c1  DMA_IRQHandler                        
000084c1  Default_Handler                       
00007821  GPIO_Init                             
000084c1  GROUP0_IRQHandler                     
000041b1  GROUP1_IRQHandler                     
000084c5  HOSTexit                              
000084c1  HardFault_Handler                     
20200598  I                                     
000084c1  I2C0_IRQHandler                       
000084c1  I2C1_IRQHandler                       
000031c1  MPU6050_Init                          
00007151  MSPM0_Init                            
000084c1  NMI_Handler                           
2020059c  P                                     
000084c1  PendSV_Handler                        
000084c1  RTC_IRQHandler                        
00001955  Read_Quad                             
000084cd  Reset_Handler                         
000084c1  SPI0_IRQHandler                       
000084c1  SPI1_IRQHandler                       
000084c1  SVC_Handler                           
000021c1  SYSCFG_DL_GPIO_init                   
000063cd  SYSCFG_DL_I2C_BUS_init                
00006425  SYSCFG_DL_I2C_MPU6050_init            
00005bf9  SYSCFG_DL_PWM_L1_init                 
00005c65  SYSCFG_DL_PWM_L2_init                 
00005cd1  SYSCFG_DL_PWM_R1_init                 
00005d3d  SYSCFG_DL_PWM_R2_init                 
0000680d  SYSCFG_DL_SYSCTL_init                 
00006935  SYSCFG_DL_UART_0_init                 
0000697d  SYSCFG_DL_UART_1_init                 
00006b29  SYSCFG_DL_init                        
00004981  SYSCFG_DL_initPower                   
00008339  SysTick_Handler                       
00007f4d  SysTick_Init                          
000084c1  TIMA0_IRQHandler                      
000084c1  TIMA1_IRQHandler                      
000084c1  TIMG0_IRQHandler                      
000084c1  TIMG12_IRQHandler                     
000084c1  TIMG6_IRQHandler                      
000084c1  TIMG7_IRQHandler                      
000084c1  TIMG8_IRQHandler                      
000082f5  TI_memcpy_small                       
000083a3  TI_memset_small                       
0000568d  UART0_IRQHandler                      
00005715  UART1_IRQHandler                      
000084c1  UART2_IRQHandler                      
000084c1  UART3_IRQHandler                      
00007321  UART_Init                             
20208000  __STACK_END                           
00000200  __STACK_SIZE                          
00000000  __TI_ATRegion0_region_sz              
00000000  __TI_ATRegion0_src_addr               
00000000  __TI_ATRegion0_trg_addr               
00000000  __TI_ATRegion1_region_sz              
00000000  __TI_ATRegion1_src_addr               
00000000  __TI_ATRegion1_trg_addr               
00000000  __TI_ATRegion2_region_sz              
00000000  __TI_ATRegion2_src_addr               
00000000  __TI_ATRegion2_trg_addr               
000094d8  __TI_CINIT_Base                       
000094e8  __TI_CINIT_Limit                      
000094e8  __TI_CINIT_Warm                       
000094c4  __TI_Handler_Table_Base               
000094d0  __TI_Handler_Table_Limit              
00006f61  __TI_auto_init_nobinit_nopinit        
000059a9  __TI_decompress_lzss                  
00008307  __TI_decompress_none                  
0000647d  __TI_ltoa                             
ffffffff  __TI_pprof_out_hndl                   
000000c1  __TI_printfi                          
ffffffff  __TI_prof_data_size                   
ffffffff  __TI_prof_data_start                  
00000000  __TI_static_base__                    
00008369  __TI_zero_init                        
000028fb  __adddf3                              
0000470f  __addsf3                              
000090f0  __aeabi_ctype_table_                  
000090f0  __aeabi_ctype_table_C                 
00005b11  __aeabi_d2f                           
00006859  __aeabi_d2iz                          
000028fb  __aeabi_dadd                          
00006019  __aeabi_dcmpeq                        
00006055  __aeabi_dcmpge                        
00006069  __aeabi_dcmpgt                        
00006041  __aeabi_dcmple                        
0000602d  __aeabi_dcmplt                        
00003d99  __aeabi_ddiv                          
00004389  __aeabi_dmul                          
000028f1  __aeabi_dsub                          
20200784  __aeabi_errno                         
0000847d  __aeabi_errno_addr                    
00006cbd  __aeabi_f2d                           
00006fd9  __aeabi_f2iz                          
0000470f  __aeabi_fadd                          
000058a5  __aeabi_fdiv                          
000054e9  __aeabi_fmul                          
00004705  __aeabi_fsub                          
00007521  __aeabi_i2d                           
00006f25  __aeabi_i2f                           
0000652d  __aeabi_idiv                          
00002a83  __aeabi_idiv0                         
0000652d  __aeabi_idivmod                       
00004eaf  __aeabi_ldiv0                         
000079f1  __aeabi_llsl                          
00007845  __aeabi_lmul                          
000083b1  __aeabi_memclr                        
000083b1  __aeabi_memclr4                       
000083b1  __aeabi_memclr8                       
00008485  __aeabi_memcpy                        
00008485  __aeabi_memcpy4                       
00008485  __aeabi_memcpy8                       
00008379  __aeabi_memset                        
00008379  __aeabi_memset4                       
00008379  __aeabi_memset8                       
000076c5  __aeabi_ui2f                          
00006c7d  __aeabi_uidiv                         
00006c7d  __aeabi_uidivmod                      
00008209  __aeabi_uldivmod                      
000079f1  __ashldi3                             
ffffffff  __binit__                             
00005e81  __cmpdf2                              
00003d99  __divdf3                              
000058a5  __divsf3                              
00005e81  __eqdf2                               
00006cbd  __extendsfdf2                         
00006859  __fixdfsi                             
00006fd9  __fixsfsi                             
00007521  __floatsidf                           
00006f25  __floatsisf                           
000076c5  __floatunsisf                         
00005a9d  __gedf2                               
00005a9d  __gtdf2                               
00005e81  __ledf2                               
00005e81  __ltdf2                               
UNDEFED   __mpu_init                            
00004389  __muldf3                              
00007845  __muldi3                              
00006f9d  __muldsi3                             
000054e9  __mulsf3                              
00005e81  __nedf2                               
20207e00  __stack                               
20200000  __start___llvm_prf_bits               
20200000  __start___llvm_prf_cnts               
20200000  __stop___llvm_prf_bits                
20200000  __stop___llvm_prf_cnts                
000028f1  __subdf3                              
00004705  __subsf3                              
00005b11  __truncdfsf2                          
00005159  __udivmoddi4                          
00007715  _c_int00_noargs                       
202005c0  _ftable                               
20200788  _lock                                 
000051fb  _nop                                  
UNDEFED   _system_post_cinit                    
000084e1  _system_pre_init                      
2020078c  _unlock                               
000084bb  abort                                 
20200588  accel                                 
00000e49  asin                                  
00000e49  asinl                                 
000011ad  atan                                  
00002a85  atan2                                 
00002a85  atan2l                                
000011ad  atanl                                 
0000843f  atof                                  
00006cfd  atoi                                  
ffffffff  binit                                 
000069c5  dmp_enable_6x_lp_quat                 
000014a5  dmp_enable_feature                    
0000607d  dmp_enable_gyro_cal                   
00006a0d  dmp_enable_lp_quat                    
00007bb5  dmp_load_motion_driver_firmware       
00001fcd  dmp_read_fifo                         
0000821d  dmp_register_android_orient_cb        
00008231  dmp_register_tap_cb                   
00005299  dmp_set_fifo_rate                     
00002c0d  dmp_set_orientation                   
00006b6d  dmp_set_shake_reject_thresh           
00007289  dmp_set_shake_reject_time             
000072bb  dmp_set_shake_reject_timeout          
00005f4f  dmp_set_tap_axes                      
00006bb1  dmp_set_tap_count                     
0000171d  dmp_set_tap_thresh                    
00007381  dmp_set_tap_time                      
000073b1  dmp_set_tap_time_multi                
0000754d  fputc                                 
00006771  fputs                                 
0000625d  frexp                                 
0000625d  frexpl                                
20200400  gPWM_L2Backup                         
202004bc  gPWM_R2Backup                         
202005b8  get                                   
2020058e  gyro                                  
000093f6  hw                                    
00000000  interruptVectors                      
0000462d  ldexp                                 
0000462d  ldexpl                                
00006585  main                                  
00007869  memccpy                               
00007951  memcmp                                
202005bc  more                                  
000060dd  motor_xj_i2c_sda_unlock               
0000613d  mpu6050_i2c_sda_unlock                
00004c8d  mpu_configure_fifo                    
00005b85  mpu_get_accel_fsr                     
0000619d  mpu_get_gyro_fsr                      
00007185  mpu_get_sample_rate                   
00003911  mpu_init                              
00003a39  mpu_load_firmware                     
000040b1  mpu_lp_accel_mode                     
00003ea5  mpu_read_fifo_stream                  
00004eb1  mpu_read_mem                          
00001b81  mpu_reset_fifo                        
0000446d  mpu_set_accel_fsr                     
00002751  mpu_set_bypass                        
00004d49  mpu_set_dmp_state                     
00004a45  mpu_set_gyro_fsr                      
000051fd  mpu_set_int_latched                   
000048b1  mpu_set_lpf                           
0000429d  mpu_set_sample_rate                   
000037e1  mpu_set_sensors                       
00004f5d  mpu_write_mem                         
00007411  mspm0_delay_ms                        
00007579  mspm0_get_clock_ms                    
00003445  mspm0_i2c_read                        
00004b09  mspm0_i2c_write                       
00003579  mspm0_xj_i2c_read                     
20200794  nextway                               
202005a0  pitch                                 
00006371  printf                                
20200578  quat                                  
00009388  reg                                   
202005a4  roll                                  
0000462d  scalbn                                
0000462d  scalbnl                               
202005a8  sensor_timestamp                      
202005ba  sensors                               
00002d85  sqrt                                  
00002d85  sqrtl                                 
202005ac  start_time                            
00008295  strchr                                
0000788b  strncmp                               
000072ed  strstr                                
00000a91  strtod                                
00000a91  strtold                               
00009360  test                                  
202005b0  tick_ms                               
00006d3d  u8g2Init                              
0000746f  u8g2_ClearBuffer                      
000076ed  u8g2_ClearDisplay                     
000077af  u8g2_FirstPage                        
00005fb5  u8g2_IsIntersection                   
00005da9  u8g2_NextPage                         
000077d5  u8g2_SetBufferCurrTileRow             
000082a9  u8g2_SetFontPosBaseline               
000071b9  u8g2_SetMaxClipWindow                 
00005a25  u8g2_SetupBuffer                      
00006a9d  u8g2_Setup_ssd1306_i2c_128x64_noname_f
00009404  u8g2_cb_r0                            
00006dbb  u8g2_draw_hv_line_2dir                
000071ed  u8g2_draw_l90_r0                      
00008449  u8g2_font_calc_vref_font              
000053c7  u8g2_is_intersection_decision_tree    
0000305d  u8g2_ll_hvline_vertical_top_lsb       
000082bd  u8g2_m_16_8_f                         
00008349  u8g2_update_dimension_r0              
00007049  u8g2_update_page_win_r0               
00007221  u8x8_DrawTile                         
00008015  u8x8_InitDisplay                      
0000802b  u8x8_RefreshDisplay                   
00007971  u8x8_SetPowerSave                     
0000707f  u8x8_Setup                            
00006c39  u8x8_SetupDefaults                    
00008041  u8x8_SetupMemory                      
00008057  u8x8_byte_EndTransfer                 
0000806d  u8x8_byte_SendByte                    
000078ad  u8x8_byte_SendBytes                   
00008083  u8x8_byte_StartTransfer               
00004bcd  u8x8_byte_sw_i2c                      
00008099  u8x8_cad_EndTransfer                  
00007991  u8x8_cad_SendArg                      
000079b1  u8x8_cad_SendCmd                      
000078cf  u8x8_cad_SendData                     
000050b5  u8x8_cad_SendSequence                 
000080af  u8x8_cad_StartTransfer                
000036ad  u8x8_cad_ssd13xx_fast_i2c             
00005e15  u8x8_d_helper_display_init            
00007beb  u8x8_d_helper_display_setup_memory    
00005929  u8x8_d_ssd1306_128x64_noname          
000080c5  u8x8_dummy_cb                         
00002581  u8x8_gpio_and_delay                   
000077fb  u8x8_gpio_call                        
000075a5  uart0_send_char                       
000075d1  uart1_send_char                       
20200798  uart_data                             
00008359  wcslen                                
202005b4  yaw                                   


GLOBAL SYMBOLS: SORTED BY Symbol Address 

address   name                                  
-------   ----                                  
00000000  __TI_ATRegion0_region_sz              
00000000  __TI_ATRegion0_src_addr               
00000000  __TI_ATRegion0_trg_addr               
00000000  __TI_ATRegion1_region_sz              
00000000  __TI_ATRegion1_src_addr               
00000000  __TI_ATRegion1_trg_addr               
00000000  __TI_ATRegion2_region_sz              
00000000  __TI_ATRegion2_src_addr               
00000000  __TI_ATRegion2_trg_addr               
00000000  __TI_static_base__                    
00000000  interruptVectors                      
000000c1  __TI_printfi                          
00000200  __STACK_SIZE                          
00000a91  strtod                                
00000a91  strtold                               
00000e49  asin                                  
00000e49  asinl                                 
000011ad  atan                                  
000011ad  atanl                                 
000014a5  dmp_enable_feature                    
0000171d  dmp_set_tap_thresh                    
00001955  Read_Quad                             
00001b81  mpu_reset_fifo                        
00001fcd  dmp_read_fifo                         
000021c1  SYSCFG_DL_GPIO_init                   
00002581  u8x8_gpio_and_delay                   
00002751  mpu_set_bypass                        
000028f1  __aeabi_dsub                          
000028f1  __subdf3                              
000028fb  __adddf3                              
000028fb  __aeabi_dadd                          
00002a83  __aeabi_idiv0                         
00002a85  atan2                                 
00002a85  atan2l                                
00002c0d  dmp_set_orientation                   
00002d85  sqrt                                  
00002d85  sqrtl                                 
0000305d  u8g2_ll_hvline_vertical_top_lsb       
000031c1  MPU6050_Init                          
00003445  mspm0_i2c_read                        
00003579  mspm0_xj_i2c_read                     
000036ad  u8x8_cad_ssd13xx_fast_i2c             
000037e1  mpu_set_sensors                       
00003911  mpu_init                              
00003a39  mpu_load_firmware                     
00003d99  __aeabi_ddiv                          
00003d99  __divdf3                              
00003ea5  mpu_read_fifo_stream                  
00003fad  DL_Timer_initFourCCPWMMode            
000040b1  mpu_lp_accel_mode                     
000041b1  GROUP1_IRQHandler                     
0000429d  mpu_set_sample_rate                   
00004389  __aeabi_dmul                          
00004389  __muldf3                              
0000446d  mpu_set_accel_fsr                     
00004551  DL_SYSCTL_configSYSPLL                
0000462d  ldexp                                 
0000462d  ldexpl                                
0000462d  scalbn                                
0000462d  scalbnl                               
00004705  __aeabi_fsub                          
00004705  __subsf3                              
0000470f  __addsf3                              
0000470f  __aeabi_fadd                          
000048b1  mpu_set_lpf                           
00004981  SYSCFG_DL_initPower                   
00004a45  mpu_set_gyro_fsr                      
00004b09  mspm0_i2c_write                       
00004bcd  u8x8_byte_sw_i2c                      
00004c8d  mpu_configure_fifo                    
00004d49  mpu_set_dmp_state                     
00004eaf  __aeabi_ldiv0                         
00004eb1  mpu_read_mem                          
00004f5d  mpu_write_mem                         
000050b5  u8x8_cad_SendSequence                 
00005159  __udivmoddi4                          
000051fb  _nop                                  
000051fd  mpu_set_int_latched                   
00005299  dmp_set_fifo_rate                     
000053c7  u8g2_is_intersection_decision_tree    
000054e9  __aeabi_fmul                          
000054e9  __mulsf3                              
0000568d  UART0_IRQHandler                      
00005715  UART1_IRQHandler                      
000058a5  __aeabi_fdiv                          
000058a5  __divsf3                              
00005929  u8x8_d_ssd1306_128x64_noname          
000059a9  __TI_decompress_lzss                  
00005a25  u8g2_SetupBuffer                      
00005a9d  __gedf2                               
00005a9d  __gtdf2                               
00005b11  __aeabi_d2f                           
00005b11  __truncdfsf2                          
00005b85  mpu_get_accel_fsr                     
00005bf9  SYSCFG_DL_PWM_L1_init                 
00005c65  SYSCFG_DL_PWM_L2_init                 
00005cd1  SYSCFG_DL_PWM_R1_init                 
00005d3d  SYSCFG_DL_PWM_R2_init                 
00005da9  u8g2_NextPage                         
00005e15  u8x8_d_helper_display_init            
00005e81  __cmpdf2                              
00005e81  __eqdf2                               
00005e81  __ledf2                               
00005e81  __ltdf2                               
00005e81  __nedf2                               
00005f4f  dmp_set_tap_axes                      
00005fb5  u8g2_IsIntersection                   
00006019  __aeabi_dcmpeq                        
0000602d  __aeabi_dcmplt                        
00006041  __aeabi_dcmple                        
00006055  __aeabi_dcmpge                        
00006069  __aeabi_dcmpgt                        
0000607d  dmp_enable_gyro_cal                   
000060dd  motor_xj_i2c_sda_unlock               
0000613d  mpu6050_i2c_sda_unlock                
0000619d  mpu_get_gyro_fsr                      
000061fd  DL_I2C_fillControllerTXFIFO           
0000625d  frexp                                 
0000625d  frexpl                                
00006371  printf                                
000063cd  SYSCFG_DL_I2C_BUS_init                
00006425  SYSCFG_DL_I2C_MPU6050_init            
0000647d  __TI_ltoa                             
0000652d  __aeabi_idiv                          
0000652d  __aeabi_idivmod                       
00006585  main                                  
00006771  fputs                                 
0000680d  SYSCFG_DL_SYSCTL_init                 
00006859  __aeabi_d2iz                          
00006859  __fixdfsi                             
000068ed  DL_UART_init                          
00006935  SYSCFG_DL_UART_0_init                 
0000697d  SYSCFG_DL_UART_1_init                 
000069c5  dmp_enable_6x_lp_quat                 
00006a0d  dmp_enable_lp_quat                    
00006a9d  u8g2_Setup_ssd1306_i2c_128x64_noname_f
00006ae5  DL_SYSCTL_switchMCLKfromSYSOSCtoHSCLK 
00006b29  SYSCFG_DL_init                        
00006b6d  dmp_set_shake_reject_thresh           
00006bb1  dmp_set_tap_count                     
00006c39  u8x8_SetupDefaults                    
00006c7d  __aeabi_uidiv                         
00006c7d  __aeabi_uidivmod                      
00006cbd  __aeabi_f2d                           
00006cbd  __extendsfdf2                         
00006cfd  atoi                                  
00006d3d  u8g2Init                              
00006dbb  u8g2_draw_hv_line_2dir                
00006ead  DL_I2C_flushControllerTXFIFO          
00006f25  __aeabi_i2f                           
00006f25  __floatsisf                           
00006f61  __TI_auto_init_nobinit_nopinit        
00006f9d  __muldsi3                             
00006fd9  __aeabi_f2iz                          
00006fd9  __fixsfsi                             
00007049  u8g2_update_page_win_r0               
0000707f  u8x8_Setup                            
00007151  MSPM0_Init                            
00007185  mpu_get_sample_rate                   
000071b9  u8g2_SetMaxClipWindow                 
000071ed  u8g2_draw_l90_r0                      
00007221  u8x8_DrawTile                         
00007289  dmp_set_shake_reject_time             
000072bb  dmp_set_shake_reject_timeout          
000072ed  strstr                                
00007321  UART_Init                             
00007381  dmp_set_tap_time                      
000073b1  dmp_set_tap_time_multi                
00007411  mspm0_delay_ms                        
0000746f  u8g2_ClearBuffer                      
00007521  __aeabi_i2d                           
00007521  __floatsidf                           
0000754d  fputc                                 
00007579  mspm0_get_clock_ms                    
000075a5  uart0_send_char                       
000075d1  uart1_send_char                       
000076c5  __aeabi_ui2f                          
000076c5  __floatunsisf                         
000076ed  u8g2_ClearDisplay                     
00007715  _c_int00_noargs                       
00007763  DL_I2C_setClockConfig                 
000077af  u8g2_FirstPage                        
000077d5  u8g2_SetBufferCurrTileRow             
000077fb  u8x8_gpio_call                        
00007821  GPIO_Init                             
00007845  __aeabi_lmul                          
00007845  __muldi3                              
00007869  memccpy                               
0000788b  strncmp                               
000078ad  u8x8_byte_SendBytes                   
000078cf  u8x8_cad_SendData                     
00007951  memcmp                                
00007971  u8x8_SetPowerSave                     
00007991  u8x8_cad_SendArg                      
000079b1  u8x8_cad_SendCmd                      
000079f1  __aeabi_llsl                          
000079f1  __ashldi3                             
00007b61  DL_Timer_setCaptCompUpdateMethod      
00007b7d  DL_Timer_setClockConfig               
00007bb5  dmp_load_motion_driver_firmware       
00007beb  u8x8_d_helper_display_setup_memory    
00007eed  DL_Timer_setCaptureCompareOutCtl      
00007f4d  SysTick_Init                          
00008015  u8x8_InitDisplay                      
0000802b  u8x8_RefreshDisplay                   
00008041  u8x8_SetupMemory                      
00008057  u8x8_byte_EndTransfer                 
0000806d  u8x8_byte_SendByte                    
00008083  u8x8_byte_StartTransfer               
00008099  u8x8_cad_EndTransfer                  
000080af  u8x8_cad_StartTransfer                
000080c5  u8x8_dummy_cb                         
00008209  __aeabi_uldivmod                      
0000821d  dmp_register_android_orient_cb        
00008231  dmp_register_tap_cb                   
00008295  strchr                                
000082a9  u8g2_SetFontPosBaseline               
000082bd  u8g2_m_16_8_f                         
000082e3  DL_UART_setClockConfig                
000082f5  TI_memcpy_small                       
00008307  __TI_decompress_none                  
00008329  DL_Timer_setCaptureCompareValue       
00008339  SysTick_Handler                       
00008349  u8g2_update_dimension_r0              
00008359  wcslen                                
00008369  __TI_zero_init                        
00008379  __aeabi_memset                        
00008379  __aeabi_memset4                       
00008379  __aeabi_memset8                       
000083a3  TI_memset_small                       
000083b1  __aeabi_memclr                        
000083b1  __aeabi_memclr4                       
000083b1  __aeabi_memclr8                       
000083bd  DL_Common_delayCycles                 
0000843f  atof                                  
00008449  u8g2_font_calc_vref_font              
0000847d  __aeabi_errno_addr                    
00008485  __aeabi_memcpy                        
00008485  __aeabi_memcpy4                       
00008485  __aeabi_memcpy8                       
000084bb  abort                                 
000084c1  ADC0_IRQHandler                       
000084c1  ADC1_IRQHandler                       
000084c1  AES_IRQHandler                        
000084c1  CANFD0_IRQHandler                     
000084c1  DAC0_IRQHandler                       
000084c1  DMA_IRQHandler                        
000084c1  Default_Handler                       
000084c1  GROUP0_IRQHandler                     
000084c1  HardFault_Handler                     
000084c1  I2C0_IRQHandler                       
000084c1  I2C1_IRQHandler                       
000084c1  NMI_Handler                           
000084c1  PendSV_Handler                        
000084c1  RTC_IRQHandler                        
000084c1  SPI0_IRQHandler                       
000084c1  SPI1_IRQHandler                       
000084c1  SVC_Handler                           
000084c1  TIMA0_IRQHandler                      
000084c1  TIMA1_IRQHandler                      
000084c1  TIMG0_IRQHandler                      
000084c1  TIMG12_IRQHandler                     
000084c1  TIMG6_IRQHandler                      
000084c1  TIMG7_IRQHandler                      
000084c1  TIMG8_IRQHandler                      
000084c1  UART2_IRQHandler                      
000084c1  UART3_IRQHandler                      
000084c4  C$$EXIT                               
000084c5  HOSTexit                              
000084cd  Reset_Handler                         
000084e1  _system_pre_init                      
000090f0  __aeabi_ctype_table_                  
000090f0  __aeabi_ctype_table_C                 
00009360  test                                  
00009388  reg                                   
000093f6  hw                                    
00009404  u8g2_cb_r0                            
000094c4  __TI_Handler_Table_Base               
000094d0  __TI_Handler_Table_Limit              
000094d8  __TI_CINIT_Base                       
000094e8  __TI_CINIT_Limit                      
000094e8  __TI_CINIT_Warm                       
20200000  __start___llvm_prf_bits               
20200000  __start___llvm_prf_cnts               
20200000  __stop___llvm_prf_bits                
20200000  __stop___llvm_prf_cnts                
20200400  gPWM_L2Backup                         
202004bc  gPWM_R2Backup                         
20200578  quat                                  
20200588  accel                                 
2020058e  gyro                                  
20200594  D                                     
20200598  I                                     
2020059c  P                                     
202005a0  pitch                                 
202005a4  roll                                  
202005a8  sensor_timestamp                      
202005ac  start_time                            
202005b0  tick_ms                               
202005b4  yaw                                   
202005b8  get                                   
202005ba  sensors                               
202005bc  more                                  
202005c0  _ftable                               
20200784  __aeabi_errno                         
20200788  _lock                                 
2020078c  _unlock                               
20200794  nextway                               
20200798  uart_data                             
20207e00  __stack                               
20208000  __STACK_END                           
ffffffff  __TI_pprof_out_hndl                   
ffffffff  __TI_prof_data_size                   
ffffffff  __TI_prof_data_start                  
ffffffff  __binit__                             
ffffffff  binit                                 
UNDEFED   __mpu_init                            
UNDEFED   _system_post_cinit                    

[318 symbols]
