******************************************************************************
            TI ARM Clang Linker PC v4.0.3                      
******************************************************************************
>> Linked Tue Nov 18 23:21:30 2025

OUTPUT FILE NAME:   <car2025_11_16.out>
ENTRY POINT SYMBOL: "_c_int00_noargs"  address: 00008ced


MEMORY CONFIGURATION

         name            origin    length      used     unused   attr    fill
----------------------  --------  ---------  --------  --------  ----  --------
  FLASH                 00000000   00020000  0000b2f8  00014d08  R  X
  SRAM                  20200000   00008000  00000a52  000075ae  RW X
  BCR_CONFIG            41c00000   000000ff  00000000  000000ff  R   
  BSL_CONFIG            41c00100   00000080  00000000  00000080  R   


SEGMENT ALLOCATION MAP

run origin  load origin   length   init length attrs members
----------  ----------- ---------- ----------- ----- -------
00000000    00000000    0000b2f8   0000b2f8    r-x
  00000000    00000000    000000c0   000000c0    r-- .intvecs
  000000c0    000000c0    00009990   00009990    r-x .text
  00009a50    00009a50    00001760   00001760    r-- .rodata
  0000b1b0    0000b1b0    00000148   00000148    r-- .cinit
20200000    20200000    00000853   00000000    rw-
  20200000    20200000    000005ab   00000000    rw- .bss
  202005ac    202005ac    000002a7   00000000    rw- .data
20207e00    20207e00    00000200   00000000    rw-
  20207e00    20207e00    00000200   00000000    rw- .stack


SECTION ALLOCATION MAP

 output                                  attributes/
section   page    origin      length       input sections
--------  ----  ----------  ----------   ----------------
.intvecs   0    00000000    000000c0     
                  00000000    000000c0     startup_mspm0g350x_ticlang.o (.intvecs)

.text      0    000000c0    00009990     
                  000000c0    000009d0     libc.a : _printfi.c.obj (.text:__TI_printfi)
                  00000a90    000007f8     draw.o (.text.HOME_directory)
                  00001288    00000364     libc.a : e_asin.c.obj (.text.asin)
                  000015ec    000002f8            : s_atan.c.obj (.text.atan)
                  000018e4    00000278     inv_mpu_dmp_motion_driver.o (.text.dmp_enable_feature)
                  00001b5c    0000023c     u8g2_font.o (.text.u8g2_font_decode_glyph)
                  00001d98    00000238     inv_mpu_dmp_motion_driver.o (.text.dmp_set_tap_thresh)
                  00001fd0    0000022c     mpu6050.o (.text.Read_Quad)
                  000021fc    0000022c     inv_mpu.o (.text.mpu_reset_fifo)
                  00002428    00000228     ti_msp_dl_config.o (.text.SYSCFG_DL_GPIO_init)
                  00002650    00000220     libc.a : _printfi.c.obj (.text._pconv_a)
                  00002870    000001f4     inv_mpu_dmp_motion_driver.o (.text.dmp_read_fifo)
                  00002a64    000001dc     libc.a : _printfi.c.obj (.text._pconv_g)
                  00002c40    000001cc     oled.o (.text.u8x8_gpio_and_delay)
                  00002e0c    000001a0     inv_mpu.o (.text.mpu_set_bypass)
                  00002fac    00000192     libclang_rt.builtins.a : adddf3.S.obj (.text.adddf3_subdf3)
                  0000313e    00000002                            : aeabi_div0.c.obj (.text.__aeabi_idiv0)
                  00003140    00000188     libc.a : e_atan2.c.obj (.text.atan2)
                  000032c8    00000178     inv_mpu_dmp_motion_driver.o (.text.dmp_set_orientation)
                  00003440    00000170     draw.o (.text.Calibration_waiting)
                  000035b0    00000170     libc.a : e_sqrt.c.obj (.text.sqrt)
                  00003720    00000168     u8x8_d_ssd1306_128x64_noname.o (.text.u8x8_d_ssd1306_sh1106_generic)
                  00003888    00000164     u8g2_ll_hvline.o (.text.u8g2_ll_hvline_vertical_top_lsb)
                  000039ec    00000158     interrupt.o (.text.GROUP1_IRQHandler)
                  00003b44    00000148     draw.o (.text.zb_control)
                  00003c8c    00000144     mpu6050.o (.text.MPU6050_Init)
                  00003dd0    00000142     u8g2_font.o (.text.u8g2_font_decode_len)
                  00003f12    00000002     libclang_rt.builtins.a : aeabi_div0.c.obj (.text.__aeabi_ldiv0)
                  00003f14    0000013c     libc.a : _printfi.c.obj (.text.fcvt)
                  00004050    0000013c     u8x8_8x8.o (.text.u8x8_utf8_next)
                  0000418c    00000134     mspm0_i2c.o (.text.mspm0_i2c_read)
                  000042c0    00000134     u8x8_cad.o (.text.u8x8_cad_ssd13xx_fast_i2c)
                  000043f4    00000130     inv_mpu.o (.text.mpu_set_sensors)
                  00004524    0000012a     u8g2_hvline.o (.text.u8g2_DrawHVLine)
                  0000464e    00000002     libc.a : _lock.c.obj (.text._nop)
                  00004650    00000128     inv_mpu.o (.text.mpu_init)
                  00004778    00000124     inv_mpu.o (.text.mpu_load_firmware)
                  0000489c    00000120     libc.a : _printfi.c.obj (.text._pconv_e)
                  000049bc    00000116     u8g2_font.o (.text.u8g2_font_get_glyph_data)
                  00004ad2    00000002     --HOLE-- [fill = 0]
                  00004ad4    0000010c     libclang_rt.builtins.a : divdf3.S.obj (.text.__divdf3)
                  00004be0    00000108     inv_mpu.o (.text.mpu_read_fifo_stream)
                  00004ce8    00000104     driverlib.a : dl_timer.o (.text.DL_Timer_initFourCCPWMMode)
                  00004dec    00000100     inv_mpu.o (.text.mpu_lp_accel_mode)
                  00004eec    000000fc     u8g2_font.o (.text.u8g2_read_font_info)
                  00004fe8    000000ec     inv_mpu.o (.text.mpu_set_sample_rate)
                  000050d4    000000e8     driverlib.a : dl_timer.o (.text.DL_Timer_initTimerMode)
                  000051bc    000000e4     libclang_rt.builtins.a : muldf3.S.obj (.text.__muldf3)
                  000052a0    000000e4     inv_mpu.o (.text.mpu_set_accel_fsr)
                  00005384    000000dc     driverlib.a : dl_sysctl_mspm0g1x0x_g3x0x.o (.text.DL_SYSCTL_configSYSPLL)
                  00005460    000000d8     libc.a : s_scalbn.c.obj (.text.scalbn)
                  00005538    000000d8     u8g2_font.o (.text.u8g2_draw_string)
                  00005610    000000d8     libclang_rt.builtins.a : addsf3.S.obj (.text)
                  000056e8    000000d6     u8g2_hvline.o (.text.u8g2_clip_intersection2)
                  000057be    00000002     --HOLE-- [fill = 0]
                  000057c0    000000d4     inv_mpu.o (.text.set_int_enable)
                  00005894    000000d0     draw.o (.text.CAR_control)
                  00005964    000000d0     inv_mpu.o (.text.mpu_set_lpf)
                  00005a34    000000c6     u8g2_font.o (.text.u8g2_UpdateRefHeight)
                  00005afa    00000002     --HOLE-- [fill = 0]
                  00005afc    000000c4     ti_msp_dl_config.o (.text.SYSCFG_DL_initPower)
                  00005bc0    000000c4     inv_mpu.o (.text.mpu_set_gyro_fsr)
                  00005c84    000000c4     mspm0_i2c.o (.text.mspm0_i2c_write)
                  00005d48    000000c0     draw.o (.text.PID_control)
                  00005e08    000000c0     u8x8_byte.o (.text.u8x8_byte_sw_i2c)
                  00005ec8    000000bc     inv_mpu.o (.text.mpu_configure_fifo)
                  00005f84    000000b8     inv_mpu.o (.text.mpu_set_dmp_state)
                  0000603c    000000ae     u8g2_setup.o (.text.u8g2_update_dimension_common)
                  000060ea    00000002     --HOLE-- [fill = 0]
                  000060ec    000000ac     inv_mpu.o (.text.mpu_read_mem)
                  00006198    000000ac     inv_mpu.o (.text.mpu_write_mem)
                  00006244    000000ac     u8g2_setup.o (.text.u8g2_apply_clip_window)
                  000062f0    000000a4     u8x8_cad.o (.text.u8x8_cad_SendSequence)
                  00006394    000000a2     libclang_rt.builtins.a : udivmoddi4.S.obj (.text)
                  00006436    00000002     --HOLE-- [fill = 0]
                  00006438    0000009c     inv_mpu.o (.text.mpu_set_int_latched)
                  000064d4    0000009c     draw.o (.text.quanshukongzi)
                  00006570    00000098     inv_mpu_dmp_motion_driver.o (.text.dmp_set_fifo_rate)
                  00006608    00000096     mpu6050.o (.text.inv_row_2_scale)
                  0000669e    00000002     --HOLE-- [fill = 0]
                  000066a0    00000096     u8g2_font.o (.text.u8g2_DrawGlyph)
                  00006736    00000094     u8g2_intersection.o (.text.u8g2_is_intersection_decision_tree)
                  000067ca    0000008e     u8g2_buffer.o (.text.u8g2_send_buffer)
                  00006858    0000008c     libclang_rt.builtins.a : mulsf3.S.obj (.text.__mulsf3)
                  000068e4    0000008c     inv_mpu_dmp_motion_driver.o (.text.decode_gesture)
                  00006970    0000008a     u8x8_byte.o (.text.i2c_write_byte)
                  000069fa    00000002     --HOLE-- [fill = 0]
                  000069fc    00000088     draw.o (.text.other_control)
                  00006a84    00000088     u8g2_font.o (.text.u8g2_font_decode_get_unsigned_bits)
                  00006b0c    00000084     clock.o (.text.__NVIC_SetPriority)
                  00006b90    00000084     ti_msp_dl_config.o (.text.__NVIC_SetPriority)
                  00006c14    00000082     libclang_rt.builtins.a : divsf3.S.obj (.text.__divsf3)
                  00006c96    00000002     --HOLE-- [fill = 0]
                  00006c98    00000080     u8x8_d_ssd1306_128x64_noname.o (.text.u8x8_d_ssd1306_128x64_noname)
                  00006d18    0000007c     libc.a : copy_decompress_lzss.c.obj (.text:decompress:lzss)
                  00006d94    00000078     u8g2_box.o (.text.u8g2_DrawBox)
                  00006e0c    00000078     u8g2_setup.o (.text.u8g2_SetupBuffer)
                  00006e84    00000076     u8g2_font.o (.text.u8g2_add_vector_x)
                  00006efa    00000076     u8g2_font.o (.text.u8g2_add_vector_y)
                  00006f70    00000074     libclang_rt.builtins.a : comparedf2.c.obj (.text.__gedf2)
                  00006fe4    0000000c                            : aeabi_memset.S.obj (.text.__aeabi_memclr)
                  00006ff0    00000074                            : truncdfsf2.S.obj (.text.__truncdfsf2)
                  00007064    00000074     inv_mpu.o (.text.mpu_get_accel_fsr)
                  000070d8    0000006c     ti_msp_dl_config.o (.text.SYSCFG_DL_PWMB_init)
                  00007144    0000006c     ti_msp_dl_config.o (.text.SYSCFG_DL_PWMC_init)
                  000071b0    0000006c     ti_msp_dl_config.o (.text.SYSCFG_DL_PWMD_init)
                  0000721c    0000006c     main.o (.text.main)
                  00007288    0000006c     u8g2_buffer.o (.text.u8g2_NextPage)
                  000072f4    0000006c     u8x8_display.o (.text.u8x8_d_helper_display_init)
                  00007360    00000068     ti_msp_dl_config.o (.text.SYSCFG_DL_PWMA_init)
                  000073c8    00000068     libclang_rt.builtins.a : comparedf2.c.obj (.text.__ledf2)
                  00007430    00000068     draw.o (.text.xianshuc)
                  00007498    00000066     libc.a : _printfi.c.obj (.text._mcpy)
                  000074fe    00000066     inv_mpu_dmp_motion_driver.o (.text.dmp_set_tap_axes)
                  00007564    00000064     mspm0_i2c.o (.text.mpu6050_i2c_sda_unlock)
                  000075c8    00000064     u8g2_intersection.o (.text.u8g2_IsIntersection)
                  0000762c    00000062     libclang_rt.builtins.a : aeabi_dcmp.S.obj (.text.__aeabi_dcmp)
                  0000768e    00000002     --HOLE-- [fill = 0]
                  00007690    00000060     inv_mpu_dmp_motion_driver.o (.text.dmp_enable_gyro_cal)
                  000076f0    00000060     inv_mpu.o (.text.mpu_get_gyro_fsr)
                  00007750    0000005e     driverlib.a : dl_i2c.o (.text.DL_I2C_fillControllerTXFIFO)
                  000077ae    00000002     --HOLE-- [fill = 0]
                  000077b0    0000005c     libc.a : s_frexp.c.obj (.text.frexp)
                  0000780c    0000005c     mspm0_i2c.o (.text.mspm0_i2c_enable)
                  00007868    0000005c     libc.a : printf.c.obj (.text.printf)
                  000078c4    00000058     ti_msp_dl_config.o (.text.SYSCFG_DL_I2C_BUS_init)
                  0000791c    00000058     ti_msp_dl_config.o (.text.SYSCFG_DL_I2C_MPU6050_init)
                  00007974    00000058     libc.a : _ltoa.c.obj (.text.__TI_ltoa)
                  000079cc    00000058            : _printfi.c.obj (.text._pconv_f)
                  00007a24    00000056     libclang_rt.builtins.a : aeabi_idivmod.S.obj (.text.__aeabi_idivmod)
                  00007a7a    00000054     u8g2_buffer.o (.text.u8g2_send_tile_row)
                  00007ace    00000052     libc.a : _printfi.c.obj (.text._ecpy)
                  00007b20    00000052     u8g2_font.o (.text.u8g2_font_setup_decode)
                  00007b72    00000002     --HOLE-- [fill = 0]
                  00007b74    00000050     mspm0_i2c.o (.text.DL_I2C_startControllerTransfer)
                  00007bc4    00000050     clock.o (.text.SysTick_Config)
                  00007c14    00000050     uart.o (.text.fputs)
                  00007c64    00000050     u8g2_font.o (.text.u8g2_font_draw_glyph)
                  00007cb4    0000004c     ti_msp_dl_config.o (.text.DL_UART_setBaudRateDivisor)
                  00007d00    0000004c     ti_msp_dl_config.o (.text.SYSCFG_DL_SYSCTL_init)
                  00007d4c    0000004a     libclang_rt.builtins.a : fixdfsi.S.obj (.text.__fixdfsi)
                  00007d96    0000004a     u8x8_byte.o (.text.i2c_start)
                  00007de0    00000048     driverlib.a : dl_uart.o (.text.DL_UART_init)
                  00007e28    00000048     ti_msp_dl_config.o (.text.SYSCFG_DL_UART_0_init)
                  00007e70    00000048     inv_mpu_dmp_motion_driver.o (.text.dmp_enable_6x_lp_quat)
                  00007eb8    00000048     inv_mpu_dmp_motion_driver.o (.text.dmp_enable_lp_quat)
                  00007f00    00000048     mspm0_i2c.o (.text.mspm0_i2c_disable)
                  00007f48    00000048     u8g2_d_setup.o (.text.u8g2_Setup_ssd1306_i2c_128x64_noname_f)
                  00007f90    00000046     u8g2_font.o (.text.u8g2_font_decode_get_signed_bits)
                  00007fd6    00000002     --HOLE-- [fill = 0]
                  00007fd8    00000044     driverlib.a : dl_sysctl_mspm0g1x0x_g3x0x.o (.text.DL_SYSCTL_switchMCLKfromSYSOSCtoHSCLK)
                  0000801c    00000044     ti_msp_dl_config.o (.text.SYSCFG_DL_init)
                  00008060    00000044     inv_mpu_dmp_motion_driver.o (.text.dmp_set_shake_reject_thresh)
                  000080a4    00000044     inv_mpu_dmp_motion_driver.o (.text.dmp_set_tap_count)
                  000080e8    00000044     u8x8_setup.o (.text.u8x8_SetupDefaults)
                  0000812c    00000040     libclang_rt.builtins.a : aeabi_uidivmod.S.obj (.text.__aeabi_uidivmod)
                  0000816c    00000040                            : extendsfdf2.S.obj (.text.__extendsfdf2)
                  000081ac    00000040     libc.a : atoi.c.obj (.text.atoi)
                  000081ec    00000040     oled.o (.text.u8g2Init)
                  0000822c    0000003e     mpu6050.o (.text.inv_orientation_matrix_to_scalar)
                  0000826a    0000003e     u8g2_hvline.o (.text.u8g2_draw_hv_line_2dir)
                  000082a8    0000003c     mspm0_i2c.o (.text.DL_GPIO_initPeripheralInputFunctionFeatures)
                  000082e4    0000003c     ti_msp_dl_config.o (.text.DL_GPIO_initPeripheralInputFunctionFeatures)
                  00008320    0000003c     driverlib.a : dl_i2c.o (.text.DL_I2C_flushControllerTXFIFO)
                  0000835c    0000003c     ti_msp_dl_config.o (.text.DL_Timer_setCounterControl)
                  00008398    0000003c     ti_msp_dl_config.o (.text.SYSCFG_DL_TIMER_TICK_init)
                  000083d4    0000003c     libclang_rt.builtins.a : floatsisf.S.obj (.text.__floatsisf)
                  00008410    0000003c     libc.a : autoinit.c.obj (.text:__TI_auto_init_nobinit_nopinit)
                  0000844c    0000003a     libclang_rt.builtins.a : muldsi3.S.obj (.text.__muldsi3)
                  00008486    00000002     --HOLE-- [fill = 0]
                  00008488    00000038                            : fixsfsi.S.obj (.text.__fixsfsi)
                  000084c0    00000038     u8x8_byte.o (.text.i2c_write_bit)
                  000084f8    00000038     libc.a : sprintf.c.obj (.text.sprintf)
                  00008530    00000036     u8g2_setup.o (.text.u8g2_update_page_win_r0)
                  00008566    00000036     u8x8_setup.o (.text.u8x8_Setup)
                  0000859c    00000034     mspm0_i2c.o (.text.DL_GPIO_initDigitalInputFeatures)
                  000085d0    00000034     ti_msp_dl_config.o (.text.DL_GPIO_initDigitalInputFeatures)
                  00008604    00000034     clock.o (.text.SysTick_Init)
                  00008638    00000034     inv_mpu.o (.text.mpu_get_sample_rate)
                  0000866c    00000034     u8g2_font.o (.text.u8g2_DrawUTF8)
                  000086a0    00000034     u8g2_setup.o (.text.u8g2_SetMaxClipWindow)
                  000086d4    00000034     u8g2_setup.o (.text.u8g2_draw_l90_r0)
                  00008708    00000034     u8g2_font.o (.text.u8g2_font_get_word)
                  0000873c    00000034     u8x8_display.o (.text.u8x8_DrawTile)
                  00008770    00000034     u8x8_cad.o (.text.u8x8_i2c_data_transfer)
                  000087a4    00000032     main.o (.text.MSPM0_Init)
                  000087d6    00000032     inv_mpu_dmp_motion_driver.o (.text.dmp_set_shake_reject_time)
                  00008808    00000032     inv_mpu_dmp_motion_driver.o (.text.dmp_set_shake_reject_timeout)
                  0000883a    00000002     --HOLE-- [fill = 0]
                  0000883c    00000030     interrupt.o (.text.TIMG0_IRQHandler)
                  0000886c    00000030     uart.o (.text.UART0_IRQHandler)
                  0000889c    00000030     libc.a : _printfi.c.obj (.text._fcpy)
                  000088cc    00000030     inv_mpu_dmp_motion_driver.o (.text.dmp_set_tap_time)
                  000088fc    00000030     inv_mpu_dmp_motion_driver.o (.text.dmp_set_tap_time_multi)
                  0000892c    00000030     u8x8_byte.o (.text.i2c_stop)
                  0000895c    00000030     clock.o (.text.mspm0_delay_ms)
                  0000898c    00000030     u8g2_font.o (.text.u8g2_SetFont)
                  000089bc    0000002e     u8x8_byte.o (.text.i2c_read_bit)
                  000089ea    0000002e     u8g2_buffer.o (.text.u8g2_ClearBuffer)
                  00008a18    0000002c     draw.o (.text.DIRECTORY_control)
                  00008a44    0000002c     clock.o (.text.__NVIC_ClearPendingIRQ)
                  00008a70    0000002c     main.o (.text.__NVIC_ClearPendingIRQ)
                  00008a9c    0000002c     uart.o (.text.__NVIC_ClearPendingIRQ)
                  00008ac8    0000002c     clock.o (.text.__NVIC_EnableIRQ)
                  00008af4    0000002c     main.o (.text.__NVIC_EnableIRQ)
                  00008b20    0000002c     uart.o (.text.__NVIC_EnableIRQ)
                  00008b4c    0000002c     libclang_rt.builtins.a : floatsidf.S.obj (.text.__floatsidf)
                  00008b78    0000002c     uart.o (.text.fputc)
                  00008ba4    0000002c     clock.o (.text.mspm0_get_clock_ms)
                  00008bd0    0000002c     uart.o (.text.uart0_send_char)
                  00008bfc    00000028     mspm0_i2c.o (.text.DL_Common_updateReg)
                  00008c24    00000028     ti_msp_dl_config.o (.text.DL_Common_updateReg)
                  00008c4c    00000028     ti_msp_dl_config.o (.text.DL_I2C_setControllerRXFIFOThreshold)
                  00008c74    00000028     ti_msp_dl_config.o (.text.DL_I2C_setControllerTXFIFOThreshold)
                  00008c9c    00000028     libclang_rt.builtins.a : floatunsisf.S.obj (.text.__floatunsisf)
                  00008cc4    00000028     u8g2_cleardisplay.o (.text.u8g2_ClearDisplay)
                  00008cec    00000028     libc.a : boot_cortex_m.c.obj (.text:_c_int00_noargs)
                  00008d14    00000026     ti_msp_dl_config.o (.text.DL_I2C_setAnalogGlitchFilterPulseWidth)
                  00008d3a    00000026     driverlib.a : dl_i2c.o (.text.DL_I2C_setClockConfig)
                  00008d60    00000026     u8x8_byte.o (.text.i2c_init)
                  00008d86    00000026     u8g2_buffer.o (.text.u8g2_FirstPage)
                  00008dac    00000026     u8g2_buffer.o (.text.u8g2_SetBufferCurrTileRow)
                  00008dd2    00000026     u8g2_hvline.o (.text.u8g2_SetDrawColor)
                  00008df8    00000026     u8x8_gpio.o (.text.u8x8_gpio_call)
                  00008e1e    00000002     --HOLE-- [fill = 0]
                  00008e20    00000024     oled.o (.text.GPIO_Init)
                  00008e44    00000024     libclang_rt.builtins.a : muldi3.S.obj (.text.__muldi3)
                  00008e68    00000022     libc.a : memccpy.c.obj (.text.memccpy)
                  00008e8a    00000022     u8x8_byte.o (.text.u8x8_byte_SendBytes)
                  00008eac    00000022     u8x8_cad.o (.text.u8x8_cad_SendData)
                  00008ece    00000002     --HOLE-- [fill = 0]
                  00008ed0    00000020     ti_msp_dl_config.o (.text.DL_GPIO_initPeripheralInputFunction)
                  00008ef0    00000020     mpu6050.o (.text.DL_SYSCTL_resetDevice)
                  00008f10    00000020     ti_msp_dl_config.o (.text.DL_SYSCTL_setFlashWaitState)
                  00008f30    00000020     uart.o (.text.UART_Init)
                  00008f50    00000020     libc.a : memcmp.c.obj (.text.memcmp)
                  00008f70    00000020     u8x8_display.o (.text.u8x8_SetPowerSave)
                  00008f90    00000020     u8x8_cad.o (.text.u8x8_cad_SendArg)
                  00008fb0    00000020     u8x8_cad.o (.text.u8x8_cad_SendCmd)
                  00008fd0    0000001e     ti_msp_dl_config.o (.text.DL_UART_setOversampling)
                  00008fee    00000002     --HOLE-- [fill = 0]
                  00008ff0    0000001e     libclang_rt.builtins.a : ashldi3.S.obj (.text.__ashldi3)
                  0000900e    00000002     --HOLE-- [fill = 0]
                  00009010    0000001c     interrupt.o (.text.DL_GPIO_clearInterruptStatus)
                  0000902c    0000001c     ti_msp_dl_config.o (.text.DL_GPIO_clearInterruptStatus)
                  00009048    0000001c     mspm0_i2c.o (.text.DL_GPIO_enableHiZ)
                  00009064    0000001c     ti_msp_dl_config.o (.text.DL_GPIO_enableHiZ)
                  00009080    0000001c     ti_msp_dl_config.o (.text.DL_GPIO_enableInterrupt)
                  0000909c    0000001c     ti_msp_dl_config.o (.text.DL_GPIO_initDigitalInput)
                  000090b8    0000001c     ti_msp_dl_config.o (.text.DL_GPIO_initPeripheralOutputFunction)
                  000090d4    0000001c     ti_msp_dl_config.o (.text.DL_GPIO_setLowerPinsPolarity)
                  000090f0    0000001c     mpu6050.o (.text.DL_I2C_getSDAStatus)
                  0000910c    0000001c     mspm0_i2c.o (.text.DL_I2C_isControllerRXFIFOEmpty)
                  00009128    0000001c     ti_msp_dl_config.o (.text.DL_SYSCTL_setSYSOSCFreq)
                  00009144    0000001c     ti_msp_dl_config.o (.text.DL_SYSCTL_setULPCLKDivider)
                  00009160    0000001c     ti_msp_dl_config.o (.text.DL_Timer_enableInterrupt)
                  0000917c    0000001c     driverlib.a : dl_timer.o (.text.DL_Timer_setCaptCompUpdateMethod)
                  00009198    0000001c                 : dl_timer.o (.text.DL_Timer_setClockConfig)
                  000091b4    0000001c     ti_msp_dl_config.o (.text.DL_UART_enableInterrupt)
                  000091d0    0000001c     inv_mpu_dmp_motion_driver.o (.text.dmp_load_motion_driver_firmware)
                  000091ec    0000001a     u8x8_byte.o (.text.i2c_read_scl_and_delay)
                  00009206    0000001a     u8x8_display.o (.text.u8x8_d_helper_display_setup_memory)
                  00009220    00000018     mspm0_i2c.o (.text.DL_GPIO_enableOutput)
                  00009238    00000018     ti_msp_dl_config.o (.text.DL_GPIO_enableOutput)
                  00009250    00000018     ti_msp_dl_config.o (.text.DL_GPIO_enablePower)
                  00009268    00000018     interrupt.o (.text.DL_GPIO_getEnabledInterruptStatus)
                  00009280    00000018     mspm0_i2c.o (.text.DL_GPIO_initDigitalOutput)
                  00009298    00000018     ti_msp_dl_config.o (.text.DL_GPIO_initDigitalOutput)
                  000092b0    00000018     ti_msp_dl_config.o (.text.DL_GPIO_reset)
                  000092c8    00000018     draw.o (.text.DL_GPIO_setPins)
                  000092e0    00000018     mspm0_i2c.o (.text.DL_GPIO_setPins)
                  000092f8    00000018     oled.o (.text.DL_GPIO_setPins)
                  00009310    00000018     ti_msp_dl_config.o (.text.DL_GPIO_setUpperPinsPolarity)
                  00009328    00000018     mspm0_i2c.o (.text.DL_I2C_clearInterruptStatus)
                  00009340    00000018     ti_msp_dl_config.o (.text.DL_I2C_enableAnalogGlitchFilter)
                  00009358    00000018     ti_msp_dl_config.o (.text.DL_I2C_enableController)
                  00009370    00000018     ti_msp_dl_config.o (.text.DL_I2C_enableControllerClockStretching)
                  00009388    00000018     mspm0_i2c.o (.text.DL_I2C_enablePower)
                  000093a0    00000018     ti_msp_dl_config.o (.text.DL_I2C_enablePower)
                  000093b8    00000018     mspm0_i2c.o (.text.DL_I2C_getRawInterruptStatus)
                  000093d0    00000018     mspm0_i2c.o (.text.DL_I2C_reset)
                  000093e8    00000018     ti_msp_dl_config.o (.text.DL_I2C_reset)
                  00009400    00000018     ti_msp_dl_config.o (.text.DL_I2C_setTimerPeriod)
                  00009418    00000018     ti_msp_dl_config.o (.text.DL_SYSCTL_setBORThreshold)
                  00009430    00000018     ti_msp_dl_config.o (.text.DL_Timer_enablePower)
                  00009448    00000018     ti_msp_dl_config.o (.text.DL_Timer_reset)
                  00009460    00000018     driverlib.a : dl_timer.o (.text.DL_Timer_setCaptureCompareOutCtl)
                  00009478    00000018     clock.o (.text.DL_Timer_startCounter)
                  00009490    00000018     ti_msp_dl_config.o (.text.DL_UART_enablePower)
                  000094a8    00000018     uart.o (.text.DL_UART_isBusy)
                  000094c0    00000018     ti_msp_dl_config.o (.text.DL_UART_reset)
                  000094d8    00000018     libc.a : sprintf.c.obj (.text._outs)
                  000094f0    00000018     u8g2_font.o (.text.u8g2_font_get_byte)
                  00009508    00000016     interrupt.o (.text.DL_GPIO_readPins)
                  0000951e    00000016     mspm0_i2c.o (.text.DL_GPIO_readPins)
                  00009534    00000016     mspm0_i2c.o (.text.DL_I2C_transmitControllerData)
                  0000954a    00000016     ti_msp_dl_config.o (.text.DL_UART_enable)
                  00009560    00000016     uart.o (.text.DL_UART_transmitData)
                  00009576    00000016     u8x8_byte.o (.text.i2c_delay)
                  0000958c    00000016     u8x8_display.o (.text.u8x8_InitDisplay)
                  000095a2    00000016     u8x8_display.o (.text.u8x8_RefreshDisplay)
                  000095b8    00000016     u8x8_display.o (.text.u8x8_SetupMemory)
                  000095ce    00000016     u8x8_byte.o (.text.u8x8_byte_EndTransfer)
                  000095e4    00000016     u8x8_byte.o (.text.u8x8_byte_SendByte)
                  000095fa    00000016     u8x8_byte.o (.text.u8x8_byte_StartTransfer)
                  00009610    00000016     u8x8_cad.o (.text.u8x8_cad_EndTransfer)
                  00009626    00000016     u8x8_cad.o (.text.u8x8_cad_StartTransfer)
                  0000963c    00000016     u8x8_setup.o (.text.u8x8_dummy_cb)
                  00009652    00000014     draw.o (.text.DL_GPIO_clearPins)
                  00009666    00000014     mspm0_i2c.o (.text.DL_GPIO_clearPins)
                  0000967a    00000014     oled.o (.text.DL_GPIO_clearPins)
                  0000968e    00000014     ti_msp_dl_config.o (.text.DL_GPIO_clearPins)
                  000096a2    00000002     --HOLE-- [fill = 0]
                  000096a4    00000014     mspm0_i2c.o (.text.DL_I2C_getControllerStatus)
                  000096b8    00000014     mspm0_i2c.o (.text.DL_I2C_receiveControllerData)
                  000096cc    00000014     ti_msp_dl_config.o (.text.DL_I2C_resetControllerTransfer)
                  000096e0    00000014     ti_msp_dl_config.o (.text.DL_SYSCTL_disableSYSPLL)
                  000096f4    00000014     ti_msp_dl_config.o (.text.DL_SYSCTL_enableMFCLK)
                  00009708    00000014     ti_msp_dl_config.o (.text.DL_Timer_enableClock)
                  0000971c    00000014     ti_msp_dl_config.o (.text.DL_Timer_setCCPDirection)
                  00009730    00000014     uart.o (.text.DL_UART_receiveData)
                  00009744    00000014     libclang_rt.builtins.a : aeabi_uldivmod.S.obj (.text.__aeabi_uldivmod)
                  00009758    00000014     inv_mpu_dmp_motion_driver.o (.text.dmp_register_android_orient_cb)
                  0000976c    00000014     inv_mpu_dmp_motion_driver.o (.text.dmp_register_tap_cb)
                  00009780    00000014     u8x8_byte.o (.text.i2c_clear_scl)
                  00009794    00000014     u8x8_byte.o (.text.i2c_clear_sda)
                  000097a8    00000014     u8x8_byte.o (.text.i2c_read_sda)
                  000097bc    00000014     libc.a : _printfi.c.obj (.text.strchr)
                  000097d0    00000014     u8g2_font.o (.text.u8g2_SetFontDirection)
                  000097e4    00000014     u8g2_font.o (.text.u8g2_SetFontMode)
                  000097f8    00000014     u8g2_font.o (.text.u8g2_SetFontPosBaseline)
                  0000980c    00000014     u8g2_d_memory.o (.text.u8g2_m_16_8_f)
                  00009820    00000012     interrupt.o (.text.DL_Timer_getPendingInterrupt)
                  00009832    00000012     uart.o (.text.DL_UART_getPendingInterrupt)
                  00009844    00000012     driverlib.a : dl_uart.o (.text.DL_UART_setClockConfig)
                  00009856    00000012     libc.a : memcpy16.S.obj (.text:TI_memcpy_small)
                  00009868    00000012            : copy_decompress_none.c.obj (.text:decompress:none)
                  0000987a    00000002     --HOLE-- [fill = 0]
                  0000987c    00000010     ti_msp_dl_config.o (.text.DL_SYSCTL_disableHFXT)
                  0000988c    00000010     driverlib.a : dl_timer.o (.text.DL_Timer_setCaptureCompareValue)
                  0000989c    00000010     interrupt.o (.text.SysTick_Handler)
                  000098ac    00000010     u8g2_setup.o (.text.u8g2_update_dimension_r0)
                  000098bc    00000010     u8x8_8x8.o (.text.u8x8_utf8_init)
                  000098cc    00000010     libc.a : wcslen.c.obj (.text.wcslen)
                  000098dc    00000010            : copy_zero_init.c.obj (.text:decompress:ZI)
                  000098ec    0000000e     libclang_rt.builtins.a : aeabi_memset.S.obj (.text.__aeabi_memset)
                  000098fa    0000000e     libc.a : _printfi.c.obj (.text.strlen)
                  00009908    0000000e     mpu6050.o (.text.tap_cb)
                  00009916    0000000e     libc.a : memset16.S.obj (.text:TI_memset_small)
                  00009924    0000000c     interrupt.o (.text.get_encoder_count)
                  00009930    0000000c     interrupt.o (.text.get_encoder_dir)
                  0000993c    0000000c     interrupt.o (.text.get_encoder_temp_count)
                  00009948    0000000a     driverlib.a : dl_common.o (.text.DL_Common_delayCycles)
                  00009952    0000000a     libc.a : _printfi.c.obj (.text.OUTLINED_FUNCTION_0)
                  0000995c    00000010     libclang_rt.builtins.a : adddf3.S.obj (.tramp.__aeabi_dsub.1)
                  0000996c    0000000a     libc.a : e_asin.c.obj (.text.OUTLINED_FUNCTION_0)
                  00009976    00000002     --HOLE-- [fill = 0]
                  00009978    00000010     libclang_rt.builtins.a : muldf3.S.obj (.tramp.__aeabi_dmul.1)
                  00009988    0000000a     libc.a : s_atan.c.obj (.text.OUTLINED_FUNCTION_0)
                  00009992    0000000a            : _printfi.c.obj (.text.OUTLINED_FUNCTION_1)
                  0000999c    0000000a            : e_asin.c.obj (.text.OUTLINED_FUNCTION_1)
                  000099a6    0000000a            : e_asin.c.obj (.text.OUTLINED_FUNCTION_3)
                  000099b0    00000010     libclang_rt.builtins.a : divdf3.S.obj (.tramp.__aeabi_ddiv.1)
                  000099c0    0000000a     libc.a : sprintf.c.obj (.text._outc)
                  000099ca    0000000a     mpu6050.o (.text.android_orient_cb)
                  000099d4    0000000a     u8g2_font.o (.text.u8g2_font_calc_vref_font)
                  000099de    00000008     libc.a : s_atan.c.obj (.text.OUTLINED_FUNCTION_2)
                  000099e6    00000002     --HOLE-- [fill = 0]
                  000099e8    00000008            : aeabi_portable.c.obj (.text.__aeabi_errno_addr)
                  000099f0    00000008     libclang_rt.builtins.a : aeabi_memcpy.S.obj (.text.__aeabi_memcpy)
                  000099f8    00000008     libc.a : printf.c.obj (.text._outc)
                  00009a00    00000008            : printf.c.obj (.text._outs)
                  00009a08    00000006            : s_atan.c.obj (.text.OUTLINED_FUNCTION_1)
                  00009a0e    00000002     --HOLE-- [fill = 0]
                  00009a10    00000010     libclang_rt.builtins.a : adddf3.S.obj (.tramp.__aeabi_dadd.1)
                  00009a20    00000006     libc.a : e_asin.c.obj (.text.OUTLINED_FUNCTION_2)
                  00009a26    00000006            : exit.c.obj (.text:abort)
                  00009a2c    00000004     startup_mspm0g350x_ticlang.o (.text.Default_Handler)
                  00009a30    00000004     libsysbm.a : hostexit.c.obj (.text.HOSTexit)
                  00009a34    00000004     libc.a : e_asin.c.obj (.text.OUTLINED_FUNCTION_4)
                  00009a38    00000004     startup_mspm0g350x_ticlang.o (.text.Reset_Handler)
                  00009a3c    00000010     libc.a : boot_cortex_m.c.obj (.tramp._c_int00_noargs.1)
                  00009a4c    00000004            : pre_init.c.obj (.text._system_pre_init)

.cinit     0    0000b1b0    00000148     
                  0000b1b0    00000124     (.cinit..data.load) [load image, compression = lzss]
                  0000b2d4    0000000c     (__TI_handler_table)
                  0000b2e0    00000008     (.cinit..bss.load) [load image, compression = zero_init]
                  0000b2e8    00000010     (__TI_cinit_table)

.rodata    0    00009a50    00001760     
                  00009a50    00000bf6     inv_mpu_dmp_motion_driver.o (.rodata.dmp_memory)
                  0000a646    0000069f     chinesetxt.o (.rodata.u8g2_font_unifont_st16)
                  0000ace5    0000000b     draw.o (.rodata.str1.11114186964174836109.1)
                  0000acf0    00000101     libc.a : aeabi_ctype.S.obj (.rodata:__aeabi_ctype_table_)
                  0000adf1    00000007     draw.o (.rodata.str1.1222851238220204105.1)
                  0000adf8    00000040     libc.a : s_atan.c.obj (.rodata.cst32)
                  0000ae38    00000035     u8x8_d_ssd1306_128x64_noname.o (.rodata.u8x8_d_ssd1306_128x64_noname_init_seq)
                  0000ae6d    00000003     ti_msp_dl_config.o (.rodata.gPWMAClockConfig)
                  0000ae70    00000028     ti_msp_dl_config.o (.rodata.gSYSPLLConfig)
                  0000ae98    00000028     inv_mpu.o (.rodata.test)
                  0000aec0    00000024     main.o (.rodata.str1.15159059442110792349.1)
                  0000aee4    0000001e     inv_mpu.o (.rodata.reg)
                  0000af02    00000002     ti_msp_dl_config.o (.rodata.gI2C_BUSClockConfig)
                  0000af04    00000018     u8x8_d_ssd1306_128x64_noname.o (.rodata.u8x8_ssd1306_128x64_noname_display_info)
                  0000af1c    00000016     draw.o (.rodata.str1.5892703727588417526.1)
                  0000af32    00000015     draw.o (.rodata.str1.4274189854934693450.1)
                  0000af47    00000001     --HOLE-- [fill = 0]
                  0000af48    00000014     ti_msp_dl_config.o (.rodata.gTIMER_TICKTimerConfig)
                  0000af5c    00000014     draw.o (.rodata.str1.16920298533707407236.1)
                  0000af70    00000013     uart.o (.rodata.str1.14464947116831474962.1)
                  0000af83    00000013     draw.o (.rodata.str1.9759785406605014316.1)
                  0000af96    00000011     libc.a : _printfi.c.obj (.rodata.str1.10348868589481759720.1)
                  0000afa7    00000011            : _printfi.c.obj (.rodata.str1.15363888844622738466.1)
                  0000afb8    00000010     draw.o (.rodata..L__const.Calibration_waiting.kks)
                  0000afc8    0000000f     draw.o (.rodata.str1.10860614167785051322.1)
                  0000afd7    0000000f     draw.o (.rodata.str1.8450940598119648634.1)
                  0000afe6    0000000f     draw.o (.rodata.str1.9387805006866944833.1)
                  0000aff5    0000000d     draw.o (.rodata.str1.11299763840726973552.1)
                  0000b002    0000000d     draw.o (.rodata.str1.15371446012953876463.1)
                  0000b00f    0000000d     draw.o (.rodata.str1.16798678518866173547.1)
                  0000b01c    0000000d     draw.o (.rodata.str1.3293259928865538337.1)
                  0000b029    0000000d     draw.o (.rodata.str1.3977530377744300196.1)
                  0000b036    0000000d     draw.o (.rodata.str1.5092474850242601035.1)
                  0000b043    0000000d     draw.o (.rodata.str1.8511851625829648913.1)
                  0000b050    0000000c     inv_mpu.o (.rodata.hw)
                  0000b05c    0000000c     u8g2_setup.o (.rodata.u8g2_cb_r0)
                  0000b068    0000000b     draw.o (.rodata.str1.17985918111400082174.1)
                  0000b073    0000000b     draw.o (.rodata.str1.9461052618368317133.1)
                  0000b07e    0000000a     ti_msp_dl_config.o (.rodata.gUART_0Config)
                  0000b088    00000009     draw.o (.rodata.str1.5047273646867282875.1)
                  0000b091    00000003     ti_msp_dl_config.o (.rodata.gPWMBClockConfig)
                  0000b094    00000008     ti_msp_dl_config.o (.rodata.gPWMAConfig)
                  0000b09c    00000008     ti_msp_dl_config.o (.rodata.gPWMBConfig)
                  0000b0a4    00000008     ti_msp_dl_config.o (.rodata.gPWMCConfig)
                  0000b0ac    00000008     ti_msp_dl_config.o (.rodata.gPWMDConfig)
                  0000b0b4    00000007     draw.o (.rodata.str1.12837285066833756062.1)
                  0000b0bb    00000007     draw.o (.rodata.str1.12927128395581683091.1)
                  0000b0c2    00000007     draw.o (.rodata.str1.15032166160981136206.1)
                  0000b0c9    00000007     draw.o (.rodata.str1.4063744131834711033.1)
                  0000b0d0    00000007     draw.o (.rodata.str1.4769186932343429571.1)
                  0000b0d7    00000007     draw.o (.rodata.str1.6628805185763255565.1)
                  0000b0de    00000007     draw.o (.rodata.str1.7599327456358374941.1)
                  0000b0e5    00000007     u8x8_d_ssd1306_128x64_noname.o (.rodata.u8x8_d_ssd1306_128x64_noname_flip0_seq)
                  0000b0ec    00000007     u8x8_d_ssd1306_128x64_noname.o (.rodata.u8x8_d_ssd1306_128x64_noname_flip1_seq)
                  0000b0f3    00000006     draw.o (.rodata.str1.11662179543728856056.1)
                  0000b0f9    00000006     draw.o (.rodata.str1.12379070312978826538.1)
                  0000b0ff    00000006     draw.o (.rodata.str1.3087611109763544748.1)
                  0000b105    00000006     draw.o (.rodata.str1.3993406505997153926.1)
                  0000b10b    00000005     draw.o (.rodata.str1.10335834370773872660.1)
                  0000b110    00000005     draw.o (.rodata.str1.13295882753961647737.1)
                  0000b115    00000005     draw.o (.rodata.str1.13338964051441701904.1)
                  0000b11a    00000005     draw.o (.rodata.str1.15046184968404042663.1)
                  0000b11f    00000005     draw.o (.rodata.str1.197789920646994554.1)
                  0000b124    00000005     draw.o (.rodata.str1.3856563774887557434.1)
                  0000b129    00000005     u8x8_d_ssd1306_128x64_noname.o (.rodata.u8x8_d_ssd1306_128x64_noname_powersave0_seq)
                  0000b12e    00000005     u8x8_d_ssd1306_128x64_noname.o (.rodata.u8x8_d_ssd1306_128x64_noname_powersave1_seq)
                  0000b133    00000004     draw.o (.rodata.str1.12753359286343333358.1)
                  0000b137    00000004     draw.o (.rodata.str1.13124213828302697422.1)
                  0000b13b    00000004     draw.o (.rodata.str1.16853789779182153528.1)
                  0000b13f    00000004     draw.o (.rodata.str1.17104632844336190317.1)
                  0000b143    00000004     draw.o (.rodata.str1.17167547962068192002.1)
                  0000b147    00000004     draw.o (.rodata.str1.17323698585101302928.1)
                  0000b14b    00000004     draw.o (.rodata.str1.2536505494550489181.1)
                  0000b14f    00000004     draw.o (.rodata.str1.2680053455445061944.1)
                  0000b153    00000004     draw.o (.rodata.str1.3602204908956033498.1)
                  0000b157    00000004     draw.o (.rodata.str1.4176646092053031004.1)
                  0000b15b    00000004     draw.o (.rodata.str1.4799947621604406399.1)
                  0000b15f    00000004     draw.o (.rodata.str1.573547316600497309.1)
                  0000b163    00000004     draw.o (.rodata.str1.9408500714352350149.1)
                  0000b167    00000004     draw.o (.rodata.str1.9590535064981708106.1)
                  0000b16b    00000004     draw.o (.rodata.str1.9976906776139131669.1)
                  0000b16f    00000003     ti_msp_dl_config.o (.rodata.gPWMCClockConfig)
                  0000b172    00000003     ti_msp_dl_config.o (.rodata.gPWMDClockConfig)
                  0000b175    00000003     ti_msp_dl_config.o (.rodata.gTIMER_TICKClockConfig)
                  0000b178    00000003     draw.o (.rodata.str1.11165926561598327348.1)
                  0000b17b    00000003     draw.o (.rodata.str1.12359765093345317632.1)
                  0000b17e    00000003     draw.o (.rodata.str1.13567208923197132193.1)
                  0000b181    00000003     draw.o (.rodata.str1.13766420662825426875.1)
                  0000b184    00000003     draw.o (.rodata.str1.14187398005209213545.1)
                  0000b187    00000003     draw.o (.rodata.str1.14915676214180293299.1)
                  0000b18a    00000003     draw.o (.rodata.str1.15074342113409833842.1)
                  0000b18d    00000003     draw.o (.rodata.str1.16988408085108356744.1)
                  0000b190    00000003     draw.o (.rodata.str1.17402708256360119916.1)
                  0000b193    00000003     draw.o (.rodata.str1.17877410042743655113.1)
                  0000b196    00000003     draw.o (.rodata.str1.3436235078410369563.1)
                  0000b199    00000003     draw.o (.rodata.str1.439440656638192846.1)
                  0000b19c    00000003     draw.o (.rodata.str1.8931661920520104013.1)
                  0000b19f    00000002     ti_msp_dl_config.o (.rodata.gI2C_MPU6050ClockConfig)
                  0000b1a1    00000002     ti_msp_dl_config.o (.rodata.gUART_0ClockConfig)
                  0000b1a3    00000002     draw.o (.rodata.str1.13621094816472248119.1)
                  0000b1a5    00000002     draw.o (.rodata.str1.13901186772788639667.1)
                  0000b1a7    00000002     draw.o (.rodata.str1.15981432797632722681.1)
                  0000b1a9    00000002     draw.o (.rodata.str1.16224708837686808630.1)
                  0000b1ab    00000002     draw.o (.rodata.str1.6764898206403387013.1)
                  0000b1ad    00000002     draw.o (.rodata.str1.7901478166373039286.1)
                  0000b1af    00000001     --HOLE-- [fill = 0]

.init_array 
*          0    00000000    00000000     UNINITIALIZED

.binit     0    00000000    00000000     

.bss       0    20200000    000005ab     UNINITIALIZED
                  20200000    00000400     u8g2_d_memory.o (.bss.u8g2_m_16_8_f.buf)
                  20200400    000000a0     (.common:gPWMBBackup)
                  202004a0    000000a0     (.common:gPWMDBackup)
                  20200540    00000010     interrupt.o (.bss.motor_encoder)
                  20200550    00000010     (.common:id)
                  20200560    00000010     (.common:quat)
                  20200570    00000006     (.common:accel)
                  20200576    00000006     (.common:gyro)
                  2020057c    00000004     (.common:D)
                  20200580    00000004     (.common:I)
                  20200584    00000004     (.common:P)
                  20200588    00000004     (.common:car_begin_yaw)
                  2020058c    00000004     (.common:car_straight_yaw)
                  20200590    00000004     (.common:pitch)
                  20200594    00000004     (.common:roll)
                  20200598    00000004     (.common:sensor_timestamp)
                  2020059c    00000004     (.common:start_time)
                  202005a0    00000004     (.common:tick_ms)
                  202005a4    00000004     (.common:yaw)
                  202005a8    00000002     (.common:sensors)
                  202005aa    00000001     (.common:more)

.data      0    202005ac    000002a7     UNINITIALIZED
                  202005ac    000000f0     libc.a : defs.c.obj (.data._ftable)
                  2020069c    0000002c     inv_mpu.o (.data.st)
                  202006c8    00000024     draw.o (.data..compoundliteral.42)
                  202006ec    00000020     draw.o (.data..compoundliteral.26)
                  2020070c    0000001c     draw.o (.data..compoundliteral.13)
                  20200728    0000001c     draw.o (.data..compoundliteral.33)
                  20200744    0000001c     draw.o (.data..compoundliteral.49)
                  20200760    0000001c     draw.o (.data..compoundliteral.52)
                  2020077c    0000001c     draw.o (.data..compoundliteral)
                  20200798    00000018     draw.o (.data..compoundliteral.50)
                  202007b0    00000014     draw.o (.data..compoundliteral.18)
                  202007c4    00000010     inv_mpu_dmp_motion_driver.o (.data.dmp)
                  202007d4    0000000e     mpu6050.o (.data.hal)
                  202007e2    00000009     mpu6050.o (.data.gyro_orientation)
                  202007eb    00000001     line_follower.o (.data.mode_flag)
                  202007ec    00000008     draw.o (.data..compoundliteral.51)
                  202007f4    00000008     draw.o (.data.directory)
                  202007fc    00000008     draw.o (.data.directory_num)
                  20200804    00000004     draw.o (.data..compoundliteral.6)
                  20200808    00000004     electrical_machinery.o (.data.MAX)
                  2020080c    00000004     line_follower.o (.data.MAX_CORRECTION)
                  20200810    00000004     electrical_machinery.o (.data.MIN)
                  20200814    00000004     libc.a : aeabi_portable.c.obj (.data.__aeabi_errno)
                  20200818    00000004            : _lock.c.obj (.data._lock)
                  2020081c    00000004            : _lock.c.obj (.data._unlock)
                  20200820    00000004     draw.o (.data.car_speed)
                  20200824    00000004     line_follower.o (.data.correction_factor1)
                  20200828    00000004     line_follower.o (.data.correction_factor2)
                  2020082c    00000004     line_follower.o (.data.correction_factor3)
                  20200830    00000004     line_follower.o (.data.correction_factor4)
                  20200834    00000004     draw.o (.data.directory_flag)
                  20200838    00000004     line_follower.o (.data.l_num)
                  2020083c    00000004     interrupt.o (.data.nextway)
                  20200840    00000004     draw.o (.data.now_speed)
                  20200844    00000004     draw.o (.data.quanshu)
                  20200848    00000004     line_follower.o (.data.r_num)
                  2020084c    00000004     draw.o (.data.xspeed)
                  20200850    00000001     draw.o (.data.stop_flag)
                  20200851    00000001     u8x8_cad.o (.data.u8x8_cad_ssd13xx_fast_i2c.in_transfer)
                  20200852    00000001     uart.o (.data.uart_data)

.stack     0    20207e00    00000200     UNINITIALIZED
                  20207e00    00000004     libc.a : boot_cortex_m.c.obj (.stack)
                  20207e04    000001fc     --HOLE--

__llvm_prf_cnts 
*          0    20200000    00000000     UNINITIALIZED

__llvm_prf_bits 
*          0    20200000    00000000     UNINITIALIZED

MODULE SUMMARY

       Module                           code    ro data   rw data
       ------                           ----    -------   -------
    .\
       ti_msp_dl_config.o               3082    123       320    
       main.o                           246     36        0      
       startup_mspm0g350x_ticlang.o     8       192       0      
    +--+--------------------------------+-------+---------+---------+
       Total:                           3336    351       320    
                                                                 
    .\MPU6050\
       inv_mpu_dmp_motion_driver.o      3110    3062      16     
       inv_mpu.o                        4600    82        44     
       mspm0_i2c.o                      1328    0         0      
       mpu6050.o                        1176    0         70     
    +--+--------------------------------+-------+---------+---------+
       Total:                           10214   3144      130    
                                                                 
    .\MSPM0\
       interrupt.o                      536     0         20     
       clock.o                          468     0         8      
       electrical_machinery.o           0       0         8      
    +--+--------------------------------+-------+---------+---------+
       Total:                           1004    0         36     
                                                                 
    .\OLED\
       draw.o                           3620    497       317    
       oled.o                           604     0         0      
    +--+--------------------------------+-------+---------+---------+
       Total:                           4224    497       317    
                                                                 
    .\OLED\csrc\
       u8g2_font.o                      2838    0         0      
       chinesetxt.o                     0       1695      0      
       u8g2_d_memory.o                  20      0         1024   
       u8x8_byte.o                      800     0         0      
       u8x8_cad.o                       666     0         1      
       u8g2_setup.o                     640     12        0      
       u8g2_hvline.o                    612     0         0      
       u8x8_d_ssd1306_128x64_noname.o   488     101       0      
       u8g2_buffer.o                    456     0         0      
       u8g2_ll_hvline.o                 356     0         0      
       u8x8_8x8.o                       332     0         0      
       u8x8_display.o                   284     0         0      
       u8g2_intersection.o              248     0         0      
       u8x8_setup.o                     144     0         0      
       u8g2_box.o                       120     0         0      
       u8g2_d_setup.o                   72      0         0      
       u8g2_cleardisplay.o              40      0         0      
       u8x8_gpio.o                      38      0         0      
    +--+--------------------------------+-------+---------+---------+
       Total:                           8154    1808      1025   
                                                                 
    .\Tracking\
       line_follower.o                  0       0         37     
    +--+--------------------------------+-------+---------+---------+
       Total:                           0       0         37     
                                                                 
    .\UART\
       uart.o                           420     19        13     
    +--+--------------------------------+-------+---------+---------+
       Total:                           420     19        13     
                                                                 
    C:/ti/mspm0_sdk_2_04_00_06/source/ti/driverlib/lib/ticlang/m0p/mspm0g1x0x_g3x0x/driverlib.a
       dl_timer.o                       588     0         0      
       dl_sysctl_mspm0g1x0x_g3x0x.o     288     0         0      
       dl_i2c.o                         192     0         0      
       dl_uart.o                        90      0         0      
       dl_common.o                      10      0         0      
    +--+--------------------------------+-------+---------+---------+
       Total:                           1168    0         0      
                                                                 
    C:\ti\ccs2020\ccs\tools\compiler\ti-cgt-armllvm_4.0.3.LTS\lib\armv6m-ti-none-eabi/c/libc.a
       _printfi.c.obj                   4510    34        0      
       e_asin.c.obj                     908     0         0      
       s_atan.c.obj                     784     64        0      
       e_atan2.c.obj                    392     0         0      
       e_sqrt.c.obj                     368     0         0      
       aeabi_ctype.S.obj                0       257       0      
       defs.c.obj                       0       0         240    
       s_scalbn.c.obj                   216     0         0      
       copy_decompress_lzss.c.obj       124     0         0      
       printf.c.obj                     108     0         0      
       s_frexp.c.obj                    92      0         0      
       sprintf.c.obj                    90      0         0      
       _ltoa.c.obj                      88      0         0      
       atoi.c.obj                       64      0         0      
       autoinit.c.obj                   60      0         0      
       boot_cortex_m.c.obj              56      0         0      
       memccpy.c.obj                    34      0         0      
       memcmp.c.obj                     32      0         0      
       copy_decompress_none.c.obj       18      0         0      
       memcpy16.S.obj                   18      0         0      
       copy_zero_init.c.obj             16      0         0      
       wcslen.c.obj                     16      0         0      
       memset16.S.obj                   14      0         0      
       aeabi_portable.c.obj             8       0         4      
       _lock.c.obj                      2       0         8      
       exit.c.obj                       6       0         0      
       pre_init.c.obj                   4       0         0      
    +--+--------------------------------+-------+---------+---------+
       Total:                           8028    355       252    
                                                                 
    C:\ti\ccs2020\ccs\tools\compiler\ti-cgt-armllvm_4.0.3.LTS\lib\armv6m-ti-none-eabi/c/libsysbm.a
       hostexit.c.obj                   4       0         0      
    +--+--------------------------------+-------+---------+---------+
       Total:                           4       0         0      
                                                                 
    C:\ti\ccs2020\ccs\tools\compiler\ti-cgt-armllvm_4.0.3.LTS\lib\armv6m-ti-none-eabi/libclang_rt.builtins.a
       adddf3.S.obj                     434     0         0      
       divdf3.S.obj                     284     0         0      
       muldf3.S.obj                     244     0         0      
       comparedf2.c.obj                 220     0         0      
       addsf3.S.obj                     216     0         0      
       udivmoddi4.S.obj                 162     0         0      
       mulsf3.S.obj                     140     0         0      
       divsf3.S.obj                     130     0         0      
       truncdfsf2.S.obj                 116     0         0      
       aeabi_dcmp.S.obj                 98      0         0      
       aeabi_idivmod.S.obj              86      0         0      
       fixdfsi.S.obj                    74      0         0      
       aeabi_uidivmod.S.obj             64      0         0      
       extendsfdf2.S.obj                64      0         0      
       floatsisf.S.obj                  60      0         0      
       muldsi3.S.obj                    58      0         0      
       fixsfsi.S.obj                    56      0         0      
       floatsidf.S.obj                  44      0         0      
       floatunsisf.S.obj                40      0         0      
       muldi3.S.obj                     36      0         0      
       ashldi3.S.obj                    30      0         0      
       aeabi_memset.S.obj               26      0         0      
       aeabi_uldivmod.S.obj             20      0         0      
       aeabi_memcpy.S.obj               8       0         0      
       aeabi_div0.c.obj                 4       0         0      
    +--+--------------------------------+-------+---------+---------+
       Total:                           2714    0         0      
                                                                 
       Stack:                           0       0         512    
       Linker Generated:                0       328       0      
    +--+--------------------------------+-------+---------+---------+
       Grand Total:                     39266   6502      2642   


LINKER GENERATED COPY TABLES

__TI_cinit_table @ 0000b2e8 records: 2, size/record: 8, table size: 16
	.data: load addr=0000b1b0, load size=00000124 bytes, run addr=202005ac, run size=000002a7 bytes, compression=lzss
	.bss: load addr=0000b2e0, load size=00000008 bytes, run addr=20200000, run size=000005ab bytes, compression=zero_init


LINKER GENERATED HANDLER TABLE

__TI_handler_table @ 0000b2d4 records: 3, size/record: 4, table size: 12
	index: 0, handler: __TI_decompress_lzss
	index: 1, handler: __TI_decompress_none
	index: 2, handler: __TI_zero_init


FAR CALL TRAMPOLINES

callee name               trampoline name
   callee addr  tramp addr   call addr  call info
--------------  -----------  ---------  ----------------
__aeabi_dsub              $Tramp$TT$L$PI$$__aeabi_dsub
   00002fad     0000995c     0000995a   libc.a : _printfi.c.obj (.text.OUTLINED_FUNCTION_0)
__aeabi_dmul              $Tramp$TT$L$PI$$__aeabi_dmul
   000051bd     00009978     00009974   libc.a : e_asin.c.obj (.text.OUTLINED_FUNCTION_0)
                             00009990          : s_atan.c.obj (.text.OUTLINED_FUNCTION_0)
                             000099a4          : e_asin.c.obj (.text.OUTLINED_FUNCTION_1)
                             000099e4          : s_atan.c.obj (.text.OUTLINED_FUNCTION_2)
                             00009a24          : e_asin.c.obj (.text.OUTLINED_FUNCTION_2)
__aeabi_ddiv              $Tramp$TT$L$PI$$__aeabi_ddiv
   00004ad5     000099b0     000099ae   libc.a : e_asin.c.obj (.text.OUTLINED_FUNCTION_3)
__aeabi_dadd              $Tramp$TT$L$PI$$__aeabi_dadd
   00002fb7     00009a10     00009a0c   libc.a : s_atan.c.obj (.text.OUTLINED_FUNCTION_1)
                             00009a36          : e_asin.c.obj (.text.OUTLINED_FUNCTION_4)
_c_int00_noargs           $Tramp$TT$L$PI$$_c_int00_noargs
   00008ced     00009a3c     00009a38   startup_mspm0g350x_ticlang.o (.text.Reset_Handler)

[5 trampolines]
[10 trampoline calls]


GLOBAL SYMBOLS: SORTED ALPHABETICALLY BY Name 

address   name                                  
-------   ----                                  
00009a2d  ADC0_IRQHandler                       
00009a2d  ADC1_IRQHandler                       
00009a2d  AES_IRQHandler                        
00009a30  C$$EXIT                               
00009a2d  CANFD0_IRQHandler                     
00005895  CAR_control                           
00003441  Calibration_waiting                   
2020057c  D                                     
00009a2d  DAC0_IRQHandler                       
00008a19  DIRECTORY_control                     
00009949  DL_Common_delayCycles                 
00007751  DL_I2C_fillControllerTXFIFO           
00008321  DL_I2C_flushControllerTXFIFO          
00008d3b  DL_I2C_setClockConfig                 
00005385  DL_SYSCTL_configSYSPLL                
00007fd9  DL_SYSCTL_switchMCLKfromSYSOSCtoHSCLK 
00004ce9  DL_Timer_initFourCCPWMMode            
000050d5  DL_Timer_initTimerMode                
0000917d  DL_Timer_setCaptCompUpdateMethod      
00009461  DL_Timer_setCaptureCompareOutCtl      
0000988d  DL_Timer_setCaptureCompareValue       
00009199  DL_Timer_setClockConfig               
00007de1  DL_UART_init                          
00009845  DL_UART_setClockConfig                
00009a2d  DMA_IRQHandler                        
00009a2d  Default_Handler                       
00008e21  GPIO_Init                             
00009a2d  GROUP0_IRQHandler                     
000039ed  GROUP1_IRQHandler                     
00000a91  HOME_directory                        
00009a31  HOSTexit                              
00009a2d  HardFault_Handler                     
20200580  I                                     
00009a2d  I2C0_IRQHandler                       
00009a2d  I2C1_IRQHandler                       
20200808  MAX                                   
2020080c  MAX_CORRECTION                        
20200810  MIN                                   
00003c8d  MPU6050_Init                          
000087a5  MSPM0_Init                            
00009a2d  NMI_Handler                           
20200584  P                                     
00005d49  PID_control                           
00009a2d  PendSV_Handler                        
00009a2d  RTC_IRQHandler                        
00001fd1  Read_Quad                             
00009a39  Reset_Handler                         
00009a2d  SPI0_IRQHandler                       
00009a2d  SPI1_IRQHandler                       
00009a2d  SVC_Handler                           
00002429  SYSCFG_DL_GPIO_init                   
000078c5  SYSCFG_DL_I2C_BUS_init                
0000791d  SYSCFG_DL_I2C_MPU6050_init            
00007361  SYSCFG_DL_PWMA_init                   
000070d9  SYSCFG_DL_PWMB_init                   
00007145  SYSCFG_DL_PWMC_init                   
000071b1  SYSCFG_DL_PWMD_init                   
00007d01  SYSCFG_DL_SYSCTL_init                 
00008399  SYSCFG_DL_TIMER_TICK_init             
00007e29  SYSCFG_DL_UART_0_init                 
0000801d  SYSCFG_DL_init                        
00005afd  SYSCFG_DL_initPower                   
0000989d  SysTick_Handler                       
00008605  SysTick_Init                          
00009a2d  TIMA0_IRQHandler                      
00009a2d  TIMA1_IRQHandler                      
0000883d  TIMG0_IRQHandler                      
00009a2d  TIMG12_IRQHandler                     
00009a2d  TIMG6_IRQHandler                      
00009a2d  TIMG7_IRQHandler                      
00009a2d  TIMG8_IRQHandler                      
00009857  TI_memcpy_small                       
00009917  TI_memset_small                       
0000886d  UART0_IRQHandler                      
00009a2d  UART1_IRQHandler                      
00009a2d  UART2_IRQHandler                      
00009a2d  UART3_IRQHandler                      
00008f31  UART_Init                             
20208000  __STACK_END                           
00000200  __STACK_SIZE                          
00000000  __TI_ATRegion0_region_sz              
00000000  __TI_ATRegion0_src_addr               
00000000  __TI_ATRegion0_trg_addr               
00000000  __TI_ATRegion1_region_sz              
00000000  __TI_ATRegion1_src_addr               
00000000  __TI_ATRegion1_trg_addr               
00000000  __TI_ATRegion2_region_sz              
00000000  __TI_ATRegion2_src_addr               
00000000  __TI_ATRegion2_trg_addr               
0000b2e8  __TI_CINIT_Base                       
0000b2f8  __TI_CINIT_Limit                      
0000b2f8  __TI_CINIT_Warm                       
0000b2d4  __TI_Handler_Table_Base               
0000b2e0  __TI_Handler_Table_Limit              
00008411  __TI_auto_init_nobinit_nopinit        
00006d19  __TI_decompress_lzss                  
00009869  __TI_decompress_none                  
00007975  __TI_ltoa                             
ffffffff  __TI_pprof_out_hndl                   
000000c1  __TI_printfi                          
ffffffff  __TI_prof_data_size                   
ffffffff  __TI_prof_data_start                  
00000000  __TI_static_base__                    
000098dd  __TI_zero_init                        
00002fb7  __adddf3                              
0000561b  __addsf3                              
0000acf0  __aeabi_ctype_table_                  
0000acf0  __aeabi_ctype_table_C                 
00006ff1  __aeabi_d2f                           
00007d4d  __aeabi_d2iz                          
00002fb7  __aeabi_dadd                          
0000762d  __aeabi_dcmpeq                        
00007669  __aeabi_dcmpge                        
0000767d  __aeabi_dcmpgt                        
00007655  __aeabi_dcmple                        
00007641  __aeabi_dcmplt                        
00004ad5  __aeabi_ddiv                          
000051bd  __aeabi_dmul                          
00002fad  __aeabi_dsub                          
20200814  __aeabi_errno                         
000099e9  __aeabi_errno_addr                    
0000816d  __aeabi_f2d                           
00008489  __aeabi_f2iz                          
0000561b  __aeabi_fadd                          
00006c15  __aeabi_fdiv                          
00006859  __aeabi_fmul                          
00005611  __aeabi_fsub                          
00008b4d  __aeabi_i2d                           
000083d5  __aeabi_i2f                           
00007a25  __aeabi_idiv                          
0000313f  __aeabi_idiv0                         
00007a25  __aeabi_idivmod                       
00003f13  __aeabi_ldiv0                         
00008ff1  __aeabi_llsl                          
00008e45  __aeabi_lmul                          
00006fe5  __aeabi_memclr                        
00006fe5  __aeabi_memclr4                       
00006fe5  __aeabi_memclr8                       
000099f1  __aeabi_memcpy                        
000099f1  __aeabi_memcpy4                       
000099f1  __aeabi_memcpy8                       
000098ed  __aeabi_memset                        
000098ed  __aeabi_memset4                       
000098ed  __aeabi_memset8                       
00008c9d  __aeabi_ui2f                          
0000812d  __aeabi_uidiv                         
0000812d  __aeabi_uidivmod                      
00009745  __aeabi_uldivmod                      
00008ff1  __ashldi3                             
ffffffff  __binit__                             
000073c9  __cmpdf2                              
00004ad5  __divdf3                              
00006c15  __divsf3                              
000073c9  __eqdf2                               
0000816d  __extendsfdf2                         
00007d4d  __fixdfsi                             
00008489  __fixsfsi                             
00008b4d  __floatsidf                           
000083d5  __floatsisf                           
00008c9d  __floatunsisf                         
00006f71  __gedf2                               
00006f71  __gtdf2                               
000073c9  __ledf2                               
000073c9  __ltdf2                               
UNDEFED   __mpu_init                            
000051bd  __muldf3                              
00008e45  __muldi3                              
0000844d  __muldsi3                             
00006859  __mulsf3                              
000073c9  __nedf2                               
20207e00  __stack                               
20200000  __start___llvm_prf_bits               
20200000  __start___llvm_prf_cnts               
20200000  __stop___llvm_prf_bits                
20200000  __stop___llvm_prf_cnts                
00002fad  __subdf3                              
00005611  __subsf3                              
00006ff1  __truncdfsf2                          
00006395  __udivmoddi4                          
00008ced  _c_int00_noargs                       
202005ac  _ftable                               
20200818  _lock                                 
0000464f  _nop                                  
UNDEFED   _system_post_cinit                    
00009a4d  _system_pre_init                      
2020081c  _unlock                               
00009a27  abort                                 
20200570  accel                                 
00001289  asin                                  
00001289  asinl                                 
000015ed  atan                                  
00003141  atan2                                 
00003141  atan2l                                
000015ed  atanl                                 
000081ad  atoi                                  
ffffffff  binit                                 
20200588  car_begin_yaw                         
20200820  car_speed                             
2020058c  car_straight_yaw                      
20200824  correction_factor1                    
20200828  correction_factor2                    
2020082c  correction_factor3                    
20200830  correction_factor4                    
202007f4  directory                             
20200834  directory_flag                        
202007fc  directory_num                         
00007e71  dmp_enable_6x_lp_quat                 
000018e5  dmp_enable_feature                    
00007691  dmp_enable_gyro_cal                   
00007eb9  dmp_enable_lp_quat                    
000091d1  dmp_load_motion_driver_firmware       
00002871  dmp_read_fifo                         
00009759  dmp_register_android_orient_cb        
0000976d  dmp_register_tap_cb                   
00006571  dmp_set_fifo_rate                     
000032c9  dmp_set_orientation                   
00008061  dmp_set_shake_reject_thresh           
000087d7  dmp_set_shake_reject_time             
00008809  dmp_set_shake_reject_timeout          
000074ff  dmp_set_tap_axes                      
000080a5  dmp_set_tap_count                     
00001d99  dmp_set_tap_thresh                    
000088cd  dmp_set_tap_time                      
000088fd  dmp_set_tap_time_multi                
00008b79  fputc                                 
00007c15  fputs                                 
000077b1  frexp                                 
000077b1  frexpl                                
20200400  gPWMBBackup                           
202004a0  gPWMDBackup                           
00009925  get_encoder_count                     
00009931  get_encoder_dir                       
0000993d  get_encoder_temp_count                
20200576  gyro                                  
0000b050  hw                                    
20200550  id                                    
00000000  interruptVectors                      
20200838  l_num                                 
00005461  ldexp                                 
00005461  ldexpl                                
0000721d  main                                  
00008e69  memccpy                               
00008f51  memcmp                                
202007eb  mode_flag                             
202005aa  more                                  
00007565  mpu6050_i2c_sda_unlock                
00005ec9  mpu_configure_fifo                    
00007065  mpu_get_accel_fsr                     
000076f1  mpu_get_gyro_fsr                      
00008639  mpu_get_sample_rate                   
00004651  mpu_init                              
00004779  mpu_load_firmware                     
00004ded  mpu_lp_accel_mode                     
00004be1  mpu_read_fifo_stream                  
000060ed  mpu_read_mem                          
000021fd  mpu_reset_fifo                        
000052a1  mpu_set_accel_fsr                     
00002e0d  mpu_set_bypass                        
00005f85  mpu_set_dmp_state                     
00005bc1  mpu_set_gyro_fsr                      
00006439  mpu_set_int_latched                   
00005965  mpu_set_lpf                           
00004fe9  mpu_set_sample_rate                   
000043f5  mpu_set_sensors                       
00006199  mpu_write_mem                         
0000895d  mspm0_delay_ms                        
00008ba5  mspm0_get_clock_ms                    
0000418d  mspm0_i2c_read                        
00005c85  mspm0_i2c_write                       
2020083c  nextway                               
20200840  now_speed                             
000069fd  other_control                         
20200590  pitch                                 
00007869  printf                                
20200844  quanshu                               
000064d5  quanshukongzi                         
20200560  quat                                  
20200848  r_num                                 
0000aee4  reg                                   
20200594  roll                                  
00005461  scalbn                                
00005461  scalbnl                               
20200598  sensor_timestamp                      
202005a8  sensors                               
000084f9  sprintf                               
000035b1  sqrt                                  
000035b1  sqrtl                                 
2020059c  start_time                            
20200850  stop_flag                             
0000ae98  test                                  
202005a0  tick_ms                               
000081ed  u8g2Init                              
000089eb  u8g2_ClearBuffer                      
00008cc5  u8g2_ClearDisplay                     
00006d95  u8g2_DrawBox                          
000066a1  u8g2_DrawGlyph                        
00004525  u8g2_DrawHVLine                       
0000866d  u8g2_DrawUTF8                         
00008d87  u8g2_FirstPage                        
000075c9  u8g2_IsIntersection                   
00007289  u8g2_NextPage                         
00008dad  u8g2_SetBufferCurrTileRow             
00008dd3  u8g2_SetDrawColor                     
0000898d  u8g2_SetFont                          
000097d1  u8g2_SetFontDirection                 
000097e5  u8g2_SetFontMode                      
000097f9  u8g2_SetFontPosBaseline               
000086a1  u8g2_SetMaxClipWindow                 
00006e0d  u8g2_SetupBuffer                      
00007f49  u8g2_Setup_ssd1306_i2c_128x64_noname_f
00005a35  u8g2_UpdateRefHeight                  
00006e85  u8g2_add_vector_x                     
00006efb  u8g2_add_vector_y                     
0000b05c  u8g2_cb_r0                            
0000826b  u8g2_draw_hv_line_2dir                
000086d5  u8g2_draw_l90_r0                      
000099d5  u8g2_font_calc_vref_font              
00007f91  u8g2_font_decode_get_signed_bits      
00006a85  u8g2_font_decode_get_unsigned_bits    
00001b5d  u8g2_font_decode_glyph                
00003dd1  u8g2_font_decode_len                  
000049bd  u8g2_font_get_glyph_data              
0000a646  u8g2_font_unifont_st16                
00006737  u8g2_is_intersection_decision_tree    
00003889  u8g2_ll_hvline_vertical_top_lsb       
0000980d  u8g2_m_16_8_f                         
00004eed  u8g2_read_font_info                   
000098ad  u8g2_update_dimension_r0              
00008531  u8g2_update_page_win_r0               
0000873d  u8x8_DrawTile                         
0000958d  u8x8_InitDisplay                      
000095a3  u8x8_RefreshDisplay                   
00008f71  u8x8_SetPowerSave                     
00008567  u8x8_Setup                            
000080e9  u8x8_SetupDefaults                    
000095b9  u8x8_SetupMemory                      
000095cf  u8x8_byte_EndTransfer                 
000095e5  u8x8_byte_SendByte                    
00008e8b  u8x8_byte_SendBytes                   
000095fb  u8x8_byte_StartTransfer               
00005e09  u8x8_byte_sw_i2c                      
00009611  u8x8_cad_EndTransfer                  
00008f91  u8x8_cad_SendArg                      
00008fb1  u8x8_cad_SendCmd                      
00008ead  u8x8_cad_SendData                     
000062f1  u8x8_cad_SendSequence                 
00009627  u8x8_cad_StartTransfer                
000042c1  u8x8_cad_ssd13xx_fast_i2c             
000072f5  u8x8_d_helper_display_init            
00009207  u8x8_d_helper_display_setup_memory    
00006c99  u8x8_d_ssd1306_128x64_noname          
0000963d  u8x8_dummy_cb                         
00002c41  u8x8_gpio_and_delay                   
00008df9  u8x8_gpio_call                        
000098bd  u8x8_utf8_init                        
00004051  u8x8_utf8_next                        
00008bd1  uart0_send_char                       
20200852  uart_data                             
000098cd  wcslen                                
00007431  xianshuc                              
2020084c  xspeed                                
202005a4  yaw                                   
00003b45  zb_control                            


GLOBAL SYMBOLS: SORTED BY Symbol Address 

address   name                                  
-------   ----                                  
00000000  __TI_ATRegion0_region_sz              
00000000  __TI_ATRegion0_src_addr               
00000000  __TI_ATRegion0_trg_addr               
00000000  __TI_ATRegion1_region_sz              
00000000  __TI_ATRegion1_src_addr               
00000000  __TI_ATRegion1_trg_addr               
00000000  __TI_ATRegion2_region_sz              
00000000  __TI_ATRegion2_src_addr               
00000000  __TI_ATRegion2_trg_addr               
00000000  __TI_static_base__                    
00000000  interruptVectors                      
000000c1  __TI_printfi                          
00000200  __STACK_SIZE                          
00000a91  HOME_directory                        
00001289  asin                                  
00001289  asinl                                 
000015ed  atan                                  
000015ed  atanl                                 
000018e5  dmp_enable_feature                    
00001b5d  u8g2_font_decode_glyph                
00001d99  dmp_set_tap_thresh                    
00001fd1  Read_Quad                             
000021fd  mpu_reset_fifo                        
00002429  SYSCFG_DL_GPIO_init                   
00002871  dmp_read_fifo                         
00002c41  u8x8_gpio_and_delay                   
00002e0d  mpu_set_bypass                        
00002fad  __aeabi_dsub                          
00002fad  __subdf3                              
00002fb7  __adddf3                              
00002fb7  __aeabi_dadd                          
0000313f  __aeabi_idiv0                         
00003141  atan2                                 
00003141  atan2l                                
000032c9  dmp_set_orientation                   
00003441  Calibration_waiting                   
000035b1  sqrt                                  
000035b1  sqrtl                                 
00003889  u8g2_ll_hvline_vertical_top_lsb       
000039ed  GROUP1_IRQHandler                     
00003b45  zb_control                            
00003c8d  MPU6050_Init                          
00003dd1  u8g2_font_decode_len                  
00003f13  __aeabi_ldiv0                         
00004051  u8x8_utf8_next                        
0000418d  mspm0_i2c_read                        
000042c1  u8x8_cad_ssd13xx_fast_i2c             
000043f5  mpu_set_sensors                       
00004525  u8g2_DrawHVLine                       
0000464f  _nop                                  
00004651  mpu_init                              
00004779  mpu_load_firmware                     
000049bd  u8g2_font_get_glyph_data              
00004ad5  __aeabi_ddiv                          
00004ad5  __divdf3                              
00004be1  mpu_read_fifo_stream                  
00004ce9  DL_Timer_initFourCCPWMMode            
00004ded  mpu_lp_accel_mode                     
00004eed  u8g2_read_font_info                   
00004fe9  mpu_set_sample_rate                   
000050d5  DL_Timer_initTimerMode                
000051bd  __aeabi_dmul                          
000051bd  __muldf3                              
000052a1  mpu_set_accel_fsr                     
00005385  DL_SYSCTL_configSYSPLL                
00005461  ldexp                                 
00005461  ldexpl                                
00005461  scalbn                                
00005461  scalbnl                               
00005611  __aeabi_fsub                          
00005611  __subsf3                              
0000561b  __addsf3                              
0000561b  __aeabi_fadd                          
00005895  CAR_control                           
00005965  mpu_set_lpf                           
00005a35  u8g2_UpdateRefHeight                  
00005afd  SYSCFG_DL_initPower                   
00005bc1  mpu_set_gyro_fsr                      
00005c85  mspm0_i2c_write                       
00005d49  PID_control                           
00005e09  u8x8_byte_sw_i2c                      
00005ec9  mpu_configure_fifo                    
00005f85  mpu_set_dmp_state                     
000060ed  mpu_read_mem                          
00006199  mpu_write_mem                         
000062f1  u8x8_cad_SendSequence                 
00006395  __udivmoddi4                          
00006439  mpu_set_int_latched                   
000064d5  quanshukongzi                         
00006571  dmp_set_fifo_rate                     
000066a1  u8g2_DrawGlyph                        
00006737  u8g2_is_intersection_decision_tree    
00006859  __aeabi_fmul                          
00006859  __mulsf3                              
000069fd  other_control                         
00006a85  u8g2_font_decode_get_unsigned_bits    
00006c15  __aeabi_fdiv                          
00006c15  __divsf3                              
00006c99  u8x8_d_ssd1306_128x64_noname          
00006d19  __TI_decompress_lzss                  
00006d95  u8g2_DrawBox                          
00006e0d  u8g2_SetupBuffer                      
00006e85  u8g2_add_vector_x                     
00006efb  u8g2_add_vector_y                     
00006f71  __gedf2                               
00006f71  __gtdf2                               
00006fe5  __aeabi_memclr                        
00006fe5  __aeabi_memclr4                       
00006fe5  __aeabi_memclr8                       
00006ff1  __aeabi_d2f                           
00006ff1  __truncdfsf2                          
00007065  mpu_get_accel_fsr                     
000070d9  SYSCFG_DL_PWMB_init                   
00007145  SYSCFG_DL_PWMC_init                   
000071b1  SYSCFG_DL_PWMD_init                   
0000721d  main                                  
00007289  u8g2_NextPage                         
000072f5  u8x8_d_helper_display_init            
00007361  SYSCFG_DL_PWMA_init                   
000073c9  __cmpdf2                              
000073c9  __eqdf2                               
000073c9  __ledf2                               
000073c9  __ltdf2                               
000073c9  __nedf2                               
00007431  xianshuc                              
000074ff  dmp_set_tap_axes                      
00007565  mpu6050_i2c_sda_unlock                
000075c9  u8g2_IsIntersection                   
0000762d  __aeabi_dcmpeq                        
00007641  __aeabi_dcmplt                        
00007655  __aeabi_dcmple                        
00007669  __aeabi_dcmpge                        
0000767d  __aeabi_dcmpgt                        
00007691  dmp_enable_gyro_cal                   
000076f1  mpu_get_gyro_fsr                      
00007751  DL_I2C_fillControllerTXFIFO           
000077b1  frexp                                 
000077b1  frexpl                                
00007869  printf                                
000078c5  SYSCFG_DL_I2C_BUS_init                
0000791d  SYSCFG_DL_I2C_MPU6050_init            
00007975  __TI_ltoa                             
00007a25  __aeabi_idiv                          
00007a25  __aeabi_idivmod                       
00007c15  fputs                                 
00007d01  SYSCFG_DL_SYSCTL_init                 
00007d4d  __aeabi_d2iz                          
00007d4d  __fixdfsi                             
00007de1  DL_UART_init                          
00007e29  SYSCFG_DL_UART_0_init                 
00007e71  dmp_enable_6x_lp_quat                 
00007eb9  dmp_enable_lp_quat                    
00007f49  u8g2_Setup_ssd1306_i2c_128x64_noname_f
00007f91  u8g2_font_decode_get_signed_bits      
00007fd9  DL_SYSCTL_switchMCLKfromSYSOSCtoHSCLK 
0000801d  SYSCFG_DL_init                        
00008061  dmp_set_shake_reject_thresh           
000080a5  dmp_set_tap_count                     
000080e9  u8x8_SetupDefaults                    
0000812d  __aeabi_uidiv                         
0000812d  __aeabi_uidivmod                      
0000816d  __aeabi_f2d                           
0000816d  __extendsfdf2                         
000081ad  atoi                                  
000081ed  u8g2Init                              
0000826b  u8g2_draw_hv_line_2dir                
00008321  DL_I2C_flushControllerTXFIFO          
00008399  SYSCFG_DL_TIMER_TICK_init             
000083d5  __aeabi_i2f                           
000083d5  __floatsisf                           
00008411  __TI_auto_init_nobinit_nopinit        
0000844d  __muldsi3                             
00008489  __aeabi_f2iz                          
00008489  __fixsfsi                             
000084f9  sprintf                               
00008531  u8g2_update_page_win_r0               
00008567  u8x8_Setup                            
00008605  SysTick_Init                          
00008639  mpu_get_sample_rate                   
0000866d  u8g2_DrawUTF8                         
000086a1  u8g2_SetMaxClipWindow                 
000086d5  u8g2_draw_l90_r0                      
0000873d  u8x8_DrawTile                         
000087a5  MSPM0_Init                            
000087d7  dmp_set_shake_reject_time             
00008809  dmp_set_shake_reject_timeout          
0000883d  TIMG0_IRQHandler                      
0000886d  UART0_IRQHandler                      
000088cd  dmp_set_tap_time                      
000088fd  dmp_set_tap_time_multi                
0000895d  mspm0_delay_ms                        
0000898d  u8g2_SetFont                          
000089eb  u8g2_ClearBuffer                      
00008a19  DIRECTORY_control                     
00008b4d  __aeabi_i2d                           
00008b4d  __floatsidf                           
00008b79  fputc                                 
00008ba5  mspm0_get_clock_ms                    
00008bd1  uart0_send_char                       
00008c9d  __aeabi_ui2f                          
00008c9d  __floatunsisf                         
00008cc5  u8g2_ClearDisplay                     
00008ced  _c_int00_noargs                       
00008d3b  DL_I2C_setClockConfig                 
00008d87  u8g2_FirstPage                        
00008dad  u8g2_SetBufferCurrTileRow             
00008dd3  u8g2_SetDrawColor                     
00008df9  u8x8_gpio_call                        
00008e21  GPIO_Init                             
00008e45  __aeabi_lmul                          
00008e45  __muldi3                              
00008e69  memccpy                               
00008e8b  u8x8_byte_SendBytes                   
00008ead  u8x8_cad_SendData                     
00008f31  UART_Init                             
00008f51  memcmp                                
00008f71  u8x8_SetPowerSave                     
00008f91  u8x8_cad_SendArg                      
00008fb1  u8x8_cad_SendCmd                      
00008ff1  __aeabi_llsl                          
00008ff1  __ashldi3                             
0000917d  DL_Timer_setCaptCompUpdateMethod      
00009199  DL_Timer_setClockConfig               
000091d1  dmp_load_motion_driver_firmware       
00009207  u8x8_d_helper_display_setup_memory    
00009461  DL_Timer_setCaptureCompareOutCtl      
0000958d  u8x8_InitDisplay                      
000095a3  u8x8_RefreshDisplay                   
000095b9  u8x8_SetupMemory                      
000095cf  u8x8_byte_EndTransfer                 
000095e5  u8x8_byte_SendByte                    
000095fb  u8x8_byte_StartTransfer               
00009611  u8x8_cad_EndTransfer                  
00009627  u8x8_cad_StartTransfer                
0000963d  u8x8_dummy_cb                         
00009745  __aeabi_uldivmod                      
00009759  dmp_register_android_orient_cb        
0000976d  dmp_register_tap_cb                   
000097d1  u8g2_SetFontDirection                 
000097e5  u8g2_SetFontMode                      
000097f9  u8g2_SetFontPosBaseline               
0000980d  u8g2_m_16_8_f                         
00009845  DL_UART_setClockConfig                
00009857  TI_memcpy_small                       
00009869  __TI_decompress_none                  
0000988d  DL_Timer_setCaptureCompareValue       
0000989d  SysTick_Handler                       
000098ad  u8g2_update_dimension_r0              
000098bd  u8x8_utf8_init                        
000098cd  wcslen                                
000098dd  __TI_zero_init                        
000098ed  __aeabi_memset                        
000098ed  __aeabi_memset4                       
000098ed  __aeabi_memset8                       
00009917  TI_memset_small                       
00009925  get_encoder_count                     
00009931  get_encoder_dir                       
0000993d  get_encoder_temp_count                
00009949  DL_Common_delayCycles                 
000099d5  u8g2_font_calc_vref_font              
000099e9  __aeabi_errno_addr                    
000099f1  __aeabi_memcpy                        
000099f1  __aeabi_memcpy4                       
000099f1  __aeabi_memcpy8                       
00009a27  abort                                 
00009a2d  ADC0_IRQHandler                       
00009a2d  ADC1_IRQHandler                       
00009a2d  AES_IRQHandler                        
00009a2d  CANFD0_IRQHandler                     
00009a2d  DAC0_IRQHandler                       
00009a2d  DMA_IRQHandler                        
00009a2d  Default_Handler                       
00009a2d  GROUP0_IRQHandler                     
00009a2d  HardFault_Handler                     
00009a2d  I2C0_IRQHandler                       
00009a2d  I2C1_IRQHandler                       
00009a2d  NMI_Handler                           
00009a2d  PendSV_Handler                        
00009a2d  RTC_IRQHandler                        
00009a2d  SPI0_IRQHandler                       
00009a2d  SPI1_IRQHandler                       
00009a2d  SVC_Handler                           
00009a2d  TIMA0_IRQHandler                      
00009a2d  TIMA1_IRQHandler                      
00009a2d  TIMG12_IRQHandler                     
00009a2d  TIMG6_IRQHandler                      
00009a2d  TIMG7_IRQHandler                      
00009a2d  TIMG8_IRQHandler                      
00009a2d  UART1_IRQHandler                      
00009a2d  UART2_IRQHandler                      
00009a2d  UART3_IRQHandler                      
00009a30  C$$EXIT                               
00009a31  HOSTexit                              
00009a39  Reset_Handler                         
00009a4d  _system_pre_init                      
0000a646  u8g2_font_unifont_st16                
0000acf0  __aeabi_ctype_table_                  
0000acf0  __aeabi_ctype_table_C                 
0000ae98  test                                  
0000aee4  reg                                   
0000b050  hw                                    
0000b05c  u8g2_cb_r0                            
0000b2d4  __TI_Handler_Table_Base               
0000b2e0  __TI_Handler_Table_Limit              
0000b2e8  __TI_CINIT_Base                       
0000b2f8  __TI_CINIT_Limit                      
0000b2f8  __TI_CINIT_Warm                       
20200000  __start___llvm_prf_bits               
20200000  __start___llvm_prf_cnts               
20200000  __stop___llvm_prf_bits                
20200000  __stop___llvm_prf_cnts                
20200400  gPWMBBackup                           
202004a0  gPWMDBackup                           
20200550  id                                    
20200560  quat                                  
20200570  accel                                 
20200576  gyro                                  
2020057c  D                                     
20200580  I                                     
20200584  P                                     
20200588  car_begin_yaw                         
2020058c  car_straight_yaw                      
20200590  pitch                                 
20200594  roll                                  
20200598  sensor_timestamp                      
2020059c  start_time                            
202005a0  tick_ms                               
202005a4  yaw                                   
202005a8  sensors                               
202005aa  more                                  
202005ac  _ftable                               
202007eb  mode_flag                             
202007f4  directory                             
202007fc  directory_num                         
20200808  MAX                                   
2020080c  MAX_CORRECTION                        
20200810  MIN                                   
20200814  __aeabi_errno                         
20200818  _lock                                 
2020081c  _unlock                               
20200820  car_speed                             
20200824  correction_factor1                    
20200828  correction_factor2                    
2020082c  correction_factor3                    
20200830  correction_factor4                    
20200834  directory_flag                        
20200838  l_num                                 
2020083c  nextway                               
20200840  now_speed                             
20200844  quanshu                               
20200848  r_num                                 
2020084c  xspeed                                
20200850  stop_flag                             
20200852  uart_data                             
20207e00  __stack                               
20208000  __STACK_END                           
ffffffff  __TI_pprof_out_hndl                   
ffffffff  __TI_prof_data_size                   
ffffffff  __TI_prof_data_start                  
ffffffff  __binit__                             
ffffffff  binit                                 
UNDEFED   __mpu_init                            
UNDEFED   _system_post_cinit                    

[363 symbols]
