******************************************************************************
            TI ARM Clang Linker PC v4.0.3                      
******************************************************************************
>> Linked Sat Nov 22 17:54:59 2025

OUTPUT FILE NAME:   <car2025_11_16.out>
ENTRY POINT SYMBOL: "_c_int00_noargs"  address: 0000aa85


MEMORY CONFIGURATION

         name            origin    length      used     unused   attr    fill
----------------------  --------  ---------  --------  --------  ----  --------
  FLASH                 00000000   00020000  0000d178  00012e88  R  X
  SRAM                  20200000   00008000  00000b1a  000074e6  RW X
  BCR_CONFIG            41c00000   000000ff  00000000  000000ff  R   
  BSL_CONFIG            41c00100   00000080  00000000  00000080  R   


SEGMENT ALLOCATION MAP

run origin  load origin   length   init length attrs members
----------  ----------- ---------- ----------- ----- -------
00000000    00000000    0000d178   0000d178    r-x
  00000000    00000000    000000c0   000000c0    r-- .intvecs
  000000c0    000000c0    0000b880   0000b880    r-x .text
  0000b940    0000b940    000016e0   000016e0    r-- .rodata
  0000d020    0000d020    00000158   00000158    r-- .cinit
20200000    20200000    0000091c   00000000    rw-
  20200000    20200000    0000063e   00000000    rw- .bss
  20200640    20200640    000002dc   00000000    rw- .data
20207e00    20207e00    00000200   00000000    rw-
  20207e00    20207e00    00000200   00000000    rw- .stack


SECTION ALLOCATION MAP

 output                                  attributes/
section   page    origin      length       input sections
--------  ----  ----------  ----------   ----------------
.intvecs   0    00000000    000000c0     
                  00000000    000000c0     startup_mspm0g350x_ticlang.o (.intvecs)

.text      0    000000c0    0000b880     
                  000000c0    00000ba4     line_follower.o (.text.line_follower)
                  00000c64    000009d0     libc.a : _printfi.c.obj (.text:__TI_printfi)
                  00001634    000007f8     draw.o (.text.HOME_directory)
                  00001e2c    00000364     libc.a : e_asin.c.obj (.text.asin)
                  00002190    0000030c     interrupt.o (.text.GROUP1_IRQHandler)
                  0000249c    000002f8     libc.a : s_atan.c.obj (.text.atan)
                  00002794    00000288     ti_msp_dl_config.o (.text.SYSCFG_DL_GPIO_init)
                  00002a1c    00000278     electrical_machinery.o (.text.MOTOR_CONTROL)
                  00002c94    00000278     inv_mpu_dmp_motion_driver.o (.text.dmp_enable_feature)
                  00002f0c    0000023c     u8g2_font.o (.text.u8g2_font_decode_glyph)
                  00003148    00000238     inv_mpu_dmp_motion_driver.o (.text.dmp_set_tap_thresh)
                  00003380    0000022c     mpu6050.o (.text.Read_Quad)
                  000035ac    0000022c     inv_mpu.o (.text.mpu_reset_fifo)
                  000037d8    00000220     libc.a : _printfi.c.obj (.text._pconv_a)
                  000039f8    00000210     line_follower.o (.text.c_control)
                  00003c08    000001f4     inv_mpu_dmp_motion_driver.o (.text.dmp_read_fifo)
                  00003dfc    000001dc     libc.a : _printfi.c.obj (.text._pconv_g)
                  00003fd8    000001cc     oled.o (.text.u8x8_gpio_and_delay)
                  000041a4    000001a8     line_follower.o (.text.angle_correction)
                  0000434c    000001a0     inv_mpu.o (.text.mpu_set_bypass)
                  000044ec    00000192     libclang_rt.builtins.a : adddf3.S.obj (.text.adddf3_subdf3)
                  0000467e    00000002                            : aeabi_div0.c.obj (.text.__aeabi_idiv0)
                  00004680    00000188     libc.a : e_atan2.c.obj (.text.atan2)
                  00004808    00000178     inv_mpu_dmp_motion_driver.o (.text.dmp_set_orientation)
                  00004980    00000170     libc.a : e_sqrt.c.obj (.text.sqrt)
                  00004af0    00000168     u8x8_d_ssd1306_128x64_noname.o (.text.u8x8_d_ssd1306_sh1106_generic)
                  00004c58    00000164     u8g2_ll_hvline.o (.text.u8g2_ll_hvline_vertical_top_lsb)
                  00004dbc    00000148     draw.o (.text.zb_control)
                  00004f04    00000144     mpu6050.o (.text.MPU6050_Init)
                  00005048    00000142     u8g2_font.o (.text.u8g2_font_decode_len)
                  0000518a    00000002     libclang_rt.builtins.a : aeabi_div0.c.obj (.text.__aeabi_ldiv0)
                  0000518c    0000013c     libc.a : _printfi.c.obj (.text.fcvt)
                  000052c8    0000013c     u8x8_8x8.o (.text.u8x8_utf8_next)
                  00005404    00000134     mspm0_i2c.o (.text.mspm0_i2c_read)
                  00005538    00000134     mspm0_xj_i2c.o (.text.mspm0_xj_i2c_read)
                  0000566c    00000134     u8x8_cad.o (.text.u8x8_cad_ssd13xx_fast_i2c)
                  000057a0    00000130     inv_mpu.o (.text.mpu_set_sensors)
                  000058d0    0000012a     u8g2_hvline.o (.text.u8g2_DrawHVLine)
                  000059fa    00000002     libc.a : _lock.c.obj (.text._nop)
                  000059fc    00000128     inv_mpu.o (.text.mpu_init)
                  00005b24    00000124     inv_mpu.o (.text.mpu_load_firmware)
                  00005c48    00000120     libc.a : _printfi.c.obj (.text._pconv_e)
                  00005d68    00000116     u8g2_font.o (.text.u8g2_font_get_glyph_data)
                  00005e7e    00000002     --HOLE-- [fill = 0]
                  00005e80    0000010c     libclang_rt.builtins.a : divdf3.S.obj (.text.__divdf3)
                  00005f8c    00000108     inv_mpu.o (.text.mpu_read_fifo_stream)
                  00006094    00000104     driverlib.a : dl_timer.o (.text.DL_Timer_initFourCCPWMMode)
                  00006198    00000100     inv_mpu.o (.text.mpu_lp_accel_mode)
                  00006298    000000fc     u8g2_font.o (.text.u8g2_read_font_info)
                  00006394    000000ec     inv_mpu.o (.text.mpu_set_sample_rate)
                  00006480    000000e8     driverlib.a : dl_timer.o (.text.DL_Timer_initTimerMode)
                  00006568    000000e4     libclang_rt.builtins.a : muldf3.S.obj (.text.__muldf3)
                  0000664c    000000e4     inv_mpu.o (.text.mpu_set_accel_fsr)
                  00006730    000000dc     driverlib.a : dl_sysctl_mspm0g1x0x_g3x0x.o (.text.DL_SYSCTL_configSYSPLL)
                  0000680c    000000d8     libc.a : s_scalbn.c.obj (.text.scalbn)
                  000068e4    000000d8     u8g2_font.o (.text.u8g2_draw_string)
                  000069bc    000000d8     libclang_rt.builtins.a : addsf3.S.obj (.text)
                  00006a94    000000d6     u8g2_hvline.o (.text.u8g2_clip_intersection2)
                  00006b6a    00000002     --HOLE-- [fill = 0]
                  00006b6c    000000d4     ti_msp_dl_config.o (.text.SYSCFG_DL_initPower)
                  00006c40    000000d4     inv_mpu.o (.text.set_int_enable)
                  00006d14    000000d0     draw.o (.text.CAR_control)
                  00006de4    000000d0     inv_mpu.o (.text.mpu_set_lpf)
                  00006eb4    000000c6     u8g2_font.o (.text.u8g2_UpdateRefHeight)
                  00006f7a    00000002     --HOLE-- [fill = 0]
                  00006f7c    000000c4     inv_mpu.o (.text.mpu_set_gyro_fsr)
                  00007040    000000c4     mspm0_i2c.o (.text.mspm0_i2c_write)
                  00007104    000000c0     draw.o (.text.PID_control)
                  000071c4    000000c0     u8x8_byte.o (.text.u8x8_byte_sw_i2c)
                  00007284    000000bc     electrical_machinery.o (.text.Velocity_A)
                  00007340    000000bc     electrical_machinery.o (.text.Velocity_B)
                  000073fc    000000bc     electrical_machinery.o (.text.Velocity_C)
                  000074b8    000000bc     electrical_machinery.o (.text.Velocity_D)
                  00007574    000000bc     inv_mpu.o (.text.mpu_configure_fifo)
                  00007630    000000b8     inv_mpu.o (.text.mpu_set_dmp_state)
                  000076e8    000000ae     u8g2_setup.o (.text.u8g2_update_dimension_common)
                  00007796    00000002     --HOLE-- [fill = 0]
                  00007798    000000ac     inv_mpu.o (.text.mpu_read_mem)
                  00007844    000000ac     inv_mpu.o (.text.mpu_write_mem)
                  000078f0    000000ac     u8g2_setup.o (.text.u8g2_apply_clip_window)
                  0000799c    000000a4     u8x8_cad.o (.text.u8x8_cad_SendSequence)
                  00007a40    000000a2     libclang_rt.builtins.a : udivmoddi4.S.obj (.text)
                  00007ae2    00000002     --HOLE-- [fill = 0]
                  00007ae4    0000009c     inv_mpu.o (.text.mpu_set_int_latched)
                  00007b80    0000009c     draw.o (.text.quanshukongzi)
                  00007c1c    00000098     inv_mpu_dmp_motion_driver.o (.text.dmp_set_fifo_rate)
                  00007cb4    00000096     mpu6050.o (.text.inv_row_2_scale)
                  00007d4a    00000002     --HOLE-- [fill = 0]
                  00007d4c    00000096     u8g2_font.o (.text.u8g2_DrawGlyph)
                  00007de2    00000094     u8g2_intersection.o (.text.u8g2_is_intersection_decision_tree)
                  00007e76    0000008e     u8g2_buffer.o (.text.u8g2_send_buffer)
                  00007f04    0000008c     libclang_rt.builtins.a : mulsf3.S.obj (.text.__mulsf3)
                  00007f90    0000008c     inv_mpu_dmp_motion_driver.o (.text.decode_gesture)
                  0000801c    0000008a     u8x8_byte.o (.text.i2c_write_byte)
                  000080a6    00000002     --HOLE-- [fill = 0]
                  000080a8    00000088     line_follower.o (.text.filter_sensor_state)
                  00008130    00000088     draw.o (.text.other_control)
                  000081b8    00000088     u8g2_font.o (.text.u8g2_font_decode_get_unsigned_bits)
                  00008240    00000084     clock.o (.text.__NVIC_SetPriority)
                  000082c4    00000084     ti_msp_dl_config.o (.text.__NVIC_SetPriority)
                  00008348    00000082     libclang_rt.builtins.a : divsf3.S.obj (.text.__divsf3)
                  000083ca    00000002     --HOLE-- [fill = 0]
                  000083cc    00000080     u8x8_d_ssd1306_128x64_noname.o (.text.u8x8_d_ssd1306_128x64_noname)
                  0000844c    0000007c     electrical_machinery.o (.text.car_run)
                  000084c8    0000007c     libc.a : copy_decompress_lzss.c.obj (.text:decompress:lzss)
                  00008544    00000078     interrupt.o (.text.TIMG0_IRQHandler)
                  000085bc    00000078     u8g2_box.o (.text.u8g2_DrawBox)
                  00008634    00000078     u8g2_setup.o (.text.u8g2_SetupBuffer)
                  000086ac    00000076     u8g2_font.o (.text.u8g2_add_vector_x)
                  00008722    00000076     u8g2_font.o (.text.u8g2_add_vector_y)
                  00008798    00000074     libclang_rt.builtins.a : comparedf2.c.obj (.text.__gedf2)
                  0000880c    00000004     startup_mspm0g350x_ticlang.o (.text.Default_Handler)
                  00008810    00000074     libclang_rt.builtins.a : truncdfsf2.S.obj (.text.__truncdfsf2)
                  00008884    00000074     inv_mpu.o (.text.mpu_get_accel_fsr)
                  000088f8    0000006c     ti_msp_dl_config.o (.text.SYSCFG_DL_PWMB_init)
                  00008964    0000006c     ti_msp_dl_config.o (.text.SYSCFG_DL_PWMC_init)
                  000089d0    0000006c     ti_msp_dl_config.o (.text.SYSCFG_DL_PWMD_init)
                  00008a3c    0000006c     line_follower.o (.text.handle_turn_event)
                  00008aa8    0000006c     u8g2_buffer.o (.text.u8g2_NextPage)
                  00008b14    0000006c     u8x8_display.o (.text.u8x8_d_helper_display_init)
                  00008b80    00000068     ti_msp_dl_config.o (.text.SYSCFG_DL_PWMA_init)
                  00008be8    00000068     libclang_rt.builtins.a : comparedf2.c.obj (.text.__ledf2)
                  00008c50    00000068     interrupt.o (.text.get_encoder_count)
                  00008cb8    00000068     main.o (.text.main)
                  00008d20    00000068     draw.o (.text.xianshuc)
                  00008d88    00000066     libc.a : _printfi.c.obj (.text._mcpy)
                  00008dee    00000066     inv_mpu_dmp_motion_driver.o (.text.dmp_set_tap_axes)
                  00008e54    00000064     mspm0_xj_i2c.o (.text.motor_xj_i2c_sda_unlock)
                  00008eb8    00000064     mspm0_i2c.o (.text.mpu6050_i2c_sda_unlock)
                  00008f1c    00000064     u8g2_intersection.o (.text.u8g2_IsIntersection)
                  00008f80    00000062     libclang_rt.builtins.a : aeabi_dcmp.S.obj (.text.__aeabi_dcmp)
                  00008fe2    00000002     --HOLE-- [fill = 0]
                  00008fe4    00000062                            : aeabi_fcmp.S.obj (.text.__aeabi_fcmp)
                  00009046    00000002     --HOLE-- [fill = 0]
                  00009048    00000060     line_follower.o (.text.angle_calculation)
                  000090a8    00000060     inv_mpu_dmp_motion_driver.o (.text.dmp_enable_gyro_cal)
                  00009108    00000060     inv_mpu.o (.text.mpu_get_gyro_fsr)
                  00009168    0000005e     driverlib.a : dl_i2c.o (.text.DL_I2C_fillControllerTXFIFO)
                  000091c6    00000002     --HOLE-- [fill = 0]
                  000091c8    0000005c     libc.a : s_frexp.c.obj (.text.frexp)
                  00009224    0000005c     mspm0_i2c.o (.text.mspm0_i2c_enable)
                  00009280    0000005c     mspm0_xj_i2c.o (.text.mspm0_i2c_enable)
                  000092dc    0000005c     libc.a : printf.c.obj (.text.printf)
                  00009338    00000058     ti_msp_dl_config.o (.text.SYSCFG_DL_I2C_BUS_init)
                  00009390    00000058     ti_msp_dl_config.o (.text.SYSCFG_DL_I2C_MPU6050_init)
                  000093e8    00000058     libc.a : _ltoa.c.obj (.text.__TI_ltoa)
                  00009440    00000058            : _printfi.c.obj (.text._pconv_f)
                  00009498    00000056     libclang_rt.builtins.a : aeabi_idivmod.S.obj (.text.__aeabi_idivmod)
                  000094ee    00000002     --HOLE-- [fill = 0]
                  000094f0    00000054     ti_msp_dl_config.o (.text.SYSCFG_DL_init)
                  00009544    00000054     u8g2_buffer.o (.text.u8g2_send_tile_row)
                  00009598    00000054     line_follower.o (.text.update_turn_count)
                  000095ec    00000052     libc.a : _printfi.c.obj (.text._ecpy)
                  0000963e    00000052     u8g2_font.o (.text.u8g2_font_setup_decode)
                  00009690    00000050     mspm0_i2c.o (.text.DL_I2C_startControllerTransfer)
                  000096e0    00000050     mspm0_xj_i2c.o (.text.DL_I2C_startControllerTransfer)
                  00009730    00000050     clock.o (.text.SysTick_Config)
                  00009780    00000050     uart.o (.text.fputs)
                  000097d0    00000050     u8g2_font.o (.text.u8g2_font_draw_glyph)
                  00009820    0000004c     ti_msp_dl_config.o (.text.DL_UART_setBaudRateDivisor)
                  0000986c    0000004c     ti_msp_dl_config.o (.text.SYSCFG_DL_SYSCTL_init)
                  000098b8    0000004c     ti_msp_dl_config.o (.text.SYSCFG_DL_UART_1_init)
                  00009904    0000004a     libclang_rt.builtins.a : fixdfsi.S.obj (.text.__fixdfsi)
                  0000994e    0000004a     u8x8_byte.o (.text.i2c_start)
                  00009998    00000048     driverlib.a : dl_uart.o (.text.DL_UART_init)
                  000099e0    00000048     ti_msp_dl_config.o (.text.SYSCFG_DL_UART_0_init)
                  00009a28    00000048     inv_mpu_dmp_motion_driver.o (.text.dmp_enable_6x_lp_quat)
                  00009a70    00000048     inv_mpu_dmp_motion_driver.o (.text.dmp_enable_lp_quat)
                  00009ab8    00000048     mspm0_i2c.o (.text.mspm0_i2c_disable)
                  00009b00    00000048     mspm0_xj_i2c.o (.text.mspm0_i2c_disable)
                  00009b48    00000048     u8g2_d_setup.o (.text.u8g2_Setup_ssd1306_i2c_128x64_noname_f)
                  00009b90    00000046     u8g2_font.o (.text.u8g2_font_decode_get_signed_bits)
                  00009bd6    00000002     --HOLE-- [fill = 0]
                  00009bd8    00000044     driverlib.a : dl_sysctl_mspm0g1x0x_g3x0x.o (.text.DL_SYSCTL_switchMCLKfromSYSOSCtoHSCLK)
                  00009c1c    00000044     inv_mpu_dmp_motion_driver.o (.text.dmp_set_shake_reject_thresh)
                  00009c60    00000044     inv_mpu_dmp_motion_driver.o (.text.dmp_set_tap_count)
                  00009ca4    00000044     u8x8_setup.o (.text.u8x8_SetupDefaults)
                  00009ce8    00000040     libclang_rt.builtins.a : aeabi_uidivmod.S.obj (.text.__aeabi_uidivmod)
                  00009d28    00000040                            : extendsfdf2.S.obj (.text.__extendsfdf2)
                  00009d68    00000040     libc.a : atoi.c.obj (.text.atoi)
                  00009da8    00000040     oled.o (.text.u8g2Init)
                  00009de8    0000003e     mpu6050.o (.text.inv_orientation_matrix_to_scalar)
                  00009e26    0000003e     u8g2_hvline.o (.text.u8g2_draw_hv_line_2dir)
                  00009e64    0000003c     mspm0_i2c.o (.text.DL_GPIO_initPeripheralInputFunctionFeatures)
                  00009ea0    0000003c     mspm0_xj_i2c.o (.text.DL_GPIO_initPeripheralInputFunctionFeatures)
                  00009edc    0000003c     ti_msp_dl_config.o (.text.DL_GPIO_initPeripheralInputFunctionFeatures)
                  00009f18    0000003c     driverlib.a : dl_i2c.o (.text.DL_I2C_flushControllerTXFIFO)
                  00009f54    0000003c     ti_msp_dl_config.o (.text.DL_Timer_setCounterControl)
                  00009f90    0000003c     ti_msp_dl_config.o (.text.SYSCFG_DL_TIMER_TICK_init)
                  00009fcc    0000003c     libclang_rt.builtins.a : floatsisf.S.obj (.text.__floatsisf)
                  0000a008    0000003c                            : comparesf2.S.obj (.text.__gtsf2)
                  0000a044    0000003c     libc.a : autoinit.c.obj (.text:__TI_auto_init_nobinit_nopinit)
                  0000a080    0000003a     libclang_rt.builtins.a : comparesf2.S.obj (.text.__eqsf2)
                  0000a0ba    00000002     --HOLE-- [fill = 0]
                  0000a0bc    0000003a                            : muldsi3.S.obj (.text.__muldsi3)
                  0000a0f6    00000002     --HOLE-- [fill = 0]
                  0000a0f8    00000038     ti_msp_dl_config.o (.text.DL_GPIO_initPeripheralOutputFunctionFeatures)
                  0000a130    00000038     libclang_rt.builtins.a : fixsfsi.S.obj (.text.__fixsfsi)
                  0000a168    00000038     u8x8_byte.o (.text.i2c_write_bit)
                  0000a1a0    00000038     line_follower.o (.text.parse_sensor_data)
                  0000a1d8    00000038     libc.a : sprintf.c.obj (.text.sprintf)
                  0000a210    00000036     u8g2_setup.o (.text.u8g2_update_page_win_r0)
                  0000a246    00000036     u8x8_setup.o (.text.u8x8_Setup)
                  0000a27c    00000034     mspm0_i2c.o (.text.DL_GPIO_initDigitalInputFeatures)
                  0000a2b0    00000034     mspm0_xj_i2c.o (.text.DL_GPIO_initDigitalInputFeatures)
                  0000a2e4    00000034     ti_msp_dl_config.o (.text.DL_GPIO_initDigitalInputFeatures)
                  0000a318    00000034     clock.o (.text.SysTick_Init)
                  0000a34c    00000034     inv_mpu.o (.text.mpu_get_sample_rate)
                  0000a380    00000034     u8g2_font.o (.text.u8g2_DrawUTF8)
                  0000a3b4    00000034     u8g2_setup.o (.text.u8g2_SetMaxClipWindow)
                  0000a3e8    00000034     u8g2_setup.o (.text.u8g2_draw_l90_r0)
                  0000a41c    00000034     u8g2_font.o (.text.u8g2_font_get_word)
                  0000a450    00000034     u8x8_display.o (.text.u8x8_DrawTile)
                  0000a484    00000034     u8x8_cad.o (.text.u8x8_i2c_data_transfer)
                  0000a4b8    00000032     main.o (.text.MSPM0_Init)
                  0000a4ea    00000032     inv_mpu_dmp_motion_driver.o (.text.dmp_set_shake_reject_time)
                  0000a51c    00000032     inv_mpu_dmp_motion_driver.o (.text.dmp_set_shake_reject_timeout)
                  0000a54e    00000002     --HOLE-- [fill = 0]
                  0000a550    00000030     uart.o (.text.UART0_IRQHandler)
                  0000a580    00000030     uart.o (.text.UART3_IRQHandler)
                  0000a5b0    00000030     uart.o (.text.UART_Init)
                  0000a5e0    00000030     libc.a : _printfi.c.obj (.text._fcpy)
                  0000a610    00000030     inv_mpu_dmp_motion_driver.o (.text.dmp_set_tap_time)
                  0000a640    00000030     inv_mpu_dmp_motion_driver.o (.text.dmp_set_tap_time_multi)
                  0000a670    00000030     u8x8_byte.o (.text.i2c_stop)
                  0000a6a0    00000030     clock.o (.text.mspm0_delay_ms)
                  0000a6d0    00000030     u8g2_font.o (.text.u8g2_SetFont)
                  0000a700    0000002e     u8x8_byte.o (.text.i2c_read_bit)
                  0000a72e    0000002e     u8g2_buffer.o (.text.u8g2_ClearBuffer)
                  0000a75c    0000002c     draw.o (.text.DIRECTORY_control)
                  0000a788    0000002c     clock.o (.text.__NVIC_ClearPendingIRQ)
                  0000a7b4    0000002c     main.o (.text.__NVIC_ClearPendingIRQ)
                  0000a7e0    0000002c     uart.o (.text.__NVIC_ClearPendingIRQ)
                  0000a80c    0000002c     clock.o (.text.__NVIC_EnableIRQ)
                  0000a838    0000002c     main.o (.text.__NVIC_EnableIRQ)
                  0000a864    0000002c     uart.o (.text.__NVIC_EnableIRQ)
                  0000a890    0000002c     libclang_rt.builtins.a : floatsidf.S.obj (.text.__floatsidf)
                  0000a8bc    0000002c     uart.o (.text.fputc)
                  0000a8e8    0000002c     clock.o (.text.mspm0_get_clock_ms)
                  0000a914    0000002c     uart.o (.text.uart0_send_char)
                  0000a940    0000002c     uart.o (.text.uart1_send_char)
                  0000a96c    00000028     mspm0_i2c.o (.text.DL_Common_updateReg)
                  0000a994    00000028     mspm0_xj_i2c.o (.text.DL_Common_updateReg)
                  0000a9bc    00000028     ti_msp_dl_config.o (.text.DL_Common_updateReg)
                  0000a9e4    00000028     ti_msp_dl_config.o (.text.DL_I2C_setControllerRXFIFOThreshold)
                  0000aa0c    00000028     ti_msp_dl_config.o (.text.DL_I2C_setControllerTXFIFOThreshold)
                  0000aa34    00000028     libclang_rt.builtins.a : floatunsisf.S.obj (.text.__floatunsisf)
                  0000aa5c    00000028     u8g2_cleardisplay.o (.text.u8g2_ClearDisplay)
                  0000aa84    00000028     libc.a : boot_cortex_m.c.obj (.text:_c_int00_noargs)
                  0000aaac    00000026     ti_msp_dl_config.o (.text.DL_I2C_setAnalogGlitchFilterPulseWidth)
                  0000aad2    00000026     driverlib.a : dl_i2c.o (.text.DL_I2C_setClockConfig)
                  0000aaf8    00000026     u8x8_byte.o (.text.i2c_init)
                  0000ab1e    00000026     u8g2_buffer.o (.text.u8g2_FirstPage)
                  0000ab44    00000026     u8g2_buffer.o (.text.u8g2_SetBufferCurrTileRow)
                  0000ab6a    00000026     u8g2_hvline.o (.text.u8g2_SetDrawColor)
                  0000ab90    00000026     u8x8_gpio.o (.text.u8x8_gpio_call)
                  0000abb6    00000002     --HOLE-- [fill = 0]
                  0000abb8    00000024     oled.o (.text.GPIO_Init)
                  0000abdc    00000024     libclang_rt.builtins.a : muldi3.S.obj (.text.__muldi3)
                  0000ac00    00000022     libc.a : memccpy.c.obj (.text.memccpy)
                  0000ac22    00000022     u8x8_byte.o (.text.u8x8_byte_SendBytes)
                  0000ac44    00000022     u8x8_cad.o (.text.u8x8_cad_SendData)
                  0000ac66    00000002     --HOLE-- [fill = 0]
                  0000ac68    00000020     ti_msp_dl_config.o (.text.DL_GPIO_initPeripheralInputFunction)
                  0000ac88    00000020     mpu6050.o (.text.DL_SYSCTL_resetDevice)
                  0000aca8    00000020     ti_msp_dl_config.o (.text.DL_SYSCTL_setFlashWaitState)
                  0000acc8    00000020     libc.a : memcmp.c.obj (.text.memcmp)
                  0000ace8    00000020     u8x8_display.o (.text.u8x8_SetPowerSave)
                  0000ad08    00000020     u8x8_cad.o (.text.u8x8_cad_SendArg)
                  0000ad28    00000020     u8x8_cad.o (.text.u8x8_cad_SendCmd)
                  0000ad48    0000001e     ti_msp_dl_config.o (.text.DL_UART_setOversampling)
                  0000ad66    00000002     --HOLE-- [fill = 0]
                  0000ad68    0000001e     libclang_rt.builtins.a : ashldi3.S.obj (.text.__ashldi3)
                  0000ad86    00000002     --HOLE-- [fill = 0]
                  0000ad88    0000001c     ti_msp_dl_config.o (.text.DL_GPIO_clearInterruptStatus)
                  0000ada4    0000001c     mspm0_i2c.o (.text.DL_GPIO_enableHiZ)
                  0000adc0    0000001c     mspm0_xj_i2c.o (.text.DL_GPIO_enableHiZ)
                  0000addc    0000001c     ti_msp_dl_config.o (.text.DL_GPIO_enableHiZ)
                  0000adf8    0000001c     ti_msp_dl_config.o (.text.DL_GPIO_enableInterrupt)
                  0000ae14    0000001c     ti_msp_dl_config.o (.text.DL_GPIO_initDigitalInput)
                  0000ae30    0000001c     ti_msp_dl_config.o (.text.DL_GPIO_initPeripheralOutputFunction)
                  0000ae4c    0000001c     ti_msp_dl_config.o (.text.DL_GPIO_setLowerPinsPolarity)
                  0000ae68    0000001c     mpu6050.o (.text.DL_I2C_getSDAStatus)
                  0000ae84    0000001c     mspm0_i2c.o (.text.DL_I2C_isControllerRXFIFOEmpty)
                  0000aea0    0000001c     mspm0_xj_i2c.o (.text.DL_I2C_isControllerRXFIFOEmpty)
                  0000aebc    0000001c     interrupt.o (.text.DL_Interrupt_getPendingGroup)
                  0000aed8    0000001c     ti_msp_dl_config.o (.text.DL_SYSCTL_setSYSOSCFreq)
                  0000aef4    0000001c     ti_msp_dl_config.o (.text.DL_SYSCTL_setULPCLKDivider)
                  0000af10    0000001c     ti_msp_dl_config.o (.text.DL_Timer_enableInterrupt)
                  0000af2c    0000001c     driverlib.a : dl_timer.o (.text.DL_Timer_setCaptCompUpdateMethod)
                  0000af48    0000001c                 : dl_timer.o (.text.DL_Timer_setClockConfig)
                  0000af64    0000001c     ti_msp_dl_config.o (.text.DL_UART_enableInterrupt)
                  0000af80    0000001c     inv_mpu_dmp_motion_driver.o (.text.dmp_load_motion_driver_firmware)
                  0000af9c    0000001a     u8x8_byte.o (.text.i2c_read_scl_and_delay)
                  0000afb6    0000001a     u8x8_display.o (.text.u8x8_d_helper_display_setup_memory)
                  0000afd0    00000018     mspm0_i2c.o (.text.DL_GPIO_enableOutput)
                  0000afe8    00000018     mspm0_xj_i2c.o (.text.DL_GPIO_enableOutput)
                  0000b000    00000018     ti_msp_dl_config.o (.text.DL_GPIO_enableOutput)
                  0000b018    00000018     ti_msp_dl_config.o (.text.DL_GPIO_enablePower)
                  0000b030    00000018     mspm0_i2c.o (.text.DL_GPIO_initDigitalOutput)
                  0000b048    00000018     mspm0_xj_i2c.o (.text.DL_GPIO_initDigitalOutput)
                  0000b060    00000018     ti_msp_dl_config.o (.text.DL_GPIO_initDigitalOutput)
                  0000b078    00000018     ti_msp_dl_config.o (.text.DL_GPIO_reset)
                  0000b090    00000018     electrical_machinery.o (.text.DL_GPIO_setPins)
                  0000b0a8    00000018     line_follower.o (.text.DL_GPIO_setPins)
                  0000b0c0    00000018     main.o (.text.DL_GPIO_setPins)
                  0000b0d8    00000018     mspm0_i2c.o (.text.DL_GPIO_setPins)
                  0000b0f0    00000018     mspm0_xj_i2c.o (.text.DL_GPIO_setPins)
                  0000b108    00000018     oled.o (.text.DL_GPIO_setPins)
                  0000b120    00000018     ti_msp_dl_config.o (.text.DL_GPIO_setUpperPinsPolarity)
                  0000b138    00000018     mspm0_i2c.o (.text.DL_I2C_clearInterruptStatus)
                  0000b150    00000018     mspm0_xj_i2c.o (.text.DL_I2C_clearInterruptStatus)
                  0000b168    00000018     ti_msp_dl_config.o (.text.DL_I2C_enableAnalogGlitchFilter)
                  0000b180    00000018     ti_msp_dl_config.o (.text.DL_I2C_enableController)
                  0000b198    00000018     ti_msp_dl_config.o (.text.DL_I2C_enableControllerClockStretching)
                  0000b1b0    00000018     mspm0_i2c.o (.text.DL_I2C_enablePower)
                  0000b1c8    00000018     mspm0_xj_i2c.o (.text.DL_I2C_enablePower)
                  0000b1e0    00000018     ti_msp_dl_config.o (.text.DL_I2C_enablePower)
                  0000b1f8    00000018     mspm0_i2c.o (.text.DL_I2C_getRawInterruptStatus)
                  0000b210    00000018     mspm0_xj_i2c.o (.text.DL_I2C_getRawInterruptStatus)
                  0000b228    00000018     mspm0_i2c.o (.text.DL_I2C_reset)
                  0000b240    00000018     mspm0_xj_i2c.o (.text.DL_I2C_reset)
                  0000b258    00000018     ti_msp_dl_config.o (.text.DL_I2C_reset)
                  0000b270    00000018     ti_msp_dl_config.o (.text.DL_I2C_setTimerPeriod)
                  0000b288    00000018     ti_msp_dl_config.o (.text.DL_SYSCTL_setBORThreshold)
                  0000b2a0    00000018     ti_msp_dl_config.o (.text.DL_Timer_enablePower)
                  0000b2b8    00000018     ti_msp_dl_config.o (.text.DL_Timer_reset)
                  0000b2d0    00000018     driverlib.a : dl_timer.o (.text.DL_Timer_setCaptureCompareOutCtl)
                  0000b2e8    00000018     clock.o (.text.DL_Timer_startCounter)
                  0000b300    00000018     ti_msp_dl_config.o (.text.DL_UART_enablePower)
                  0000b318    00000018     uart.o (.text.DL_UART_isBusy)
                  0000b330    00000018     ti_msp_dl_config.o (.text.DL_UART_reset)
                  0000b348    00000018     libc.a : sprintf.c.obj (.text._outs)
                  0000b360    00000018     u8g2_font.o (.text.u8g2_font_get_byte)
                  0000b378    00000016     interrupt.o (.text.DL_GPIO_readPins)
                  0000b38e    00000016     mspm0_i2c.o (.text.DL_GPIO_readPins)
                  0000b3a4    00000016     mspm0_xj_i2c.o (.text.DL_GPIO_readPins)
                  0000b3ba    00000016     mspm0_i2c.o (.text.DL_I2C_transmitControllerData)
                  0000b3d0    00000016     mspm0_xj_i2c.o (.text.DL_I2C_transmitControllerData)
                  0000b3e6    00000016     ti_msp_dl_config.o (.text.DL_UART_enable)
                  0000b3fc    00000016     uart.o (.text.DL_UART_transmitData)
                  0000b412    00000016     u8x8_byte.o (.text.i2c_delay)
                  0000b428    00000016     u8x8_display.o (.text.u8x8_InitDisplay)
                  0000b43e    00000016     u8x8_display.o (.text.u8x8_RefreshDisplay)
                  0000b454    00000016     u8x8_display.o (.text.u8x8_SetupMemory)
                  0000b46a    00000016     u8x8_byte.o (.text.u8x8_byte_EndTransfer)
                  0000b480    00000016     u8x8_byte.o (.text.u8x8_byte_SendByte)
                  0000b496    00000016     u8x8_byte.o (.text.u8x8_byte_StartTransfer)
                  0000b4ac    00000016     u8x8_cad.o (.text.u8x8_cad_EndTransfer)
                  0000b4c2    00000016     u8x8_cad.o (.text.u8x8_cad_StartTransfer)
                  0000b4d8    00000016     u8x8_setup.o (.text.u8x8_dummy_cb)
                  0000b4ee    00000014     electrical_machinery.o (.text.DL_GPIO_clearPins)
                  0000b502    00000014     line_follower.o (.text.DL_GPIO_clearPins)
                  0000b516    00000014     mspm0_i2c.o (.text.DL_GPIO_clearPins)
                  0000b52a    00000014     mspm0_xj_i2c.o (.text.DL_GPIO_clearPins)
                  0000b53e    00000014     oled.o (.text.DL_GPIO_clearPins)
                  0000b552    00000014     ti_msp_dl_config.o (.text.DL_GPIO_clearPins)
                  0000b566    00000002     --HOLE-- [fill = 0]
                  0000b568    00000014     mspm0_i2c.o (.text.DL_I2C_getControllerStatus)
                  0000b57c    00000014     mspm0_xj_i2c.o (.text.DL_I2C_getControllerStatus)
                  0000b590    00000014     mspm0_i2c.o (.text.DL_I2C_receiveControllerData)
                  0000b5a4    00000014     mspm0_xj_i2c.o (.text.DL_I2C_receiveControllerData)
                  0000b5b8    00000014     ti_msp_dl_config.o (.text.DL_I2C_resetControllerTransfer)
                  0000b5cc    00000014     ti_msp_dl_config.o (.text.DL_SYSCTL_disableSYSPLL)
                  0000b5e0    00000014     ti_msp_dl_config.o (.text.DL_SYSCTL_enableMFCLK)
                  0000b5f4    00000014     ti_msp_dl_config.o (.text.DL_Timer_enableClock)
                  0000b608    00000014     ti_msp_dl_config.o (.text.DL_Timer_setCCPDirection)
                  0000b61c    00000014     uart.o (.text.DL_UART_receiveData)
                  0000b630    00000014     libclang_rt.builtins.a : aeabi_uldivmod.S.obj (.text.__aeabi_uldivmod)
                  0000b644    00000014     inv_mpu_dmp_motion_driver.o (.text.dmp_register_android_orient_cb)
                  0000b658    00000014     inv_mpu_dmp_motion_driver.o (.text.dmp_register_tap_cb)
                  0000b66c    00000014     u8x8_byte.o (.text.i2c_clear_scl)
                  0000b680    00000014     u8x8_byte.o (.text.i2c_clear_sda)
                  0000b694    00000014     u8x8_byte.o (.text.i2c_read_sda)
                  0000b6a8    00000014     libc.a : _printfi.c.obj (.text.strchr)
                  0000b6bc    00000014     u8g2_font.o (.text.u8g2_SetFontDirection)
                  0000b6d0    00000014     u8g2_font.o (.text.u8g2_SetFontMode)
                  0000b6e4    00000014     u8g2_font.o (.text.u8g2_SetFontPosBaseline)
                  0000b6f8    00000014     u8g2_d_memory.o (.text.u8g2_m_16_8_f)
                  0000b70c    00000012     interrupt.o (.text.DL_GPIO_getPendingInterrupt)
                  0000b71e    00000012     interrupt.o (.text.DL_Timer_getPendingInterrupt)
                  0000b730    00000012     uart.o (.text.DL_UART_getPendingInterrupt)
                  0000b742    00000012     driverlib.a : dl_uart.o (.text.DL_UART_setClockConfig)
                  0000b754    00000012     libc.a : memcpy16.S.obj (.text:TI_memcpy_small)
                  0000b766    00000012            : copy_decompress_none.c.obj (.text:decompress:none)
                  0000b778    00000010     ti_msp_dl_config.o (.text.DL_SYSCTL_disableHFXT)
                  0000b788    00000010     driverlib.a : dl_timer.o (.text.DL_Timer_setCaptureCompareValue)
                  0000b798    00000010     interrupt.o (.text.SysTick_Handler)
                  0000b7a8    00000010     u8g2_setup.o (.text.u8g2_update_dimension_r0)
                  0000b7b8    00000010     u8x8_8x8.o (.text.u8x8_utf8_init)
                  0000b7c8    00000010     libc.a : wcslen.c.obj (.text.wcslen)
                  0000b7d8    00000010            : copy_zero_init.c.obj (.text:decompress:ZI)
                  0000b7e8    0000000e     libclang_rt.builtins.a : aeabi_memset.S.obj (.text.__aeabi_memset)
                  0000b7f6    0000000e     libc.a : _printfi.c.obj (.text.strlen)
                  0000b804    0000000e     mpu6050.o (.text.tap_cb)
                  0000b812    0000000e     libc.a : memset16.S.obj (.text:TI_memset_small)
                  0000b820    0000000c     libclang_rt.builtins.a : aeabi_memset.S.obj (.text.__aeabi_memclr)
                  0000b82c    0000000c     electrical_machinery.o (.text.car_stop)
                  0000b838    0000000a     driverlib.a : dl_common.o (.text.DL_Common_delayCycles)
                  0000b842    0000000a     libc.a : _printfi.c.obj (.text.OUTLINED_FUNCTION_0)
                  0000b84c    00000010     libclang_rt.builtins.a : adddf3.S.obj (.tramp.__aeabi_dsub.1)
                  0000b85c    0000000a     libc.a : e_asin.c.obj (.text.OUTLINED_FUNCTION_0)
                  0000b866    00000002     --HOLE-- [fill = 0]
                  0000b868    00000010     libclang_rt.builtins.a : muldf3.S.obj (.tramp.__aeabi_dmul.1)
                  0000b878    0000000a     libc.a : s_atan.c.obj (.text.OUTLINED_FUNCTION_0)
                  0000b882    0000000a            : _printfi.c.obj (.text.OUTLINED_FUNCTION_1)
                  0000b88c    0000000a            : e_asin.c.obj (.text.OUTLINED_FUNCTION_1)
                  0000b896    0000000a            : e_asin.c.obj (.text.OUTLINED_FUNCTION_3)
                  0000b8a0    00000010     libclang_rt.builtins.a : divdf3.S.obj (.tramp.__aeabi_ddiv.1)
                  0000b8b0    0000000a     libc.a : sprintf.c.obj (.text._outc)
                  0000b8ba    0000000a     mpu6050.o (.text.android_orient_cb)
                  0000b8c4    0000000a     u8g2_font.o (.text.u8g2_font_calc_vref_font)
                  0000b8ce    00000008     libc.a : s_atan.c.obj (.text.OUTLINED_FUNCTION_2)
                  0000b8d6    00000002     --HOLE-- [fill = 0]
                  0000b8d8    00000008            : aeabi_portable.c.obj (.text.__aeabi_errno_addr)
                  0000b8e0    00000008     libclang_rt.builtins.a : aeabi_memcpy.S.obj (.text.__aeabi_memcpy)
                  0000b8e8    00000008     libc.a : printf.c.obj (.text._outc)
                  0000b8f0    00000008            : printf.c.obj (.text._outs)
                  0000b8f8    00000006            : s_atan.c.obj (.text.OUTLINED_FUNCTION_1)
                  0000b8fe    00000002     --HOLE-- [fill = 0]
                  0000b900    00000010     libclang_rt.builtins.a : adddf3.S.obj (.tramp.__aeabi_dadd.1)
                  0000b910    00000006     libc.a : e_asin.c.obj (.text.OUTLINED_FUNCTION_2)
                  0000b916    00000006            : exit.c.obj (.text:abort)
                  0000b91c    00000004     libsysbm.a : hostexit.c.obj (.text.HOSTexit)
                  0000b920    00000004     libc.a : e_asin.c.obj (.text.OUTLINED_FUNCTION_4)
                  0000b924    00000004     startup_mspm0g350x_ticlang.o (.text.Reset_Handler)
                  0000b928    00000010     libc.a : boot_cortex_m.c.obj (.tramp._c_int00_noargs.1)
                  0000b938    00000004            : pre_init.c.obj (.text._system_pre_init)
                  0000b93c    00000004     --HOLE-- [fill = 0]

.cinit     0    0000d020    00000158     
                  0000d020    00000131     (.cinit..data.load) [load image, compression = lzss]
                  0000d151    00000003     --HOLE-- [fill = 0]
                  0000d154    0000000c     (__TI_handler_table)
                  0000d160    00000008     (.cinit..bss.load) [load image, compression = zero_init]
                  0000d168    00000010     (__TI_cinit_table)

.rodata    0    0000b940    000016e0     
                  0000b940    00000bf6     inv_mpu_dmp_motion_driver.o (.rodata.dmp_memory)
                  0000c536    0000069f     chinesetxt.o (.rodata.u8g2_font_unifont_st16)
                  0000cbd5    0000000b     draw.o (.rodata.str1.11114186964174836109.1)
                  0000cbe0    00000101     libc.a : aeabi_ctype.S.obj (.rodata:__aeabi_ctype_table_)
                  0000cce1    00000007     draw.o (.rodata.str1.1222851238220204105.1)
                  0000cce8    00000040     libc.a : s_atan.c.obj (.rodata.cst32)
                  0000cd28    00000035     u8x8_d_ssd1306_128x64_noname.o (.rodata.u8x8_d_ssd1306_128x64_noname_init_seq)
                  0000cd5d    00000003     ti_msp_dl_config.o (.rodata.gPWMAClockConfig)
                  0000cd60    00000028     ti_msp_dl_config.o (.rodata.gSYSPLLConfig)
                  0000cd88    00000028     inv_mpu.o (.rodata.test)
                  0000cdb0    0000001e     inv_mpu.o (.rodata.reg)
                  0000cdce    00000002     ti_msp_dl_config.o (.rodata.gI2C_BUSClockConfig)
                  0000cdd0    00000018     u8x8_d_ssd1306_128x64_noname.o (.rodata.u8x8_ssd1306_128x64_noname_display_info)
                  0000cde8    00000014     ti_msp_dl_config.o (.rodata.gTIMER_TICKTimerConfig)
                  0000cdfc    00000013     uart.o (.rodata.str1.14464947116831474962.1)
                  0000ce0f    00000011     libc.a : _printfi.c.obj (.rodata.str1.10348868589481759720.1)
                  0000ce20    00000011            : _printfi.c.obj (.rodata.str1.15363888844622738466.1)
                  0000ce31    0000000f     draw.o (.rodata.str1.10860614167785051322.1)
                  0000ce40    0000000f     draw.o (.rodata.str1.8450940598119648634.1)
                  0000ce4f    0000000f     draw.o (.rodata.str1.9387805006866944833.1)
                  0000ce5e    0000000d     draw.o (.rodata.str1.11299763840726973552.1)
                  0000ce6b    0000000d     draw.o (.rodata.str1.15371446012953876463.1)
                  0000ce78    0000000d     draw.o (.rodata.str1.16798678518866173547.1)
                  0000ce85    0000000d     draw.o (.rodata.str1.3293259928865538337.1)
                  0000ce92    0000000d     draw.o (.rodata.str1.3977530377744300196.1)
                  0000ce9f    0000000d     draw.o (.rodata.str1.5092474850242601035.1)
                  0000ceac    0000000d     draw.o (.rodata.str1.8511851625829648913.1)
                  0000ceb9    00000001     --HOLE-- [fill = 0]
                  0000ceba    0000000c     inv_mpu.o (.rodata.hw)
                  0000cec6    00000002     ti_msp_dl_config.o (.rodata.gI2C_MPU6050ClockConfig)
                  0000cec8    0000000c     u8g2_setup.o (.rodata.u8g2_cb_r0)
                  0000ced4    0000000b     draw.o (.rodata.str1.17985918111400082174.1)
                  0000cedf    0000000b     draw.o (.rodata.str1.9461052618368317133.1)
                  0000ceea    0000000a     ti_msp_dl_config.o (.rodata.gUART_0Config)
                  0000cef4    0000000a     ti_msp_dl_config.o (.rodata.gUART_1Config)
                  0000cefe    00000009     draw.o (.rodata.str1.5047273646867282875.1)
                  0000cf07    00000001     --HOLE-- [fill = 0]
                  0000cf08    00000008     ti_msp_dl_config.o (.rodata.gPWMAConfig)
                  0000cf10    00000008     ti_msp_dl_config.o (.rodata.gPWMBConfig)
                  0000cf18    00000008     ti_msp_dl_config.o (.rodata.gPWMCConfig)
                  0000cf20    00000008     ti_msp_dl_config.o (.rodata.gPWMDConfig)
                  0000cf28    00000007     draw.o (.rodata.str1.12837285066833756062.1)
                  0000cf2f    00000007     draw.o (.rodata.str1.12927128395581683091.1)
                  0000cf36    00000007     draw.o (.rodata.str1.15032166160981136206.1)
                  0000cf3d    00000007     draw.o (.rodata.str1.4063744131834711033.1)
                  0000cf44    00000007     draw.o (.rodata.str1.4769186932343429571.1)
                  0000cf4b    00000007     draw.o (.rodata.str1.6628805185763255565.1)
                  0000cf52    00000007     draw.o (.rodata.str1.7599327456358374941.1)
                  0000cf59    00000007     u8x8_d_ssd1306_128x64_noname.o (.rodata.u8x8_d_ssd1306_128x64_noname_flip0_seq)
                  0000cf60    00000007     u8x8_d_ssd1306_128x64_noname.o (.rodata.u8x8_d_ssd1306_128x64_noname_flip1_seq)
                  0000cf67    00000006     draw.o (.rodata.str1.11662179543728856056.1)
                  0000cf6d    00000006     draw.o (.rodata.str1.12379070312978826538.1)
                  0000cf73    00000006     draw.o (.rodata.str1.3087611109763544748.1)
                  0000cf79    00000006     draw.o (.rodata.str1.3993406505997153926.1)
                  0000cf7f    00000005     draw.o (.rodata.str1.10335834370773872660.1)
                  0000cf84    00000005     draw.o (.rodata.str1.13295882753961647737.1)
                  0000cf89    00000005     draw.o (.rodata.str1.13338964051441701904.1)
                  0000cf8e    00000005     draw.o (.rodata.str1.15046184968404042663.1)
                  0000cf93    00000005     draw.o (.rodata.str1.197789920646994554.1)
                  0000cf98    00000005     draw.o (.rodata.str1.3856563774887557434.1)
                  0000cf9d    00000005     u8x8_d_ssd1306_128x64_noname.o (.rodata.u8x8_d_ssd1306_128x64_noname_powersave0_seq)
                  0000cfa2    00000005     u8x8_d_ssd1306_128x64_noname.o (.rodata.u8x8_d_ssd1306_128x64_noname_powersave1_seq)
                  0000cfa7    00000004     draw.o (.rodata.str1.12753359286343333358.1)
                  0000cfab    00000004     draw.o (.rodata.str1.13124213828302697422.1)
                  0000cfaf    00000004     draw.o (.rodata.str1.16853789779182153528.1)
                  0000cfb3    00000004     draw.o (.rodata.str1.17104632844336190317.1)
                  0000cfb7    00000004     draw.o (.rodata.str1.17167547962068192002.1)
                  0000cfbb    00000004     draw.o (.rodata.str1.17323698585101302928.1)
                  0000cfbf    00000004     draw.o (.rodata.str1.2536505494550489181.1)
                  0000cfc3    00000004     draw.o (.rodata.str1.2680053455445061944.1)
                  0000cfc7    00000004     draw.o (.rodata.str1.3602204908956033498.1)
                  0000cfcb    00000004     draw.o (.rodata.str1.4176646092053031004.1)
                  0000cfcf    00000004     draw.o (.rodata.str1.4799947621604406399.1)
                  0000cfd3    00000004     draw.o (.rodata.str1.573547316600497309.1)
                  0000cfd7    00000004     draw.o (.rodata.str1.9408500714352350149.1)
                  0000cfdb    00000004     draw.o (.rodata.str1.9590535064981708106.1)
                  0000cfdf    00000004     draw.o (.rodata.str1.9976906776139131669.1)
                  0000cfe3    00000003     ti_msp_dl_config.o (.rodata.gPWMBClockConfig)
                  0000cfe6    00000003     ti_msp_dl_config.o (.rodata.gPWMCClockConfig)
                  0000cfe9    00000003     ti_msp_dl_config.o (.rodata.gPWMDClockConfig)
                  0000cfec    00000003     ti_msp_dl_config.o (.rodata.gTIMER_TICKClockConfig)
                  0000cfef    00000003     draw.o (.rodata.str1.11165926561598327348.1)
                  0000cff2    00000003     draw.o (.rodata.str1.13567208923197132193.1)
                  0000cff5    00000003     draw.o (.rodata.str1.13766420662825426875.1)
                  0000cff8    00000003     draw.o (.rodata.str1.14915676214180293299.1)
                  0000cffb    00000003     draw.o (.rodata.str1.15074342113409833842.1)
                  0000cffe    00000003     draw.o (.rodata.str1.16988408085108356744.1)
                  0000d001    00000003     draw.o (.rodata.str1.17402708256360119916.1)
                  0000d004    00000003     draw.o (.rodata.str1.17877410042743655113.1)
                  0000d007    00000003     draw.o (.rodata.str1.3436235078410369563.1)
                  0000d00a    00000003     draw.o (.rodata.str1.439440656638192846.1)
                  0000d00d    00000003     draw.o (.rodata.str1.8931661920520104013.1)
                  0000d010    00000002     ti_msp_dl_config.o (.rodata.gUART_0ClockConfig)
                  0000d012    00000002     ti_msp_dl_config.o (.rodata.gUART_1ClockConfig)
                  0000d014    00000002     draw.o (.rodata.str1.13621094816472248119.1)
                  0000d016    00000002     draw.o (.rodata.str1.13901186772788639667.1)
                  0000d018    00000002     draw.o (.rodata.str1.15981432797632722681.1)
                  0000d01a    00000002     draw.o (.rodata.str1.16224708837686808630.1)
                  0000d01c    00000002     draw.o (.rodata.str1.6764898206403387013.1)
                  0000d01e    00000002     draw.o (.rodata.str1.7901478166373039286.1)

.init_array 
*          0    00000000    00000000     UNINITIALIZED

.binit     0    00000000    00000000     

.bss       0    20200000    0000063e     UNINITIALIZED
                  20200000    00000400     u8g2_d_memory.o (.bss.u8g2_m_16_8_f.buf)
                  20200400    000000a0     (.common:gPWMBBackup)
                  202004a0    000000a0     (.common:gPWMDBackup)
                  20200540    00000030     (.common:gUART_1Backup)
                  20200570    00000010     interrupt.o (.bss.motor_encoderA)
                  20200580    00000010     interrupt.o (.bss.motor_encoderB)
                  20200590    00000010     interrupt.o (.bss.motor_encoderC)
                  202005a0    00000010     interrupt.o (.bss.motor_encoderD)
                  202005b0    00000010     (.common:id)
                  202005c0    00000010     (.common:quat)
                  202005d0    00000006     line_follower.o (.bss.sensor_state_history)
                  202005d6    00000006     (.common:accel)
                  202005dc    00000006     (.common:gyro)
                  202005e2    00000002     (.common:sensors)
                  202005e4    00000004     electrical_machinery.o (.bss.Velocity_A.ControlVelocity)
                  202005e8    00000004     electrical_machinery.o (.bss.Velocity_A.Last_bias)
                  202005ec    00000004     electrical_machinery.o (.bss.Velocity_B.ControlVelocity)
                  202005f0    00000004     electrical_machinery.o (.bss.Velocity_B.Last_bias)
                  202005f4    00000004     electrical_machinery.o (.bss.Velocity_C.ControlVelocity)
                  202005f8    00000004     electrical_machinery.o (.bss.Velocity_C.Last_bias)
                  202005fc    00000004     electrical_machinery.o (.bss.Velocity_D.ControlVelocity)
                  20200600    00000004     electrical_machinery.o (.bss.Velocity_D.Last_bias)
                  20200604    00000004     (.common:D)
                  20200608    00000004     (.common:I)
                  2020060c    00000004     (.common:P)
                  20200610    00000004     (.common:car_begin_yaw)
                  20200614    00000004     (.common:car_straight_yaw)
                  20200618    00000004     (.common:out)
                  2020061c    00000004     (.common:out1)
                  20200620    00000004     (.common:out2)
                  20200624    00000004     (.common:pitch)
                  20200628    00000004     (.common:roll)
                  2020062c    00000004     (.common:sensor_timestamp)
                  20200630    00000004     (.common:start_time)
                  20200634    00000004     (.common:tick_ms)
                  20200638    00000004     (.common:yaw)
                  2020063c    00000001     (.common:IRbuf)
                  2020063d    00000001     (.common:more)

.data      0    20200640    000002dc     UNINITIALIZED
                  20200640    000000f0     libc.a : defs.c.obj (.data._ftable)
                  20200730    0000002c     inv_mpu.o (.data.st)
                  2020075c    00000024     draw.o (.data..compoundliteral.42)
                  20200780    00000020     draw.o (.data..compoundliteral.26)
                  202007a0    0000001c     draw.o (.data..compoundliteral.13)
                  202007bc    0000001c     draw.o (.data..compoundliteral.33)
                  202007d8    0000001c     draw.o (.data..compoundliteral.49)
                  202007f4    0000001c     draw.o (.data..compoundliteral.52)
                  20200810    0000001c     draw.o (.data..compoundliteral)
                  2020082c    00000018     draw.o (.data..compoundliteral.50)
                  20200844    00000014     draw.o (.data..compoundliteral.18)
                  20200858    00000010     inv_mpu_dmp_motion_driver.o (.data.dmp)
                  20200868    0000000e     mpu6050.o (.data.hal)
                  20200876    00000009     mpu6050.o (.data.gyro_orientation)
                  2020087f    00000001     line_follower.o (.data.angle_correction_flag)
                  20200880    00000008     draw.o (.data..compoundliteral.51)
                  20200888    00000008     draw.o (.data.directory)
                  20200890    00000008     draw.o (.data.directory_num)
                  20200898    00000004     draw.o (.data..compoundliteral.6)
                  2020089c    00000004     electrical_machinery.o (.data.MAX)
                  202008a0    00000004     line_follower.o (.data.MAX_CORRECTION)
                  202008a4    00000004     electrical_machinery.o (.data.MIN)
                  202008a8    00000004     electrical_machinery.o (.data.Velcity_Ki)
                  202008ac    00000004     electrical_machinery.o (.data.Velcity_Kp)
                  202008b0    00000004     libc.a : aeabi_portable.c.obj (.data.__aeabi_errno)
                  202008b4    00000004            : _lock.c.obj (.data._lock)
                  202008b8    00000004            : _lock.c.obj (.data._unlock)
                  202008bc    00000004     line_follower.o (.data.all_one_count)
                  202008c0    00000004     line_follower.o (.data.angle_diff)
                  202008c4    00000004     draw.o (.data.car_speed)
                  202008c8    00000004     line_follower.o (.data.correction_factor1)
                  202008cc    00000004     line_follower.o (.data.correction_factor2)
                  202008d0    00000004     line_follower.o (.data.correction_factor3)
                  202008d4    00000004     line_follower.o (.data.correction_factor4)
                  202008d8    00000004     draw.o (.data.directory_flag)
                  202008dc    00000004     line_follower.o (.data.error)
                  202008e0    00000004     line_follower.o (.data.gyro_l_num)
                  202008e4    00000004     line_follower.o (.data.gyro_r_num)
                  202008e8    00000004     line_follower.o (.data.integral)
                  202008ec    00000004     line_follower.o (.data.l_num)
                  202008f0    00000004     line_follower.o (.data.last_error)
                  202008f4    00000004     line_follower.o (.data.last_valid_error)
                  202008f8    00000004     interrupt.o (.data.nextway)
                  202008fc    00000004     draw.o (.data.now_speed)
                  20200900    00000004     line_follower.o (.data.now_time)
                  20200904    00000004     draw.o (.data.quanshu)
                  20200908    00000004     line_follower.o (.data.r_num)
                  2020090c    00000004     line_follower.o (.data.turn_flag)
                  20200910    00000004     draw.o (.data.xspeed)
                  20200914    00000001     line_follower.o (.data.left_flag)
                  20200915    00000001     line_follower.o (.data.mode_flag)
                  20200916    00000001     line_follower.o (.data.right_flag)
                  20200917    00000001     draw.o (.data.stop_flag)
                  20200918    00000001     line_follower.o (.data.timer_flag)
                  20200919    00000001     u8x8_cad.o (.data.u8x8_cad_ssd13xx_fast_i2c.in_transfer)
                  2020091a    00000001     uart.o (.data.uart_data)
                  2020091b    00000001     line_follower.o (.data.use_last_valid)

.stack     0    20207e00    00000200     UNINITIALIZED
                  20207e00    00000004     libc.a : boot_cortex_m.c.obj (.stack)
                  20207e04    000001fc     --HOLE--

__llvm_prf_cnts 
*          0    20200000    00000000     UNINITIALIZED

__llvm_prf_bits 
*          0    20200000    00000000     UNINITIALIZED

MODULE SUMMARY

       Module                           code    ro data   rw data
       ------                           ----    -------   -------
    .\
       ti_msp_dl_config.o               3342    135       368    
       main.o                           266     0         0      
       startup_mspm0g350x_ticlang.o     8       192       0      
    +--+--------------------------------+-------+---------+---------+
       Total:                           3616    327       368    
                                                                 
    .\MPU6050\
       inv_mpu_dmp_motion_driver.o      3110    3062      16     
       inv_mpu.o                        4600    82        44     
       mspm0_i2c.o                      1328    0         0      
       mpu6050.o                        1176    0         70     
    +--+--------------------------------+-------+---------+---------+
       Total:                           10214   3144      130    
                                                                 
    .\MSPM0\
       electrical_machinery.o           1564    0         48     
       interrupt.o                      1106    0         68     
       mspm0_xj_i2c.o                   1132    0         0      
       clock.o                          468     0         8      
    +--+--------------------------------+-------+---------+---------+
       Total:                           4270    0         124    
                                                                 
    .\OLED\
       draw.o                           3208    393       317    
       oled.o                           604     0         0      
    +--+--------------------------------+-------+---------+---------+
       Total:                           3812    393       317    
                                                                 
    .\OLED\csrc\
       u8g2_font.o                      2838    0         0      
       chinesetxt.o                     0       1695      0      
       u8g2_d_memory.o                  20      0         1024   
       u8x8_byte.o                      800     0         0      
       u8x8_cad.o                       666     0         1      
       u8g2_setup.o                     640     12        0      
       u8g2_hvline.o                    612     0         0      
       u8x8_d_ssd1306_128x64_noname.o   488     101       0      
       u8g2_buffer.o                    456     0         0      
       u8g2_ll_hvline.o                 356     0         0      
       u8x8_8x8.o                       332     0         0      
       u8x8_display.o                   284     0         0      
       u8g2_intersection.o              248     0         0      
       u8x8_setup.o                     144     0         0      
       u8g2_box.o                       120     0         0      
       u8g2_d_setup.o                   72      0         0      
       u8g2_cleardisplay.o              40      0         0      
       u8x8_gpio.o                      38      0         0      
    +--+--------------------------------+-------+---------+---------+
       Total:                           8154    1808      1025   
                                                                 
    .\Tracking\
       line_follower.o                  4456    0         101    
    +--+--------------------------------+-------+---------+---------+
       Total:                           4456    0         101    
                                                                 
    .\UART\
       uart.o                           528     19        13     
    +--+--------------------------------+-------+---------+---------+
       Total:                           528     19        13     
                                                                 
    C:/ti/mspm0_sdk_2_04_00_06/source/ti/driverlib/lib/ticlang/m0p/mspm0g1x0x_g3x0x/driverlib.a
       dl_timer.o                       588     0         0      
       dl_sysctl_mspm0g1x0x_g3x0x.o     288     0         0      
       dl_i2c.o                         192     0         0      
       dl_uart.o                        90      0         0      
       dl_common.o                      10      0         0      
    +--+--------------------------------+-------+---------+---------+
       Total:                           1168    0         0      
                                                                 
    C:\ti\ccs2020\ccs\tools\compiler\ti-cgt-armllvm_4.0.3.LTS\lib\armv6m-ti-none-eabi/c/libc.a
       _printfi.c.obj                   4510    34        0      
       e_asin.c.obj                     908     0         0      
       s_atan.c.obj                     784     64        0      
       e_atan2.c.obj                    392     0         0      
       e_sqrt.c.obj                     368     0         0      
       aeabi_ctype.S.obj                0       257       0      
       defs.c.obj                       0       0         240    
       s_scalbn.c.obj                   216     0         0      
       copy_decompress_lzss.c.obj       124     0         0      
       printf.c.obj                     108     0         0      
       s_frexp.c.obj                    92      0         0      
       sprintf.c.obj                    90      0         0      
       _ltoa.c.obj                      88      0         0      
       atoi.c.obj                       64      0         0      
       autoinit.c.obj                   60      0         0      
       boot_cortex_m.c.obj              56      0         0      
       memccpy.c.obj                    34      0         0      
       memcmp.c.obj                     32      0         0      
       copy_decompress_none.c.obj       18      0         0      
       memcpy16.S.obj                   18      0         0      
       copy_zero_init.c.obj             16      0         0      
       wcslen.c.obj                     16      0         0      
       memset16.S.obj                   14      0         0      
       aeabi_portable.c.obj             8       0         4      
       _lock.c.obj                      2       0         8      
       exit.c.obj                       6       0         0      
       pre_init.c.obj                   4       0         0      
    +--+--------------------------------+-------+---------+---------+
       Total:                           8028    355       252    
                                                                 
    C:\ti\ccs2020\ccs\tools\compiler\ti-cgt-armllvm_4.0.3.LTS\lib\armv6m-ti-none-eabi/c/libsysbm.a
       hostexit.c.obj                   4       0         0      
    +--+--------------------------------+-------+---------+---------+
       Total:                           4       0         0      
                                                                 
    C:\ti\ccs2020\ccs\tools\compiler\ti-cgt-armllvm_4.0.3.LTS\lib\armv6m-ti-none-eabi/libclang_rt.builtins.a
       adddf3.S.obj                     434     0         0      
       divdf3.S.obj                     284     0         0      
       muldf3.S.obj                     244     0         0      
       comparedf2.c.obj                 220     0         0      
       addsf3.S.obj                     216     0         0      
       udivmoddi4.S.obj                 162     0         0      
       mulsf3.S.obj                     140     0         0      
       divsf3.S.obj                     130     0         0      
       comparesf2.S.obj                 118     0         0      
       truncdfsf2.S.obj                 116     0         0      
       aeabi_dcmp.S.obj                 98      0         0      
       aeabi_fcmp.S.obj                 98      0         0      
       aeabi_idivmod.S.obj              86      0         0      
       fixdfsi.S.obj                    74      0         0      
       aeabi_uidivmod.S.obj             64      0         0      
       extendsfdf2.S.obj                64      0         0      
       floatsisf.S.obj                  60      0         0      
       muldsi3.S.obj                    58      0         0      
       fixsfsi.S.obj                    56      0         0      
       floatsidf.S.obj                  44      0         0      
       floatunsisf.S.obj                40      0         0      
       muldi3.S.obj                     36      0         0      
       ashldi3.S.obj                    30      0         0      
       aeabi_memset.S.obj               26      0         0      
       aeabi_uldivmod.S.obj             20      0         0      
       aeabi_memcpy.S.obj               8       0         0      
       aeabi_div0.c.obj                 4       0         0      
    +--+--------------------------------+-------+---------+---------+
       Total:                           2930    0         0      
                                                                 
       Stack:                           0       0         512    
       Linker Generated:                0       341       0      
    +--+--------------------------------+-------+---------+---------+
       Grand Total:                     47180   6387      2842   


LINKER GENERATED COPY TABLES

__TI_cinit_table @ 0000d168 records: 2, size/record: 8, table size: 16
	.data: load addr=0000d020, load size=00000131 bytes, run addr=20200640, run size=000002dc bytes, compression=lzss
	.bss: load addr=0000d160, load size=00000008 bytes, run addr=20200000, run size=0000063e bytes, compression=zero_init


LINKER GENERATED HANDLER TABLE

__TI_handler_table @ 0000d154 records: 3, size/record: 4, table size: 12
	index: 0, handler: __TI_decompress_lzss
	index: 1, handler: __TI_decompress_none
	index: 2, handler: __TI_zero_init


FAR CALL TRAMPOLINES

callee name               trampoline name
   callee addr  tramp addr   call addr  call info
--------------  -----------  ---------  ----------------
__aeabi_dsub              $Tramp$TT$L$PI$$__aeabi_dsub
   000044ed     0000b84c     0000b84a   libc.a : _printfi.c.obj (.text.OUTLINED_FUNCTION_0)
__aeabi_dmul              $Tramp$TT$L$PI$$__aeabi_dmul
   00006569     0000b868     0000b864   libc.a : e_asin.c.obj (.text.OUTLINED_FUNCTION_0)
                             0000b880          : s_atan.c.obj (.text.OUTLINED_FUNCTION_0)
                             0000b894          : e_asin.c.obj (.text.OUTLINED_FUNCTION_1)
                             0000b8d4          : s_atan.c.obj (.text.OUTLINED_FUNCTION_2)
                             0000b914          : e_asin.c.obj (.text.OUTLINED_FUNCTION_2)
__aeabi_ddiv              $Tramp$TT$L$PI$$__aeabi_ddiv
   00005e81     0000b8a0     0000b89e   libc.a : e_asin.c.obj (.text.OUTLINED_FUNCTION_3)
__aeabi_dadd              $Tramp$TT$L$PI$$__aeabi_dadd
   000044f7     0000b900     0000b8fc   libc.a : s_atan.c.obj (.text.OUTLINED_FUNCTION_1)
                             0000b922          : e_asin.c.obj (.text.OUTLINED_FUNCTION_4)
_c_int00_noargs           $Tramp$TT$L$PI$$_c_int00_noargs
   0000aa85     0000b928     0000b924   startup_mspm0g350x_ticlang.o (.text.Reset_Handler)

[5 trampolines]
[10 trampoline calls]


GLOBAL SYMBOLS: SORTED ALPHABETICALLY BY Name 

address   name                                  
-------   ----                                  
0000880d  ADC0_IRQHandler                       
0000880d  ADC1_IRQHandler                       
0000880d  AES_IRQHandler                        
0000b91c  C$$EXIT                               
0000880d  CANFD0_IRQHandler                     
00006d15  CAR_control                           
20200604  D                                     
0000880d  DAC0_IRQHandler                       
0000a75d  DIRECTORY_control                     
0000b839  DL_Common_delayCycles                 
00009169  DL_I2C_fillControllerTXFIFO           
00009f19  DL_I2C_flushControllerTXFIFO          
0000aad3  DL_I2C_setClockConfig                 
00006731  DL_SYSCTL_configSYSPLL                
00009bd9  DL_SYSCTL_switchMCLKfromSYSOSCtoHSCLK 
00006095  DL_Timer_initFourCCPWMMode            
00006481  DL_Timer_initTimerMode                
0000af2d  DL_Timer_setCaptCompUpdateMethod      
0000b2d1  DL_Timer_setCaptureCompareOutCtl      
0000b789  DL_Timer_setCaptureCompareValue       
0000af49  DL_Timer_setClockConfig               
00009999  DL_UART_init                          
0000b743  DL_UART_setClockConfig                
0000880d  DMA_IRQHandler                        
0000880d  Default_Handler                       
0000abb9  GPIO_Init                             
0000880d  GROUP0_IRQHandler                     
00002191  GROUP1_IRQHandler                     
00001635  HOME_directory                        
0000b91d  HOSTexit                              
0000880d  HardFault_Handler                     
20200608  I                                     
0000880d  I2C0_IRQHandler                       
0000880d  I2C1_IRQHandler                       
2020063c  IRbuf                                 
2020089c  MAX                                   
202008a0  MAX_CORRECTION                        
202008a4  MIN                                   
00002a1d  MOTOR_CONTROL                         
00004f05  MPU6050_Init                          
0000a4b9  MSPM0_Init                            
0000880d  NMI_Handler                           
2020060c  P                                     
00007105  PID_control                           
0000880d  PendSV_Handler                        
0000880d  RTC_IRQHandler                        
00003381  Read_Quad                             
0000b925  Reset_Handler                         
0000880d  SPI0_IRQHandler                       
0000880d  SPI1_IRQHandler                       
0000880d  SVC_Handler                           
00002795  SYSCFG_DL_GPIO_init                   
00009339  SYSCFG_DL_I2C_BUS_init                
00009391  SYSCFG_DL_I2C_MPU6050_init            
00008b81  SYSCFG_DL_PWMA_init                   
000088f9  SYSCFG_DL_PWMB_init                   
00008965  SYSCFG_DL_PWMC_init                   
000089d1  SYSCFG_DL_PWMD_init                   
0000986d  SYSCFG_DL_SYSCTL_init                 
00009f91  SYSCFG_DL_TIMER_TICK_init             
000099e1  SYSCFG_DL_UART_0_init                 
000098b9  SYSCFG_DL_UART_1_init                 
000094f1  SYSCFG_DL_init                        
00006b6d  SYSCFG_DL_initPower                   
0000b799  SysTick_Handler                       
0000a319  SysTick_Init                          
0000880d  TIMA0_IRQHandler                      
0000880d  TIMA1_IRQHandler                      
00008545  TIMG0_IRQHandler                      
0000880d  TIMG12_IRQHandler                     
0000880d  TIMG6_IRQHandler                      
0000880d  TIMG7_IRQHandler                      
0000880d  TIMG8_IRQHandler                      
0000b755  TI_memcpy_small                       
0000b813  TI_memset_small                       
0000a551  UART0_IRQHandler                      
0000880d  UART1_IRQHandler                      
0000880d  UART2_IRQHandler                      
0000a581  UART3_IRQHandler                      
0000a5b1  UART_Init                             
202008a8  Velcity_Ki                            
202008ac  Velcity_Kp                            
00007285  Velocity_A                            
00007341  Velocity_B                            
000073fd  Velocity_C                            
000074b9  Velocity_D                            
20208000  __STACK_END                           
00000200  __STACK_SIZE                          
00000000  __TI_ATRegion0_region_sz              
00000000  __TI_ATRegion0_src_addr               
00000000  __TI_ATRegion0_trg_addr               
00000000  __TI_ATRegion1_region_sz              
00000000  __TI_ATRegion1_src_addr               
00000000  __TI_ATRegion1_trg_addr               
00000000  __TI_ATRegion2_region_sz              
00000000  __TI_ATRegion2_src_addr               
00000000  __TI_ATRegion2_trg_addr               
0000d168  __TI_CINIT_Base                       
0000d178  __TI_CINIT_Limit                      
0000d178  __TI_CINIT_Warm                       
0000d154  __TI_Handler_Table_Base               
0000d160  __TI_Handler_Table_Limit              
0000a045  __TI_auto_init_nobinit_nopinit        
000084c9  __TI_decompress_lzss                  
0000b767  __TI_decompress_none                  
000093e9  __TI_ltoa                             
ffffffff  __TI_pprof_out_hndl                   
00000c65  __TI_printfi                          
ffffffff  __TI_prof_data_size                   
ffffffff  __TI_prof_data_start                  
00000000  __TI_static_base__                    
0000b7d9  __TI_zero_init                        
000044f7  __adddf3                              
000069c7  __addsf3                              
0000cbe0  __aeabi_ctype_table_                  
0000cbe0  __aeabi_ctype_table_C                 
00008811  __aeabi_d2f                           
00009905  __aeabi_d2iz                          
000044f7  __aeabi_dadd                          
00008f81  __aeabi_dcmpeq                        
00008fbd  __aeabi_dcmpge                        
00008fd1  __aeabi_dcmpgt                        
00008fa9  __aeabi_dcmple                        
00008f95  __aeabi_dcmplt                        
00005e81  __aeabi_ddiv                          
00006569  __aeabi_dmul                          
000044ed  __aeabi_dsub                          
202008b0  __aeabi_errno                         
0000b8d9  __aeabi_errno_addr                    
00009d29  __aeabi_f2d                           
0000a131  __aeabi_f2iz                          
000069c7  __aeabi_fadd                          
00008fe5  __aeabi_fcmpeq                        
00009021  __aeabi_fcmpge                        
00009035  __aeabi_fcmpgt                        
0000900d  __aeabi_fcmple                        
00008ff9  __aeabi_fcmplt                        
00008349  __aeabi_fdiv                          
00007f05  __aeabi_fmul                          
000069bd  __aeabi_fsub                          
0000a891  __aeabi_i2d                           
00009fcd  __aeabi_i2f                           
00009499  __aeabi_idiv                          
0000467f  __aeabi_idiv0                         
00009499  __aeabi_idivmod                       
0000518b  __aeabi_ldiv0                         
0000ad69  __aeabi_llsl                          
0000abdd  __aeabi_lmul                          
0000b821  __aeabi_memclr                        
0000b821  __aeabi_memclr4                       
0000b821  __aeabi_memclr8                       
0000b8e1  __aeabi_memcpy                        
0000b8e1  __aeabi_memcpy4                       
0000b8e1  __aeabi_memcpy8                       
0000b7e9  __aeabi_memset                        
0000b7e9  __aeabi_memset4                       
0000b7e9  __aeabi_memset8                       
0000aa35  __aeabi_ui2f                          
00009ce9  __aeabi_uidiv                         
00009ce9  __aeabi_uidivmod                      
0000b631  __aeabi_uldivmod                      
0000ad69  __ashldi3                             
ffffffff  __binit__                             
00008be9  __cmpdf2                              
0000a081  __cmpsf2                              
00005e81  __divdf3                              
00008349  __divsf3                              
00008be9  __eqdf2                               
0000a081  __eqsf2                               
00009d29  __extendsfdf2                         
00009905  __fixdfsi                             
0000a131  __fixsfsi                             
0000a891  __floatsidf                           
00009fcd  __floatsisf                           
0000aa35  __floatunsisf                         
00008799  __gedf2                               
0000a009  __gesf2                               
00008799  __gtdf2                               
0000a009  __gtsf2                               
00008be9  __ledf2                               
0000a081  __lesf2                               
00008be9  __ltdf2                               
0000a081  __ltsf2                               
UNDEFED   __mpu_init                            
00006569  __muldf3                              
0000abdd  __muldi3                              
0000a0bd  __muldsi3                             
00007f05  __mulsf3                              
00008be9  __nedf2                               
0000a081  __nesf2                               
20207e00  __stack                               
20200000  __start___llvm_prf_bits               
20200000  __start___llvm_prf_cnts               
20200000  __stop___llvm_prf_bits                
20200000  __stop___llvm_prf_cnts                
000044ed  __subdf3                              
000069bd  __subsf3                              
00008811  __truncdfsf2                          
00007a41  __udivmoddi4                          
0000aa85  _c_int00_noargs                       
20200640  _ftable                               
202008b4  _lock                                 
000059fb  _nop                                  
UNDEFED   _system_post_cinit                    
0000b939  _system_pre_init                      
202008b8  _unlock                               
0000b917  abort                                 
202005d6  accel                                 
00009049  angle_calculation                     
000041a5  angle_correction                      
2020087f  angle_correction_flag                 
202008c0  angle_diff                            
00001e2d  asin                                  
00001e2d  asinl                                 
0000249d  atan                                  
00004681  atan2                                 
00004681  atan2l                                
0000249d  atanl                                 
00009d69  atoi                                  
ffffffff  binit                                 
000039f9  c_control                             
20200610  car_begin_yaw                         
0000844d  car_run                               
202008c4  car_speed                             
0000b82d  car_stop                              
20200614  car_straight_yaw                      
202008c8  correction_factor1                    
202008cc  correction_factor2                    
202008d0  correction_factor3                    
202008d4  correction_factor4                    
20200888  directory                             
202008d8  directory_flag                        
20200890  directory_num                         
00009a29  dmp_enable_6x_lp_quat                 
00002c95  dmp_enable_feature                    
000090a9  dmp_enable_gyro_cal                   
00009a71  dmp_enable_lp_quat                    
0000af81  dmp_load_motion_driver_firmware       
00003c09  dmp_read_fifo                         
0000b645  dmp_register_android_orient_cb        
0000b659  dmp_register_tap_cb                   
00007c1d  dmp_set_fifo_rate                     
00004809  dmp_set_orientation                   
00009c1d  dmp_set_shake_reject_thresh           
0000a4eb  dmp_set_shake_reject_time             
0000a51d  dmp_set_shake_reject_timeout          
00008def  dmp_set_tap_axes                      
00009c61  dmp_set_tap_count                     
00003149  dmp_set_tap_thresh                    
0000a611  dmp_set_tap_time                      
0000a641  dmp_set_tap_time_multi                
0000a8bd  fputc                                 
00009781  fputs                                 
[...]
2020091a  uart_data                             
0000b7c9  wcslen                                
00008d21  xianshuc                              
20200910  xspeed                                
20200638  yaw                                   
00004dbd  zb_control                            


GLOBAL SYMBOLS: SORTED BY Symbol Address 

address   name                                  
-------   ----                                  
00000000  __TI_ATRegion0_region_sz              
00000000  __TI_ATRegion0_src_addr               
00000000  __TI_ATRegion0_trg_addr               
00000000  __TI_ATRegion1_region_sz              
00000000  __TI_ATRegion1_src_addr               
00000000  __TI_ATRegion1_trg_addr               
00000000  __TI_ATRegion2_region_sz              
00000000  __TI_ATRegion2_src_addr               
00000000  __TI_ATRegion2_trg_addr               
00000000  __TI_static_base__                    
00000000  interruptVectors                      
000000c1  line_follower                         
00000200  __STACK_SIZE                          
00000c65  __TI_printfi                          
00001635  HOME_directory                        
00001e2d  asin                                  
00001e2d  asinl                                 
00002191  GROUP1_IRQHandler                     
0000249d  atan                                  
0000249d  atanl                                 
00002795  SYSCFG_DL_GPIO_init                   
00002a1d  MOTOR_CONTROL                         
00002c95  dmp_enable_feature                    
00002f0d  u8g2_font_decode_glyph                
00003149  dmp_set_tap_thresh                    
00003381  Read_Quad                             
000035ad  mpu_reset_fifo                        
000039f9  c_control                             
00003c09  dmp_read_fifo                         
00003fd9  u8x8_gpio_and_delay                   
000041a5  angle_correction                      
0000434d  mpu_set_bypass                        
000044ed  __aeabi_dsub                          
000044ed  __subdf3                              
000044f7  __adddf3                              
000044f7  __aeabi_dadd                          
0000467f  __aeabi_idiv0                         
00004681  atan2                                 
00004681  atan2l                                
00004809  dmp_set_orientation                   
00004981  sqrt                                  
00004981  sqrtl                                 
00004c59  u8g2_ll_hvline_vertical_top_lsb       
00004dbd  zb_control                            
00004f05  MPU6050_Init                          
00005049  u8g2_font_decode_len                  
0000518b  __aeabi_ldiv0                         
000052c9  u8x8_utf8_next                        
00005405  mspm0_i2c_read                        
00005539  mspm0_xj_i2c_read                     
0000566d  u8x8_cad_ssd13xx_fast_i2c             
000057a1  mpu_set_sensors                       
000058d1  u8g2_DrawHVLine                       
000059fb  _nop                                  
000059fd  mpu_init                              
00005b25  mpu_load_firmware                     
00005d69  u8g2_font_get_glyph_data              
00005e81  __aeabi_ddiv                          
00005e81  __divdf3                              
00005f8d  mpu_read_fifo_stream                  
00006095  DL_Timer_initFourCCPWMMode            
00006199  mpu_lp_accel_mode                     
00006299  u8g2_read_font_info                   
00006395  mpu_set_sample_rate                   
00006481  DL_Timer_initTimerMode                
00006569  __aeabi_dmul                          
00006569  __muldf3                              
0000664d  mpu_set_accel_fsr                     
00006731  DL_SYSCTL_configSYSPLL                
0000680d  ldexp                                 
0000680d  ldexpl                                
0000680d  scalbn                                
0000680d  scalbnl                               
000069bd  __aeabi_fsub                          
000069bd  __subsf3                              
000069c7  __addsf3                              
000069c7  __aeabi_fadd                          
00006b6d  SYSCFG_DL_initPower                   
00006d15  CAR_control                           
00006de5  mpu_set_lpf                           
00006eb5  u8g2_UpdateRefHeight                  
00006f7d  mpu_set_gyro_fsr                      
00007041  mspm0_i2c_write                       
00007105  PID_control                           
000071c5  u8x8_byte_sw_i2c                      
00007285  Velocity_A                            
00007341  Velocity_B                            
000073fd  Velocity_C                            
000074b9  Velocity_D                            
00007575  mpu_configure_fifo                    
00007631  mpu_set_dmp_state                     
00007799  mpu_read_mem                          
00007845  mpu_write_mem                         
0000799d  u8x8_cad_SendSequence                 
00007a41  __udivmoddi4                          
00007ae5  mpu_set_int_latched                   
00007b81  quanshukongzi                         
00007c1d  dmp_set_fifo_rate                     
00007d4d  u8g2_DrawGlyph                        
00007de3  u8g2_is_intersection_decision_tree    
00007f05  __aeabi_fmul                          
00007f05  __mulsf3                              
00008131  other_control                         
000081b9  u8g2_font_decode_get_unsigned_bits    
00008349  __aeabi_fdiv                          
00008349  __divsf3                              
000083cd  u8x8_d_ssd1306_128x64_noname          
0000844d  car_run                               
000084c9  __TI_decompress_lzss                  
00008545  TIMG0_IRQHandler                      
000085bd  u8g2_DrawBox                          
00008635  u8g2_SetupBuffer                      
000086ad  u8g2_add_vector_x                     
00008723  u8g2_add_vector_y                     
00008799  __gedf2                               
00008799  __gtdf2                               
0000880d  ADC0_IRQHandler                       
0000880d  ADC1_IRQHandler                       
0000880d  AES_IRQHandler                        
0000880d  CANFD0_IRQHandler                     
0000880d  DAC0_IRQHandler                       
0000880d  DMA_IRQHandler                        
0000880d  Default_Handler                       
0000880d  GROUP0_IRQHandler                     
0000880d  HardFault_Handler                     
0000880d  I2C0_IRQHandler                       
0000880d  I2C1_IRQHandler                       
0000880d  NMI_Handler                           
0000880d  PendSV_Handler                        
0000880d  RTC_IRQHandler                        
0000880d  SPI0_IRQHandler                       
0000880d  SPI1_IRQHandler                       
0000880d  SVC_Handler                           
0000880d  TIMA0_IRQHandler                      
0000880d  TIMA1_IRQHandler                      
0000880d  TIMG12_IRQHandler                     
0000880d  TIMG6_IRQHandler                      
0000880d  TIMG7_IRQHandler                      
0000880d  TIMG8_IRQHandler                      
0000880d  UART1_IRQHandler                      
0000880d  UART2_IRQHandler                      
00008811  __aeabi_d2f                           
00008811  __truncdfsf2                          
00008885  mpu_get_accel_fsr                     
000088f9  SYSCFG_DL_PWMB_init                   
00008965  SYSCFG_DL_PWMC_init                   
000089d1  SYSCFG_DL_PWMD_init                   
00008aa9  u8g2_NextPage                         
00008b15  u8x8_d_helper_display_init            
00008b81  SYSCFG_DL_PWMA_init                   
00008be9  __cmpdf2                              
00008be9  __eqdf2                               
00008be9  __ledf2                               
00008be9  __ltdf2                               
00008be9  __nedf2                               
00008c51  get_encoder_count                     
00008cb9  main                                  
00008d21  xianshuc                              
00008def  dmp_set_tap_axes                      
00008e55  motor_xj_i2c_sda_unlock               
00008eb9  mpu6050_i2c_sda_unlock                
00008f1d  u8g2_IsIntersection                   
00008f81  __aeabi_dcmpeq                        
00008f95  __aeabi_dcmplt                        
00008fa9  __aeabi_dcmple                        
00008fbd  __aeabi_dcmpge                        
00008fd1  __aeabi_dcmpgt                        
00008fe5  __aeabi_fcmpeq                        
00008ff9  __aeabi_fcmplt                        
0000900d  __aeabi_fcmple                        
00009021  __aeabi_fcmpge                        
00009035  __aeabi_fcmpgt                        
00009049  angle_calculation                     
000090a9  dmp_enable_gyro_cal                   
00009109  mpu_get_gyro_fsr                      
00009169  DL_I2C_fillControllerTXFIFO           
000091c9  frexp                                 
000091c9  frexpl                                
000092dd  printf                                
00009339  SYSCFG_DL_I2C_BUS_init                
00009391  SYSCFG_DL_I2C_MPU6050_init            
000093e9  __TI_ltoa                             
00009499  __aeabi_idiv                          
00009499  __aeabi_idivmod                       
000094f1  SYSCFG_DL_init                        
00009781  fputs                                 
0000986d  SYSCFG_DL_SYSCTL_init                 
000098b9  SYSCFG_DL_UART_1_init                 
00009905  __aeabi_d2iz                          
00009905  __fixdfsi                             
00009999  DL_UART_init                          
000099e1  SYSCFG_DL_UART_0_init                 
00009a29  dmp_enable_6x_lp_quat                 
00009a71  dmp_enable_lp_quat                    
00009b49  u8g2_Setup_ssd1306_i2c_128x64_noname_f
00009b91  u8g2_font_decode_get_signed_bits      
00009bd9  DL_SYSCTL_switchMCLKfromSYSOSCtoHSCLK 
00009c1d  dmp_set_shake_reject_thresh           
00009c61  dmp_set_tap_count                     
00009ca5  u8x8_SetupDefaults                    
00009ce9  __aeabi_uidiv                         
00009ce9  __aeabi_uidivmod                      
00009d29  __aeabi_f2d                           
00009d29  __extendsfdf2                         
00009d69  atoi                                  
00009da9  u8g2Init                              
00009e27  u8g2_draw_hv_line_2dir                
00009f19  DL_I2C_flushControllerTXFIFO          
00009f91  SYSCFG_DL_TIMER_TICK_init             
00009fcd  __aeabi_i2f                           
00009fcd  __floatsisf                           
0000a009  __gesf2                               
0000a009  __gtsf2                               
0000a045  __TI_auto_init_nobinit_nopinit        
0000a081  __cmpsf2                              
0000a081  __eqsf2                               
0000a081  __lesf2                               
0000a081  __ltsf2                               
0000a081  __nesf2                               
0000a0bd  __muldsi3                             
0000a131  __aeabi_f2iz                          
0000a131  __fixsfsi                             
0000a1d9  sprintf                               
0000a211  u8g2_update_page_win_r0               
0000a247  u8x8_Setup                            
0000a319  SysTick_Init                          
0000a34d  mpu_get_sample_rate                   
0000a381  u8g2_DrawUTF8                         
0000a3b5  u8g2_SetMaxClipWindow                 
0000a3e9  u8g2_draw_l90_r0                      
0000a451  u8x8_DrawTile                         
0000a4b9  MSPM0_Init                            
0000a4eb  dmp_set_shake_reject_time             
0000a51d  dmp_set_shake_reject_timeout          
0000a551  UART0_IRQHandler                      
0000a581  UART3_IRQHandler                      
0000a5b1  UART_Init                             
0000a611  dmp_set_tap_time                      
0000a641  dmp_set_tap_time_multi                
0000a6a1  mspm0_delay_ms                        
0000a6d1  u8g2_SetFont                          
0000a72f  u8g2_ClearBuffer                      
0000a75d  DIRECTORY_control                     
0000a891  __aeabi_i2d                           
0000a891  __floatsidf                           
0000a8bd  fputc                                 
0000a8e9  mspm0_get_clock_ms                    
0000a915  uart0_send_char                       
0000a941  uart1_send_char                       
0000aa35  __aeabi_ui2f                          
0000aa35  __floatunsisf                         
0000aa5d  u8g2_ClearDisplay                     
0000aa85  _c_int00_noargs                       
0000aad3  DL_I2C_setClockConfig                 
0000ab1f  u8g2_FirstPage                        
0000ab45  u8g2_SetBufferCurrTileRow             
0000ab6b  u8g2_SetDrawColor                     
0000ab91  u8x8_gpio_call                        
0000abb9  GPIO_Init                             
0000abdd  __aeabi_lmul                          
0000abdd  __muldi3                              
0000ac01  memccpy                               
0000ac23  u8x8_byte_SendBytes                   
0000ac45  u8x8_cad_SendData                     
0000acc9  memcmp                                
0000ace9  u8x8_SetPowerSave                     
0000ad09  u8x8_cad_SendArg                      
0000ad29  u8x8_cad_SendCmd                      
0000ad69  __aeabi_llsl                          
0000ad69  __ashldi3                             
0000af2d  DL_Timer_setCaptCompUpdateMethod      
0000af49  DL_Timer_setClockConfig               
0000af81  dmp_load_motion_driver_firmware       
0000afb7  u8x8_d_helper_display_setup_memory    
0000b2d1  DL_Timer_setCaptureCompareOutCtl      
0000b429  u8x8_InitDisplay                      
0000b43f  u8x8_RefreshDisplay                   
0000b455  u8x8_SetupMemory                      
0000b46b  u8x8_byte_EndTransfer                 
0000b481  u8x8_byte_SendByte                    
0000b497  u8x8_byte_StartTransfer               
0000b4ad  u8x8_cad_EndTransfer                  
0000b4c3  u8x8_cad_StartTransfer                
0000b4d9  u8x8_dummy_cb                         
0000b631  __aeabi_uldivmod                      
0000b645  dmp_register_android_orient_cb        
0000b659  dmp_register_tap_cb                   
0000b6bd  u8g2_SetFontDirection                 
0000b6d1  u8g2_SetFontMode                      
0000b6e5  u8g2_SetFontPosBaseline               
0000b6f9  u8g2_m_16_8_f                         
0000b743  DL_UART_setClockConfig                
0000b755  TI_memcpy_small                       
0000b767  __TI_decompress_none                  
0000b789  DL_Timer_setCaptureCompareValue       
0000b799  SysTick_Handler                       
0000b7a9  u8g2_update_dimension_r0              
0000b7b9  u8x8_utf8_init                        
0000b7c9  wcslen                                
0000b7d9  __TI_zero_init                        
0000b7e9  __aeabi_memset                        
0000b7e9  __aeabi_memset4                       
0000b7e9  __aeabi_memset8                       
0000b813  TI_memset_small                       
0000b821  __aeabi_memclr                        
0000b821  __aeabi_memclr4                       
0000b821  __aeabi_memclr8                       
0000b82d  car_stop                              
0000b839  DL_Common_delayCycles                 
0000b8c5  u8g2_font_calc_vref_font              
0000b8d9  __aeabi_errno_addr                    
0000b8e1  __aeabi_memcpy                        
0000b8e1  __aeabi_memcpy4                       
0000b8e1  __aeabi_memcpy8                       
0000b917  abort                                 
0000b91c  C$$EXIT                               
0000b91d  HOSTexit                              
0000b925  Reset_Handler                         
0000b939  _system_pre_init                      
0000c536  u8g2_font_unifont_st16                
0000cbe0  __aeabi_ctype_table_                  
0000cbe0  __aeabi_ctype_table_C                 
0000cd88  test                                  
0000cdb0  reg                                   
0000ceba  hw                                    
0000cec8  u8g2_cb_r0                            
0000d154  __TI_Handler_Table_Base               
0000d160  __TI_Handler_Table_Limit              
0000d168  __TI_CINIT_Base                       
0000d178  __TI_CINIT_Limit                      
0000d178  __TI_CINIT_Warm                       
20200000  __start___llvm_prf_bits               
20200000  __start___llvm_prf_cnts               
20200000  __stop___llvm_prf_bits                
20200000  __stop___llvm_prf_cnts                
20200400  gPWMBBackup                           
202004a0  gPWMDBackup                           
20200540  gUART_1Backup                         
202005b0  id                                    
202005c0  quat                                  
202005d6  accel                                 
202005dc  gyro                                  
202005e2  sensors                               
20200604  D                                     
20200608  I                                     
2020060c  P                                     
20200610  car_begin_yaw                         
20200614  car_straight_yaw                      
20200618  out                                   
2020061c  out1                                  
20200620  out2                                  
20200624  pitch                                 
20200628  roll                                  
2020062c  sensor_timestamp                      
20200630  start_time                            
20200634  tick_ms                               
20200638  yaw                                   
2020063c  IRbuf                                 
2020063d  more                                  
20200640  _ftable                               
2020087f  angle_correction_flag                 
20200888  directory                             
20200890  directory_num                         
2020089c  MAX                                   
202008a0  MAX_CORRECTION                        
202008a4  MIN                                   
202008a8  Velcity_Ki                            
202008ac  Velcity_Kp                            
202008b0  __aeabi_errno                         
202008b4  _lock                                 
202008b8  _unlock                               
202008c0  angle_diff                            
202008c4  car_speed                             
202008c8  correction_factor1                    
202008cc  correction_factor2                    
202008d0  correction_factor3                    
202008d4  correction_factor4                    
202008d8  directory_flag                        
202008e0  gyro_l_num                            
202008e4  gyro_r_num                            
202008ec  l_num                                 
202008f8  nextway                               
202008fc  now_speed                             
20200904  quanshu                               
20200908  r_num                                 
20200910  xspeed                                
20200915  mode_flag                             
20200917  stop_flag                             
2020091a  uart_data                             
20207e00  __stack                               
20208000  __STACK_END                           
ffffffff  __TI_pprof_out_hndl                   
ffffffff  __TI_prof_data_size                   
ffffffff  __TI_prof_data_start                  
ffffffff  __binit__                             
ffffffff  binit                                 
UNDEFED   __mpu_init                            
UNDEFED   _system_post_cinit                    

[398 symbols]
