******************************************************************************
            TI ARM Clang Linker PC v4.0.3                      
******************************************************************************
>> Linked Tue Nov 18 22:06:41 2025

OUTPUT FILE NAME:   <car2025_11_16.out>
ENTRY POINT SYMBOL: "_c_int00_noargs"  address: 000088b9


MEMORY CONFIGURATION

         name            origin    length      used     unused   attr    fill
----------------------  --------  ---------  --------  --------  ----  --------
  FLASH                 00000000   00020000  0000adb8  00015248  R  X
  SRAM                  20200000   00008000  00000a42  000075be  RW X
  BCR_CONFIG            41c00000   000000ff  00000000  000000ff  R   
  BSL_CONFIG            41c00100   00000080  00000000  00000080  R   


SEGMENT ALLOCATION MAP

run origin  load origin   length   init length attrs members
----------  ----------- ---------- ----------- ----- -------
00000000    00000000    0000adb8   0000adb8    r-x
  00000000    00000000    000000c0   000000c0    r-- .intvecs
  000000c0    000000c0    000094f0   000094f0    r-x .text
  000095b0    000095b0    000016c0   000016c0    r-- .rodata
  0000ac70    0000ac70    00000148   00000148    r-- .cinit
20200000    20200000    00000843   00000000    rw-
  20200000    20200000    0000059b   00000000    rw- .bss
  2020059c    2020059c    000002a7   00000000    rw- .data
20207e00    20207e00    00000200   00000000    rw-
  20207e00    20207e00    00000200   00000000    rw- .stack


SECTION ALLOCATION MAP

 output                                  attributes/
section   page    origin      length       input sections
--------  ----  ----------  ----------   ----------------
.intvecs   0    00000000    000000c0     
                  00000000    000000c0     startup_mspm0g350x_ticlang.o (.intvecs)

.text      0    000000c0    000094f0     
                  000000c0    000009d0     libc.a : _printfi.c.obj (.text:__TI_printfi)
                  00000a90    000007f8     draw.o (.text.HOME_directory)
                  00001288    00000364     libc.a : e_asin.c.obj (.text.asin)
                  000015ec    000002f8            : s_atan.c.obj (.text.atan)
                  000018e4    00000278     inv_mpu_dmp_motion_driver.o (.text.dmp_enable_feature)
                  00001b5c    0000023c     u8g2_font.o (.text.u8g2_font_decode_glyph)
                  00001d98    00000238     inv_mpu_dmp_motion_driver.o (.text.dmp_set_tap_thresh)
                  00001fd0    0000022c     mpu6050.o (.text.Read_Quad)
                  000021fc    0000022c     inv_mpu.o (.text.mpu_reset_fifo)
                  00002428    00000224     ti_msp_dl_config.o (.text.SYSCFG_DL_GPIO_init)
                  0000264c    00000220     libc.a : _printfi.c.obj (.text._pconv_a)
                  0000286c    000001f4     inv_mpu_dmp_motion_driver.o (.text.dmp_read_fifo)
                  00002a60    000001dc     libc.a : _printfi.c.obj (.text._pconv_g)
                  00002c3c    000001cc     oled.o (.text.u8x8_gpio_and_delay)
                  00002e08    000001a0     inv_mpu.o (.text.mpu_set_bypass)
                  00002fa8    00000192     libclang_rt.builtins.a : adddf3.S.obj (.text.adddf3_subdf3)
                  0000313a    00000002                            : aeabi_div0.c.obj (.text.__aeabi_idiv0)
                  0000313c    00000188     libc.a : e_atan2.c.obj (.text.atan2)
                  000032c4    00000178     inv_mpu_dmp_motion_driver.o (.text.dmp_set_orientation)
                  0000343c    00000170     libc.a : e_sqrt.c.obj (.text.sqrt)
                  000035ac    00000168     u8x8_d_ssd1306_128x64_noname.o (.text.u8x8_d_ssd1306_sh1106_generic)
                  00003714    00000164     u8g2_ll_hvline.o (.text.u8g2_ll_hvline_vertical_top_lsb)
                  00003878    00000148     draw.o (.text.zb_control)
                  000039c0    00000144     mpu6050.o (.text.MPU6050_Init)
                  00003b04    00000142     u8g2_font.o (.text.u8g2_font_decode_len)
                  00003c46    00000002     libclang_rt.builtins.a : aeabi_div0.c.obj (.text.__aeabi_ldiv0)
                  00003c48    0000013c     libc.a : _printfi.c.obj (.text.fcvt)
                  00003d84    0000013c     u8x8_8x8.o (.text.u8x8_utf8_next)
                  00003ec0    00000134     mspm0_i2c.o (.text.mspm0_i2c_read)
                  00003ff4    00000134     u8x8_cad.o (.text.u8x8_cad_ssd13xx_fast_i2c)
                  00004128    00000130     inv_mpu.o (.text.mpu_set_sensors)
                  00004258    0000012a     u8g2_hvline.o (.text.u8g2_DrawHVLine)
                  00004382    00000002     libc.a : _lock.c.obj (.text._nop)
                  00004384    00000128     inv_mpu.o (.text.mpu_init)
                  000044ac    00000124     inv_mpu.o (.text.mpu_load_firmware)
                  000045d0    00000120     libc.a : _printfi.c.obj (.text._pconv_e)
                  000046f0    00000116     u8g2_font.o (.text.u8g2_font_get_glyph_data)
                  00004806    00000002     --HOLE-- [fill = 0]
                  00004808    0000010c     libclang_rt.builtins.a : divdf3.S.obj (.text.__divdf3)
                  00004914    00000108     inv_mpu.o (.text.mpu_read_fifo_stream)
                  00004a1c    00000104     driverlib.a : dl_timer.o (.text.DL_Timer_initFourCCPWMMode)
                  00004b20    00000100     inv_mpu.o (.text.mpu_lp_accel_mode)
                  00004c20    000000fc     u8g2_font.o (.text.u8g2_read_font_info)
                  00004d1c    000000ec     inv_mpu.o (.text.mpu_set_sample_rate)
                  00004e08    000000e4     libclang_rt.builtins.a : muldf3.S.obj (.text.__muldf3)
                  00004eec    000000e4     inv_mpu.o (.text.mpu_set_accel_fsr)
                  00004fd0    000000dc     driverlib.a : dl_sysctl_mspm0g1x0x_g3x0x.o (.text.DL_SYSCTL_configSYSPLL)
                  000050ac    000000d8     libc.a : s_scalbn.c.obj (.text.scalbn)
                  00005184    000000d8     u8g2_font.o (.text.u8g2_draw_string)
                  0000525c    000000d8     libclang_rt.builtins.a : addsf3.S.obj (.text)
                  00005334    000000d6     u8g2_hvline.o (.text.u8g2_clip_intersection2)
                  0000540a    00000002     --HOLE-- [fill = 0]
                  0000540c    000000d4     inv_mpu.o (.text.set_int_enable)
                  000054e0    000000d0     draw.o (.text.CAR_control)
                  000055b0    000000d0     inv_mpu.o (.text.mpu_set_lpf)
                  00005680    000000c6     u8g2_font.o (.text.u8g2_UpdateRefHeight)
                  00005746    00000002     --HOLE-- [fill = 0]
                  00005748    000000c4     interrupt.o (.text.GROUP1_IRQHandler)
                  0000580c    000000c4     inv_mpu.o (.text.mpu_set_gyro_fsr)
                  000058d0    000000c4     mspm0_i2c.o (.text.mspm0_i2c_write)
                  00005994    000000c0     draw.o (.text.PID_control)
                  00005a54    000000c0     u8x8_byte.o (.text.u8x8_byte_sw_i2c)
                  00005b14    000000bc     inv_mpu.o (.text.mpu_configure_fifo)
                  00005bd0    000000b8     inv_mpu.o (.text.mpu_set_dmp_state)
                  00005c88    000000b0     ti_msp_dl_config.o (.text.SYSCFG_DL_initPower)
                  00005d38    000000ae     u8g2_setup.o (.text.u8g2_update_dimension_common)
                  00005de6    00000002     --HOLE-- [fill = 0]
                  00005de8    000000ac     inv_mpu.o (.text.mpu_read_mem)
                  00005e94    000000ac     inv_mpu.o (.text.mpu_write_mem)
                  00005f40    000000ac     u8g2_setup.o (.text.u8g2_apply_clip_window)
                  00005fec    000000a4     u8x8_cad.o (.text.u8x8_cad_SendSequence)
                  00006090    000000a2     libclang_rt.builtins.a : udivmoddi4.S.obj (.text)
                  00006132    00000002     --HOLE-- [fill = 0]
                  00006134    0000009c     inv_mpu.o (.text.mpu_set_int_latched)
                  000061d0    0000009c     draw.o (.text.quanshukongzi)
                  0000626c    00000098     inv_mpu_dmp_motion_driver.o (.text.dmp_set_fifo_rate)
                  00006304    00000096     mpu6050.o (.text.inv_row_2_scale)
                  0000639a    00000002     --HOLE-- [fill = 0]
                  0000639c    00000096     u8g2_font.o (.text.u8g2_DrawGlyph)
                  00006432    00000094     u8g2_intersection.o (.text.u8g2_is_intersection_decision_tree)
                  000064c6    0000008e     u8g2_buffer.o (.text.u8g2_send_buffer)
                  00006554    0000008c     libclang_rt.builtins.a : mulsf3.S.obj (.text.__mulsf3)
                  000065e0    0000008c     inv_mpu_dmp_motion_driver.o (.text.decode_gesture)
                  0000666c    0000008a     u8x8_byte.o (.text.i2c_write_byte)
                  000066f6    00000002     --HOLE-- [fill = 0]
                  000066f8    00000088     draw.o (.text.other_control)
                  00006780    00000088     u8g2_font.o (.text.u8g2_font_decode_get_unsigned_bits)
                  00006808    00000084     clock.o (.text.__NVIC_SetPriority)
                  0000688c    00000084     ti_msp_dl_config.o (.text.__NVIC_SetPriority)
                  00006910    00000082     libclang_rt.builtins.a : divsf3.S.obj (.text.__divsf3)
                  00006992    00000002     --HOLE-- [fill = 0]
                  00006994    00000080     u8x8_d_ssd1306_128x64_noname.o (.text.u8x8_d_ssd1306_128x64_noname)
                  00006a14    0000007c     libc.a : copy_decompress_lzss.c.obj (.text:decompress:lzss)
                  00006a90    00000078     u8g2_box.o (.text.u8g2_DrawBox)
                  00006b08    00000078     u8g2_setup.o (.text.u8g2_SetupBuffer)
                  00006b80    00000076     u8g2_font.o (.text.u8g2_add_vector_x)
                  00006bf6    00000076     u8g2_font.o (.text.u8g2_add_vector_y)
                  00006c6c    00000074     libclang_rt.builtins.a : comparedf2.c.obj (.text.__gedf2)
                  00006ce0    00000074                            : truncdfsf2.S.obj (.text.__truncdfsf2)
                  00006d54    00000074     inv_mpu.o (.text.mpu_get_accel_fsr)
                  00006dc8    0000006c     ti_msp_dl_config.o (.text.SYSCFG_DL_PWMB_init)
                  00006e34    0000006c     ti_msp_dl_config.o (.text.SYSCFG_DL_PWMC_init)
                  00006ea0    0000006c     ti_msp_dl_config.o (.text.SYSCFG_DL_PWMD_init)
                  00006f0c    0000006c     u8g2_buffer.o (.text.u8g2_NextPage)
                  00006f78    0000006c     u8x8_display.o (.text.u8x8_d_helper_display_init)
                  00006fe4    00000068     ti_msp_dl_config.o (.text.SYSCFG_DL_PWMA_init)
                  0000704c    00000068     libclang_rt.builtins.a : comparedf2.c.obj (.text.__ledf2)
                  000070b4    00000068     draw.o (.text.xianshuc)
                  0000711c    00000066     libc.a : _printfi.c.obj (.text._mcpy)
                  00007182    00000066     inv_mpu_dmp_motion_driver.o (.text.dmp_set_tap_axes)
                  000071e8    00000064     main.o (.text.MSPM0_Init)
                  0000724c    00000064     mspm0_i2c.o (.text.mpu6050_i2c_sda_unlock)
                  000072b0    00000064     u8g2_intersection.o (.text.u8g2_IsIntersection)
                  00007314    00000062     libclang_rt.builtins.a : aeabi_dcmp.S.obj (.text.__aeabi_dcmp)
                  00007376    00000002     --HOLE-- [fill = 0]
                  00007378    00000060     inv_mpu_dmp_motion_driver.o (.text.dmp_enable_gyro_cal)
                  000073d8    00000060     inv_mpu.o (.text.mpu_get_gyro_fsr)
                  00007438    0000005e     driverlib.a : dl_i2c.o (.text.DL_I2C_fillControllerTXFIFO)
                  00007496    00000002     --HOLE-- [fill = 0]
                  00007498    0000005c     libc.a : s_frexp.c.obj (.text.frexp)
                  000074f4    0000005c     mspm0_i2c.o (.text.mspm0_i2c_enable)
                  00007550    0000005c     libc.a : printf.c.obj (.text.printf)
                  000075ac    00000058     ti_msp_dl_config.o (.text.SYSCFG_DL_I2C_BUS_init)
                  00007604    00000058     ti_msp_dl_config.o (.text.SYSCFG_DL_I2C_MPU6050_init)
                  0000765c    00000058     libc.a : _ltoa.c.obj (.text.__TI_ltoa)
                  000076b4    00000058            : _printfi.c.obj (.text._pconv_f)
                  0000770c    00000056     libclang_rt.builtins.a : aeabi_idivmod.S.obj (.text.__aeabi_idivmod)
                  00007762    00000054     u8g2_buffer.o (.text.u8g2_send_tile_row)
                  000077b6    00000052     libc.a : _printfi.c.obj (.text._ecpy)
                  00007808    00000052     u8g2_font.o (.text.u8g2_font_setup_decode)
                  0000785a    00000002     --HOLE-- [fill = 0]
                  0000785c    00000050     mspm0_i2c.o (.text.DL_I2C_startControllerTransfer)
                  000078ac    00000050     clock.o (.text.SysTick_Config)
                  000078fc    00000050     uart.o (.text.fputs)
                  0000794c    00000050     u8g2_font.o (.text.u8g2_font_draw_glyph)
                  0000799c    0000004c     ti_msp_dl_config.o (.text.DL_UART_setBaudRateDivisor)
                  000079e8    0000004c     ti_msp_dl_config.o (.text.SYSCFG_DL_SYSCTL_init)
                  00007a34    0000004a     libclang_rt.builtins.a : fixdfsi.S.obj (.text.__fixdfsi)
                  00007a7e    0000004a     u8x8_byte.o (.text.i2c_start)
                  00007ac8    00000048     driverlib.a : dl_uart.o (.text.DL_UART_init)
                  00007b10    00000048     ti_msp_dl_config.o (.text.SYSCFG_DL_UART_0_init)
                  00007b58    00000048     inv_mpu_dmp_motion_driver.o (.text.dmp_enable_6x_lp_quat)
                  00007ba0    00000048     inv_mpu_dmp_motion_driver.o (.text.dmp_enable_lp_quat)
                  00007be8    00000048     mspm0_i2c.o (.text.mspm0_i2c_disable)
                  00007c30    00000048     u8g2_d_setup.o (.text.u8g2_Setup_ssd1306_i2c_128x64_noname_f)
                  00007c78    00000046     u8g2_font.o (.text.u8g2_font_decode_get_signed_bits)
                  00007cbe    00000002     --HOLE-- [fill = 0]
                  00007cc0    00000044     driverlib.a : dl_sysctl_mspm0g1x0x_g3x0x.o (.text.DL_SYSCTL_switchMCLKfromSYSOSCtoHSCLK)
                  00007d04    00000044     inv_mpu_dmp_motion_driver.o (.text.dmp_set_shake_reject_thresh)
                  00007d48    00000044     inv_mpu_dmp_motion_driver.o (.text.dmp_set_tap_count)
                  00007d8c    00000044     u8x8_setup.o (.text.u8x8_SetupDefaults)
                  00007dd0    00000040     ti_msp_dl_config.o (.text.SYSCFG_DL_init)
                  00007e10    00000040     libclang_rt.builtins.a : aeabi_uidivmod.S.obj (.text.__aeabi_uidivmod)
                  00007e50    00000040                            : extendsfdf2.S.obj (.text.__extendsfdf2)
                  00007e90    00000040     libc.a : atoi.c.obj (.text.atoi)
                  00007ed0    00000040     main.o (.text.main)
                  00007f10    00000040     oled.o (.text.u8g2Init)
                  00007f50    0000003e     mpu6050.o (.text.inv_orientation_matrix_to_scalar)
                  00007f8e    0000003e     u8g2_hvline.o (.text.u8g2_draw_hv_line_2dir)
                  00007fcc    0000003c     mspm0_i2c.o (.text.DL_GPIO_initPeripheralInputFunctionFeatures)
                  00008008    0000003c     ti_msp_dl_config.o (.text.DL_GPIO_initPeripheralInputFunctionFeatures)
                  00008044    0000003c     driverlib.a : dl_i2c.o (.text.DL_I2C_flushControllerTXFIFO)
                  00008080    0000003c     ti_msp_dl_config.o (.text.DL_Timer_setCounterControl)
                  000080bc    0000003c     libclang_rt.builtins.a : floatsisf.S.obj (.text.__floatsisf)
                  000080f8    0000003c     libc.a : autoinit.c.obj (.text:__TI_auto_init_nobinit_nopinit)
                  00008134    0000003a     libclang_rt.builtins.a : muldsi3.S.obj (.text.__muldsi3)
                  0000816e    00000002     --HOLE-- [fill = 0]
                  00008170    00000038                            : fixsfsi.S.obj (.text.__fixsfsi)
                  000081a8    00000038     u8x8_byte.o (.text.i2c_write_bit)
                  000081e0    00000038     libc.a : sprintf.c.obj (.text.sprintf)
                  00008218    00000036     u8g2_setup.o (.text.u8g2_update_page_win_r0)
                  0000824e    00000036     u8x8_setup.o (.text.u8x8_Setup)
                  00008284    00000034     mspm0_i2c.o (.text.DL_GPIO_initDigitalInputFeatures)
                  000082b8    00000034     ti_msp_dl_config.o (.text.DL_GPIO_initDigitalInputFeatures)
                  000082ec    00000034     inv_mpu.o (.text.mpu_get_sample_rate)
                  00008320    00000034     u8g2_font.o (.text.u8g2_DrawUTF8)
                  00008354    00000034     u8g2_setup.o (.text.u8g2_SetMaxClipWindow)
                  00008388    00000034     u8g2_setup.o (.text.u8g2_draw_l90_r0)
                  000083bc    00000034     u8g2_font.o (.text.u8g2_font_get_word)
                  000083f0    00000034     u8x8_display.o (.text.u8x8_DrawTile)
                  00008424    00000034     u8x8_cad.o (.text.u8x8_i2c_data_transfer)
                  00008458    00000032     inv_mpu_dmp_motion_driver.o (.text.dmp_set_shake_reject_time)
                  0000848a    00000032     inv_mpu_dmp_motion_driver.o (.text.dmp_set_shake_reject_timeout)
                  000084bc    00000030     uart.o (.text.UART0_IRQHandler)
                  000084ec    00000030     libc.a : _printfi.c.obj (.text._fcpy)
                  0000851c    00000030     inv_mpu_dmp_motion_driver.o (.text.dmp_set_tap_time)
                  0000854c    00000030     inv_mpu_dmp_motion_driver.o (.text.dmp_set_tap_time_multi)
                  0000857c    00000030     u8x8_byte.o (.text.i2c_stop)
                  000085ac    00000030     clock.o (.text.mspm0_delay_ms)
                  000085dc    00000030     u8g2_font.o (.text.u8g2_SetFont)
                  0000860c    0000002e     u8x8_byte.o (.text.i2c_read_bit)
                  0000863a    0000002e     u8g2_buffer.o (.text.u8g2_ClearBuffer)
                  00008668    0000002c     draw.o (.text.DIRECTORY_control)
                  00008694    0000002c     uart.o (.text.__NVIC_ClearPendingIRQ)
                  000086c0    0000002c     main.o (.text.__NVIC_EnableIRQ)
                  000086ec    0000002c     uart.o (.text.__NVIC_EnableIRQ)
                  00008718    0000002c     libclang_rt.builtins.a : floatsidf.S.obj (.text.__floatsidf)
                  00008744    0000002c     uart.o (.text.fputc)
                  00008770    0000002c     clock.o (.text.mspm0_get_clock_ms)
                  0000879c    0000002c     uart.o (.text.uart0_send_char)
                  000087c8    00000028     mspm0_i2c.o (.text.DL_Common_updateReg)
                  000087f0    00000028     ti_msp_dl_config.o (.text.DL_Common_updateReg)
                  00008818    00000028     ti_msp_dl_config.o (.text.DL_I2C_setControllerRXFIFOThreshold)
                  00008840    00000028     ti_msp_dl_config.o (.text.DL_I2C_setControllerTXFIFOThreshold)
                  00008868    00000028     libclang_rt.builtins.a : floatunsisf.S.obj (.text.__floatunsisf)
                  00008890    00000028     u8g2_cleardisplay.o (.text.u8g2_ClearDisplay)
                  000088b8    00000028     libc.a : boot_cortex_m.c.obj (.text:_c_int00_noargs)
                  000088e0    00000026     ti_msp_dl_config.o (.text.DL_I2C_setAnalogGlitchFilterPulseWidth)
                  00008906    00000026     driverlib.a : dl_i2c.o (.text.DL_I2C_setClockConfig)
                  0000892c    00000026     u8x8_byte.o (.text.i2c_init)
                  00008952    00000026     u8g2_buffer.o (.text.u8g2_FirstPage)
                  00008978    00000026     u8g2_buffer.o (.text.u8g2_SetBufferCurrTileRow)
                  0000899e    00000026     u8g2_hvline.o (.text.u8g2_SetDrawColor)
                  000089c4    00000026     u8x8_gpio.o (.text.u8x8_gpio_call)
                  000089ea    00000002     --HOLE-- [fill = 0]
                  000089ec    00000024     oled.o (.text.GPIO_Init)
                  00008a10    00000024     libclang_rt.builtins.a : muldi3.S.obj (.text.__muldi3)
                  00008a34    00000022     libc.a : memccpy.c.obj (.text.memccpy)
                  00008a56    00000022     u8x8_byte.o (.text.u8x8_byte_SendBytes)
                  00008a78    00000022     u8x8_cad.o (.text.u8x8_cad_SendData)
                  00008a9a    00000002     --HOLE-- [fill = 0]
                  00008a9c    00000020     ti_msp_dl_config.o (.text.DL_GPIO_initPeripheralInputFunction)
                  00008abc    00000020     mpu6050.o (.text.DL_SYSCTL_resetDevice)
                  00008adc    00000020     ti_msp_dl_config.o (.text.DL_SYSCTL_setFlashWaitState)
                  00008afc    00000020     uart.o (.text.UART_Init)
                  00008b1c    00000020     libc.a : memcmp.c.obj (.text.memcmp)
                  00008b3c    00000020     u8x8_display.o (.text.u8x8_SetPowerSave)
                  00008b5c    00000020     u8x8_cad.o (.text.u8x8_cad_SendArg)
                  00008b7c    00000020     u8x8_cad.o (.text.u8x8_cad_SendCmd)
                  00008b9c    0000001e     ti_msp_dl_config.o (.text.DL_UART_setOversampling)
                  00008bba    00000002     --HOLE-- [fill = 0]
                  00008bbc    0000001e     libclang_rt.builtins.a : ashldi3.S.obj (.text.__ashldi3)
                  00008bda    00000002     --HOLE-- [fill = 0]
                  00008bdc    0000001c     interrupt.o (.text.DL_GPIO_clearInterruptStatus)
                  00008bf8    0000001c     main.o (.text.DL_GPIO_clearInterruptStatus)
                  00008c14    0000001c     ti_msp_dl_config.o (.text.DL_GPIO_clearInterruptStatus)
                  00008c30    0000001c     mspm0_i2c.o (.text.DL_GPIO_enableHiZ)
                  00008c4c    0000001c     ti_msp_dl_config.o (.text.DL_GPIO_enableHiZ)
                  00008c68    0000001c     ti_msp_dl_config.o (.text.DL_GPIO_enableInterrupt)
                  00008c84    0000001c     ti_msp_dl_config.o (.text.DL_GPIO_initDigitalInput)
                  00008ca0    0000001c     ti_msp_dl_config.o (.text.DL_GPIO_initPeripheralOutputFunction)
                  00008cbc    0000001c     ti_msp_dl_config.o (.text.DL_GPIO_setLowerPinsPolarity)
                  00008cd8    0000001c     mpu6050.o (.text.DL_I2C_getSDAStatus)
                  00008cf4    0000001c     mspm0_i2c.o (.text.DL_I2C_isControllerRXFIFOEmpty)
                  00008d10    0000001c     ti_msp_dl_config.o (.text.DL_SYSCTL_setSYSOSCFreq)
                  00008d2c    0000001c     ti_msp_dl_config.o (.text.DL_SYSCTL_setULPCLKDivider)
                  00008d48    0000001c     driverlib.a : dl_timer.o (.text.DL_Timer_setCaptCompUpdateMethod)
                  00008d64    0000001c                 : dl_timer.o (.text.DL_Timer_setClockConfig)
                  00008d80    0000001c     ti_msp_dl_config.o (.text.DL_UART_enableInterrupt)
                  00008d9c    0000001c     inv_mpu_dmp_motion_driver.o (.text.dmp_load_motion_driver_firmware)
                  00008db8    0000001a     u8x8_byte.o (.text.i2c_read_scl_and_delay)
                  00008dd2    0000001a     u8x8_display.o (.text.u8x8_d_helper_display_setup_memory)
                  00008dec    00000018     mspm0_i2c.o (.text.DL_GPIO_enableOutput)
                  00008e04    00000018     ti_msp_dl_config.o (.text.DL_GPIO_enableOutput)
                  00008e1c    00000018     ti_msp_dl_config.o (.text.DL_GPIO_enablePower)
                  00008e34    00000018     interrupt.o (.text.DL_GPIO_getEnabledInterruptStatus)
                  00008e4c    00000018     mspm0_i2c.o (.text.DL_GPIO_initDigitalOutput)
                  00008e64    00000018     ti_msp_dl_config.o (.text.DL_GPIO_initDigitalOutput)
                  00008e7c    00000018     ti_msp_dl_config.o (.text.DL_GPIO_reset)
                  00008e94    00000018     mspm0_i2c.o (.text.DL_GPIO_setPins)
                  00008eac    00000018     oled.o (.text.DL_GPIO_setPins)
                  00008ec4    00000018     ti_msp_dl_config.o (.text.DL_GPIO_setUpperPinsPolarity)
                  00008edc    00000018     mspm0_i2c.o (.text.DL_I2C_clearInterruptStatus)
                  00008ef4    00000018     ti_msp_dl_config.o (.text.DL_I2C_enableAnalogGlitchFilter)
                  00008f0c    00000018     ti_msp_dl_config.o (.text.DL_I2C_enableController)
                  00008f24    00000018     ti_msp_dl_config.o (.text.DL_I2C_enableControllerClockStretching)
                  00008f3c    00000018     mspm0_i2c.o (.text.DL_I2C_enablePower)
                  00008f54    00000018     ti_msp_dl_config.o (.text.DL_I2C_enablePower)
                  00008f6c    00000018     mspm0_i2c.o (.text.DL_I2C_getRawInterruptStatus)
                  00008f84    00000018     mspm0_i2c.o (.text.DL_I2C_reset)
                  00008f9c    00000018     ti_msp_dl_config.o (.text.DL_I2C_reset)
                  00008fb4    00000018     ti_msp_dl_config.o (.text.DL_I2C_setTimerPeriod)
                  00008fcc    00000018     ti_msp_dl_config.o (.text.DL_SYSCTL_setBORThreshold)
                  00008fe4    00000018     ti_msp_dl_config.o (.text.DL_Timer_enablePower)
                  00008ffc    00000018     ti_msp_dl_config.o (.text.DL_Timer_reset)
                  00009014    00000018     driverlib.a : dl_timer.o (.text.DL_Timer_setCaptureCompareOutCtl)
                  0000902c    00000018     ti_msp_dl_config.o (.text.DL_UART_enablePower)
                  00009044    00000018     uart.o (.text.DL_UART_isBusy)
                  0000905c    00000018     ti_msp_dl_config.o (.text.DL_UART_reset)
                  00009074    00000018     clock.o (.text.SysTick_Init)
                  0000908c    00000018     libc.a : sprintf.c.obj (.text._outs)
                  000090a4    00000018     u8g2_font.o (.text.u8g2_font_get_byte)
                  000090bc    00000016     mspm0_i2c.o (.text.DL_GPIO_readPins)
                  000090d2    00000016     mspm0_i2c.o (.text.DL_I2C_transmitControllerData)
                  000090e8    00000016     ti_msp_dl_config.o (.text.DL_UART_enable)
                  000090fe    00000016     uart.o (.text.DL_UART_transmitData)
                  00009114    00000016     u8x8_byte.o (.text.i2c_delay)
                  0000912a    00000016     u8x8_display.o (.text.u8x8_InitDisplay)
                  00009140    00000016     u8x8_display.o (.text.u8x8_RefreshDisplay)
                  00009156    00000016     u8x8_display.o (.text.u8x8_SetupMemory)
                  0000916c    00000016     u8x8_byte.o (.text.u8x8_byte_EndTransfer)
                  00009182    00000016     u8x8_byte.o (.text.u8x8_byte_SendByte)
                  00009198    00000016     u8x8_byte.o (.text.u8x8_byte_StartTransfer)
                  000091ae    00000016     u8x8_cad.o (.text.u8x8_cad_EndTransfer)
                  000091c4    00000016     u8x8_cad.o (.text.u8x8_cad_StartTransfer)
                  000091da    00000016     u8x8_setup.o (.text.u8x8_dummy_cb)
                  000091f0    00000014     mspm0_i2c.o (.text.DL_GPIO_clearPins)
                  00009204    00000014     oled.o (.text.DL_GPIO_clearPins)
                  00009218    00000014     ti_msp_dl_config.o (.text.DL_GPIO_clearPins)
                  0000922c    00000014     mspm0_i2c.o (.text.DL_I2C_getControllerStatus)
                  00009240    00000014     mspm0_i2c.o (.text.DL_I2C_receiveControllerData)
                  00009254    00000014     ti_msp_dl_config.o (.text.DL_I2C_resetControllerTransfer)
                  00009268    00000014     ti_msp_dl_config.o (.text.DL_SYSCTL_disableSYSPLL)
                  0000927c    00000014     ti_msp_dl_config.o (.text.DL_SYSCTL_enableMFCLK)
                  00009290    00000014     ti_msp_dl_config.o (.text.DL_Timer_enableClock)
                  000092a4    00000014     ti_msp_dl_config.o (.text.DL_Timer_setCCPDirection)
                  000092b8    00000014     uart.o (.text.DL_UART_receiveData)
                  000092cc    00000014     libclang_rt.builtins.a : aeabi_uldivmod.S.obj (.text.__aeabi_uldivmod)
                  000092e0    00000014     inv_mpu_dmp_motion_driver.o (.text.dmp_register_android_orient_cb)
                  000092f4    00000014     inv_mpu_dmp_motion_driver.o (.text.dmp_register_tap_cb)
                  00009308    00000014     u8x8_byte.o (.text.i2c_clear_scl)
                  0000931c    00000014     u8x8_byte.o (.text.i2c_clear_sda)
                  00009330    00000014     u8x8_byte.o (.text.i2c_read_sda)
                  00009344    00000014     libc.a : _printfi.c.obj (.text.strchr)
                  00009358    00000014     u8g2_font.o (.text.u8g2_SetFontDirection)
                  0000936c    00000014     u8g2_font.o (.text.u8g2_SetFontMode)
                  00009380    00000014     u8g2_font.o (.text.u8g2_SetFontPosBaseline)
                  00009394    00000014     u8g2_d_memory.o (.text.u8g2_m_16_8_f)
                  000093a8    00000012     uart.o (.text.DL_UART_getPendingInterrupt)
                  000093ba    00000012     driverlib.a : dl_uart.o (.text.DL_UART_setClockConfig)
                  000093cc    00000012     libc.a : memcpy16.S.obj (.text:TI_memcpy_small)
                  000093de    00000012            : copy_decompress_none.c.obj (.text:decompress:none)
                  000093f0    00000010     ti_msp_dl_config.o (.text.DL_SYSCTL_disableHFXT)
                  00009400    00000010     driverlib.a : dl_timer.o (.text.DL_Timer_setCaptureCompareValue)
                  00009410    00000010     interrupt.o (.text.SysTick_Handler)
                  00009420    00000010     u8g2_setup.o (.text.u8g2_update_dimension_r0)
                  00009430    00000010     u8x8_8x8.o (.text.u8x8_utf8_init)
                  00009440    00000010     libc.a : wcslen.c.obj (.text.wcslen)
                  00009450    00000010            : copy_zero_init.c.obj (.text:decompress:ZI)
                  00009460    0000000e     libclang_rt.builtins.a : aeabi_memset.S.obj (.text.__aeabi_memset)
                  0000946e    0000000e     libc.a : _printfi.c.obj (.text.strlen)
                  0000947c    0000000e     mpu6050.o (.text.tap_cb)
                  0000948a    0000000e     libc.a : memset16.S.obj (.text:TI_memset_small)
                  00009498    0000000c     libclang_rt.builtins.a : aeabi_memset.S.obj (.text.__aeabi_memclr)
                  000094a4    0000000a     driverlib.a : dl_common.o (.text.DL_Common_delayCycles)
                  000094ae    0000000a     libc.a : _printfi.c.obj (.text.OUTLINED_FUNCTION_0)
                  000094b8    00000010     libclang_rt.builtins.a : adddf3.S.obj (.tramp.__aeabi_dsub.1)
                  000094c8    0000000a     libc.a : e_asin.c.obj (.text.OUTLINED_FUNCTION_0)
                  000094d2    00000002     --HOLE-- [fill = 0]
                  000094d4    00000010     libclang_rt.builtins.a : muldf3.S.obj (.tramp.__aeabi_dmul.1)
                  000094e4    0000000a     libc.a : s_atan.c.obj (.text.OUTLINED_FUNCTION_0)
                  000094ee    0000000a            : _printfi.c.obj (.text.OUTLINED_FUNCTION_1)
                  000094f8    0000000a            : e_asin.c.obj (.text.OUTLINED_FUNCTION_1)
                  00009502    0000000a            : e_asin.c.obj (.text.OUTLINED_FUNCTION_3)
                  0000950c    00000010     libclang_rt.builtins.a : divdf3.S.obj (.tramp.__aeabi_ddiv.1)
                  0000951c    0000000a     libc.a : sprintf.c.obj (.text._outc)
                  00009526    0000000a     mpu6050.o (.text.android_orient_cb)
                  00009530    0000000a     u8g2_font.o (.text.u8g2_font_calc_vref_font)
                  0000953a    00000008     libc.a : s_atan.c.obj (.text.OUTLINED_FUNCTION_2)
                  00009542    00000002     --HOLE-- [fill = 0]
                  00009544    00000008            : aeabi_portable.c.obj (.text.__aeabi_errno_addr)
                  0000954c    00000008     libclang_rt.builtins.a : aeabi_memcpy.S.obj (.text.__aeabi_memcpy)
                  00009554    00000008     libc.a : printf.c.obj (.text._outc)
                  0000955c    00000008            : printf.c.obj (.text._outs)
                  00009564    00000006            : s_atan.c.obj (.text.OUTLINED_FUNCTION_1)
                  0000956a    00000002     --HOLE-- [fill = 0]
                  0000956c    00000010     libclang_rt.builtins.a : adddf3.S.obj (.tramp.__aeabi_dadd.1)
                  0000957c    00000006     libc.a : e_asin.c.obj (.text.OUTLINED_FUNCTION_2)
                  00009582    00000006            : exit.c.obj (.text:abort)
                  00009588    00000004     startup_mspm0g350x_ticlang.o (.text.Default_Handler)
                  0000958c    00000004     libsysbm.a : hostexit.c.obj (.text.HOSTexit)
                  00009590    00000004     libc.a : e_asin.c.obj (.text.OUTLINED_FUNCTION_4)
                  00009594    00000004     startup_mspm0g350x_ticlang.o (.text.Reset_Handler)
                  00009598    00000010     libc.a : boot_cortex_m.c.obj (.tramp._c_int00_noargs.1)
                  000095a8    00000004            : pre_init.c.obj (.text._system_pre_init)
                  000095ac    00000004     --HOLE-- [fill = 0]

.cinit     0    0000ac70    00000148     
                  0000ac70    00000124     (.cinit..data.load) [load image, compression = lzss]
                  0000ad94    0000000c     (__TI_handler_table)
                  0000ada0    00000008     (.cinit..bss.load) [load image, compression = zero_init]
                  0000ada8    00000010     (__TI_cinit_table)

.rodata    0    000095b0    000016c0     
                  000095b0    00000bf6     inv_mpu_dmp_motion_driver.o (.rodata.dmp_memory)
                  0000a1a6    0000069f     chinesetxt.o (.rodata.u8g2_font_unifont_st16)
                  0000a845    0000000b     draw.o (.rodata.str1.11114186964174836109.1)
                  0000a850    00000101     libc.a : aeabi_ctype.S.obj (.rodata:__aeabi_ctype_table_)
                  0000a951    00000007     draw.o (.rodata.str1.1222851238220204105.1)
                  0000a958    00000040     libc.a : s_atan.c.obj (.rodata.cst32)
                  0000a998    00000035     u8x8_d_ssd1306_128x64_noname.o (.rodata.u8x8_d_ssd1306_128x64_noname_init_seq)
                  0000a9cd    00000003     ti_msp_dl_config.o (.rodata.gPWMAClockConfig)
                  0000a9d0    00000028     ti_msp_dl_config.o (.rodata.gSYSPLLConfig)
                  0000a9f8    00000028     inv_mpu.o (.rodata.test)
                  0000aa20    0000001e     inv_mpu.o (.rodata.reg)
                  0000aa3e    00000002     ti_msp_dl_config.o (.rodata.gI2C_BUSClockConfig)
                  0000aa40    00000018     u8x8_d_ssd1306_128x64_noname.o (.rodata.u8x8_ssd1306_128x64_noname_display_info)
                  0000aa58    00000013     uart.o (.rodata.str1.14464947116831474962.1)
                  0000aa6b    00000011     libc.a : _printfi.c.obj (.rodata.str1.10348868589481759720.1)
                  0000aa7c    00000011            : _printfi.c.obj (.rodata.str1.15363888844622738466.1)
                  0000aa8d    0000000f     draw.o (.rodata.str1.10860614167785051322.1)
                  0000aa9c    0000000f     draw.o (.rodata.str1.8450940598119648634.1)
                  0000aaab    0000000f     draw.o (.rodata.str1.9387805006866944833.1)
                  0000aaba    0000000d     draw.o (.rodata.str1.11299763840726973552.1)
                  0000aac7    0000000d     draw.o (.rodata.str1.15371446012953876463.1)
                  0000aad4    0000000d     draw.o (.rodata.str1.16798678518866173547.1)
                  0000aae1    0000000d     draw.o (.rodata.str1.3293259928865538337.1)
                  0000aaee    0000000d     draw.o (.rodata.str1.3977530377744300196.1)
                  0000aafb    0000000d     draw.o (.rodata.str1.5092474850242601035.1)
                  0000ab08    0000000d     draw.o (.rodata.str1.8511851625829648913.1)
                  0000ab15    00000001     --HOLE-- [fill = 0]
                  0000ab16    0000000c     inv_mpu.o (.rodata.hw)
                  0000ab22    00000002     ti_msp_dl_config.o (.rodata.gI2C_MPU6050ClockConfig)
                  0000ab24    0000000c     u8g2_setup.o (.rodata.u8g2_cb_r0)
                  0000ab30    0000000b     draw.o (.rodata.str1.17985918111400082174.1)
                  0000ab3b    0000000b     draw.o (.rodata.str1.9461052618368317133.1)
                  0000ab46    0000000a     ti_msp_dl_config.o (.rodata.gUART_0Config)
                  0000ab50    00000009     draw.o (.rodata.str1.5047273646867282875.1)
                  0000ab59    00000003     ti_msp_dl_config.o (.rodata.gPWMBClockConfig)
                  0000ab5c    00000008     ti_msp_dl_config.o (.rodata.gPWMAConfig)
                  0000ab64    00000008     ti_msp_dl_config.o (.rodata.gPWMBConfig)
                  0000ab6c    00000008     ti_msp_dl_config.o (.rodata.gPWMCConfig)
                  0000ab74    00000008     ti_msp_dl_config.o (.rodata.gPWMDConfig)
                  0000ab7c    00000007     draw.o (.rodata.str1.12837285066833756062.1)
                  0000ab83    00000007     draw.o (.rodata.str1.12927128395581683091.1)
                  0000ab8a    00000007     draw.o (.rodata.str1.15032166160981136206.1)
                  0000ab91    00000007     draw.o (.rodata.str1.4063744131834711033.1)
                  0000ab98    00000007     draw.o (.rodata.str1.4769186932343429571.1)
                  0000ab9f    00000007     draw.o (.rodata.str1.6628805185763255565.1)
                  0000aba6    00000007     draw.o (.rodata.str1.7599327456358374941.1)
                  0000abad    00000007     u8x8_d_ssd1306_128x64_noname.o (.rodata.u8x8_d_ssd1306_128x64_noname_flip0_seq)
                  0000abb4    00000007     u8x8_d_ssd1306_128x64_noname.o (.rodata.u8x8_d_ssd1306_128x64_noname_flip1_seq)
                  0000abbb    00000006     draw.o (.rodata.str1.11662179543728856056.1)
                  0000abc1    00000006     draw.o (.rodata.str1.12379070312978826538.1)
                  0000abc7    00000006     draw.o (.rodata.str1.3087611109763544748.1)
                  0000abcd    00000006     draw.o (.rodata.str1.3993406505997153926.1)
                  0000abd3    00000005     draw.o (.rodata.str1.10335834370773872660.1)
                  0000abd8    00000005     draw.o (.rodata.str1.13295882753961647737.1)
                  0000abdd    00000005     draw.o (.rodata.str1.13338964051441701904.1)
                  0000abe2    00000005     draw.o (.rodata.str1.15046184968404042663.1)
                  0000abe7    00000005     draw.o (.rodata.str1.197789920646994554.1)
                  0000abec    00000005     draw.o (.rodata.str1.3856563774887557434.1)
                  0000abf1    00000005     u8x8_d_ssd1306_128x64_noname.o (.rodata.u8x8_d_ssd1306_128x64_noname_powersave0_seq)
                  0000abf6    00000005     u8x8_d_ssd1306_128x64_noname.o (.rodata.u8x8_d_ssd1306_128x64_noname_powersave1_seq)
                  0000abfb    00000004     draw.o (.rodata.str1.12753359286343333358.1)
                  0000abff    00000004     draw.o (.rodata.str1.13124213828302697422.1)
                  0000ac03    00000004     draw.o (.rodata.str1.16853789779182153528.1)
                  0000ac07    00000004     draw.o (.rodata.str1.17104632844336190317.1)
                  0000ac0b    00000004     draw.o (.rodata.str1.17167547962068192002.1)
                  0000ac0f    00000004     draw.o (.rodata.str1.17323698585101302928.1)
                  0000ac13    00000004     draw.o (.rodata.str1.2536505494550489181.1)
                  0000ac17    00000004     draw.o (.rodata.str1.2680053455445061944.1)
                  0000ac1b    00000004     draw.o (.rodata.str1.3602204908956033498.1)
                  0000ac1f    00000004     draw.o (.rodata.str1.4176646092053031004.1)
                  0000ac23    00000004     draw.o (.rodata.str1.4799947621604406399.1)
                  0000ac27    00000004     draw.o (.rodata.str1.573547316600497309.1)
                  0000ac2b    00000004     draw.o (.rodata.str1.9408500714352350149.1)
                  0000ac2f    00000004     draw.o (.rodata.str1.9590535064981708106.1)
                  0000ac33    00000004     draw.o (.rodata.str1.9976906776139131669.1)
                  0000ac37    00000003     ti_msp_dl_config.o (.rodata.gPWMCClockConfig)
                  0000ac3a    00000003     ti_msp_dl_config.o (.rodata.gPWMDClockConfig)
                  0000ac3d    00000003     draw.o (.rodata.str1.11165926561598327348.1)
                  0000ac40    00000003     draw.o (.rodata.str1.13567208923197132193.1)
                  0000ac43    00000003     draw.o (.rodata.str1.13766420662825426875.1)
                  0000ac46    00000003     draw.o (.rodata.str1.14915676214180293299.1)
                  0000ac49    00000003     draw.o (.rodata.str1.15074342113409833842.1)
                  0000ac4c    00000003     draw.o (.rodata.str1.16988408085108356744.1)
                  0000ac4f    00000003     draw.o (.rodata.str1.17402708256360119916.1)
                  0000ac52    00000003     draw.o (.rodata.str1.17877410042743655113.1)
                  0000ac55    00000003     draw.o (.rodata.str1.3436235078410369563.1)
                  0000ac58    00000003     draw.o (.rodata.str1.439440656638192846.1)
                  0000ac5b    00000003     draw.o (.rodata.str1.8931661920520104013.1)
                  0000ac5e    00000002     ti_msp_dl_config.o (.rodata.gUART_0ClockConfig)
                  0000ac60    00000002     draw.o (.rodata.str1.13621094816472248119.1)
                  0000ac62    00000002     draw.o (.rodata.str1.13901186772788639667.1)
                  0000ac64    00000002     draw.o (.rodata.str1.15981432797632722681.1)
                  0000ac66    00000002     draw.o (.rodata.str1.16224708837686808630.1)
                  0000ac68    00000002     draw.o (.rodata.str1.6764898206403387013.1)
                  0000ac6a    00000002     draw.o (.rodata.str1.7901478166373039286.1)
                  0000ac6c    00000004     --HOLE-- [fill = 0]

.init_array 
*          0    00000000    00000000     UNINITIALIZED

.binit     0    00000000    00000000     

.bss       0    20200000    0000059b     UNINITIALIZED
                  20200000    00000400     u8g2_d_memory.o (.bss.u8g2_m_16_8_f.buf)
                  20200400    000000a0     (.common:gPWMBBackup)
                  202004a0    000000a0     (.common:gPWMDBackup)
                  20200540    00000010     (.common:id)
                  20200550    00000010     (.common:quat)
                  20200560    00000006     (.common:accel)
                  20200566    00000006     (.common:gyro)
                  2020056c    00000004     (.common:D)
                  20200570    00000004     (.common:I)
                  20200574    00000004     (.common:P)
                  20200578    00000004     (.common:car_begin_yaw)
                  2020057c    00000004     (.common:car_straight_yaw)
                  20200580    00000004     (.common:pitch)
                  20200584    00000004     (.common:roll)
                  20200588    00000004     (.common:sensor_timestamp)
                  2020058c    00000004     (.common:start_time)
                  20200590    00000004     (.common:tick_ms)
                  20200594    00000004     (.common:yaw)
                  20200598    00000002     (.common:sensors)
                  2020059a    00000001     (.common:more)

.data      0    2020059c    000002a7     UNINITIALIZED
                  2020059c    000000f0     libc.a : defs.c.obj (.data._ftable)
                  2020068c    0000002c     inv_mpu.o (.data.st)
                  202006b8    00000024     draw.o (.data..compoundliteral.42)
                  202006dc    00000020     draw.o (.data..compoundliteral.26)
                  202006fc    0000001c     draw.o (.data..compoundliteral.13)
                  20200718    0000001c     draw.o (.data..compoundliteral.33)
                  20200734    0000001c     draw.o (.data..compoundliteral.49)
                  20200750    0000001c     draw.o (.data..compoundliteral.52)
                  2020076c    0000001c     draw.o (.data..compoundliteral)
                  20200788    00000018     draw.o (.data..compoundliteral.50)
                  202007a0    00000014     draw.o (.data..compoundliteral.18)
                  202007b4    00000010     inv_mpu_dmp_motion_driver.o (.data.dmp)
                  202007c4    0000000e     mpu6050.o (.data.hal)
                  202007d2    00000009     mpu6050.o (.data.gyro_orientation)
                  202007db    00000001     line_follower.o (.data.mode_flag)
                  202007dc    00000008     draw.o (.data..compoundliteral.51)
                  202007e4    00000008     draw.o (.data.directory)
                  202007ec    00000008     draw.o (.data.directory_num)
                  202007f4    00000004     draw.o (.data..compoundliteral.6)
                  202007f8    00000004     electrical_machinery.o (.data.MAX)
                  202007fc    00000004     line_follower.o (.data.MAX_CORRECTION)
                  20200800    00000004     electrical_machinery.o (.data.MIN)
                  20200804    00000004     libc.a : aeabi_portable.c.obj (.data.__aeabi_errno)
                  20200808    00000004            : _lock.c.obj (.data._lock)
                  2020080c    00000004            : _lock.c.obj (.data._unlock)
                  20200810    00000004     draw.o (.data.car_speed)
                  20200814    00000004     line_follower.o (.data.correction_factor1)
                  20200818    00000004     line_follower.o (.data.correction_factor2)
                  2020081c    00000004     line_follower.o (.data.correction_factor3)
                  20200820    00000004     line_follower.o (.data.correction_factor4)
                  20200824    00000004     draw.o (.data.directory_flag)
                  20200828    00000004     line_follower.o (.data.l_num)
                  2020082c    00000004     interrupt.o (.data.nextway)
                  20200830    00000004     draw.o (.data.now_speed)
                  20200834    00000004     draw.o (.data.quanshu)
                  20200838    00000004     line_follower.o (.data.r_num)
                  2020083c    00000004     draw.o (.data.xspeed)
                  20200840    00000001     draw.o (.data.stop_flag)
                  20200841    00000001     u8x8_cad.o (.data.u8x8_cad_ssd13xx_fast_i2c.in_transfer)
                  20200842    00000001     uart.o (.data.uart_data)

.stack     0    20207e00    00000200     UNINITIALIZED
                  20207e00    00000004     libc.a : boot_cortex_m.c.obj (.stack)
                  20207e04    000001fc     --HOLE--

__llvm_prf_cnts 
*          0    20200000    00000000     UNINITIALIZED

__llvm_prf_bits 
*          0    20200000    00000000     UNINITIALIZED

MODULE SUMMARY

       Module                           code    ro data   rw data
       ------                           ----    -------   -------
    .\
       ti_msp_dl_config.o               2966    100       320    
       main.o                           236     0         0      
       startup_mspm0g350x_ticlang.o     8       192       0      
    +--+--------------------------------+-------+---------+---------+
       Total:                           3210    292       320    
                                                                 
    .\MPU6050\
       inv_mpu_dmp_motion_driver.o      3110    3062      16     
       inv_mpu.o                        4600    82        44     
       mspm0_i2c.o                      1328    0         0      
       mpu6050.o                        1176    0         70     
    +--+--------------------------------+-------+---------+---------+
       Total:                           10214   3144      130    
                                                                 
    .\MSPM0\
       clock.o                          328     0         8      
       interrupt.o                      264     0         4      
       electrical_machinery.o           0       0         8      
    +--+--------------------------------+-------+---------+---------+
       Total:                           592     0         20     
                                                                 
    .\OLED\
       draw.o                           3208    393       317    
       oled.o                           604     0         0      
    +--+--------------------------------+-------+---------+---------+
       Total:                           3812    393       317    
                                                                 
    .\OLED\csrc\
       u8g2_font.o                      2838    0         0      
       chinesetxt.o                     0       1695      0      
       u8g2_d_memory.o                  20      0         1024   
       u8x8_byte.o                      800     0         0      
       u8x8_cad.o                       666     0         1      
       u8g2_setup.o                     640     12        0      
       u8g2_hvline.o                    612     0         0      
       u8x8_d_ssd1306_128x64_noname.o   488     101       0      
       u8g2_buffer.o                    456     0         0      
       u8g2_ll_hvline.o                 356     0         0      
       u8x8_8x8.o                       332     0         0      
       u8x8_display.o                   284     0         0      
       u8g2_intersection.o              248     0         0      
       u8x8_setup.o                     144     0         0      
       u8g2_box.o                       120     0         0      
       u8g2_d_setup.o                   72      0         0      
       u8g2_cleardisplay.o              40      0         0      
       u8x8_gpio.o                      38      0         0      
    +--+--------------------------------+-------+---------+---------+
       Total:                           8154    1808      1025   
                                                                 
    .\Tracking\
       line_follower.o                  0       0         37     
    +--+--------------------------------+-------+---------+---------+
       Total:                           0       0         37     
                                                                 
    .\UART\
       uart.o                           420     19        13     
    +--+--------------------------------+-------+---------+---------+
       Total:                           420     19        13     
                                                                 
    C:/ti/mspm0_sdk_2_04_00_06/source/ti/driverlib/lib/ticlang/m0p/mspm0g1x0x_g3x0x/driverlib.a
       dl_timer.o                       356     0         0      
       dl_sysctl_mspm0g1x0x_g3x0x.o     288     0         0      
       dl_i2c.o                         192     0         0      
       dl_uart.o                        90      0         0      
       dl_common.o                      10      0         0      
    +--+--------------------------------+-------+---------+---------+
       Total:                           936     0         0      
                                                                 
    C:\ti\ccs2020\ccs\tools\compiler\ti-cgt-armllvm_4.0.3.LTS\lib\armv6m-ti-none-eabi/c/libc.a
       _printfi.c.obj                   4510    34        0      
       e_asin.c.obj                     908     0         0      
       s_atan.c.obj                     784     64        0      
       e_atan2.c.obj                    392     0         0      
       e_sqrt.c.obj                     368     0         0      
       aeabi_ctype.S.obj                0       257       0      
       defs.c.obj                       0       0         240    
       s_scalbn.c.obj                   216     0         0      
       copy_decompress_lzss.c.obj       124     0         0      
       printf.c.obj                     108     0         0      
       s_frexp.c.obj                    92      0         0      
       sprintf.c.obj                    90      0         0      
       _ltoa.c.obj                      88      0         0      
       atoi.c.obj                       64      0         0      
       autoinit.c.obj                   60      0         0      
       boot_cortex_m.c.obj              56      0         0      
       memccpy.c.obj                    34      0         0      
       memcmp.c.obj                     32      0         0      
       copy_decompress_none.c.obj       18      0         0      
       memcpy16.S.obj                   18      0         0      
       copy_zero_init.c.obj             16      0         0      
       wcslen.c.obj                     16      0         0      
       memset16.S.obj                   14      0         0      
       aeabi_portable.c.obj             8       0         4      
       _lock.c.obj                      2       0         8      
       exit.c.obj                       6       0         0      
       pre_init.c.obj                   4       0         0      
    +--+--------------------------------+-------+---------+---------+
       Total:                           8028    355       252    
                                                                 
    C:\ti\ccs2020\ccs\tools\compiler\ti-cgt-armllvm_4.0.3.LTS\lib\armv6m-ti-none-eabi/c/libsysbm.a
       hostexit.c.obj                   4       0         0      
    +--+--------------------------------+-------+---------+---------+
       Total:                           4       0         0      
                                                                 
    C:\ti\ccs2020\ccs\tools\compiler\ti-cgt-armllvm_4.0.3.LTS\lib\armv6m-ti-none-eabi/libclang_rt.builtins.a
       adddf3.S.obj                     434     0         0      
       divdf3.S.obj                     284     0         0      
       muldf3.S.obj                     244     0         0      
       comparedf2.c.obj                 220     0         0      
       addsf3.S.obj                     216     0         0      
       udivmoddi4.S.obj                 162     0         0      
       mulsf3.S.obj                     140     0         0      
       divsf3.S.obj                     130     0         0      
       truncdfsf2.S.obj                 116     0         0      
       aeabi_dcmp.S.obj                 98      0         0      
       aeabi_idivmod.S.obj              86      0         0      
       fixdfsi.S.obj                    74      0         0      
       aeabi_uidivmod.S.obj             64      0         0      
       extendsfdf2.S.obj                64      0         0      
       floatsisf.S.obj                  60      0         0      
       muldsi3.S.obj                    58      0         0      
       fixsfsi.S.obj                    56      0         0      
       floatsidf.S.obj                  44      0         0      
       floatunsisf.S.obj                40      0         0      
       muldi3.S.obj                     36      0         0      
       ashldi3.S.obj                    30      0         0      
       aeabi_memset.S.obj               26      0         0      
       aeabi_uldivmod.S.obj             20      0         0      
       aeabi_memcpy.S.obj               8       0         0      
       aeabi_div0.c.obj                 4       0         0      
    +--+--------------------------------+-------+---------+---------+
       Total:                           2714    0         0      
                                                                 
       Stack:                           0       0         512    
       Linker Generated:                0       328       0      
    +--+--------------------------------+-------+---------+---------+
       Grand Total:                     38084   6339      2626   


LINKER GENERATED COPY TABLES

__TI_cinit_table @ 0000ada8 records: 2, size/record: 8, table size: 16
	.data: load addr=0000ac70, load size=00000124 bytes, run addr=2020059c, run size=000002a7 bytes, compression=lzss
	.bss: load addr=0000ada0, load size=00000008 bytes, run addr=20200000, run size=0000059b bytes, compression=zero_init


LINKER GENERATED HANDLER TABLE

__TI_handler_table @ 0000ad94 records: 3, size/record: 4, table size: 12
	index: 0, handler: __TI_decompress_lzss
	index: 1, handler: __TI_decompress_none
	index: 2, handler: __TI_zero_init


FAR CALL TRAMPOLINES

callee name               trampoline name
   callee addr  tramp addr   call addr  call info
--------------  -----------  ---------  ----------------
__aeabi_dsub              $Tramp$TT$L$PI$$__aeabi_dsub
   00002fa9     000094b8     000094b6   libc.a : _printfi.c.obj (.text.OUTLINED_FUNCTION_0)
__aeabi_dmul              $Tramp$TT$L$PI$$__aeabi_dmul
   00004e09     000094d4     000094d0   libc.a : e_asin.c.obj (.text.OUTLINED_FUNCTION_0)
                             000094ec          : s_atan.c.obj (.text.OUTLINED_FUNCTION_0)
                             00009500          : e_asin.c.obj (.text.OUTLINED_FUNCTION_1)
                             00009540          : s_atan.c.obj (.text.OUTLINED_FUNCTION_2)
                             00009580          : e_asin.c.obj (.text.OUTLINED_FUNCTION_2)
__aeabi_ddiv              $Tramp$TT$L$PI$$__aeabi_ddiv
   00004809     0000950c     0000950a   libc.a : e_asin.c.obj (.text.OUTLINED_FUNCTION_3)
__aeabi_dadd              $Tramp$TT$L$PI$$__aeabi_dadd
   00002fb3     0000956c     00009568   libc.a : s_atan.c.obj (.text.OUTLINED_FUNCTION_1)
                             00009592          : e_asin.c.obj (.text.OUTLINED_FUNCTION_4)
_c_int00_noargs           $Tramp$TT$L$PI$$_c_int00_noargs
   000088b9     00009598     00009594   startup_mspm0g350x_ticlang.o (.text.Reset_Handler)

[5 trampolines]
[10 trampoline calls]


GLOBAL SYMBOLS: SORTED ALPHABETICALLY BY Name 

address   name                                  
-------   ----                                  
00009589  ADC0_IRQHandler                       
00009589  ADC1_IRQHandler                       
00009589  AES_IRQHandler                        
0000958c  C$$EXIT                               
00009589  CANFD0_IRQHandler                     
000054e1  CAR_control                           
2020056c  D                                     
00009589  DAC0_IRQHandler                       
00008669  DIRECTORY_control                     
000094a5  DL_Common_delayCycles                 
00007439  DL_I2C_fillControllerTXFIFO           
00008045  DL_I2C_flushControllerTXFIFO          
00008907  DL_I2C_setClockConfig                 
00004fd1  DL_SYSCTL_configSYSPLL                
00007cc1  DL_SYSCTL_switchMCLKfromSYSOSCtoHSCLK 
00004a1d  DL_Timer_initFourCCPWMMode            
00008d49  DL_Timer_setCaptCompUpdateMethod      
00009015  DL_Timer_setCaptureCompareOutCtl      
00009401  DL_Timer_setCaptureCompareValue       
00008d65  DL_Timer_setClockConfig               
00007ac9  DL_UART_init                          
000093bb  DL_UART_setClockConfig                
00009589  DMA_IRQHandler                        
00009589  Default_Handler                       
000089ed  GPIO_Init                             
00009589  GROUP0_IRQHandler                     
00005749  GROUP1_IRQHandler                     
00000a91  HOME_directory                        
0000958d  HOSTexit                              
00009589  HardFault_Handler                     
20200570  I                                     
00009589  I2C0_IRQHandler                       
00009589  I2C1_IRQHandler                       
202007f8  MAX                                   
202007fc  MAX_CORRECTION                        
20200800  MIN                                   
000039c1  MPU6050_Init                          
000071e9  MSPM0_Init                            
00009589  NMI_Handler                           
20200574  P                                     
00005995  PID_control                           
00009589  PendSV_Handler                        
00009589  RTC_IRQHandler                        
00001fd1  Read_Quad                             
00009595  Reset_Handler                         
00009589  SPI0_IRQHandler                       
00009589  SPI1_IRQHandler                       
00009589  SVC_Handler                           
00002429  SYSCFG_DL_GPIO_init                   
000075ad  SYSCFG_DL_I2C_BUS_init                
00007605  SYSCFG_DL_I2C_MPU6050_init            
00006fe5  SYSCFG_DL_PWMA_init                   
00006dc9  SYSCFG_DL_PWMB_init                   
00006e35  SYSCFG_DL_PWMC_init                   
00006ea1  SYSCFG_DL_PWMD_init                   
000079e9  SYSCFG_DL_SYSCTL_init                 
00007b11  SYSCFG_DL_UART_0_init                 
00007dd1  SYSCFG_DL_init                        
00005c89  SYSCFG_DL_initPower                   
00009411  SysTick_Handler                       
00009075  SysTick_Init                          
00009589  TIMA0_IRQHandler                      
00009589  TIMA1_IRQHandler                      
00009589  TIMG0_IRQHandler                      
00009589  TIMG12_IRQHandler                     
00009589  TIMG6_IRQHandler                      
00009589  TIMG7_IRQHandler                      
00009589  TIMG8_IRQHandler                      
000093cd  TI_memcpy_small                       
0000948b  TI_memset_small                       
000084bd  UART0_IRQHandler                      
00009589  UART1_IRQHandler                      
00009589  UART2_IRQHandler                      
00009589  UART3_IRQHandler                      
00008afd  UART_Init                             
20208000  __STACK_END                           
00000200  __STACK_SIZE                          
00000000  __TI_ATRegion0_region_sz              
00000000  __TI_ATRegion0_src_addr               
00000000  __TI_ATRegion0_trg_addr               
00000000  __TI_ATRegion1_region_sz              
00000000  __TI_ATRegion1_src_addr               
00000000  __TI_ATRegion1_trg_addr               
00000000  __TI_ATRegion2_region_sz              
00000000  __TI_ATRegion2_src_addr               
00000000  __TI_ATRegion2_trg_addr               
0000ada8  __TI_CINIT_Base                       
0000adb8  __TI_CINIT_Limit                      
0000adb8  __TI_CINIT_Warm                       
0000ad94  __TI_Handler_Table_Base               
0000ada0  __TI_Handler_Table_Limit              
000080f9  __TI_auto_init_nobinit_nopinit        
00006a15  __TI_decompress_lzss                  
000093df  __TI_decompress_none                  
0000765d  __TI_ltoa                             
ffffffff  __TI_pprof_out_hndl                   
000000c1  __TI_printfi                          
ffffffff  __TI_prof_data_size                   
ffffffff  __TI_prof_data_start                  
00000000  __TI_static_base__                    
00009451  __TI_zero_init                        
00002fb3  __adddf3                              
00005267  __addsf3                              
0000a850  __aeabi_ctype_table_                  
0000a850  __aeabi_ctype_table_C                 
00006ce1  __aeabi_d2f                           
00007a35  __aeabi_d2iz                          
00002fb3  __aeabi_dadd                          
00007315  __aeabi_dcmpeq                        
00007351  __aeabi_dcmpge                        
00007365  __aeabi_dcmpgt                        
0000733d  __aeabi_dcmple                        
00007329  __aeabi_dcmplt                        
00004809  __aeabi_ddiv                          
00004e09  __aeabi_dmul                          
00002fa9  __aeabi_dsub                          
20200804  __aeabi_errno                         
00009545  __aeabi_errno_addr                    
00007e51  __aeabi_f2d                           
00008171  __aeabi_f2iz                          
00005267  __aeabi_fadd                          
00006911  __aeabi_fdiv                          
00006555  __aeabi_fmul                          
0000525d  __aeabi_fsub                          
00008719  __aeabi_i2d                           
000080bd  __aeabi_i2f                           
0000770d  __aeabi_idiv                          
0000313b  __aeabi_idiv0                         
0000770d  __aeabi_idivmod                       
00003c47  __aeabi_ldiv0                         
00008bbd  __aeabi_llsl                          
00008a11  __aeabi_lmul                          
00009499  __aeabi_memclr                        
00009499  __aeabi_memclr4                       
00009499  __aeabi_memclr8                       
0000954d  __aeabi_memcpy                        
0000954d  __aeabi_memcpy4                       
0000954d  __aeabi_memcpy8                       
00009461  __aeabi_memset                        
00009461  __aeabi_memset4                       
00009461  __aeabi_memset8                       
00008869  __aeabi_ui2f                          
00007e11  __aeabi_uidiv                         
00007e11  __aeabi_uidivmod                      
000092cd  __aeabi_uldivmod                      
00008bbd  __ashldi3                             
ffffffff  __binit__                             
0000704d  __cmpdf2                              
00004809  __divdf3                              
00006911  __divsf3                              
0000704d  __eqdf2                               
00007e51  __extendsfdf2                         
00007a35  __fixdfsi                             
00008171  __fixsfsi                             
00008719  __floatsidf                           
000080bd  __floatsisf                           
00008869  __floatunsisf                         
00006c6d  __gedf2                               
00006c6d  __gtdf2                               
0000704d  __ledf2                               
0000704d  __ltdf2                               
UNDEFED   __mpu_init                            
00004e09  __muldf3                              
00008a11  __muldi3                              
00008135  __muldsi3                             
00006555  __mulsf3                              
0000704d  __nedf2                               
20207e00  __stack                               
20200000  __start___llvm_prf_bits               
20200000  __start___llvm_prf_cnts               
20200000  __stop___llvm_prf_bits                
20200000  __stop___llvm_prf_cnts                
00002fa9  __subdf3                              
0000525d  __subsf3                              
00006ce1  __truncdfsf2                          
00006091  __udivmoddi4                          
000088b9  _c_int00_noargs                       
2020059c  _ftable                               
20200808  _lock                                 
00004383  _nop                                  
UNDEFED   _system_post_cinit                    
000095a9  _system_pre_init                      
2020080c  _unlock                               
00009583  abort                                 
20200560  accel                                 
00001289  asin                                  
00001289  asinl                                 
000015ed  atan                                  
0000313d  atan2                                 
0000313d  atan2l                                
000015ed  atanl                                 
00007e91  atoi                                  
ffffffff  binit                                 
20200578  car_begin_yaw                         
20200810  car_speed                             
2020057c  car_straight_yaw                      
20200814  correction_factor1                    
20200818  correction_factor2                    
2020081c  correction_factor3                    
20200820  correction_factor4                    
202007e4  directory                             
20200824  directory_flag                        
202007ec  directory_num                         
00007b59  dmp_enable_6x_lp_quat                 
000018e5  dmp_enable_feature                    
00007379  dmp_enable_gyro_cal                   
00007ba1  dmp_enable_lp_quat                    
00008d9d  dmp_load_motion_driver_firmware       
0000286d  dmp_read_fifo                         
000092e1  dmp_register_android_orient_cb        
000092f5  dmp_register_tap_cb                   
0000626d  dmp_set_fifo_rate                     
000032c5  dmp_set_orientation                   
00007d05  dmp_set_shake_reject_thresh           
00008459  dmp_set_shake_reject_time             
0000848b  dmp_set_shake_reject_timeout          
00007183  dmp_set_tap_axes                      
00007d49  dmp_set_tap_count                     
00001d99  dmp_set_tap_thresh                    
0000851d  dmp_set_tap_time                      
0000854d  dmp_set_tap_time_multi                
00008745  fputc                                 
000078fd  fputs                                 
00007499  frexp                                 
00007499  frexpl                                
20200400  gPWMBBackup                           
202004a0  gPWMDBackup                           
20200566  gyro                                  
0000ab16  hw                                    
20200540  id                                    
00000000  interruptVectors                      
20200828  l_num                                 
000050ad  ldexp                                 
000050ad  ldexpl                                
00007ed1  main                                  
00008a35  memccpy                               
00008b1d  memcmp                                
202007db  mode_flag                             
2020059a  more                                  
0000724d  mpu6050_i2c_sda_unlock                
00005b15  mpu_configure_fifo                    
00006d55  mpu_get_accel_fsr                     
000073d9  mpu_get_gyro_fsr                      
000082ed  mpu_get_sample_rate                   
00004385  mpu_init                              
000044ad  mpu_load_firmware                     
00004b21  mpu_lp_accel_mode                     
00004915  mpu_read_fifo_stream                  
00005de9  mpu_read_mem                          
000021fd  mpu_reset_fifo                        
00004eed  mpu_set_accel_fsr                     
00002e09  mpu_set_bypass                        
00005bd1  mpu_set_dmp_state                     
0000580d  mpu_set_gyro_fsr                      
00006135  mpu_set_int_latched                   
000055b1  mpu_set_lpf                           
00004d1d  mpu_set_sample_rate                   
00004129  mpu_set_sensors                       
00005e95  mpu_write_mem                         
000085ad  mspm0_delay_ms                        
00008771  mspm0_get_clock_ms                    
00003ec1  mspm0_i2c_read                        
000058d1  mspm0_i2c_write                       
2020082c  nextway                               
20200830  now_speed                             
000066f9  other_control                         
20200580  pitch                                 
00007551  printf                                
20200834  quanshu                               
000061d1  quanshukongzi                         
20200550  quat                                  
20200838  r_num                                 
0000aa20  reg                                   
20200584  roll                                  
000050ad  scalbn                                
000050ad  scalbnl                               
20200588  sensor_timestamp                      
20200598  sensors                               
000081e1  sprintf                               
0000343d  sqrt                                  
0000343d  sqrtl                                 
2020058c  start_time                            
20200840  stop_flag                             
0000a9f8  test                                  
20200590  tick_ms                               
00007f11  u8g2Init                              
0000863b  u8g2_ClearBuffer                      
00008891  u8g2_ClearDisplay                     
00006a91  u8g2_DrawBox                          
0000639d  u8g2_DrawGlyph                        
00004259  u8g2_DrawHVLine                       
00008321  u8g2_DrawUTF8                         
00008953  u8g2_FirstPage                        
000072b1  u8g2_IsIntersection                   
00006f0d  u8g2_NextPage                         
00008979  u8g2_SetBufferCurrTileRow             
0000899f  u8g2_SetDrawColor                     
000085dd  u8g2_SetFont                          
00009359  u8g2_SetFontDirection                 
0000936d  u8g2_SetFontMode                      
00009381  u8g2_SetFontPosBaseline               
00008355  u8g2_SetMaxClipWindow                 
00006b09  u8g2_SetupBuffer                      
00007c31  u8g2_Setup_ssd1306_i2c_128x64_noname_f
00005681  u8g2_UpdateRefHeight                  
00006b81  u8g2_add_vector_x                     
00006bf7  u8g2_add_vector_y                     
0000ab24  u8g2_cb_r0                            
00007f8f  u8g2_draw_hv_line_2dir                
00008389  u8g2_draw_l90_r0                      
00009531  u8g2_font_calc_vref_font              
00007c79  u8g2_font_decode_get_signed_bits      
00006781  u8g2_font_decode_get_unsigned_bits    
00001b5d  u8g2_font_decode_glyph                
00003b05  u8g2_font_decode_len                  
000046f1  u8g2_font_get_glyph_data              
0000a1a6  u8g2_font_unifont_st16                
00006433  u8g2_is_intersection_decision_tree    
00003715  u8g2_ll_hvline_vertical_top_lsb       
00009395  u8g2_m_16_8_f                         
00004c21  u8g2_read_font_info                   
00009421  u8g2_update_dimension_r0              
00008219  u8g2_update_page_win_r0               
000083f1  u8x8_DrawTile                         
0000912b  u8x8_InitDisplay                      
00009141  u8x8_RefreshDisplay                   
00008b3d  u8x8_SetPowerSave                     
0000824f  u8x8_Setup                            
00007d8d  u8x8_SetupDefaults                    
00009157  u8x8_SetupMemory                      
0000916d  u8x8_byte_EndTransfer                 
00009183  u8x8_byte_SendByte                    
00008a57  u8x8_byte_SendBytes                   
00009199  u8x8_byte_StartTransfer               
00005a55  u8x8_byte_sw_i2c                      
000091af  u8x8_cad_EndTransfer                  
00008b5d  u8x8_cad_SendArg                      
00008b7d  u8x8_cad_SendCmd                      
00008a79  u8x8_cad_SendData                     
00005fed  u8x8_cad_SendSequence                 
000091c5  u8x8_cad_StartTransfer                
00003ff5  u8x8_cad_ssd13xx_fast_i2c             
00006f79  u8x8_d_helper_display_init            
00008dd3  u8x8_d_helper_display_setup_memory    
00006995  u8x8_d_ssd1306_128x64_noname          
000091db  u8x8_dummy_cb                         
00002c3d  u8x8_gpio_and_delay                   
000089c5  u8x8_gpio_call                        
00009431  u8x8_utf8_init                        
00003d85  u8x8_utf8_next                        
0000879d  uart0_send_char                       
20200842  uart_data                             
00009441  wcslen                                
000070b5  xianshuc                              
2020083c  xspeed                                
20200594  yaw                                   
00003879  zb_control                            


GLOBAL SYMBOLS: SORTED BY Symbol Address 

address   name                                  
-------   ----                                  
00000000  __TI_ATRegion0_region_sz              
00000000  __TI_ATRegion0_src_addr               
00000000  __TI_ATRegion0_trg_addr               
00000000  __TI_ATRegion1_region_sz              
00000000  __TI_ATRegion1_src_addr               
00000000  __TI_ATRegion1_trg_addr               
00000000  __TI_ATRegion2_region_sz              
00000000  __TI_ATRegion2_src_addr               
00000000  __TI_ATRegion2_trg_addr               
00000000  __TI_static_base__                    
00000000  interruptVectors                      
000000c1  __TI_printfi                          
00000200  __STACK_SIZE                          
00000a91  HOME_directory                        
00001289  asin                                  
00001289  asinl                                 
000015ed  atan                                  
000015ed  atanl                                 
000018e5  dmp_enable_feature                    
00001b5d  u8g2_font_decode_glyph                
00001d99  dmp_set_tap_thresh                    
00001fd1  Read_Quad                             
000021fd  mpu_reset_fifo                        
00002429  SYSCFG_DL_GPIO_init                   
0000286d  dmp_read_fifo                         
00002c3d  u8x8_gpio_and_delay                   
00002e09  mpu_set_bypass                        
00002fa9  __aeabi_dsub                          
00002fa9  __subdf3                              
00002fb3  __adddf3                              
00002fb3  __aeabi_dadd                          
0000313b  __aeabi_idiv0                         
0000313d  atan2                                 
0000313d  atan2l                                
000032c5  dmp_set_orientation                   
0000343d  sqrt                                  
0000343d  sqrtl                                 
00003715  u8g2_ll_hvline_vertical_top_lsb       
00003879  zb_control                            
000039c1  MPU6050_Init                          
00003b05  u8g2_font_decode_len                  
00003c47  __aeabi_ldiv0                         
00003d85  u8x8_utf8_next                        
00003ec1  mspm0_i2c_read                        
00003ff5  u8x8_cad_ssd13xx_fast_i2c             
00004129  mpu_set_sensors                       
00004259  u8g2_DrawHVLine                       
00004383  _nop                                  
00004385  mpu_init                              
000044ad  mpu_load_firmware                     
000046f1  u8g2_font_get_glyph_data              
00004809  __aeabi_ddiv                          
00004809  __divdf3                              
00004915  mpu_read_fifo_stream                  
00004a1d  DL_Timer_initFourCCPWMMode            
00004b21  mpu_lp_accel_mode                     
00004c21  u8g2_read_font_info                   
00004d1d  mpu_set_sample_rate                   
00004e09  __aeabi_dmul                          
00004e09  __muldf3                              
00004eed  mpu_set_accel_fsr                     
00004fd1  DL_SYSCTL_configSYSPLL                
000050ad  ldexp                                 
000050ad  ldexpl                                
000050ad  scalbn                                
000050ad  scalbnl                               
0000525d  __aeabi_fsub                          
0000525d  __subsf3                              
00005267  __addsf3                              
00005267  __aeabi_fadd                          
000054e1  CAR_control                           
000055b1  mpu_set_lpf                           
00005681  u8g2_UpdateRefHeight                  
00005749  GROUP1_IRQHandler                     
0000580d  mpu_set_gyro_fsr                      
000058d1  mspm0_i2c_write                       
00005995  PID_control                           
00005a55  u8x8_byte_sw_i2c                      
00005b15  mpu_configure_fifo                    
00005bd1  mpu_set_dmp_state                     
00005c89  SYSCFG_DL_initPower                   
00005de9  mpu_read_mem                          
00005e95  mpu_write_mem                         
00005fed  u8x8_cad_SendSequence                 
00006091  __udivmoddi4                          
00006135  mpu_set_int_latched                   
000061d1  quanshukongzi                         
0000626d  dmp_set_fifo_rate                     
0000639d  u8g2_DrawGlyph                        
00006433  u8g2_is_intersection_decision_tree    
00006555  __aeabi_fmul                          
00006555  __mulsf3                              
000066f9  other_control                         
00006781  u8g2_font_decode_get_unsigned_bits    
00006911  __aeabi_fdiv                          
00006911  __divsf3                              
00006995  u8x8_d_ssd1306_128x64_noname          
00006a15  __TI_decompress_lzss                  
00006a91  u8g2_DrawBox                          
00006b09  u8g2_SetupBuffer                      
00006b81  u8g2_add_vector_x                     
00006bf7  u8g2_add_vector_y                     
00006c6d  __gedf2                               
00006c6d  __gtdf2                               
00006ce1  __aeabi_d2f                           
00006ce1  __truncdfsf2                          
00006d55  mpu_get_accel_fsr                     
00006dc9  SYSCFG_DL_PWMB_init                   
00006e35  SYSCFG_DL_PWMC_init                   
00006ea1  SYSCFG_DL_PWMD_init                   
00006f0d  u8g2_NextPage                         
00006f79  u8x8_d_helper_display_init            
00006fe5  SYSCFG_DL_PWMA_init                   
0000704d  __cmpdf2                              
0000704d  __eqdf2                               
0000704d  __ledf2                               
0000704d  __ltdf2                               
0000704d  __nedf2                               
000070b5  xianshuc                              
00007183  dmp_set_tap_axes                      
000071e9  MSPM0_Init                            
0000724d  mpu6050_i2c_sda_unlock                
000072b1  u8g2_IsIntersection                   
00007315  __aeabi_dcmpeq                        
00007329  __aeabi_dcmplt                        
0000733d  __aeabi_dcmple                        
00007351  __aeabi_dcmpge                        
00007365  __aeabi_dcmpgt                        
00007379  dmp_enable_gyro_cal                   
000073d9  mpu_get_gyro_fsr                      
00007439  DL_I2C_fillControllerTXFIFO           
00007499  frexp                                 
00007499  frexpl                                
00007551  printf                                
000075ad  SYSCFG_DL_I2C_BUS_init                
00007605  SYSCFG_DL_I2C_MPU6050_init            
0000765d  __TI_ltoa                             
0000770d  __aeabi_idiv                          
0000770d  __aeabi_idivmod                       
000078fd  fputs                                 
000079e9  SYSCFG_DL_SYSCTL_init                 
00007a35  __aeabi_d2iz                          
00007a35  __fixdfsi                             
00007ac9  DL_UART_init                          
00007b11  SYSCFG_DL_UART_0_init                 
00007b59  dmp_enable_6x_lp_quat                 
00007ba1  dmp_enable_lp_quat                    
00007c31  u8g2_Setup_ssd1306_i2c_128x64_noname_f
00007c79  u8g2_font_decode_get_signed_bits      
00007cc1  DL_SYSCTL_switchMCLKfromSYSOSCtoHSCLK 
00007d05  dmp_set_shake_reject_thresh           
00007d49  dmp_set_tap_count                     
00007d8d  u8x8_SetupDefaults                    
00007dd1  SYSCFG_DL_init                        
00007e11  __aeabi_uidiv                         
00007e11  __aeabi_uidivmod                      
00007e51  __aeabi_f2d                           
00007e51  __extendsfdf2                         
00007e91  atoi                                  
00007ed1  main                                  
00007f11  u8g2Init                              
00007f8f  u8g2_draw_hv_line_2dir                
00008045  DL_I2C_flushControllerTXFIFO          
000080bd  __aeabi_i2f                           
000080bd  __floatsisf                           
000080f9  __TI_auto_init_nobinit_nopinit        
00008135  __muldsi3                             
00008171  __aeabi_f2iz                          
00008171  __fixsfsi                             
000081e1  sprintf                               
00008219  u8g2_update_page_win_r0               
0000824f  u8x8_Setup                            
000082ed  mpu_get_sample_rate                   
00008321  u8g2_DrawUTF8                         
00008355  u8g2_SetMaxClipWindow                 
00008389  u8g2_draw_l90_r0                      
000083f1  u8x8_DrawTile                         
00008459  dmp_set_shake_reject_time             
0000848b  dmp_set_shake_reject_timeout          
000084bd  UART0_IRQHandler                      
0000851d  dmp_set_tap_time                      
0000854d  dmp_set_tap_time_multi                
000085ad  mspm0_delay_ms                        
000085dd  u8g2_SetFont                          
0000863b  u8g2_ClearBuffer                      
00008669  DIRECTORY_control                     
00008719  __aeabi_i2d                           
00008719  __floatsidf                           
00008745  fputc                                 
00008771  mspm0_get_clock_ms                    
0000879d  uart0_send_char                       
00008869  __aeabi_ui2f                          
00008869  __floatunsisf                         
00008891  u8g2_ClearDisplay                     
000088b9  _c_int00_noargs                       
00008907  DL_I2C_setClockConfig                 
00008953  u8g2_FirstPage                        
00008979  u8g2_SetBufferCurrTileRow             
0000899f  u8g2_SetDrawColor                     
000089c5  u8x8_gpio_call                        
000089ed  GPIO_Init                             
00008a11  __aeabi_lmul                          
00008a11  __muldi3                              
00008a35  memccpy                               
00008a57  u8x8_byte_SendBytes                   
00008a79  u8x8_cad_SendData                     
00008afd  UART_Init                             
00008b1d  memcmp                                
00008b3d  u8x8_SetPowerSave                     
00008b5d  u8x8_cad_SendArg                      
00008b7d  u8x8_cad_SendCmd                      
00008bbd  __aeabi_llsl                          
00008bbd  __ashldi3                             
00008d49  DL_Timer_setCaptCompUpdateMethod      
00008d65  DL_Timer_setClockConfig               
00008d9d  dmp_load_motion_driver_firmware       
00008dd3  u8x8_d_helper_display_setup_memory    
00009015  DL_Timer_setCaptureCompareOutCtl      
00009075  SysTick_Init                          
0000912b  u8x8_InitDisplay                      
00009141  u8x8_RefreshDisplay                   
00009157  u8x8_SetupMemory                      
0000916d  u8x8_byte_EndTransfer                 
00009183  u8x8_byte_SendByte                    
00009199  u8x8_byte_StartTransfer               
000091af  u8x8_cad_EndTransfer                  
000091c5  u8x8_cad_StartTransfer                
000091db  u8x8_dummy_cb                         
000092cd  __aeabi_uldivmod                      
000092e1  dmp_register_android_orient_cb        
000092f5  dmp_register_tap_cb                   
00009359  u8g2_SetFontDirection                 
0000936d  u8g2_SetFontMode                      
00009381  u8g2_SetFontPosBaseline               
00009395  u8g2_m_16_8_f                         
000093bb  DL_UART_setClockConfig                
000093cd  TI_memcpy_small                       
000093df  __TI_decompress_none                  
00009401  DL_Timer_setCaptureCompareValue       
00009411  SysTick_Handler                       
00009421  u8g2_update_dimension_r0              
00009431  u8x8_utf8_init                        
00009441  wcslen                                
00009451  __TI_zero_init                        
00009461  __aeabi_memset                        
00009461  __aeabi_memset4                       
00009461  __aeabi_memset8                       
0000948b  TI_memset_small                       
00009499  __aeabi_memclr                        
00009499  __aeabi_memclr4                       
00009499  __aeabi_memclr8                       
000094a5  DL_Common_delayCycles                 
00009531  u8g2_font_calc_vref_font              
00009545  __aeabi_errno_addr                    
0000954d  __aeabi_memcpy                        
0000954d  __aeabi_memcpy4                       
0000954d  __aeabi_memcpy8                       
00009583  abort                                 
00009589  ADC0_IRQHandler                       
00009589  ADC1_IRQHandler                       
00009589  AES_IRQHandler                        
00009589  CANFD0_IRQHandler                     
00009589  DAC0_IRQHandler                       
00009589  DMA_IRQHandler                        
00009589  Default_Handler                       
00009589  GROUP0_IRQHandler                     
00009589  HardFault_Handler                     
00009589  I2C0_IRQHandler                       
00009589  I2C1_IRQHandler                       
00009589  NMI_Handler                           
00009589  PendSV_Handler                        
00009589  RTC_IRQHandler                        
00009589  SPI0_IRQHandler                       
00009589  SPI1_IRQHandler                       
00009589  SVC_Handler                           
00009589  TIMA0_IRQHandler                      
00009589  TIMA1_IRQHandler                      
00009589  TIMG0_IRQHandler                      
00009589  TIMG12_IRQHandler                     
00009589  TIMG6_IRQHandler                      
00009589  TIMG7_IRQHandler                      
00009589  TIMG8_IRQHandler                      
00009589  UART1_IRQHandler                      
00009589  UART2_IRQHandler                      
00009589  UART3_IRQHandler                      
0000958c  C$$EXIT                               
0000958d  HOSTexit                              
00009595  Reset_Handler                         
000095a9  _system_pre_init                      
0000a1a6  u8g2_font_unifont_st16                
0000a850  __aeabi_ctype_table_                  
0000a850  __aeabi_ctype_table_C                 
0000a9f8  test                                  
0000aa20  reg                                   
0000ab16  hw                                    
0000ab24  u8g2_cb_r0                            
0000ad94  __TI_Handler_Table_Base               
0000ada0  __TI_Handler_Table_Limit              
0000ada8  __TI_CINIT_Base                       
0000adb8  __TI_CINIT_Limit                      
0000adb8  __TI_CINIT_Warm                       
20200000  __start___llvm_prf_bits               
20200000  __start___llvm_prf_cnts               
20200000  __stop___llvm_prf_bits                
20200000  __stop___llvm_prf_cnts                
20200400  gPWMBBackup                           
202004a0  gPWMDBackup                           
20200540  id                                    
20200550  quat                                  
20200560  accel                                 
20200566  gyro                                  
2020056c  D                                     
20200570  I                                     
20200574  P                                     
20200578  car_begin_yaw                         
2020057c  car_straight_yaw                      
20200580  pitch                                 
20200584  roll                                  
20200588  sensor_timestamp                      
2020058c  start_time                            
20200590  tick_ms                               
20200594  yaw                                   
20200598  sensors                               
2020059a  more                                  
2020059c  _ftable                               
202007db  mode_flag                             
202007e4  directory                             
202007ec  directory_num                         
202007f8  MAX                                   
202007fc  MAX_CORRECTION                        
20200800  MIN                                   
20200804  __aeabi_errno                         
20200808  _lock                                 
2020080c  _unlock                               
20200810  car_speed                             
20200814  correction_factor1                    
20200818  correction_factor2                    
2020081c  correction_factor3                    
20200820  correction_factor4                    
20200824  directory_flag                        
20200828  l_num                                 
2020082c  nextway                               
20200830  now_speed                             
20200834  quanshu                               
20200838  r_num                                 
2020083c  xspeed                                
20200840  stop_flag                             
20200842  uart_data                             
20207e00  __stack                               
20208000  __STACK_END                           
ffffffff  __TI_pprof_out_hndl                   
ffffffff  __TI_prof_data_size                   
ffffffff  __TI_prof_data_start                  
ffffffff  __binit__                             
ffffffff  binit                                 
UNDEFED   __mpu_init                            
UNDEFED   _system_post_cinit                    

[357 symbols]
