******************************************************************************
            TI ARM Clang Linker PC v4.0.3                      
******************************************************************************
>> Linked Wed Oct 29 14:15:22 2025

OUTPUT FILE NAME:   <TICK.out>
ENTRY POINT SYMBOL: "_c_int00_noargs"  address: 00001135


MEMORY CONFIGURATION

         name            origin    length      used     unused   attr    fill
----------------------  --------  ---------  --------  --------  ----  --------
  FLASH                 00000000   00020000  00001558  0001eaa8  R  X
  SRAM                  20200000   00008000  00000315  00007ceb  RW X
  BCR_CONFIG            41c00000   000000ff  00000000  000000ff  R   
  BSL_CONFIG            41c00100   00000080  00000000  00000080  R   


SEGMENT ALLOCATION MAP

run origin  load origin   length   init length attrs members
----------  ----------- ---------- ----------- ----- -------
00000000    00000000    00001388   00001388    r-x
  00000000    00000000    000000c0   000000c0    r-- .intvecs
  000000c0    000000c0    000012c8   000012c8    r-x .text
00001390    00001390    000001d0   000001d0    r--
  00001390    00001390    00000180   00000180    r-- .rodata
  00001510    00001510    00000050   00000050    r-- .cinit
20200000    20200000    00000118   00000000    rw-
  20200000    20200000    000000fd   00000000    rw- .data
  20200100    20200100    00000018   00000000    rw- .bss
20207e00    20207e00    00000200   00000000    rw-
  20207e00    20207e00    00000200   00000000    rw- .stack


SECTION ALLOCATION MAP

 output                                  attributes/
section   page    origin      length       input sections
--------  ----  ----------  ----------   ----------------
.intvecs   0    00000000    000000c0     
                  00000000    000000c0     startup_mspm0g350x_ticlang.o (.intvecs)

.text      0    000000c0    000012c8     
                  000000c0    00000868     libc.a : _printfi.c.obj (.text:__TI_printfi_nofloat)
                  00000928    000000f0     empty.o (.text.main)
                  00000a18    000000e8     driverlib.a : dl_timer.o (.text.DL_Timer_initTimerMode)
                  00000b00    000000a2     libclang_rt.builtins.a : udivmoddi4.S.obj (.text)
                  00000ba2    0000009a     libc.a : memcpy16.S.obj (.text:memcpy)
                  00000c3c    00000080     hw_encoder.o (.text.GROUP1_IRQHandler)
                  00000cbc    0000007c     libc.a : copy_decompress_lzss.c.obj (.text:decompress:lzss)
                  00000d38    0000006c     ti_msp_dl_config.o (.text.SYSCFG_DL_UART_0_init)
                  00000da4    00000062     libc.a : memset16.S.obj (.text:memset)
                  00000e06    00000002     startup_mspm0g350x_ticlang.o (.text.Default_Handler)
                  00000e08    0000005c     libc.a : printf.c.obj (.text.printf)
                  00000e64    0000004c     ti_msp_dl_config.o (.text.SYSCFG_DL_SYSCTL_init)
                  00000eb0    0000004c     ti_msp_dl_config.o (.text.SYSCFG_DL_TIMER_TICK_init)
                  00000efc    00000048     driverlib.a : dl_uart.o (.text.DL_UART_init)
                  00000f44    00000044     ti_msp_dl_config.o (.text.SYSCFG_DL_GPIO_init)
                  00000f88    00000040     ti_msp_dl_config.o (.text.SYSCFG_DL_initPower)
                  00000fc8    00000040     libclang_rt.builtins.a : aeabi_uidivmod.S.obj (.text.__aeabi_uidivmod)
                  00001008    00000040     libc.a : atoi.c.obj (.text.atoi)
                  00001048    0000003c     uart.o (.text.fputs)
                  00001084    0000003c     libc.a : autoinit.c.obj (.text:__TI_auto_init_nobinit_nopinit)
                  000010c0    0000003a     libclang_rt.builtins.a : muldsi3.S.obj (.text.__muldsi3)
                  000010fa    00000002                            : aeabi_div0.c.obj (.text.__aeabi_idiv0)
                  000010fc    00000038     uart.o (.text.UART0_IRQHandler)
                  00001134    00000028     libc.a : boot_cortex_m.c.obj (.text:_c_int00_noargs)
                  0000115c    00000024     uart.o (.text.UART_Init)
                  00001180    00000024     libclang_rt.builtins.a : muldi3.S.obj (.text.__muldi3)
                  000011a4    00000024     hw_timer.o (.text.timer_init)
                  000011c8    00000022     libc.a : memccpy.c.obj (.text.memccpy)
                  000011ea    00000002     libclang_rt.builtins.a : aeabi_div0.c.obj (.text.__aeabi_ldiv0)
                  000011ec    00000020     uart.o (.text.fputc)
                  0000120c    0000001e     libclang_rt.builtins.a : ashldi3.S.obj (.text.__ashldi3)
                  0000122a    00000002     libc.a : _lock.c.obj (.text._nop)
                  0000122c    0000001c     driverlib.a : dl_timer.o (.text.DL_Timer_setClockConfig)
                  00001248    00000018     ti_msp_dl_config.o (.text.SYSCFG_DL_init)
                  00001260    00000018     hw_timer.o (.text.TIMG0_IRQHandler)
                  00001278    00000018     hw_encoder.o (.text.encoder_update)
                  00001290    00000016     libc.a : copy_zero_init.c.obj (.text:decompress:ZI:__TI_zero_init_nomemset)
                  000012a6    00000002     --HOLE-- [fill = 0]
                  000012a8    00000014     libclang_rt.builtins.a : aeabi_uldivmod.S.obj (.text.__aeabi_uldivmod)
                  000012bc    00000014     hw_encoder.o (.text.encoder_init)
                  000012d0    00000012     driverlib.a : dl_uart.o (.text.DL_UART_setClockConfig)
                  000012e2    00000012     libc.a : copy_decompress_none.c.obj (.text:decompress:none)
                  000012f4    00000010            : wcslen.c.obj (.text.wcslen)
                  00001304    0000000e     libclang_rt.builtins.a : aeabi_memset.S.obj (.text.__aeabi_memset)
                  00001312    0000000e     libc.a : _printfi.c.obj (.text.strlen)
                  00001320    0000000c     hw_encoder.o (.text.get_encoder_count)
                  0000132c    0000000c     hw_encoder.o (.text.get_encoder_dir)
                  00001338    0000000c     hw_encoder.o (.text.get_encoder_temp_count)
                  00001344    0000000a     driverlib.a : dl_common.o (.text.DL_Common_delayCycles)
                  0000134e    00000002     --HOLE-- [fill = 0]
                  00001350    00000008     libc.a : aeabi_portable.c.obj (.text.__aeabi_errno_addr)
                  00001358    00000008     libclang_rt.builtins.a : aeabi_memcpy.S.obj (.text.__aeabi_memcpy)
                  00001360    00000008     libc.a : printf.c.obj (.text._outc)
                  00001368    00000008            : printf.c.obj (.text._outs)
                  00001370    00000006            : exit.c.obj (.text:abort)
                  00001376    00000004     libsysbm.a : hostexit.c.obj (.text.HOSTexit)
                  0000137a    00000004     startup_mspm0g350x_ticlang.o (.text.Reset_Handler)
                  0000137e    00000004     libc.a : pre_init.c.obj (.text._system_pre_init)
                  00001382    00000006     --HOLE-- [fill = 0]

.cinit     0    00001510    00000050     
                  00001510    0000002c     (.cinit..data.load) [load image, compression = lzss]
                  0000153c    0000000c     (__TI_handler_table)
                  00001548    00000008     (.cinit..bss.load) [load image, compression = zero_init]
                  00001550    00000010     (__TI_cinit_table)

.rodata    0    00001390    00000180     
                  00001390    00000101     libc.a : aeabi_ctype.S.obj (.rodata:__aeabi_ctype_table_)
                  00001491    00000024     empty.o (.rodata.str1.9517790425240694019.1)
                  000014b5    00000003     ti_msp_dl_config.o (.rodata.gTIMER_TICKClockConfig)
                  000014b8    00000014     ti_msp_dl_config.o (.rodata.gTIMER_TICKTimerConfig)
                  000014cc    00000013     uart.o (.rodata.str1.14464947116831474962.1)
                  000014df    00000011     libc.a : _printfi.c.obj (.rodata.str1.10348868589481759720.1)
                  000014f0    00000011            : _printfi.c.obj (.rodata.str1.15363888844622738466.1)
                  00001501    00000001     --HOLE-- [fill = 0]
                  00001502    0000000a     ti_msp_dl_config.o (.rodata.gUART_0Config)
                  0000150c    00000002     ti_msp_dl_config.o (.rodata.gUART_0ClockConfig)
                  0000150e    00000002     --HOLE-- [fill = 0]

.init_array 
*          0    00000000    00000000     UNINITIALIZED

.binit     0    00000000    00000000     

.data      0    20200000    000000fd     UNINITIALIZED
                  20200000    000000f0     libc.a : defs.c.obj (.data._ftable)
                  202000f0    00000004            : aeabi_portable.c.obj (.data.__aeabi_errno)
                  202000f4    00000004            : _lock.c.obj (.data._lock)
                  202000f8    00000004            : _lock.c.obj (.data._unlock)
                  202000fc    00000001     uart.o (.data.uart_data)

.bss       0    20200100    00000018     UNINITIALIZED
                  20200100    00000010     hw_encoder.o (.bss.motor_encoder)
                  20200110    00000008     (.common:out)

.stack     0    20207e00    00000200     UNINITIALIZED
                  20207e00    00000004     libc.a : boot_cortex_m.c.obj (.stack)
                  20207e04    000001fc     --HOLE--

__llvm_prf_cnts 
*          0    20200000    00000000     UNINITIALIZED

__llvm_prf_bits 
*          0    20200000    00000000     UNINITIALIZED

MODULE SUMMARY

       Module                         code   ro data   rw data
       ------                         ----   -------   -------
    .\
       ti_msp_dl_config.o             416    35        0      
       empty.o                        240    36        0      
       hw_encoder.o                   208    0         24     
       uart.o                         184    19        1      
       startup_mspm0g350x_ticlang.o   6      192       0      
       hw_timer.o                     60     0         0      
    +--+------------------------------+------+---------+---------+
       Total:                         1114   282       25     
                                                              
    C:/ti/mspm0_sdk_2_04_00_06/source/ti/driverlib/lib/ticlang/m0p/mspm0g1x0x_g3x0x/driverlib.a
       dl_timer.o                     260    0         0      
       dl_uart.o                      90     0         0      
       dl_common.o                    10     0         0      
    +--+------------------------------+------+---------+---------+
       Total:                         360    0         0      
                                                              
    C:\ti\ccs2020\ccs\tools\compiler\ti-cgt-armllvm_4.0.3.LTS\lib\armv6m-ti-none-eabi/c/libc.a
       _printfi.c.obj                 2166   34        0      
       aeabi_ctype.S.obj              0      257       0      
       defs.c.obj                     0      0         240    
       memcpy16.S.obj                 154    0         0      
       copy_decompress_lzss.c.obj     124    0         0      
       printf.c.obj                   108    0         0      
       memset16.S.obj                 98     0         0      
       atoi.c.obj                     64     0         0      
       autoinit.c.obj                 60     0         0      
       boot_cortex_m.c.obj            40     0         0      
       memccpy.c.obj                  34     0         0      
       copy_zero_init.c.obj           22     0         0      
       copy_decompress_none.c.obj     18     0         0      
       wcslen.c.obj                   16     0         0      
       aeabi_portable.c.obj           8      0         4      
       _lock.c.obj                    2      0         8      
       exit.c.obj                     6      0         0      
       pre_init.c.obj                 4      0         0      
    +--+------------------------------+------+---------+---------+
       Total:                         2924   291       252    
                                                              
    C:\ti\ccs2020\ccs\tools\compiler\ti-cgt-armllvm_4.0.3.LTS\lib\armv6m-ti-none-eabi/c/libsysbm.a
       hostexit.c.obj                 4      0         0      
    +--+------------------------------+------+---------+---------+
       Total:                         4      0         0      
                                                              
    C:\ti\ccs2020\ccs\tools\compiler\ti-cgt-armllvm_4.0.3.LTS\lib\armv6m-ti-none-eabi/libclang_rt.builtins.a
       udivmoddi4.S.obj               162    0         0      
       aeabi_uidivmod.S.obj           64     0         0      
       muldsi3.S.obj                  58     0         0      
       muldi3.S.obj                   36     0         0      
       ashldi3.S.obj                  30     0         0      
       aeabi_uldivmod.S.obj           20     0         0      
       aeabi_memset.S.obj             14     0         0      
       aeabi_memcpy.S.obj             8      0         0      
       aeabi_div0.c.obj               4      0         0      
    +--+------------------------------+------+---------+---------+
       Total:                         396    0         0      
                                                              
       Stack:                         0      0         512    
       Linker Generated:              0      80        0      
    +--+------------------------------+------+---------+---------+
       Grand Total:                   4798   653       789    


LINKER GENERATED COPY TABLES

__TI_cinit_table @ 00001550 records: 2, size/record: 8, table size: 16
	.data: load addr=00001510, load size=0000002c bytes, run addr=20200000, run size=000000fd bytes, compression=lzss
	.bss: load addr=00001548, load size=00000008 bytes, run addr=20200100, run size=00000018 bytes, compression=zero_init


LINKER GENERATED HANDLER TABLE

__TI_handler_table @ 0000153c records: 3, size/record: 4, table size: 12
	index: 0, handler: __TI_decompress_lzss
	index: 1, handler: __TI_decompress_none
	index: 2, handler: __TI_zero_init


GLOBAL SYMBOLS: SORTED ALPHABETICALLY BY Name 

address   name                          
-------   ----                          
00000e07  ADC0_IRQHandler               
00000e07  ADC1_IRQHandler               
00000e07  AES_IRQHandler                
00001376  C$$EXIT                       
00000e07  CANFD0_IRQHandler             
00000e07  DAC0_IRQHandler               
00001345  DL_Common_delayCycles         
00000a19  DL_Timer_initTimerMode        
0000122d  DL_Timer_setClockConfig       
00000efd  DL_UART_init                  
000012d1  DL_UART_setClockConfig        
00000e07  DMA_IRQHandler                
00000e07  Default_Handler               
00000e07  GROUP0_IRQHandler             
00000c3d  GROUP1_IRQHandler             
00001377  HOSTexit                      
00000e07  HardFault_Handler             
00000e07  I2C0_IRQHandler               
00000e07  I2C1_IRQHandler               
00000e07  NMI_Handler                   
00000e07  PendSV_Handler                
00000e07  RTC_IRQHandler                
0000137b  Reset_Handler                 
00000e07  SPI0_IRQHandler               
00000e07  SPI1_IRQHandler               
00000e07  SVC_Handler                   
00000f45  SYSCFG_DL_GPIO_init           
00000e65  SYSCFG_DL_SYSCTL_init         
00000eb1  SYSCFG_DL_TIMER_TICK_init     
00000d39  SYSCFG_DL_UART_0_init         
00001249  SYSCFG_DL_init                
00000f89  SYSCFG_DL_initPower           
00000e07  SysTick_Handler               
00000e07  TIMA0_IRQHandler              
00000e07  TIMA1_IRQHandler              
00001261  TIMG0_IRQHandler              
00000e07  TIMG12_IRQHandler             
00000e07  TIMG6_IRQHandler              
00000e07  TIMG7_IRQHandler              
00000e07  TIMG8_IRQHandler              
000010fd  UART0_IRQHandler              
00000e07  UART1_IRQHandler              
00000e07  UART2_IRQHandler              
00000e07  UART3_IRQHandler              
0000115d  UART_Init                     
20208000  __STACK_END                   
00000200  __STACK_SIZE                  
00000000  __TI_ATRegion0_region_sz      
00000000  __TI_ATRegion0_src_addr       
00000000  __TI_ATRegion0_trg_addr       
00000000  __TI_ATRegion1_region_sz      
00000000  __TI_ATRegion1_src_addr       
00000000  __TI_ATRegion1_trg_addr       
00000000  __TI_ATRegion2_region_sz      
00000000  __TI_ATRegion2_src_addr       
00000000  __TI_ATRegion2_trg_addr       
00001550  __TI_CINIT_Base               
00001560  __TI_CINIT_Limit              
00001560  __TI_CINIT_Warm               
0000153c  __TI_Handler_Table_Base       
00001548  __TI_Handler_Table_Limit      
00001085  __TI_auto_init_nobinit_nopinit
00000cbd  __TI_decompress_lzss          
000012e3  __TI_decompress_none          
ffffffff  __TI_pprof_out_hndl           
000000c1  __TI_printfi_nofloat          
ffffffff  __TI_prof_data_size           
ffffffff  __TI_prof_data_start          
00000000  __TI_static_base__            
00001291  __TI_zero_init_nomemset       
00001390  __aeabi_ctype_table_          
00001390  __aeabi_ctype_table_C         
202000f0  __aeabi_errno                 
00001351  __aeabi_errno_addr            
000010fb  __aeabi_idiv0                 
000011eb  __aeabi_ldiv0                 
0000120d  __aeabi_llsl                  
00001181  __aeabi_lmul                  
00001359  __aeabi_memcpy                
00001359  __aeabi_memcpy4               
00001359  __aeabi_memcpy8               
00001305  __aeabi_memset                
00001305  __aeabi_memset4               
00001305  __aeabi_memset8               
00000fc9  __aeabi_uidiv                 
00000fc9  __aeabi_uidivmod              
000012a9  __aeabi_uldivmod              
0000120d  __ashldi3                     
ffffffff  __binit__                     
UNDEFED   __mpu_init                    
00001181  __muldi3                      
000010c1  __muldsi3                     
20207e00  __stack                       
20200000  __start___llvm_prf_bits       
20200000  __start___llvm_prf_cnts       
20200000  __stop___llvm_prf_bits        
20200000  __stop___llvm_prf_cnts        
00000b01  __udivmoddi4                  
00001135  _c_int00_noargs               
20200000  _ftable                       
202000f4  _lock                         
0000122b  _nop                          
UNDEFED   _system_post_cinit            
0000137f  _system_pre_init              
202000f8  _unlock                       
00001371  abort                         
00001009  atoi                          
ffffffff  binit                         
000012bd  encoder_init                  
00001279  encoder_update                
000011ed  fputc                         
00001049  fputs                         
00001321  get_encoder_count             
0000132d  get_encoder_dir               
00001339  get_encoder_temp_count        
00000000  interruptVectors              
00000929  main                          
000011c9  memccpy                       
00000ba3  memcpy                        
00000da5  memset                        
20200110  out                           
00000e09  printf                        
000011a5  timer_init                    
202000fc  uart_data                     
000012f5  wcslen                        


GLOBAL SYMBOLS: SORTED BY Symbol Address 

address   name                          
-------   ----                          
00000000  __TI_ATRegion0_region_sz      
00000000  __TI_ATRegion0_src_addr       
00000000  __TI_ATRegion0_trg_addr       
00000000  __TI_ATRegion1_region_sz      
00000000  __TI_ATRegion1_src_addr       
00000000  __TI_ATRegion1_trg_addr       
00000000  __TI_ATRegion2_region_sz      
00000000  __TI_ATRegion2_src_addr       
00000000  __TI_ATRegion2_trg_addr       
00000000  __TI_static_base__            
00000000  interruptVectors              
000000c1  __TI_printfi_nofloat          
00000200  __STACK_SIZE                  
00000929  main                          
00000a19  DL_Timer_initTimerMode        
00000b01  __udivmoddi4                  
00000ba3  memcpy                        
00000c3d  GROUP1_IRQHandler             
00000cbd  __TI_decompress_lzss          
00000d39  SYSCFG_DL_UART_0_init         
00000da5  memset                        
00000e07  ADC0_IRQHandler               
00000e07  ADC1_IRQHandler               
00000e07  AES_IRQHandler                
00000e07  CANFD0_IRQHandler             
00000e07  DAC0_IRQHandler               
00000e07  DMA_IRQHandler                
00000e07  Default_Handler               
00000e07  GROUP0_IRQHandler             
00000e07  HardFault_Handler             
00000e07  I2C0_IRQHandler               
00000e07  I2C1_IRQHandler               
00000e07  NMI_Handler                   
00000e07  PendSV_Handler                
00000e07  RTC_IRQHandler                
00000e07  SPI0_IRQHandler               
00000e07  SPI1_IRQHandler               
00000e07  SVC_Handler                   
00000e07  SysTick_Handler               
00000e07  TIMA0_IRQHandler              
00000e07  TIMA1_IRQHandler              
00000e07  TIMG12_IRQHandler             
00000e07  TIMG6_IRQHandler              
00000e07  TIMG7_IRQHandler              
00000e07  TIMG8_IRQHandler              
00000e07  UART1_IRQHandler              
00000e07  UART2_IRQHandler              
00000e07  UART3_IRQHandler              
00000e09  printf                        
00000e65  SYSCFG_DL_SYSCTL_init         
00000eb1  SYSCFG_DL_TIMER_TICK_init     
00000efd  DL_UART_init                  
00000f45  SYSCFG_DL_GPIO_init           
00000f89  SYSCFG_DL_initPower           
00000fc9  __aeabi_uidiv                 
00000fc9  __aeabi_uidivmod              
00001009  atoi                          
00001049  fputs                         
00001085  __TI_auto_init_nobinit_nopinit
000010c1  __muldsi3                     
000010fb  __aeabi_idiv0                 
000010fd  UART0_IRQHandler              
00001135  _c_int00_noargs               
0000115d  UART_Init                     
00001181  __aeabi_lmul                  
00001181  __muldi3                      
000011a5  timer_init                    
000011c9  memccpy                       
000011eb  __aeabi_ldiv0                 
000011ed  fputc                         
0000120d  __aeabi_llsl                  
0000120d  __ashldi3                     
0000122b  _nop                          
0000122d  DL_Timer_setClockConfig       
00001249  SYSCFG_DL_init                
00001261  TIMG0_IRQHandler              
00001279  encoder_update                
00001291  __TI_zero_init_nomemset       
000012a9  __aeabi_uldivmod              
000012bd  encoder_init                  
000012d1  DL_UART_setClockConfig        
000012e3  __TI_decompress_none          
000012f5  wcslen                        
00001305  __aeabi_memset                
00001305  __aeabi_memset4               
00001305  __aeabi_memset8               
00001321  get_encoder_count             
0000132d  get_encoder_dir               
00001339  get_encoder_temp_count        
00001345  DL_Common_delayCycles         
00001351  __aeabi_errno_addr            
00001359  __aeabi_memcpy                
00001359  __aeabi_memcpy4               
00001359  __aeabi_memcpy8               
00001371  abort                         
00001376  C$$EXIT                       
00001377  HOSTexit                      
0000137b  Reset_Handler                 
0000137f  _system_pre_init              
00001390  __aeabi_ctype_table_          
00001390  __aeabi_ctype_table_C         
0000153c  __TI_Handler_Table_Base       
00001548  __TI_Handler_Table_Limit      
00001550  __TI_CINIT_Base               
00001560  __TI_CINIT_Limit              
00001560  __TI_CINIT_Warm               
20200000  __start___llvm_prf_bits       
20200000  __start___llvm_prf_cnts       
20200000  __stop___llvm_prf_bits        
20200000  __stop___llvm_prf_cnts        
20200000  _ftable                       
202000f0  __aeabi_errno                 
202000f4  _lock                         
202000f8  _unlock                       
202000fc  uart_data                     
20200110  out                           
20207e00  __stack                       
20208000  __STACK_END                   
ffffffff  __TI_pprof_out_hndl           
ffffffff  __TI_prof_data_size           
ffffffff  __TI_prof_data_start          
ffffffff  __binit__                     
ffffffff  binit                         
UNDEFED   __mpu_init                    
UNDEFED   _system_post_cinit            

[125 symbols]
